HEAP DUMP BEGIN (9441 objects, 706145280 bytes) Tue Aug 13 13:14:06 2013
ROOT 0 (kind=<thread>, id=200000, trace=300000)
ROOT 50001191 (kind=<thread>, id=200016, trace=300000)
ROOT 50001191 (kind=<thread block>, thread=200016)
ROOT 50001191 (kind=<JNI local ref>, thread=200000, frame=0)
ROOT 50001192 (kind=<thread>, id=200017, trace=300000)
ROOT 50001192 (kind=<thread block>, thread=200017)
ROOT 50001193 (kind=<thread>, id=200018, trace=300000)
ROOT 50001193 (kind=<thread block>, thread=200018)
ROOT 50001194 (kind=<Java stack>, thread=200000, frame=1)
ROOT 50001195 (kind=<Java stack>, thread=200000, frame=1)
ROOT 50001194 (kind=<Java stack>, thread=200000, frame=2)
ROOT 50001193 (kind=<Java stack>, thread=200000, frame=3)
ROOT 50001196 (kind=<thread>, id=200019, trace=300000)
ROOT 50001196 (kind=<thread block>, thread=200019)
ROOT 50001197 (kind=<Java stack>, thread=200000, frame=1)
ROOT 50001196 (kind=<Java stack>, thread=200000, frame=2)
ROOT 50001197 (kind=<Java stack>, thread=200000, frame=2)
ROOT 50001198 (kind=<thread>, id=200020, trace=300000)
ROOT 50001198 (kind=<thread block>, thread=200020)
ROOT 50001190 (kind=<Java stack>, thread=200000, frame=1)
ROOT 5000118c (kind=<Java stack>, thread=200000, frame=2)
ROOT 50001199 (kind=<Java stack>, thread=200000, frame=3)
ROOT 5000119a (kind=<Java stack>, thread=200000, frame=5)
ROOT 50001755 (kind=<Java stack>, thread=200000, frame=5)
ROOT 5000119b (kind=<JNI global ref>, id=1, trace=300000)
ROOT 50000096 (kind=<JNI global ref>, id=2, trace=300000)
ROOT 50000001 (kind=<JNI global ref>, id=3, trace=300000)
ROOT 500000a7 (kind=<JNI global ref>, id=4, trace=300000)
ROOT 50000002 (kind=<JNI global ref>, id=5, trace=300000)
ROOT 50000003 (kind=<JNI global ref>, id=6, trace=300000)
ROOT 50000004 (kind=<JNI global ref>, id=7, trace=300000)
ROOT 50000005 (kind=<JNI global ref>, id=8, trace=300000)
ROOT 5000006b (kind=<JNI global ref>, id=9, trace=300000)
ROOT 50000006 (kind=<JNI global ref>, id=a, trace=300000)
ROOT 50000007 (kind=<JNI global ref>, id=b, trace=300000)
ROOT 50000008 (kind=<JNI global ref>, id=c, trace=300000)
ROOT 50000009 (kind=<JNI global ref>, id=d, trace=300000)
ROOT 5000000a (kind=<JNI global ref>, id=e, trace=300000)
ROOT 5000000b (kind=<JNI global ref>, id=f, trace=300000)
ROOT 5000000c (kind=<JNI global ref>, id=10, trace=300000)
ROOT 5000000d (kind=<JNI global ref>, id=11, trace=300000)
ROOT 500000ad (kind=<JNI global ref>, id=12, trace=300000)
ROOT 5000000e (kind=<JNI global ref>, id=13, trace=300000)
ROOT 5000000f (kind=<JNI global ref>, id=14, trace=300000)
ROOT 50000010 (kind=<JNI global ref>, id=15, trace=300000)
ROOT 50000011 (kind=<JNI global ref>, id=16, trace=300000)
ROOT 50000012 (kind=<JNI global ref>, id=17, trace=300000)
ROOT 50000136 (kind=<JNI global ref>, id=18, trace=300000)
ROOT 50000013 (kind=<JNI global ref>, id=19, trace=300000)
ROOT 50000139 (kind=<JNI global ref>, id=1a, trace=300000)
ROOT 50000014 (kind=<JNI global ref>, id=1b, trace=300000)
ROOT 50000025 (kind=<JNI global ref>, id=1c, trace=300000)
ROOT 50000015 (kind=<JNI global ref>, id=1d, trace=300000)
ROOT 5000001a (kind=<JNI global ref>, id=1e, trace=300000)
ROOT 50000016 (kind=<JNI global ref>, id=1f, trace=300000)
ROOT 50000049 (kind=<JNI global ref>, id=20, trace=300000)
ROOT 50000017 (kind=<JNI global ref>, id=21, trace=300000)
ROOT 50000018 (kind=<JNI global ref>, id=22, trace=300000)
ROOT 500000f7 (kind=<JNI global ref>, id=23, trace=300000)
ROOT 50000019 (kind=<JNI global ref>, id=24, trace=300000)
ROOT 5000001b (kind=<JNI global ref>, id=25, trace=300000)
ROOT 5000001c (kind=<JNI global ref>, id=26, trace=300000)
ROOT 5000001d (kind=<JNI global ref>, id=27, trace=300000)
ROOT 5000001e (kind=<JNI global ref>, id=28, trace=300000)
ROOT 5000001f (kind=<JNI global ref>, id=29, trace=300000)
ROOT 50000020 (kind=<JNI global ref>, id=2a, trace=300000)
ROOT 50000021 (kind=<JNI global ref>, id=2b, trace=300000)
ROOT 50000022 (kind=<JNI global ref>, id=2c, trace=300000)
ROOT 50000023 (kind=<JNI global ref>, id=2d, trace=300000)
ROOT 50000024 (kind=<JNI global ref>, id=2e, trace=300000)
ROOT 50000026 (kind=<JNI global ref>, id=2f, trace=300000)
ROOT 50000091 (kind=<JNI global ref>, id=30, trace=300000)
ROOT 50000027 (kind=<JNI global ref>, id=31, trace=300000)
ROOT 50000028 (kind=<JNI global ref>, id=32, trace=300000)
ROOT 50000029 (kind=<JNI global ref>, id=33, trace=300000)
ROOT 5000002a (kind=<JNI global ref>, id=34, trace=300000)
ROOT 50000122 (kind=<JNI global ref>, id=35, trace=300000)
ROOT 5000002b (kind=<JNI global ref>, id=36, trace=300000)
ROOT 5000002c (kind=<JNI global ref>, id=37, trace=300000)
ROOT 5000002d (kind=<JNI global ref>, id=38, trace=300000)
ROOT 500000e8 (kind=<JNI global ref>, id=39, trace=300000)
ROOT 5000002e (kind=<JNI global ref>, id=3a, trace=300000)
ROOT 5000002f (kind=<JNI global ref>, id=3b, trace=300000)
ROOT 50000030 (kind=<JNI global ref>, id=3c, trace=300000)
ROOT 50000031 (kind=<JNI global ref>, id=3d, trace=300000)
ROOT 50000118 (kind=<JNI global ref>, id=3e, trace=300000)
ROOT 50000032 (kind=<JNI global ref>, id=3f, trace=300000)
ROOT 50000033 (kind=<JNI global ref>, id=40, trace=300000)
ROOT 50000034 (kind=<JNI global ref>, id=41, trace=300000)
ROOT 50000035 (kind=<JNI global ref>, id=42, trace=300000)
ROOT 50000036 (kind=<JNI global ref>, id=43, trace=300000)
ROOT 50000037 (kind=<JNI global ref>, id=44, trace=300000)
ROOT 50000038 (kind=<JNI global ref>, id=45, trace=300000)
ROOT 50000088 (kind=<JNI global ref>, id=46, trace=300000)
ROOT 50000039 (kind=<JNI global ref>, id=47, trace=300000)
ROOT 5000003a (kind=<JNI global ref>, id=48, trace=300000)
ROOT 5000003b (kind=<JNI global ref>, id=49, trace=300000)
ROOT 500000fb (kind=<JNI global ref>, id=4a, trace=300000)
ROOT 5000003c (kind=<JNI global ref>, id=4b, trace=300000)
ROOT 50000158 (kind=<JNI global ref>, id=4c, trace=300000)
ROOT 5000003d (kind=<JNI global ref>, id=4d, trace=300000)
ROOT 50000144 (kind=<JNI global ref>, id=4e, trace=300000)
ROOT 5000003e (kind=<JNI global ref>, id=4f, trace=300000)
ROOT 5000003f (kind=<JNI global ref>, id=50, trace=300000)
ROOT 50000040 (kind=<JNI global ref>, id=51, trace=300000)
ROOT 50000063 (kind=<JNI global ref>, id=52, trace=300000)
ROOT 50000041 (kind=<JNI global ref>, id=53, trace=300000)
ROOT 50000042 (kind=<JNI global ref>, id=54, trace=300000)
ROOT 50000043 (kind=<JNI global ref>, id=55, trace=300000)
ROOT 50000044 (kind=<JNI global ref>, id=56, trace=300000)
ROOT 50000045 (kind=<JNI global ref>, id=57, trace=300000)
ROOT 50000046 (kind=<JNI global ref>, id=58, trace=300000)
ROOT 5000005a (kind=<JNI global ref>, id=59, trace=300000)
ROOT 50000047 (kind=<JNI global ref>, id=5a, trace=300000)
ROOT 50000048 (kind=<JNI global ref>, id=5b, trace=300000)
ROOT 5000004a (kind=<JNI global ref>, id=5c, trace=300000)
ROOT 5000004b (kind=<JNI global ref>, id=5d, trace=300000)
ROOT 5000004c (kind=<JNI global ref>, id=5e, trace=300000)
ROOT 5000004d (kind=<JNI global ref>, id=5f, trace=300000)
ROOT 5000004e (kind=<JNI global ref>, id=60, trace=300000)
ROOT 5000006a (kind=<JNI global ref>, id=61, trace=300000)
ROOT 5000004f (kind=<JNI global ref>, id=62, trace=300000)
ROOT 500000de (kind=<JNI global ref>, id=63, trace=300000)
ROOT 50000050 (kind=<JNI global ref>, id=64, trace=300000)
ROOT 500000f4 (kind=<JNI global ref>, id=65, trace=300000)
ROOT 50000051 (kind=<JNI global ref>, id=66, trace=300000)
ROOT 50000052 (kind=<JNI global ref>, id=67, trace=300000)
ROOT 50000053 (kind=<JNI global ref>, id=68, trace=300000)
ROOT 500000a3 (kind=<JNI global ref>, id=69, trace=300000)
ROOT 50000054 (kind=<JNI global ref>, id=6a, trace=300000)
ROOT 50000055 (kind=<JNI global ref>, id=6b, trace=300000)
ROOT 50000056 (kind=<JNI global ref>, id=6c, trace=300000)
ROOT 50000057 (kind=<JNI global ref>, id=6d, trace=300000)
ROOT 50000058 (kind=<JNI global ref>, id=6e, trace=300000)
ROOT 50000073 (kind=<JNI global ref>, id=6f, trace=300000)
ROOT 50000059 (kind=<JNI global ref>, id=70, trace=300000)
ROOT 5000005b (kind=<JNI global ref>, id=71, trace=300000)
ROOT 5000005c (kind=<JNI global ref>, id=72, trace=300000)
ROOT 5000005d (kind=<JNI global ref>, id=73, trace=300000)
ROOT 5000005e (kind=<JNI global ref>, id=74, trace=300000)
ROOT 5000005f (kind=<JNI global ref>, id=75, trace=300000)
ROOT 50000060 (kind=<JNI global ref>, id=76, trace=300000)
ROOT 50000061 (kind=<JNI global ref>, id=77, trace=300000)
ROOT 5000009b (kind=<JNI global ref>, id=78, trace=300000)
ROOT 50000062 (kind=<JNI global ref>, id=79, trace=300000)
ROOT 50000064 (kind=<JNI global ref>, id=7a, trace=300000)
ROOT 50000065 (kind=<JNI global ref>, id=7b, trace=300000)
ROOT 50000066 (kind=<JNI global ref>, id=7c, trace=300000)
ROOT 5000009d (kind=<JNI global ref>, id=7d, trace=300000)
ROOT 50000067 (kind=<JNI global ref>, id=7e, trace=300000)
ROOT 50000068 (kind=<JNI global ref>, id=7f, trace=300000)
ROOT 50000069 (kind=<JNI global ref>, id=80, trace=300000)
ROOT 5000010a (kind=<JNI global ref>, id=81, trace=300000)
ROOT 5000006c (kind=<JNI global ref>, id=82, trace=300000)
ROOT 5000006d (kind=<JNI global ref>, id=83, trace=300000)
ROOT 5000006e (kind=<JNI global ref>, id=84, trace=300000)
ROOT 5000006f (kind=<JNI global ref>, id=85, trace=300000)
ROOT 50000070 (kind=<JNI global ref>, id=86, trace=300000)
ROOT 50000071 (kind=<JNI global ref>, id=87, trace=300000)
ROOT 50000072 (kind=<JNI global ref>, id=88, trace=300000)
ROOT 50000074 (kind=<JNI global ref>, id=89, trace=300000)
ROOT 50000075 (kind=<JNI global ref>, id=8a, trace=300000)
ROOT 5000008e (kind=<JNI global ref>, id=8b, trace=300000)
ROOT 50000076 (kind=<JNI global ref>, id=8c, trace=300000)
ROOT 50000077 (kind=<JNI global ref>, id=8d, trace=300000)
ROOT 50000078 (kind=<JNI global ref>, id=8e, trace=300000)
ROOT 50000079 (kind=<JNI global ref>, id=8f, trace=300000)
ROOT 5000007a (kind=<JNI global ref>, id=90, trace=300000)
ROOT 5000007b (kind=<JNI global ref>, id=91, trace=300000)
ROOT 5000007c (kind=<JNI global ref>, id=92, trace=300000)
ROOT 5000007d (kind=<JNI global ref>, id=93, trace=300000)
ROOT 500000c5 (kind=<JNI global ref>, id=94, trace=300000)
ROOT 5000007e (kind=<JNI global ref>, id=95, trace=300000)
ROOT 500000bb (kind=<JNI global ref>, id=96, trace=300000)
ROOT 5000007f (kind=<JNI global ref>, id=97, trace=300000)
ROOT 50000080 (kind=<JNI global ref>, id=98, trace=300000)
ROOT 50000081 (kind=<JNI global ref>, id=99, trace=300000)
ROOT 50000082 (kind=<JNI global ref>, id=9a, trace=300000)
ROOT 50000083 (kind=<JNI global ref>, id=9b, trace=300000)
ROOT 50000084 (kind=<JNI global ref>, id=9c, trace=300000)
ROOT 50000085 (kind=<JNI global ref>, id=9d, trace=300000)
ROOT 50000086 (kind=<JNI global ref>, id=9e, trace=300000)
ROOT 50000124 (kind=<JNI global ref>, id=9f, trace=300000)
ROOT 50000087 (kind=<JNI global ref>, id=a0, trace=300000)
ROOT 500000f1 (kind=<JNI global ref>, id=a1, trace=300000)
ROOT 500000a0 (kind=<JNI global ref>, id=a2, trace=300000)
ROOT 50000089 (kind=<JNI global ref>, id=a3, trace=300000)
ROOT 5000008a (kind=<JNI global ref>, id=a4, trace=300000)
ROOT 5000008b (kind=<JNI global ref>, id=a5, trace=300000)
ROOT 5000008c (kind=<JNI global ref>, id=a6, trace=300000)
ROOT 5000008d (kind=<JNI global ref>, id=a7, trace=300000)
ROOT 5000008f (kind=<JNI global ref>, id=a8, trace=300000)
ROOT 50000090 (kind=<JNI global ref>, id=a9, trace=300000)
ROOT 50000092 (kind=<JNI global ref>, id=aa, trace=300000)
ROOT 50000093 (kind=<JNI global ref>, id=ab, trace=300000)
ROOT 50000094 (kind=<JNI global ref>, id=ac, trace=300000)
ROOT 50000148 (kind=<JNI global ref>, id=ad, trace=300000)
ROOT 50000095 (kind=<JNI global ref>, id=ae, trace=300000)
ROOT 500000a9 (kind=<JNI global ref>, id=af, trace=300000)
ROOT 50000096 (kind=<JNI global ref>, id=b0, trace=300000)
ROOT 50000097 (kind=<JNI global ref>, id=b1, trace=300000)
ROOT 50000098 (kind=<JNI global ref>, id=b2, trace=300000)
ROOT 50000099 (kind=<JNI global ref>, id=b3, trace=300000)
ROOT 5000009a (kind=<JNI global ref>, id=b4, trace=300000)
ROOT 5000009c (kind=<JNI global ref>, id=b5, trace=300000)
ROOT 5000009e (kind=<JNI global ref>, id=b6, trace=300000)
ROOT 5000009f (kind=<JNI global ref>, id=b7, trace=300000)
ROOT 500000a1 (kind=<JNI global ref>, id=b8, trace=300000)
ROOT 500000a2 (kind=<JNI global ref>, id=b9, trace=300000)
ROOT 500000a4 (kind=<JNI global ref>, id=ba, trace=300000)
ROOT 500000a5 (kind=<JNI global ref>, id=bb, trace=300000)
ROOT 500000a6 (kind=<JNI global ref>, id=bc, trace=300000)
ROOT 500000a8 (kind=<JNI global ref>, id=bd, trace=300000)
ROOT 500000aa (kind=<JNI global ref>, id=be, trace=300000)
ROOT 500000ab (kind=<JNI global ref>, id=bf, trace=300000)
ROOT 500000ac (kind=<JNI global ref>, id=c0, trace=300000)
ROOT 500000ae (kind=<JNI global ref>, id=c1, trace=300000)
ROOT 50000157 (kind=<JNI global ref>, id=c2, trace=300000)
ROOT 500000af (kind=<JNI global ref>, id=c3, trace=300000)
ROOT 500000b0 (kind=<JNI global ref>, id=c4, trace=300000)
ROOT 500000b1 (kind=<JNI global ref>, id=c5, trace=300000)
ROOT 500000b2 (kind=<JNI global ref>, id=c6, trace=300000)
ROOT 500000b3 (kind=<JNI global ref>, id=c7, trace=300000)
ROOT 500000b4 (kind=<JNI global ref>, id=c8, trace=300000)
ROOT 50000126 (kind=<JNI global ref>, id=c9, trace=300000)
ROOT 500000b5 (kind=<JNI global ref>, id=ca, trace=300000)
ROOT 500000b6 (kind=<JNI global ref>, id=cb, trace=300000)
ROOT 500000b7 (kind=<JNI global ref>, id=cc, trace=300000)
ROOT 500000b8 (kind=<JNI global ref>, id=cd, trace=300000)
ROOT 500000b9 (kind=<JNI global ref>, id=ce, trace=300000)
ROOT 500000ba (kind=<JNI global ref>, id=cf, trace=300000)
ROOT 50000132 (kind=<JNI global ref>, id=d0, trace=300000)
ROOT 500000bc (kind=<JNI global ref>, id=d1, trace=300000)
ROOT 500000bd (kind=<JNI global ref>, id=d2, trace=300000)
ROOT 500000be (kind=<JNI global ref>, id=d3, trace=300000)
ROOT 500000bf (kind=<JNI global ref>, id=d4, trace=300000)
ROOT 500000c0 (kind=<JNI global ref>, id=d5, trace=300000)
ROOT 500000c1 (kind=<JNI global ref>, id=d6, trace=300000)
ROOT 500000c2 (kind=<JNI global ref>, id=d7, trace=300000)
ROOT 500000c3 (kind=<JNI global ref>, id=d8, trace=300000)
ROOT 500000c4 (kind=<JNI global ref>, id=d9, trace=300000)
ROOT 5000013f (kind=<JNI global ref>, id=da, trace=300000)
ROOT 500000c6 (kind=<JNI global ref>, id=db, trace=300000)
ROOT 500000c7 (kind=<JNI global ref>, id=dc, trace=300000)
ROOT 500000c8 (kind=<JNI global ref>, id=dd, trace=300000)
ROOT 500000c9 (kind=<JNI global ref>, id=de, trace=300000)
ROOT 500000ca (kind=<JNI global ref>, id=df, trace=300000)
ROOT 500000cb (kind=<JNI global ref>, id=e0, trace=300000)
ROOT 500000cc (kind=<JNI global ref>, id=e1, trace=300000)
ROOT 500000cd (kind=<JNI global ref>, id=e2, trace=300000)
ROOT 500000ce (kind=<JNI global ref>, id=e3, trace=300000)
ROOT 500000cf (kind=<JNI global ref>, id=e4, trace=300000)
ROOT 500000d0 (kind=<JNI global ref>, id=e5, trace=300000)
ROOT 500000d1 (kind=<JNI global ref>, id=e6, trace=300000)
ROOT 500000d2 (kind=<JNI global ref>, id=e7, trace=300000)
ROOT 500000d3 (kind=<JNI global ref>, id=e8, trace=300000)
ROOT 500000d4 (kind=<JNI global ref>, id=e9, trace=300000)
ROOT 500000d5 (kind=<JNI global ref>, id=ea, trace=300000)
ROOT 500000d6 (kind=<JNI global ref>, id=eb, trace=300000)
ROOT 500000d7 (kind=<JNI global ref>, id=ec, trace=300000)
ROOT 500000d8 (kind=<JNI global ref>, id=ed, trace=300000)
ROOT 500000d9 (kind=<JNI global ref>, id=ee, trace=300000)
ROOT 500000da (kind=<JNI global ref>, id=ef, trace=300000)
ROOT 500000db (kind=<JNI global ref>, id=f0, trace=300000)
ROOT 50000161 (kind=<JNI global ref>, id=f1, trace=300000)
ROOT 500000dc (kind=<JNI global ref>, id=f2, trace=300000)
ROOT 500000dd (kind=<JNI global ref>, id=f3, trace=300000)
ROOT 500000df (kind=<JNI global ref>, id=f4, trace=300000)
ROOT 500000e0 (kind=<JNI global ref>, id=f5, trace=300000)
ROOT 500000e1 (kind=<JNI global ref>, id=f6, trace=300000)
ROOT 500000e2 (kind=<JNI global ref>, id=f7, trace=300000)
ROOT 500000e3 (kind=<JNI global ref>, id=f8, trace=300000)
ROOT 500000e4 (kind=<JNI global ref>, id=f9, trace=300000)
ROOT 500000e5 (kind=<JNI global ref>, id=fa, trace=300000)
ROOT 500000e6 (kind=<JNI global ref>, id=fb, trace=300000)
ROOT 500000e7 (kind=<JNI global ref>, id=fc, trace=300000)
ROOT 500000e9 (kind=<JNI global ref>, id=fd, trace=300000)
ROOT 500000ea (kind=<JNI global ref>, id=fe, trace=300000)
ROOT 500000eb (kind=<JNI global ref>, id=ff, trace=300000)
ROOT 500000ec (kind=<JNI global ref>, id=100, trace=300000)
ROOT 500000ed (kind=<JNI global ref>, id=101, trace=300000)
ROOT 500000ee (kind=<JNI global ref>, id=102, trace=300000)
ROOT 500000ef (kind=<JNI global ref>, id=103, trace=300000)
ROOT 500000f0 (kind=<JNI global ref>, id=104, trace=300000)
ROOT 500000f2 (kind=<JNI global ref>, id=105, trace=300000)
ROOT 500000f3 (kind=<JNI global ref>, id=106, trace=300000)
ROOT 500000f5 (kind=<JNI global ref>, id=107, trace=300000)
ROOT 500000f6 (kind=<JNI global ref>, id=108, trace=300000)
ROOT 500000f8 (kind=<JNI global ref>, id=109, trace=300000)
ROOT 500000f9 (kind=<JNI global ref>, id=10a, trace=300000)
ROOT 5000010b (kind=<JNI global ref>, id=10b, trace=300000)
ROOT 500000fa (kind=<JNI global ref>, id=10c, trace=300000)
ROOT 500000fc (kind=<JNI global ref>, id=10d, trace=300000)
ROOT 500000fd (kind=<JNI global ref>, id=10e, trace=300000)
ROOT 500000fe (kind=<JNI global ref>, id=10f, trace=300000)
ROOT 500000ff (kind=<JNI global ref>, id=110, trace=300000)
ROOT 50000100 (kind=<JNI global ref>, id=111, trace=300000)
ROOT 5000012e (kind=<JNI global ref>, id=112, trace=300000)
ROOT 50000101 (kind=<JNI global ref>, id=113, trace=300000)
ROOT 50000102 (kind=<JNI global ref>, id=114, trace=300000)
ROOT 50000103 (kind=<JNI global ref>, id=115, trace=300000)
ROOT 50000104 (kind=<JNI global ref>, id=116, trace=300000)
ROOT 50000105 (kind=<JNI global ref>, id=117, trace=300000)
ROOT 50000106 (kind=<JNI global ref>, id=118, trace=300000)
ROOT 50000107 (kind=<JNI global ref>, id=119, trace=300000)
ROOT 50000108 (kind=<JNI global ref>, id=11a, trace=300000)
ROOT 50000109 (kind=<JNI global ref>, id=11b, trace=300000)
ROOT 5000010c (kind=<JNI global ref>, id=11c, trace=300000)
ROOT 5000010d (kind=<JNI global ref>, id=11d, trace=300000)
ROOT 5000010e (kind=<JNI global ref>, id=11e, trace=300000)
ROOT 5000010f (kind=<JNI global ref>, id=11f, trace=300000)
ROOT 50000110 (kind=<JNI global ref>, id=120, trace=300000)
ROOT 50000111 (kind=<JNI global ref>, id=121, trace=300000)
ROOT 50000112 (kind=<JNI global ref>, id=122, trace=300000)
ROOT 50000113 (kind=<JNI global ref>, id=123, trace=300000)
ROOT 50000114 (kind=<JNI global ref>, id=124, trace=300000)
ROOT 50000115 (kind=<JNI global ref>, id=125, trace=300000)
ROOT 50000116 (kind=<JNI global ref>, id=126, trace=300000)
ROOT 50000117 (kind=<JNI global ref>, id=127, trace=300000)
ROOT 50000119 (kind=<JNI global ref>, id=128, trace=300000)
ROOT 5000011a (kind=<JNI global ref>, id=129, trace=300000)
ROOT 5000011b (kind=<JNI global ref>, id=12a, trace=300000)
ROOT 5000011c (kind=<JNI global ref>, id=12b, trace=300000)
ROOT 5000011d (kind=<JNI global ref>, id=12c, trace=300000)
ROOT 5000011e (kind=<JNI global ref>, id=12d, trace=300000)
ROOT 5000011f (kind=<JNI global ref>, id=12e, trace=300000)
ROOT 50000120 (kind=<JNI global ref>, id=12f, trace=300000)
ROOT 50000121 (kind=<JNI global ref>, id=130, trace=300000)
ROOT 50000123 (kind=<JNI global ref>, id=131, trace=300000)
ROOT 50000125 (kind=<JNI global ref>, id=132, trace=300000)
ROOT 50000127 (kind=<JNI global ref>, id=133, trace=300000)
ROOT 50000128 (kind=<JNI global ref>, id=134, trace=300000)
ROOT 50000129 (kind=<JNI global ref>, id=135, trace=300000)
ROOT 5000012a (kind=<JNI global ref>, id=136, trace=300000)
ROOT 5000012b (kind=<JNI global ref>, id=137, trace=300000)
ROOT 5000012c (kind=<JNI global ref>, id=138, trace=300000)
ROOT 5000012d (kind=<JNI global ref>, id=139, trace=300000)
ROOT 5000012f (kind=<JNI global ref>, id=13a, trace=300000)
ROOT 50000130 (kind=<JNI global ref>, id=13b, trace=300000)
ROOT 50000131 (kind=<JNI global ref>, id=13c, trace=300000)
ROOT 50000133 (kind=<JNI global ref>, id=13d, trace=300000)
ROOT 50000134 (kind=<JNI global ref>, id=13e, trace=300000)
ROOT 50000135 (kind=<JNI global ref>, id=13f, trace=300000)
ROOT 50000137 (kind=<JNI global ref>, id=140, trace=300000)
ROOT 50000138 (kind=<JNI global ref>, id=141, trace=300000)
ROOT 5000013a (kind=<JNI global ref>, id=142, trace=300000)
ROOT 5000013b (kind=<JNI global ref>, id=143, trace=300000)
ROOT 5000013c (kind=<JNI global ref>, id=144, trace=300000)
ROOT 5000013d (kind=<JNI global ref>, id=145, trace=300000)
ROOT 5000013e (kind=<JNI global ref>, id=146, trace=300000)
ROOT 50000140 (kind=<JNI global ref>, id=147, trace=300000)
ROOT 50000141 (kind=<JNI global ref>, id=148, trace=300000)
ROOT 50000142 (kind=<JNI global ref>, id=149, trace=300000)
ROOT 50000143 (kind=<JNI global ref>, id=14a, trace=300000)
ROOT 50000145 (kind=<JNI global ref>, id=14b, trace=300000)
ROOT 50000146 (kind=<JNI global ref>, id=14c, trace=300000)
ROOT 50000147 (kind=<JNI global ref>, id=14d, trace=300000)
ROOT 50000149 (kind=<JNI global ref>, id=14e, trace=300000)
ROOT 5000014a (kind=<JNI global ref>, id=14f, trace=300000)
ROOT 5000014b (kind=<JNI global ref>, id=150, trace=300000)
ROOT 5000014c (kind=<JNI global ref>, id=151, trace=300000)
ROOT 5000014d (kind=<JNI global ref>, id=152, trace=300000)
ROOT 5000014e (kind=<JNI global ref>, id=153, trace=300000)
ROOT 5000014f (kind=<JNI global ref>, id=154, trace=300000)
ROOT 50000150 (kind=<JNI global ref>, id=155, trace=300000)
ROOT 50000151 (kind=<JNI global ref>, id=156, trace=300000)
ROOT 50000152 (kind=<JNI global ref>, id=157, trace=300000)
ROOT 50000153 (kind=<JNI global ref>, id=158, trace=300000)
ROOT 50000154 (kind=<JNI global ref>, id=159, trace=300000)
ROOT 50000155 (kind=<JNI global ref>, id=15a, trace=300000)
ROOT 50000156 (kind=<JNI global ref>, id=15b, trace=300000)
ROOT 50000159 (kind=<JNI global ref>, id=15c, trace=300000)
ROOT 5000015a (kind=<JNI global ref>, id=15d, trace=300000)
ROOT 5000015b (kind=<JNI global ref>, id=15e, trace=300000)
ROOT 5000015c (kind=<JNI global ref>, id=15f, trace=300000)
ROOT 5000015d (kind=<JNI global ref>, id=160, trace=300000)
ROOT 5000015e (kind=<JNI global ref>, id=161, trace=300000)
ROOT 5000015f (kind=<JNI global ref>, id=162, trace=300000)
ROOT 50000160 (kind=<JNI global ref>, id=163, trace=300000)
ROOT 50000162 (kind=<JNI global ref>, id=164, trace=300000)
ROOT 50000163 (kind=<JNI global ref>, id=165, trace=300000)
ROOT 50000164 (kind=<JNI global ref>, id=166, trace=300000)
ROOT 50000165 (kind=<JNI global ref>, id=167, trace=300000)
ROOT 50000166 (kind=<JNI global ref>, id=168, trace=300000)
ROOT 50000167 (kind=<JNI global ref>, id=169, trace=300000)
ROOT 50000168 (kind=<JNI global ref>, id=16a, trace=300000)
ROOT 50000169 (kind=<JNI global ref>, id=16b, trace=300000)
ROOT 5000016a (kind=<JNI global ref>, id=16c, trace=300000)
ROOT 5000016b (kind=<JNI global ref>, id=16d, trace=300000)
ROOT 5000016c (kind=<JNI global ref>, id=16e, trace=300000)
ROOT 5000016d (kind=<JNI global ref>, id=16f, trace=300000)
ROOT 5000016e (kind=<JNI global ref>, id=170, trace=300000)
ROOT 5000016f (kind=<JNI global ref>, id=171, trace=300000)
ROOT 50000170 (kind=<JNI global ref>, id=172, trace=300000)
ROOT 50000171 (kind=<JNI global ref>, id=173, trace=300000)
ROOT 50000172 (kind=<JNI global ref>, id=174, trace=300000)
ROOT 50000173 (kind=<JNI global ref>, id=175, trace=300000)
ROOT 50000174 (kind=<JNI global ref>, id=176, trace=300000)
ROOT 5000119c (kind=<JNI global ref>, id=177, trace=300000)
ROOT 5000119d (kind=<JNI global ref>, id=178, trace=300000)
ROOT 500000a7 (kind=<JNI global ref>, id=179, trace=300000)
ROOT 50000096 (kind=<JNI global ref>, id=17a, trace=300000)
ROOT 50000080 (kind=<JNI global ref>, id=17b, trace=300000)
ROOT 50000147 (kind=<JNI global ref>, id=17c, trace=300000)
ROOT 5000004a (kind=<JNI global ref>, id=17d, trace=300000)
ROOT 50000162 (kind=<JNI global ref>, id=17e, trace=300000)
ROOT 5000003a (kind=<JNI global ref>, id=17f, trace=300000)
ROOT 5000001b (kind=<JNI global ref>, id=180, trace=300000)
ROOT 5000006b (kind=<JNI global ref>, id=181, trace=300000)
ROOT 5000016c (kind=<JNI global ref>, id=182, trace=300000)
ROOT 50000132 (kind=<JNI global ref>, id=183, trace=300000)
ROOT 500000f4 (kind=<JNI global ref>, id=184, trace=300000)
ROOT 5000011f (kind=<JNI global ref>, id=185, trace=300000)
ROOT 50000011 (kind=<JNI global ref>, id=186, trace=300000)
ROOT 5000007e (kind=<JNI global ref>, id=187, trace=300000)
ROOT 500000bb (kind=<JNI global ref>, id=188, trace=300000)
ROOT 500000f5 (kind=<JNI global ref>, id=189, trace=300000)
ROOT 50000136 (kind=<JNI global ref>, id=18a, trace=300000)
ROOT 5000014a (kind=<JNI global ref>, id=18b, trace=300000)
ROOT 500000b0 (kind=<JNI global ref>, id=18c, trace=300000)
ROOT 50000005 (kind=<JNI global ref>, id=18d, trace=300000)
ROOT 500000c6 (kind=<JNI global ref>, id=18e, trace=300000)
ROOT 5000011b (kind=<JNI global ref>, id=18f, trace=300000)
ROOT 500000d1 (kind=<JNI global ref>, id=190, trace=300000)
ROOT 500000a0 (kind=<JNI global ref>, id=191, trace=300000)
ROOT 50000118 (kind=<JNI global ref>, id=192, trace=300000)
ROOT 50000088 (kind=<JNI global ref>, id=193, trace=300000)
ROOT 500000fa (kind=<JNI global ref>, id=194, trace=300000)
ROOT 50000138 (kind=<JNI global ref>, id=195, trace=300000)
ROOT 50000107 (kind=<JNI global ref>, id=196, trace=300000)
ROOT 50000083 (kind=<JNI global ref>, id=197, trace=300000)
ROOT 50000001 (kind=<JNI global ref>, id=198, trace=300000)
ROOT 50000100 (kind=<JNI global ref>, id=199, trace=300000)
ROOT 5000012e (kind=<JNI global ref>, id=19a, trace=300000)
ROOT 50000090 (kind=<JNI global ref>, id=19b, trace=300000)
ROOT 50000063 (kind=<JNI global ref>, id=19c, trace=300000)
ROOT 5000015d (kind=<JNI global ref>, id=19d, trace=300000)
ROOT 50000040 (kind=<JNI global ref>, id=19e, trace=300000)
ROOT 5000006e (kind=<JNI global ref>, id=19f, trace=300000)
ROOT 50000124 (kind=<JNI global ref>, id=1a0, trace=300000)
ROOT 5000015c (kind=<JNI global ref>, id=1a1, trace=300000)
ROOT 50000086 (kind=<JNI global ref>, id=1a2, trace=300000)
ROOT 500000b6 (kind=<JNI global ref>, id=1a3, trace=300000)
ROOT 5000010d (kind=<JNI global ref>, id=1a4, trace=300000)
ROOT 50000104 (kind=<JNI global ref>, id=1a5, trace=300000)
ROOT 500000b4 (kind=<JNI global ref>, id=1a6, trace=300000)
ROOT 50000126 (kind=<JNI global ref>, id=1a7, trace=300000)
ROOT 50000025 (kind=<JNI global ref>, id=1a8, trace=300000)
ROOT 5000008c (kind=<JNI global ref>, id=1a9, trace=300000)
ROOT 5000014f (kind=<JNI global ref>, id=1aa, trace=300000)
ROOT 50000062 (kind=<JNI global ref>, id=1ab, trace=300000)
ROOT 50000014 (kind=<JNI global ref>, id=1ac, trace=300000)
ROOT 500000e1 (kind=<JNI global ref>, id=1ad, trace=300000)
ROOT 50000168 (kind=<JNI global ref>, id=1ae, trace=300000)
ROOT 5000004b (kind=<JNI global ref>, id=1af, trace=300000)
ROOT 500000b1 (kind=<JNI global ref>, id=1b0, trace=300000)
ROOT 5000005e (kind=<JNI global ref>, id=1b1, trace=300000)
ROOT 500000f7 (kind=<JNI global ref>, id=1b2, trace=300000)
ROOT 50000142 (kind=<JNI global ref>, id=1b3, trace=300000)
ROOT 50000018 (kind=<JNI global ref>, id=1b4, trace=300000)
ROOT 5000015f (kind=<JNI global ref>, id=1b5, trace=300000)
ROOT 50000093 (kind=<JNI global ref>, id=1b6, trace=300000)
ROOT 5000005d (kind=<JNI global ref>, id=1b7, trace=300000)
ROOT 50000004 (kind=<JNI global ref>, id=1b8, trace=300000)
ROOT 50000065 (kind=<JNI global ref>, id=1b9, trace=300000)
ROOT 5000000a (kind=<JNI global ref>, id=1ba, trace=300000)
ROOT 5000001e (kind=<JNI global ref>, id=1bb, trace=300000)
ROOT 50000057 (kind=<JNI global ref>, id=1bc, trace=300000)
ROOT 50000159 (kind=<JNI global ref>, id=1bd, trace=300000)
ROOT 50000078 (kind=<JNI global ref>, id=1be, trace=300000)
ROOT 500000b2 (kind=<JNI global ref>, id=1bf, trace=300000)
ROOT 500000a3 (kind=<JNI global ref>, id=1c0, trace=300000)
ROOT 500000da (kind=<JNI global ref>, id=1c1, trace=300000)
ROOT 50000131 (kind=<JNI global ref>, id=1c2, trace=300000)
ROOT 500000b5 (kind=<JNI global ref>, id=1c3, trace=300000)
ROOT 5000016a (kind=<JNI global ref>, id=1c4, trace=300000)
ROOT 500000e7 (kind=<JNI global ref>, id=1c5, trace=300000)
ROOT 5000016d (kind=<JNI global ref>, id=1c6, trace=300000)
ROOT 5000016f (kind=<JNI global ref>, id=1c7, trace=300000)
ROOT 50000173 (kind=<JNI global ref>, id=1c8, trace=300000)
ROOT 50000174 (kind=<JNI global ref>, id=1c9, trace=300000)
ROOT 5000016e (kind=<JNI global ref>, id=1ca, trace=300000)
ROOT 50000171 (kind=<JNI global ref>, id=1cb, trace=300000)
ROOT 50000170 (kind=<JNI global ref>, id=1cc, trace=300000)
ROOT 50000172 (kind=<JNI global ref>, id=1cd, trace=300000)
ROOT 5000018a (kind=<JNI global ref>, id=1ce, trace=300000)
ROOT 5000018b (kind=<JNI global ref>, id=1cf, trace=300000)
ROOT 5000018d (kind=<JNI global ref>, id=1d0, trace=300015)
ROOT 5000019d (kind=<JNI global ref>, id=1d1, trace=300028)
ROOT 500001a3 (kind=<JNI global ref>, id=1d2, trace=300034)
ROOT 500001a9 (kind=<JNI global ref>, id=1d3, trace=300040)
ROOT 500001ab (kind=<JNI global ref>, id=1d4, trace=300042)
ROOT 500001ac (kind=<JNI global ref>, id=1d5, trace=300042)
ROOT 500001ad (kind=<JNI global ref>, id=1d6, trace=300043)
ROOT 500001ae (kind=<JNI global ref>, id=1d7, trace=300043)
ROOT 500001af (kind=<JNI global ref>, id=1d8, trace=300044)
ROOT 500001b0 (kind=<JNI global ref>, id=1d9, trace=300044)
ROOT 50000250 (kind=<JNI global ref>, id=1da, trace=300062)
ROOT 50000252 (kind=<JNI global ref>, id=1db, trace=300064)
ROOT 50000258 (kind=<JNI global ref>, id=1dc, trace=300068)
ROOT 50000259 (kind=<JNI global ref>, id=1dd, trace=300069)
ROOT 5000025a (kind=<JNI global ref>, id=1de, trace=300069)
ROOT 50000260 (kind=<JNI global ref>, id=1df, trace=300075)
ROOT 50000269 (kind=<JNI global ref>, id=1e0, trace=300084)
ROOT 5000027e (kind=<JNI global ref>, id=1e1, trace=300084)
ROOT 5000028f (kind=<JNI global ref>, id=1e2, trace=300084)
ROOT 500002a0 (kind=<JNI global ref>, id=1e3, trace=300084)
ROOT 500002af (kind=<JNI global ref>, id=1e4, trace=300106)
ROOT 500002b0 (kind=<JNI global ref>, id=1e5, trace=300106)
ROOT 500002b1 (kind=<JNI global ref>, id=1e6, trace=300106)
ROOT 500002b4 (kind=<JNI global ref>, id=1e7, trace=300109)
ROOT 500002b8 (kind=<JNI global ref>, id=1e8, trace=300113)
ROOT 500002b9 (kind=<JNI global ref>, id=1e9, trace=300114)
ROOT 500002bb (kind=<JNI global ref>, id=1ea, trace=300116)
ROOT 500002bd (kind=<JNI global ref>, id=1eb, trace=300118)
ROOT 500002bf (kind=<JNI global ref>, id=1ec, trace=300120)
ROOT 500002c0 (kind=<JNI global ref>, id=1ed, trace=300120)
ROOT 500002c1 (kind=<JNI global ref>, id=1ee, trace=300120)
ROOT 5000001e (kind=<JNI global ref>, id=1ef, trace=300000)
ROOT 500002bf (kind=<JNI global ref>, id=1f0, trace=300120)
ROOT 500002c1 (kind=<JNI global ref>, id=1f1, trace=300120)
ROOT 500002c4 (kind=<JNI global ref>, id=1f2, trace=300123)
ROOT 500002c5 (kind=<JNI global ref>, id=1f3, trace=300123)
ROOT 500002d6 (kind=<JNI global ref>, id=1f4, trace=300130)
ROOT 500002dc (kind=<JNI global ref>, id=1f5, trace=300136)
ROOT 500002de (kind=<JNI global ref>, id=1f6, trace=300138)
ROOT 500002df (kind=<JNI global ref>, id=1f7, trace=300138)
ROOT 500002ea (kind=<JNI global ref>, id=1f8, trace=300146)
ROOT 500002ed (kind=<JNI global ref>, id=1f9, trace=300149)
ROOT 500002f1 (kind=<JNI global ref>, id=1fa, trace=300153)
ROOT 500002f3 (kind=<JNI global ref>, id=1fb, trace=300155)
ROOT 500002f4 (kind=<JNI global ref>, id=1fc, trace=300155)
ROOT 50000316 (kind=<JNI global ref>, id=1fd, trace=300182)
ROOT 50000317 (kind=<JNI global ref>, id=1fe, trace=300182)
ROOT 50000319 (kind=<JNI global ref>, id=1ff, trace=300184)
ROOT 5000036b (kind=<JNI global ref>, id=200, trace=300214)
ROOT 500003aa (kind=<JNI global ref>, id=201, trace=300274)
ROOT 500007ed (kind=<JNI global ref>, id=202, trace=300281)
ROOT 500007ee (kind=<JNI global ref>, id=203, trace=300281)
ROOT 500007f0 (kind=<JNI global ref>, id=204, trace=300283)
ROOT 50000a84 (kind=<JNI global ref>, id=205, trace=300290)
ROOT 50000c47 (kind=<JNI global ref>, id=206, trace=300316)
ROOT 50000c48 (kind=<JNI global ref>, id=207, trace=300316)
ROOT 50000c4c (kind=<JNI global ref>, id=208, trace=300320)
ROOT 50000c63 (kind=<JNI global ref>, id=209, trace=300342)
ROOT 50000c6c (kind=<JNI global ref>, id=20a, trace=300347)
ROOT 50000c6d (kind=<JNI global ref>, id=20b, trace=300347)
ROOT 50000c94 (kind=<JNI global ref>, id=20c, trace=300380)
ROOT 50000c95 (kind=<JNI global ref>, id=20d, trace=300380)
ROOT 50000c96 (kind=<JNI global ref>, id=20e, trace=300380)
ROOT 50000c9c (kind=<JNI global ref>, id=20f, trace=300386)
ROOT 50000ca0 (kind=<JNI global ref>, id=210, trace=300390)
ROOT 50000ca2 (kind=<JNI global ref>, id=211, trace=300392)
ROOT 50000cbb (kind=<JNI global ref>, id=212, trace=300414)
ROOT 50000cce (kind=<JNI global ref>, id=213, trace=300429)
ROOT 50000ccf (kind=<JNI global ref>, id=214, trace=300430)
ROOT 50000cd1 (kind=<JNI global ref>, id=215, trace=300432)
ROOT 50000e02 (kind=<JNI global ref>, id=216, trace=300478)
ROOT 50000ef9 (kind=<JNI global ref>, id=217, trace=300478)
ROOT 50000efa (kind=<JNI global ref>, id=218, trace=300478)
ROOT 5000100a (kind=<JNI global ref>, id=219, trace=300478)
ROOT 50001011 (kind=<JNI global ref>, id=21a, trace=300483)
ROOT 500025c6 (kind=<JNI global ref>, id=21b, trace=300478)
ROOT 500024d1 (kind=<JNI global ref>, id=21c, trace=302580)
ROOT 500024d0 (kind=<JNI global ref>, id=21d, trace=300478)
ROOT 50001136 (kind=<JNI global ref>, id=21e, trace=300478)
ROOT 50001159 (kind=<JNI global ref>, id=21f, trace=300483)
ROOT 50001131 (kind=<JNI global ref>, id=220, trace=300478)
ROOT 50001164 (kind=<JNI global ref>, id=221, trace=300483)
ROOT 50001277 (kind=<JNI global ref>, id=222, trace=300478)
ROOT 50001368 (kind=<JNI global ref>, id=223, trace=300478)
ROOT 5000145b (kind=<JNI global ref>, id=224, trace=300478)
ROOT 5000154d (kind=<JNI global ref>, id=225, trace=300478)
ROOT 50001641 (kind=<JNI global ref>, id=226, trace=300478)
ROOT 50001735 (kind=<JNI global ref>, id=227, trace=300478)
ROOT 50001740 (kind=<JNI global ref>, id=228, trace=300489)
ROOT 50001849 (kind=<JNI global ref>, id=229, trace=300478)
ROOT 50000f94 (kind=<JNI global ref>, id=22a, trace=302512)
ROOT 50001999 (kind=<JNI global ref>, id=22b, trace=300478)
ROOT 50000f93 (kind=<JNI global ref>, id=22c, trace=300478)
ROOT 50000e99 (kind=<JNI global ref>, id=22d, trace=300478)
ROOT 5000199e (kind=<JNI global ref>, id=22e, trace=300483)
ROOT 50000da4 (kind=<JNI global ref>, id=22f, trace=302497)
ROOT 500019a3 (kind=<JNI global ref>, id=230, trace=300483)
ROOT 50000da3 (kind=<JNI global ref>, id=231, trace=300478)
ROOT 50001a98 (kind=<JNI global ref>, id=232, trace=300478)
ROOT 50001ada (kind=<JNI global ref>, id=233, trace=300483)
ROOT 50001adb (kind=<JNI global ref>, id=234, trace=300558)
ROOT 50001adc (kind=<JNI global ref>, id=235, trace=300558)
ROOT 50001aeb (kind=<JNI global ref>, id=236, trace=300569)
ROOT 50001afe (kind=<JNI global ref>, id=237, trace=300583)
ROOT 50001b02 (kind=<JNI global ref>, id=238, trace=300587)
ROOT 50001b04 (kind=<JNI global ref>, id=239, trace=300589)
ROOT 50001aeb (kind=<JNI global ref>, id=23a, trace=300569)
ROOT 50001b26 (kind=<JNI global ref>, id=23b, trace=300618)
ROOT 50001b26 (kind=<JNI global ref>, id=23c, trace=300618)
ROOT 50001b27 (kind=<JNI global ref>, id=23d, trace=300619)
ROOT 50001b28 (kind=<JNI global ref>, id=23e, trace=300620)
ROOT 50001b2b (kind=<JNI global ref>, id=23f, trace=300623)
ROOT 50001b37 (kind=<JNI global ref>, id=240, trace=300633)
ROOT 50001b3e (kind=<JNI global ref>, id=241, trace=300640)
ROOT 50001b3f (kind=<JNI global ref>, id=242, trace=300640)
ROOT 50001b4f (kind=<JNI global ref>, id=243, trace=300652)
ROOT 50001b50 (kind=<JNI global ref>, id=244, trace=300652)
ROOT 50001b6d (kind=<JNI global ref>, id=245, trace=300674)
ROOT 50001b6f (kind=<JNI global ref>, id=246, trace=300675)
ROOT 50001b72 (kind=<JNI global ref>, id=247, trace=300678)
ROOT 50001b72 (kind=<JNI global ref>, id=248, trace=300678)
ROOT 50001b78 (kind=<JNI global ref>, id=249, trace=300684)
ROOT 50001b79 (kind=<JNI global ref>, id=24a, trace=300684)
ROOT 50001b7a (kind=<JNI global ref>, id=24b, trace=300684)
ROOT 50001b7b (kind=<JNI global ref>, id=24c, trace=300684)
ROOT 50001b7c (kind=<JNI global ref>, id=24d, trace=300684)
ROOT 50001b7d (kind=<JNI global ref>, id=24e, trace=300684)
ROOT 50001b90 (kind=<JNI global ref>, id=24f, trace=300692)
ROOT 50001b90 (kind=<JNI global ref>, id=250, trace=300692)
ROOT 50001b91 (kind=<JNI global ref>, id=251, trace=300693)
ROOT 50001b93 (kind=<JNI global ref>, id=252, trace=300695)
ROOT 50001b94 (kind=<JNI global ref>, id=253, trace=300696)
ROOT 50001b95 (kind=<JNI global ref>, id=254, trace=300697)
ROOT 50001b9c (kind=<JNI global ref>, id=255, trace=300703)
ROOT 50001b9e (kind=<JNI global ref>, id=256, trace=300705)
ROOT 50001ba1 (kind=<JNI global ref>, id=257, trace=300708)
ROOT 50001bcc (kind=<JNI global ref>, id=258, trace=300740)
ROOT 50001be7 (kind=<JNI global ref>, id=259, trace=300753)
ROOT 50001be8 (kind=<JNI global ref>, id=25a, trace=300754)
ROOT 50001bf4 (kind=<JNI global ref>, id=25b, trace=300766)
ROOT 50001c04 (kind=<JNI global ref>, id=25c, trace=300782)
ROOT 50001c0a (kind=<JNI global ref>, id=25d, trace=300788)
ROOT 50001c0c (kind=<JNI global ref>, id=25e, trace=300790)
ROOT 50001c10 (kind=<JNI global ref>, id=25f, trace=300794)
ROOT 50001c12 (kind=<JNI global ref>, id=260, trace=300795)
ROOT 50001c14 (kind=<JNI global ref>, id=261, trace=300797)
ROOT 50001c15 (kind=<JNI global ref>, id=262, trace=300798)
ROOT 50001c16 (kind=<JNI global ref>, id=263, trace=300798)
ROOT 50001aeb (kind=<JNI global ref>, id=264, trace=300569)
ROOT 50001b26 (kind=<JNI global ref>, id=265, trace=300618)
ROOT 50001b72 (kind=<JNI global ref>, id=266, trace=300678)
ROOT 50001be7 (kind=<JNI global ref>, id=267, trace=300753)
ROOT 50001be7 (kind=<JNI global ref>, id=268, trace=300753)
ROOT 50001c19 (kind=<JNI global ref>, id=269, trace=300801)
ROOT 50001c19 (kind=<JNI global ref>, id=26a, trace=300801)
ROOT 50001aeb (kind=<JNI global ref>, id=26b, trace=300569)
ROOT 50001b72 (kind=<JNI global ref>, id=26c, trace=300678)
ROOT 50001be7 (kind=<JNI global ref>, id=26d, trace=300753)
ROOT 50001c26 (kind=<JNI global ref>, id=26e, trace=300803)
ROOT 50001c26 (kind=<JNI global ref>, id=26f, trace=300803)
ROOT 50001c27 (kind=<JNI global ref>, id=270, trace=300804)
ROOT 50001c3a (kind=<JNI global ref>, id=271, trace=300812)
ROOT 50001c19 (kind=<JNI global ref>, id=272, trace=300801)
ROOT 50001c40 (kind=<JNI global ref>, id=273, trace=300483)
ROOT 50001c41 (kind=<JNI global ref>, id=274, trace=300816)
ROOT 50001c43 (kind=<JNI global ref>, id=275, trace=300818)
ROOT 50001c60 (kind=<JNI global ref>, id=276, trace=300836)
ROOT 50001c62 (kind=<JNI global ref>, id=277, trace=300838)
ROOT 50001d67 (kind=<JNI global ref>, id=278, trace=300478)
ROOT 50000c93 (kind=<JNI global ref>, id=279, trace=300478)
ROOT 5000085e (kind=<JNI global ref>, id=27a, trace=300478)
ROOT 500006c3 (kind=<JNI global ref>, id=27b, trace=300478)
ROOT 500006c2 (kind=<JNI global ref>, id=27c, trace=300000)
ROOT 500006c1 (kind=<JNI global ref>, id=27d, trace=300000)
ROOT 500006c0 (kind=<JNI global ref>, id=27e, trace=300000)
ROOT 500006bf (kind=<JNI global ref>, id=27f, trace=300000)
ROOT 500006be (kind=<JNI global ref>, id=280, trace=300000)
ROOT 500006bd (kind=<JNI global ref>, id=281, trace=300000)
ROOT 500006bc (kind=<JNI global ref>, id=282, trace=300000)
ROOT 50001e64 (kind=<JNI global ref>, id=283, trace=300478)
ROOT 500006bb (kind=<JNI global ref>, id=284, trace=300000)
ROOT 500006b6 (kind=<JNI global ref>, id=285, trace=300000)
ROOT 50000678 (kind=<JNI global ref>, id=286, trace=300000)
ROOT 50000674 (kind=<JNI global ref>, id=287, trace=300000)
ROOT 50000635 (kind=<JNI global ref>, id=288, trace=300000)
ROOT 50001f47 (kind=<JNI global ref>, id=289, trace=300478)
ROOT 50001f49 (kind=<JNI global ref>, id=28a, trace=300869)
ROOT 500020f5 (kind=<JNI global ref>, id=28b, trace=300478)
ROOT 500020f6 (kind=<JNI global ref>, id=28c, trace=300478)
ROOT 5000043b (kind=<JNI global ref>, id=28d, trace=300478)
ROOT 50000275 (kind=<JNI global ref>, id=28e, trace=300478)
ROOT 500021ae (kind=<JNI global ref>, id=28f, trace=300899)
ROOT 500021bf (kind=<JNI global ref>, id=290, trace=300910)
ROOT 500021c0 (kind=<JNI global ref>, id=291, trace=300911)
ROOT 500021c3 (kind=<JNI global ref>, id=292, trace=300914)
ROOT 500021c9 (kind=<JNI global ref>, id=293, trace=300920)
ROOT 500021d4 (kind=<JNI global ref>, id=294, trace=300931)
ROOT 500021e7 (kind=<JNI global ref>, id=295, trace=300950)
ROOT 500021f6 (kind=<JNI global ref>, id=296, trace=300953)
ROOT 500021fd (kind=<JNI global ref>, id=297, trace=300960)
ROOT 500021fe (kind=<JNI global ref>, id=298, trace=300961)
ROOT 50002200 (kind=<JNI global ref>, id=299, trace=300962)
ROOT 5000220a (kind=<JNI global ref>, id=29a, trace=300972)
ROOT 50002228 (kind=<JNI global ref>, id=29b, trace=300990)
ROOT 50002231 (kind=<JNI global ref>, id=29c, trace=300999)
ROOT 50002232 (kind=<JNI global ref>, id=29d, trace=300999)
ROOT 50002244 (kind=<JNI global ref>, id=29e, trace=301013)
ROOT 5000227c (kind=<JNI global ref>, id=29f, trace=300478)
ROOT 50002351 (kind=<JNI global ref>, id=2a0, trace=300478)
ROOT 5000242c (kind=<JNI global ref>, id=2a1, trace=300478)
ROOT 50000bba (kind=<JNI global ref>, id=2a2, trace=300478)
ROOT 5000251d (kind=<JNI global ref>, id=2a3, trace=300478)
ROOT 5000091b (kind=<JNI global ref>, id=2a4, trace=300483)
ROOT 50000911 (kind=<JNI global ref>, id=2a5, trace=302473)
ROOT 50008dc9 (kind=<JNI global ref>, id=2a6, trace=302457)
ROOT 50008dc2 (kind=<JNI global ref>, id=2a7, trace=302450)
ROOT 50008dc1 (kind=<JNI global ref>, id=2a8, trace=302450)
ROOT 50008dc0 (kind=<JNI global ref>, id=2a9, trace=302449)
ROOT 50002604 (kind=<JNI global ref>, id=2aa, trace=300478)
ROOT 50008d44 (kind=<JNI global ref>, id=2ab, trace=302421)
ROOT 50008c2e (kind=<JNI global ref>, id=2ac, trace=302417)
ROOT 50008922 (kind=<JNI global ref>, id=2ad, trace=302306)
ROOT 500026e2 (kind=<JNI global ref>, id=2ae, trace=300478)
ROOT 50008921 (kind=<JNI global ref>, id=2af, trace=302305)
ROOT 500027b4 (kind=<JNI global ref>, id=2b0, trace=300478)
ROOT 5000288b (kind=<JNI global ref>, id=2b1, trace=300478)
ROOT 50002a30 (kind=<JNI global ref>, id=2b2, trace=300478)
ROOT 50002a31 (kind=<JNI global ref>, id=2b3, trace=300478)
ROOT 500088b6 (kind=<JNI global ref>, id=2b4, trace=300478)
ROOT 50002b11 (kind=<JNI global ref>, id=2b5, trace=300478)
ROOT 500087d0 (kind=<JNI global ref>, id=2b6, trace=302265)
ROOT 50002be3 (kind=<JNI global ref>, id=2b7, trace=300478)
ROOT 500087cf (kind=<JNI global ref>, id=2b8, trace=300483)
ROOT 500087ca (kind=<JNI global ref>, id=2b9, trace=300478)
ROOT 50002cc5 (kind=<JNI global ref>, id=2ba, trace=300478)
ROOT 500087c9 (kind=<JNI global ref>, id=2bb, trace=300478)
ROOT 50002d98 (kind=<JNI global ref>, id=2bc, trace=300478)
ROOT 50002e77 (kind=<JNI global ref>, id=2bd, trace=300478)
ROOT 50008675 (kind=<JNI global ref>, id=2be, trace=300478)
ROOT 50008587 (kind=<JNI global ref>, id=2bf, trace=300478)
ROOT 500084a6 (kind=<JNI global ref>, id=2c0, trace=300478)
ROOT 500083cf (kind=<JNI global ref>, id=2c1, trace=300478)
ROOT 50002f56 (kind=<JNI global ref>, id=2c2, trace=300478)
ROOT 50003027 (kind=<JNI global ref>, id=2c3, trace=300478)
ROOT 50003030 (kind=<JNI global ref>, id=2c4, trace=301054)
ROOT 50003102 (kind=<JNI global ref>, id=2c5, trace=300478)
ROOT 500082ef (kind=<JNI global ref>, id=2c6, trace=300483)
ROOT 500031d4 (kind=<JNI global ref>, id=2c7, trace=300478)
ROOT 500032ac (kind=<JNI global ref>, id=2c8, trace=300478)
ROOT 500082ea (kind=<JNI global ref>, id=2c9, trace=300478)
ROOT 500082e9 (kind=<JNI global ref>, id=2ca, trace=300478)
ROOT 5000811c (kind=<JNI global ref>, id=2cb, trace=300478)
ROOT 50008042 (kind=<JNI global ref>, id=2cc, trace=300478)
ROOT 5000353a (kind=<JNI global ref>, id=2cd, trace=300478)
ROOT 5000360c (kind=<JNI global ref>, id=2ce, trace=300478)
ROOT 5000360d (kind=<JNI global ref>, id=2cf, trace=300478)
ROOT 5000360e (kind=<JNI global ref>, id=2d0, trace=300478)
ROOT 500036ea (kind=<JNI global ref>, id=2d1, trace=300478)
ROOT 50007eef (kind=<JNI global ref>, id=2d2, trace=300478)
ROOT 500037bf (kind=<JNI global ref>, id=2d3, trace=300478)
ROOT 50003974 (kind=<JNI global ref>, id=2d4, trace=300478)
ROOT 50003975 (kind=<JNI global ref>, id=2d5, trace=300478)
ROOT 5000397e (kind=<JNI global ref>, id=2d6, trace=301092)
ROOT 50003980 (kind=<JNI global ref>, id=2d7, trace=301094)
ROOT 50003a6c (kind=<JNI global ref>, id=2d8, trace=300483)
ROOT 50003a6d (kind=<JNI global ref>, id=2d9, trace=300478)
ROOT 50003a76 (kind=<JNI global ref>, id=2da, trace=301108)
ROOT 50003a77 (kind=<JNI global ref>, id=2db, trace=301109)
ROOT 50003a7c (kind=<JNI global ref>, id=2dc, trace=301113)
ROOT 50003b52 (kind=<JNI global ref>, id=2dd, trace=300478)
ROOT 50003d17 (kind=<JNI global ref>, id=2de, trace=300478)
ROOT 50003df0 (kind=<JNI global ref>, id=2df, trace=300478)
ROOT 50003df1 (kind=<JNI global ref>, id=2e0, trace=300478)
ROOT 50007e0a (kind=<JNI global ref>, id=2e1, trace=300478)
ROOT 50007e09 (kind=<JNI global ref>, id=2e2, trace=300478)
ROOT 50007bd5 (kind=<JNI global ref>, id=2e3, trace=300478)
ROOT 50004044 (kind=<JNI global ref>, id=2e4, trace=300478)
ROOT 50004045 (kind=<JNI global ref>, id=2e5, trace=300478)
ROOT 50004116 (kind=<JNI global ref>, id=2e6, trace=300478)
ROOT 500041e7 (kind=<JNI global ref>, id=2e7, trace=300478)
ROOT 50007aff (kind=<JNI global ref>, id=2e8, trace=300478)
ROOT 50007a26 (kind=<JNI global ref>, id=2e9, trace=300478)
ROOT 500042c8 (kind=<JNI global ref>, id=2ea, trace=300478)
ROOT 500043b0 (kind=<JNI global ref>, id=2eb, trace=300478)
ROOT 50004490 (kind=<JNI global ref>, id=2ec, trace=300478)
ROOT 50004562 (kind=<JNI global ref>, id=2ed, trace=300478)
ROOT 50004633 (kind=<JNI global ref>, id=2ee, trace=300478)
ROOT 50007950 (kind=<JNI global ref>, id=2ef, trace=302152)
ROOT 5000794f (kind=<JNI global ref>, id=2f0, trace=302152)
ROOT 50004705 (kind=<JNI global ref>, id=2f1, trace=300478)
ROOT 50007947 (kind=<JNI global ref>, id=2f2, trace=300478)
ROOT 500047d7 (kind=<JNI global ref>, id=2f3, trace=300478)
ROOT 500048a8 (kind=<JNI global ref>, id=2f4, trace=300478)
ROOT 5000497d (kind=<JNI global ref>, id=2f5, trace=300478)
ROOT 50004a50 (kind=<JNI global ref>, id=2f6, trace=300478)
ROOT 50007837 (kind=<JNI global ref>, id=2f7, trace=300478)
ROOT 5000767d (kind=<JNI global ref>, id=2f8, trace=302096)
ROOT 5000767b (kind=<JNI global ref>, id=2f9, trace=302095)
ROOT 50004b21 (kind=<JNI global ref>, id=2fa, trace=300478)
ROOT 5000766c (kind=<JNI global ref>, id=2fb, trace=302088)
ROOT 5000766a (kind=<JNI global ref>, id=2fc, trace=302087)
ROOT 50004bf4 (kind=<JNI global ref>, id=2fd, trace=300478)
ROOT 50007669 (kind=<JNI global ref>, id=2fe, trace=302086)
ROOT 50007658 (kind=<JNI global ref>, id=2ff, trace=302070)
ROOT 50007656 (kind=<JNI global ref>, id=300, trace=302068)
ROOT 50004cc9 (kind=<JNI global ref>, id=301, trace=300478)
ROOT 50007655 (kind=<JNI global ref>, id=302, trace=302068)
ROOT 50007653 (kind=<JNI global ref>, id=303, trace=302066)
ROOT 5000764f (kind=<JNI global ref>, id=304, trace=302062)
ROOT 5000764e (kind=<JNI global ref>, id=305, trace=302062)
ROOT 50007641 (kind=<JNI global ref>, id=306, trace=302049)
ROOT 50004d9f (kind=<JNI global ref>, id=307, trace=300478)
ROOT 5000763f (kind=<JNI global ref>, id=308, trace=302048)
ROOT 5000763c (kind=<JNI global ref>, id=309, trace=302045)
ROOT 50007637 (kind=<JNI global ref>, id=30a, trace=302041)
ROOT 50007634 (kind=<JNI global ref>, id=30b, trace=302039)
ROOT 50004e72 (kind=<JNI global ref>, id=30c, trace=300478)
ROOT 5000760f (kind=<JNI global ref>, id=30d, trace=302036)
ROOT 5000760b (kind=<JNI global ref>, id=30e, trace=302035)
ROOT 50004f44 (kind=<JNI global ref>, id=30f, trace=300478)
ROOT 50007609 (kind=<JNI global ref>, id=310, trace=302033)
ROOT 50007607 (kind=<JNI global ref>, id=311, trace=302031)
ROOT 50007605 (kind=<JNI global ref>, id=312, trace=302029)
ROOT 50004f49 (kind=<JNI global ref>, id=313, trace=300483)
ROOT 50007601 (kind=<JNI global ref>, id=314, trace=302026)
ROOT 50005027 (kind=<JNI global ref>, id=315, trace=300478)
ROOT 500075f9 (kind=<JNI global ref>, id=316, trace=302021)
ROOT 500075e7 (kind=<JNI global ref>, id=317, trace=302006)
ROOT 500075e5 (kind=<JNI global ref>, id=318, trace=302004)
ROOT 500050f9 (kind=<JNI global ref>, id=319, trace=300478)
ROOT 500075e4 (kind=<JNI global ref>, id=31a, trace=302003)
ROOT 500075e3 (kind=<JNI global ref>, id=31b, trace=302002)
ROOT 500051cc (kind=<JNI global ref>, id=31c, trace=300478)
ROOT 500075e2 (kind=<JNI global ref>, id=31d, trace=302001)
ROOT 500075e1 (kind=<JNI global ref>, id=31e, trace=302001)
ROOT 5000529e (kind=<JNI global ref>, id=31f, trace=300478)
ROOT 500052a0 (kind=<JNI global ref>, id=320, trace=301179)
ROOT 500052a6 (kind=<JNI global ref>, id=321, trace=301181)
ROOT 500052a8 (kind=<JNI global ref>, id=322, trace=301183)
ROOT 500075da (kind=<JNI global ref>, id=323, trace=301999)
ROOT 500075d9 (kind=<JNI global ref>, id=324, trace=301999)
ROOT 500075d7 (kind=<JNI global ref>, id=325, trace=301997)
ROOT 500075d5 (kind=<JNI global ref>, id=326, trace=301995)
ROOT 500075d4 (kind=<JNI global ref>, id=327, trace=301995)
ROOT 500052b2 (kind=<JNI global ref>, id=328, trace=301190)
ROOT 500052c7 (kind=<JNI global ref>, id=329, trace=301207)
ROOT 500052c8 (kind=<JNI global ref>, id=32a, trace=301207)
ROOT 500052c9 (kind=<JNI global ref>, id=32b, trace=301207)
ROOT 500052ca (kind=<JNI global ref>, id=32c, trace=301208)
ROOT 500052cc (kind=<JNI global ref>, id=32d, trace=301209)
ROOT 500052cd (kind=<JNI global ref>, id=32e, trace=301209)
ROOT 500052ce (kind=<JNI global ref>, id=32f, trace=301209)
ROOT 500052cf (kind=<JNI global ref>, id=330, trace=301209)
ROOT 500052d0 (kind=<JNI global ref>, id=331, trace=301209)
ROOT 500052d2 (kind=<JNI global ref>, id=332, trace=301211)
ROOT 500052d4 (kind=<JNI global ref>, id=333, trace=301213)
ROOT 500052d5 (kind=<JNI global ref>, id=334, trace=301213)
ROOT 500052d6 (kind=<JNI global ref>, id=335, trace=301213)
ROOT 500052d8 (kind=<JNI global ref>, id=336, trace=301215)
ROOT 500052d9 (kind=<JNI global ref>, id=337, trace=301215)
ROOT 500052db (kind=<JNI global ref>, id=338, trace=301217)
ROOT 500052dc (kind=<JNI global ref>, id=339, trace=301217)
ROOT 500053b9 (kind=<JNI global ref>, id=33a, trace=300478)
ROOT 500053ba (kind=<JNI global ref>, id=33b, trace=301225)
ROOT 500053bb (kind=<JNI global ref>, id=33c, trace=301226)
ROOT 500053c3 (kind=<JNI global ref>, id=33d, trace=301234)
ROOT 500053c7 (kind=<JNI global ref>, id=33e, trace=301238)
ROOT 500053c9 (kind=<JNI global ref>, id=33f, trace=301239)
ROOT 500075d2 (kind=<JNI global ref>, id=340, trace=301993)
ROOT 500053d2 (kind=<JNI global ref>, id=341, trace=301246)
ROOT 500053d3 (kind=<JNI global ref>, id=342, trace=301247)
ROOT 500054d5 (kind=<JNI global ref>, id=343, trace=301249)
ROOT 500055c9 (kind=<JNI global ref>, id=344, trace=300478)
ROOT 500055cb (kind=<JNI global ref>, id=345, trace=301259)
ROOT 500055cc (kind=<JNI global ref>, id=346, trace=301260)
ROOT 5000563a (kind=<JNI global ref>, id=347, trace=301276)
ROOT 5000563d (kind=<JNI global ref>, id=348, trace=301279)
ROOT 5000563f (kind=<JNI global ref>, id=349, trace=301281)
ROOT 50005646 (kind=<JNI global ref>, id=34a, trace=301286)
ROOT 50005649 (kind=<JNI global ref>, id=34b, trace=301288)
ROOT 5000565c (kind=<JNI global ref>, id=34c, trace=301307)
ROOT 50005665 (kind=<JNI global ref>, id=34d, trace=301313)
ROOT 5000567c (kind=<JNI global ref>, id=34e, trace=301336)
ROOT 500056ab (kind=<JNI global ref>, id=34f, trace=301381)
ROOT 5000570b (kind=<JNI global ref>, id=350, trace=301418)
ROOT 5000570d (kind=<JNI global ref>, id=351, trace=301420)
ROOT 5000570f (kind=<JNI global ref>, id=352, trace=301422)
ROOT 50005715 (kind=<JNI global ref>, id=353, trace=301428)
ROOT 50005716 (kind=<JNI global ref>, id=354, trace=301428)
ROOT 50005723 (kind=<JNI global ref>, id=355, trace=301438)
ROOT 50005724 (kind=<JNI global ref>, id=356, trace=301438)
ROOT 5000572a (kind=<JNI global ref>, id=357, trace=301443)
ROOT 50005737 (kind=<JNI global ref>, id=358, trace=301456)
ROOT 5000574e (kind=<JNI global ref>, id=359, trace=301475)
ROOT 50005845 (kind=<JNI global ref>, id=35a, trace=301676)
ROOT 50005a93 (kind=<JNI global ref>, id=35b, trace=301810)
ROOT 50005ad0 (kind=<JNI global ref>, id=35c, trace=300483)
ROOT 50005ad9 (kind=<JNI global ref>, id=35d, trace=301821)
ROOT 50005b07 (kind=<JNI global ref>, id=35e, trace=301822)
ROOT 50005e5e (kind=<JNI global ref>, id=35f, trace=301810)
ROOT 50005ec7 (kind=<JNI global ref>, id=360, trace=301829)
ROOT 50005ec8 (kind=<JNI global ref>, id=361, trace=301829)
ROOT 50005f2b (kind=<JNI global ref>, id=362, trace=301848)
ROOT 500062c3 (kind=<JNI global ref>, id=363, trace=301810)
ROOT 500067ed (kind=<JNI global ref>, id=364, trace=301810)
ROOT 500075cf (kind=<JNI global ref>, id=365, trace=301991)
ROOT 500075ce (kind=<JNI global ref>, id=366, trace=301990)
ROOT 500075c9 (kind=<JNI global ref>, id=367, trace=301985)
ROOT 500075c6 (kind=<JNI global ref>, id=368, trace=301982)
ROOT 500075c5 (kind=<JNI global ref>, id=369, trace=301982)
ROOT 500075c4 (kind=<JNI global ref>, id=36a, trace=300483)
ROOT 500067fd (kind=<JNI global ref>, id=36b, trace=300483)
ROOT 5000681a (kind=<JNI global ref>, id=36c, trace=301876)
ROOT 5000681b (kind=<JNI global ref>, id=36d, trace=301876)
ROOT 500068f1 (kind=<JNI global ref>, id=36e, trace=300478)
ROOT 500069c3 (kind=<JNI global ref>, id=36f, trace=300478)
ROOT 50006e0e (kind=<JNI global ref>, id=370, trace=301810)
ROOT 500075bb (kind=<JNI global ref>, id=371, trace=300478)
ROOT 500074cb (kind=<JNI global ref>, id=372, trace=300478)
ROOT 500073f2 (kind=<JNI global ref>, id=373, trace=300478)
ROOT 500073f1 (kind=<JNI global ref>, id=374, trace=300483)
ROOT 50006e65 (kind=<JNI global ref>, id=375, trace=301895)
ROOT 50006fa8 (kind=<JNI global ref>, id=376, trace=300478)
ROOT 50007094 (kind=<JNI global ref>, id=377, trace=300478)
ROOT 5000731b (kind=<JNI global ref>, id=378, trace=300478)
ROOT 5000723b (kind=<JNI global ref>, id=379, trace=301946)
ROOT 50007237 (kind=<JNI global ref>, id=37a, trace=300478)
ROOT 50007165 (kind=<JNI global ref>, id=37b, trace=300478)
ROOT 50001166 (kind=<JNI global ref>, id=37c, trace=300478)
ROOT 5000118a (kind=<JNI global ref>, id=37d, trace=302621)
ROOT 5000118c (kind=<JNI global ref>, id=37e, trace=302623)
ROOT 5000118e (kind=<JNI global ref>, id=37f, trace=302625)
ROOT 5000119e (kind=<unknown>)
ROOT 500000a7 (kind=<system class>, name=java.lang.Object)
ROOT 50000096 (kind=<system class>, name=java.lang.String)
ROOT 50000080 (kind=<system class>, name=java.lang.Class)
ROOT 50000147 (kind=<system class>, name=java.lang.Cloneable)
ROOT 5000004a (kind=<system class>, name=java.lang.ClassLoader)
ROOT 50000162 (kind=<system class>, name=java.io.Serializable)
ROOT 5000003a (kind=<system class>, name=java.lang.System)
ROOT 5000001b (kind=<system class>, name=java.lang.Throwable)
ROOT 5000006b (kind=<system class>, name=java.lang.Error)
ROOT 5000016c (kind=<system class>, name=java.lang.ThreadDeath)
ROOT 50000132 (kind=<system class>, name=java.lang.Exception)
ROOT 500000f4 (kind=<system class>, name=java.lang.RuntimeException)
ROOT 5000011f (kind=<system class>, name=java.security.ProtectionDomain)
ROOT 50000011 (kind=<system class>, name=java.security.AccessControlContext)
ROOT 5000007e (kind=<system class>, name=java.lang.ClassNotFoundException)
ROOT 500000f5 (kind=<system class>, name=java.lang.NoClassDefFoundError)
ROOT 50000136 (kind=<system class>, name=java.lang.LinkageError)
ROOT 5000014a (kind=<system class>, name=java.lang.ClassCastException)
ROOT 500000b0 (kind=<system class>, name=java.lang.ArrayStoreException)
ROOT 50000005 (kind=<system class>, name=java.lang.VirtualMachineError)
ROOT 500000c6 (kind=<system class>, name=java.lang.OutOfMemoryError)
ROOT 5000011b (kind=<system class>, name=java.lang.StackOverflowError)
ROOT 500000d1 (kind=<system class>, name=java.lang.IllegalMonitorStateException)
ROOT 500000a0 (kind=<system class>, name=java.lang.ref.Reference)
ROOT 50000118 (kind=<system class>, name=java.lang.ref.SoftReference)
ROOT 50000088 (kind=<system class>, name=java.lang.ref.WeakReference)
ROOT 500000fa (kind=<system class>, name=java.lang.ref.FinalReference)
ROOT 50000138 (kind=<system class>, name=java.lang.ref.PhantomReference)
ROOT 50000107 (kind=<system class>, name=java.lang.ref.Finalizer)
ROOT 50000083 (kind=<system class>, name=java.lang.Thread)
ROOT 50000001 (kind=<system class>, name=java.lang.ThreadGroup)
ROOT 50000100 (kind=<system class>, name=java.util.Properties)
ROOT 50000063 (kind=<system class>, name=java.lang.reflect.AccessibleObject)
ROOT 5000015d (kind=<system class>, name=java.lang.reflect.Field)
ROOT 50000040 (kind=<system class>, name=java.lang.reflect.Method)
ROOT 5000006e (kind=<system class>, name=java.lang.reflect.Constructor)
ROOT 50000124 (kind=<system class>, name=sun.reflect.MagicAccessorImpl)
ROOT 5000015c (kind=<system class>, name=sun.reflect.MethodAccessorImpl)
ROOT 50000086 (kind=<system class>, name=sun.reflect.ConstructorAccessorImpl)
ROOT 500000b6 (kind=<system class>, name=sun.reflect.DelegatingClassLoader)
ROOT 5000010d (kind=<system class>, name=sun.reflect.ConstantPool)
ROOT 50000104 (kind=<system class>, name=sun.reflect.UnsafeStaticFieldAccessorImpl)
ROOT 50000025 (kind=<system class>, name=java.lang.invoke.MethodHandle)
ROOT 5000008c (kind=<system class>, name=java.lang.invoke.MemberName)
ROOT 5000014f (kind=<system class>, name=java.lang.invoke.MethodHandleNatives)
ROOT 50000062 (kind=<system class>, name=java.lang.invoke.AdapterMethodHandle)
ROOT 50000014 (kind=<system class>, name=java.lang.invoke.BoundMethodHandle)
ROOT 500000e1 (kind=<system class>, name=java.lang.invoke.DirectMethodHandle)
ROOT 50000168 (kind=<system class>, name=java.lang.invoke.MethodType)
ROOT 5000004b (kind=<system class>, name=java.lang.invoke.MethodTypeForm)
ROOT 500000b1 (kind=<system class>, name=java.lang.BootstrapMethodError)
ROOT 5000005e (kind=<system class>, name=java.lang.invoke.WrongMethodTypeException)
ROOT 500000f7 (kind=<system class>, name=java.lang.invoke.CallSite)
ROOT 50000142 (kind=<system class>, name=java.lang.invoke.CountingMethodHandle)
ROOT 50000018 (kind=<system class>, name=java.lang.invoke.ConstantCallSite)
ROOT 5000015f (kind=<system class>, name=java.lang.invoke.MutableCallSite)
ROOT 50000093 (kind=<system class>, name=java.lang.invoke.VolatileCallSite)
ROOT 5000005d (kind=<system class>, name=java.lang.StringBuffer)
ROOT 50000065 (kind=<system class>, name=java.lang.StringBuilder)
ROOT 5000000a (kind=<system class>, name=java.lang.StackTraceElement)
ROOT 5000001e (kind=<system class>, name=java.nio.Buffer)
ROOT 50000057 (kind=<system class>, name=sun.misc.PostVMInitHook)
ROOT 50000159 (kind=<system class>, name=java.lang.Boolean)
ROOT 50000078 (kind=<system class>, name=java.lang.Character)
ROOT 500000b2 (kind=<system class>, name=java.lang.Float)
ROOT 500000da (kind=<system class>, name=java.lang.Double)
ROOT 50000131 (kind=<system class>, name=java.lang.Byte)
ROOT 500000b5 (kind=<system class>, name=java.lang.Short)
ROOT 5000016a (kind=<system class>, name=java.lang.Integer)
ROOT 500000e7 (kind=<system class>, name=java.lang.Long)
ROOT 50000159 (kind=<system class>, name=java.lang.Boolean)
ROOT 50000078 (kind=<system class>, name=java.lang.Character)
ROOT 500000b2 (kind=<system class>, name=java.lang.Float)
ROOT 500000da (kind=<system class>, name=java.lang.Double)
ROOT 50000131 (kind=<system class>, name=java.lang.Byte)
ROOT 500000b5 (kind=<system class>, name=java.lang.Short)
ROOT 5000016a (kind=<system class>, name=java.lang.Integer)
ROOT 500000e7 (kind=<system class>, name=java.lang.Long)
ROOT 5000001b (kind=<system class>, name=java.lang.Throwable)
ROOT 5000010d (kind=<system class>, name=sun.reflect.ConstantPool)
ROOT 50000104 (kind=<system class>, name=sun.reflect.UnsafeStaticFieldAccessorImpl)
ROOT 50000001 (kind=<system class>, name=java.lang.ThreadGroup)
ROOT 50000317 (kind=<system class>, name=java.util.LinkedList)
ROOT 50000003 (kind=<system class>, name=sun.reflect.ConstructorAccessor)
ROOT 50000a84 (kind=<system class>, name=sun.misc.URLClassPath$FileLoader)
ROOT 50000004 (kind=<system class>, name=java.lang.AbstractStringBuilder)
ROOT 500052cd (kind=<system class>, name=sun.reflect.generics.tree.TypeSignature)
ROOT 50000005 (kind=<system class>, name=java.lang.VirtualMachineError)
ROOT 50000c94 (kind=<system class>, name=java.net.URLConnection)
ROOT 500001ac (kind=<system class>, name=sun.misc.URLClassPath$JarLoader)
ROOT 50000007 (kind=<system class>, name=sun.misc.JavaIOFileDescriptorAccess)
ROOT 50000008 (kind=<system class>, name=java.security.cert.Certificate)
ROOT 5000000a (kind=<system class>, name=java.lang.StackTraceElement)
ROOT 500001a3 (kind=<system class>, name=sun.net.util.URLUtil)
ROOT 5000000c (kind=<system class>, name=sun.misc.Hashing$Holder)
ROOT 5000000d (kind=<system class>, name=java.io.BufferedReader)
ROOT 5000036b (kind=<system class>, name=sun.misc.ExtensionDependency)
ROOT 5000118e (kind=<system class>, name=java.lang.Shutdown$Lock)
ROOT 5000000e (kind=<system class>, name=java.util.concurrent.ConcurrentMap)
ROOT 5000000f (kind=<system class>, name=java.util.Locale)
ROOT 500075e5 (kind=<system class>, name=java.util.regex.Pattern$Start)
ROOT 500075d4 (kind=<system class>, name=java.util.regex.Pattern$CharProperty)
ROOT 50000010 (kind=<system class>, name=java.security.PrivilegedAction)
ROOT 50000011 (kind=<system class>, name=java.security.AccessControlContext)
ROOT 500002bd (kind=<system class>, name=sun.misc.PerfCounter$CoreCounters)
ROOT 50000012 (kind=<system class>, name=java.lang.IncompatibleClassChangeError)
ROOT 50000013 (kind=<system class>, name=sun.nio.cs.StandardCharsets$Classes)
ROOT 50000014 (kind=<system class>, name=java.lang.invoke.BoundMethodHandle)
ROOT 50000319 (kind=<system class>, name=java.util.LinkedList$Node)
ROOT 50000015 (kind=<system class>, name=java.io.FileInputStream)
ROOT 50000016 (kind=<system class>, name=sun.nio.cs.UTF_8$Encoder)
ROOT 50000017 (kind=<system class>, name=java.lang.Iterable)
ROOT 50000018 (kind=<system class>, name=java.lang.invoke.ConstantCallSite)
ROOT 50000019 (kind=<system class>, name=sun.misc.SharedSecrets)
ROOT 5000570d (kind=<system class>, name=java.util.HashMap$ValueIterator)
ROOT 5000563a (kind=<system class>, name=java.lang.Class$4)
ROOT 5000118a (kind=<system class>, name=sun.net.ConnectionResetException)
ROOT 50001c16 (kind=<system class>, name=sun.net.sdp.SdpProvider)
ROOT 5000001a (kind=<system class>, name=java.io.InputStream)
ROOT 5000001b (kind=<system class>, name=java.lang.Throwable)
ROOT 50001b91 (kind=<system class>, name=java.net.SocksSocketImpl$3)
ROOT 5000001d (kind=<system class>, name=java.util.AbstractMap)
ROOT 500075c6 (kind=<system class>, name=java.util.regex.Pattern$4)
ROOT 5000764f (kind=<system class>, name=java.util.regex.Matcher)
ROOT 5000565c (kind=<system class>, name=sun.misc.ProxyGenerator)
ROOT 5000001e (kind=<system class>, name=java.nio.Buffer)
ROOT 50007669 (kind=<system class>, name=java.util.Formatter$Conversion)
ROOT 5000001f (kind=<system class>, name=java.util.RandomAccess)
ROOT 50000c96 (kind=<system class>, name=sun.net.www.protocol.file.FileURLConnection)
ROOT 50001adb (kind=<system class>, name=java.net.SocketAddress)
ROOT 50000020 (kind=<system class>, name=java.lang.ref.ReferenceQueue$Lock)
ROOT 50001be8 (kind=<system class>, name=java.net.URI)
ROOT 50008dc9 (kind=<system class>, name=java.net.JarURLConnection)
ROOT 50000021 (kind=<system class>, name=sun.net.www.ParseUtil)
ROOT 50000022 (kind=<system class>, name=sun.misc.JavaNetAccess)
ROOT 50000023 (kind=<system class>, name=java.io.ObjectStreamField)
ROOT 50000259 (kind=<system class>, name=sun.misc.JavaUtilJarAccess)
ROOT 50001b72 (kind=<system class>, name=java.net.Inet4Address)
ROOT 50000258 (kind=<system class>, name=java.util.jar.JarFile)
ROOT 50000025 (kind=<system class>, name=java.lang.invoke.MethodHandle)
ROOT 50000026 (kind=<system class>, name=java.util.Stack)
ROOT 50000027 (kind=<system class>, name=java.util.Collections$EmptyMap)
ROOT 50000028 (kind=<system class>, name=sun.misc.Launcher$Factory)
ROOT 50000029 (kind=<system class>, name=sun.reflect.MethodAccessor)
ROOT 5000002a (kind=<system class>, name=sun.util.locale.BaseLocale$Cache)
ROOT 50005ec7 (kind=<system class>, name=java.util.ListIterator)
ROOT 500021c0 (kind=<system class>, name=java.io.ByteArrayInputStream)
ROOT 50001b3e (kind=<system class>, name=java.net.InetAddressImpl)
ROOT 5000002b (kind=<system class>, name=java.util.concurrent.locks.AbstractQueuedSynchronizer$Node)
ROOT 500007ed (kind=<system class>, name=java.io.IOException)
ROOT 5000002c (kind=<system class>, name=java.security.ProtectionDomain$3)
ROOT 500075d5 (kind=<system class>, name=java.util.regex.Pattern$Dot)
ROOT 5000002d (kind=<system class>, name=sun.misc.Launcher$ExtClassLoader)
ROOT 5000002e (kind=<system class>, name=java.lang.Runnable)
ROOT 50007634 (kind=<system class>, name=java.util.regex.Pattern$1)
ROOT 5000563d (kind=<system class>, name=sun.reflect.NativeMethodAccessorImpl)
ROOT 50005ec8 (kind=<system class>, name=java.util.AbstractList$ListItr)
ROOT 50000030 (kind=<system class>, name=sun.nio.cs.Surrogate$Parser)
ROOT 50000c63 (kind=<system class>, name=sun.nio.ByteBuffered)
ROOT 50000031 (kind=<system class>, name=sun.util.locale.LocaleObjectCache$CacheEntry)
ROOT 50001b7c (kind=<system class>, name=java.net.PlainSocketImpl)
ROOT 50000032 (kind=<system class>, name=java.nio.ByteOrder)
ROOT 50000033 (kind=<system class>, name=java.io.ExpiringCache)
ROOT 50001740 (kind=<system class>, name=java.lang.Void)
ROOT 50000034 (kind=<system class>, name=java.util.HashMap$Holder)
ROOT 50000035 (kind=<system class>, name=java.io.FilterInputStream)
ROOT 50000036 (kind=<system class>, name=java.lang.NoSuchMethodError)
ROOT 50000037 (kind=<system class>, name=java.net.URLStreamHandlerFactory)
ROOT 50000038 (kind=<system class>, name=java.util.WeakHashMap$Entry)
ROOT 5000003a (kind=<system class>, name=java.lang.System)
ROOT 5000003b (kind=<system class>, name=java.util.AbstractSet)
ROOT 500075e2 (kind=<system class>, name=java.util.regex.Pattern$Slice)
ROOT 5000003c (kind=<system class>, name=java.nio.HeapCharBuffer)
ROOT 500002ea (kind=<system class>, name=java.util.zip.ZipFile$ZipFileInputStream)
ROOT 5000003d (kind=<system class>, name=java.util.concurrent.locks.ReentrantLock$NonfairSync)
ROOT 5000003e (kind=<system class>, name=java.util.WeakHashMap$Holder)
ROOT 5000003f (kind=<system class>, name=java.lang.Terminator)
ROOT 50000040 (kind=<system class>, name=java.lang.reflect.Method)
ROOT 50000c9c (kind=<system class>, name=sun.net.www.MessageHeader)
ROOT 50000041 (kind=<system class>, name=java.lang.Compiler$1)
ROOT 500075e3 (kind=<system class>, name=java.util.regex.Pattern$Begin)
ROOT 50000042 (kind=<system class>, name=java.util.HashSet)
ROOT 50000043 (kind=<system class>, name=sun.misc.JavaSecurityAccess)
ROOT 50000044 (kind=<system class>, name=java.util.Random)
ROOT 50000045 (kind=<system class>, name=java.security.Permission)
ROOT 500002b8 (kind=<system class>, name=sun.misc.PerfCounter)
ROOT 500053c9 (kind=<system class>, name=sun.reflect.annotation.AnnotationType$1)
ROOT 50000046 (kind=<system class>, name=java.nio.HeapByteBuffer)
ROOT 50000047 (kind=<system class>, name=java.util.Hashtable$Entry)
ROOT 50000049 (kind=<system class>, name=java.nio.charset.CharsetEncoder)
ROOT 5000004a (kind=<system class>, name=java.lang.ClassLoader)
ROOT 5000004b (kind=<system class>, name=java.lang.invoke.MethodTypeForm)
ROOT 500002af (kind=<system class>, name=java.util.Queue)
ROOT 5000004c (kind=<system class>, name=java.util.concurrent.locks.AbstractOwnableSynchronizer)
ROOT 500052d0 (kind=<system class>, name=sun.reflect.generics.tree.SimpleClassTypeSignature)
ROOT 50001b7d (kind=<system class>, name=java.net.SocksSocketImpl)
ROOT 500056ab (kind=<system class>, name=java.lang.Class$MethodArray)
ROOT 5000004d (kind=<system class>, name=java.util.HashMap$EntrySet)
ROOT 500055cb (kind=<system class>, name=java.lang.annotation.Retention)
ROOT 5000004e (kind=<system class>, name=java.util.ArrayList)
ROOT 5000004f (kind=<system class>, name=java.util.Collections$SynchronizedSet)
ROOT 50000050 (kind=<system class>, name=java.lang.IllegalArgumentException)
ROOT 5000572a (kind=<system class>, name=sun.misc.ProxyGenerator$ConstantPool$IndirectEntry)
ROOT 50002244 (kind=<system class>, name=sun.security.util.SignatureFileVerifier)
ROOT 5000681b (kind=<system class>, name=java.util.LinkedHashMap$ValueIterator)
ROOT 5000091b (kind=<system class>, name=java.io.PipedOutputStream)
ROOT 50005737 (kind=<system class>, name=sun.misc.ProxyGenerator$FieldInfo)
ROOT 50000051 (kind=<system class>, name=java.lang.System$2)
ROOT 50008c2e (kind=<system class>, name=java.io.FileNotFoundException)
ROOT 50000052 (kind=<system class>, name=java.util.Hashtable$EntrySet)
ROOT 50000260 (kind=<system class>, name=java.nio.charset.StandardCharsets)
ROOT 50000053 (kind=<system class>, name=java.util.concurrent.atomic.AtomicLong)
ROOT 50005ad0 (kind=<system class>, name=java.lang.annotation.Target)
ROOT 500052d9 (kind=<system class>, name=sun.reflect.generics.factory.CoreReflectionFactory)
ROOT 50000cbb (kind=<system class>, name=java.io.FilePermissionCollection)
ROOT 50000054 (kind=<system class>, name=java.util.Comparator)
ROOT 50000055 (kind=<system class>, name=java.util.HashMap$HashIterator)
ROOT 50000056 (kind=<system class>, name=java.lang.reflect.Array)
ROOT 50000057 (kind=<system class>, name=sun.misc.PostVMInitHook)
ROOT 50000058 (kind=<system class>, name=sun.nio.cs.StreamEncoder)
ROOT 50000059 (kind=<system class>, name=java.util.Collection)
ROOT 5000005a (kind=<system class>, name=java.nio.ByteBuffer)
ROOT 50001c26 (kind=<system class>, name=java.net.InterfaceAddress)
ROOT 5000199e (kind=<system class>, name=java.lang.NoSuchMethodException)
ROOT 5000005b (kind=<system class>, name=java.lang.Compiler)
ROOT 5000764e (kind=<system class>, name=java.util.regex.MatchResult)
ROOT 5000005c (kind=<system class>, name=sun.misc.Launcher)
ROOT 5000005d (kind=<system class>, name=java.lang.StringBuffer)
ROOT 5000005e (kind=<system class>, name=java.lang.invoke.WrongMethodTypeException)
ROOT 5000005f (kind=<system class>, name=sun.nio.cs.ArrayDecoder)
ROOT 50004f49 (kind=<system class>, name=java.lang.IllegalAccessException)
ROOT 50000060 (kind=<system class>, name=java.security.ProtectionDomain$1)
ROOT 50000061 (kind=<system class>, name=java.io.FileReader)
ROOT 500053ba (kind=<system class>, name=java.lang.reflect.GenericArrayType)
ROOT 50001b4f (kind=<system class>, name=sun.net.spi.nameservice.NameService)
ROOT 50000062 (kind=<system class>, name=java.lang.invoke.AdapterMethodHandle)
ROOT 50000063 (kind=<system class>, name=java.lang.reflect.AccessibleObject)
ROOT 50000065 (kind=<system class>, name=java.lang.StringBuilder)
ROOT 50001b7b (kind=<system class>, name=java.net.AbstractPlainSocketImpl)
ROOT 500075c4 (kind=<system class>, name=java.util.regex.Pattern)
ROOT 500002b1 (kind=<system class>, name=java.util.ArrayDeque)
ROOT 50000066 (kind=<system class>, name=java.lang.CharacterDataLatin1)
ROOT 50000067 (kind=<system class>, name=java.lang.ThreadLocal$ThreadLocalMap$Entry)
ROOT 50000069 (kind=<system class>, name=java.util.Collections$UnmodifiableList)
ROOT 5000006a (kind=<system class>, name=java.util.AbstractList)
ROOT 5000006b (kind=<system class>, name=java.lang.Error)
ROOT 5000006d (kind=<system class>, name=java.util.Collections)
ROOT 50008921 (kind=<system class>, name=sun.misc.Launcher$BootClassPathHolder)
ROOT 50001afe (kind=<system class>, name=java.net.InetSocketAddress$InetSocketAddressHolder)
ROOT 5000006e (kind=<system class>, name=java.lang.reflect.Constructor)
ROOT 500021ae (kind=<system class>, name=sun.misc.URLClassPath$JarLoader$2)
ROOT 50008dc1 (kind=<system class>, name=sun.net.ProgressMeteringPolicy)
ROOT 50000070 (kind=<system class>, name=java.lang.String$CaseInsensitiveComparator)
ROOT 50000071 (kind=<system class>, name=java.net.URL)
ROOT 50000073 (kind=<system class>, name=java.io.Writer)
ROOT 50000074 (kind=<system class>, name=java.util.WeakHashMap)
ROOT 5000570b (kind=<system class>, name=java.util.HashMap$Values)
ROOT 5000760f (kind=<system class>, name=java.util.regex.Pattern$BitClass)
ROOT 50000075 (kind=<system class>, name=java.lang.reflect.ReflectPermission)
ROOT 50000076 (kind=<system class>, name=java.net.URLStreamHandler)
ROOT 50000077 (kind=<system class>, name=sun.misc.Hashing)
ROOT 500052cf (kind=<system class>, name=sun.reflect.generics.tree.FieldTypeSignature)
ROOT 50000078 (kind=<system class>, name=java.lang.Character)
ROOT 50007637 (kind=<system class>, name=java.util.regex.Pattern$5)
ROOT 500021fd (kind=<system class>, name=java.security.CodeSigner)
ROOT 500002dc (kind=<system class>, name=java.util.zip.ZipEntry)
ROOT 50000079 (kind=<system class>, name=sun.net.www.protocol.jar.Handler)
ROOT 50007658 (kind=<system class>, name=java.util.Formatter$Flags)
ROOT 50005a93 (kind=<system class>, name=com.sun.proxy.$Proxy0)
ROOT 5000018b (kind=<system class>, name=sun.launcher.LauncherHelper)
ROOT 5000007a (kind=<system class>, name=java.nio.charset.CodingErrorAction)
ROOT 5000118c (kind=<system class>, name=java.lang.Shutdown)
ROOT 50001b93 (kind=<system class>, name=java.net.ProxySelector)
ROOT 5000763c (kind=<system class>, name=java.util.Locale$Category)
ROOT 50008922 (kind=<system class>, name=sun.misc.Launcher$BootClassPathHolder$1)
ROOT 5000007b (kind=<system class>, name=java.lang.ClassLoader$NativeLibrary)
ROOT 5000007c (kind=<system class>, name=sun.misc.Unsafe)
ROOT 50008d44 (kind=<system class>, name=java.net.URLClassLoader$2)
ROOT 500075d2 (kind=<system class>, name=java.util.regex.Pattern$GroupTail)
ROOT 5000007d (kind=<system class>, name=sun.nio.cs.StandardCharsets)
ROOT 5000007e (kind=<system class>, name=java.lang.ClassNotFoundException)
ROOT 50000c6c (kind=<system class>, name=java.security.PermissionCollection)
ROOT 5000007f (kind=<system class>, name=sun.misc.Launcher$ExtClassLoader$1)
ROOT 500052a6 (kind=<system class>, name=java.util.Arrays$LegacyMergeSort)
ROOT 50000080 (kind=<system class>, name=java.lang.Class)
ROOT 50001c14 (kind=<system class>, name=sun.net.NetHooks)
ROOT 50000082 (kind=<system class>, name=java.io.OutputStream)
ROOT 50001b79 (kind=<system class>, name=java.net.SocketOptions)
ROOT 500002d6 (kind=<system class>, name=sun.misc.JarIndex)
ROOT 50007609 (kind=<system class>, name=java.util.regex.Pattern$Branch)
ROOT 50000083 (kind=<system class>, name=java.lang.Thread)
ROOT 50000085 (kind=<system class>, name=java.lang.Class$1)
ROOT 50000086 (kind=<system class>, name=sun.reflect.ConstructorAccessorImpl)
ROOT 50000087 (kind=<system class>, name=java.io.UnixFileSystem)
ROOT 50000088 (kind=<system class>, name=java.lang.ref.WeakReference)
ROOT 50001b02 (kind=<system class>, name=sun.security.action.GetBooleanAction)
ROOT 50001c62 (kind=<system class>, name=java.net.SocketInputStream)
ROOT 50005ad9 (kind=<system class>, name=java.lang.annotation.ElementType)
ROOT 500002b0 (kind=<system class>, name=java.util.Deque)
ROOT 5000008a (kind=<system class>, name=java.lang.Class$3)
ROOT 5000008b (kind=<system class>, name=java.io.ExpiringCache$Entry)
ROOT 5000008c (kind=<system class>, name=java.lang.invoke.MemberName)
ROOT 5000008d (kind=<system class>, name=java.lang.ThreadLocal)
ROOT 50001c40 (kind=<system class>, name=java.io.PrintWriter)
ROOT 5000008e (kind=<system class>, name=java.security.BasicPermission)
ROOT 5000008f (kind=<system class>, name=sun.nio.cs.StreamDecoder)
ROOT 50005646 (kind=<system class>, name=sun.reflect.annotation.AnnotationTypeMismatchExceptionProxy)
ROOT 50001ba1 (kind=<system class>, name=sun.net.NetProperties$1)
ROOT 50000090 (kind=<system class>, name=java.util.Dictionary)
ROOT 50000091 (kind=<system class>, name=java.util.Vector)
ROOT 50000cce (kind=<system class>, name=java.security.AllPermission)
ROOT 50000092 (kind=<system class>, name=java.net.Parts)
ROOT 500021d4 (kind=<system class>, name=java.util.jar.Attributes$Name)
ROOT 50001b6f (kind=<system class>, name=java.net.Inet4AddressImpl)
ROOT 50000093 (kind=<system class>, name=java.lang.invoke.VolatileCallSite)
ROOT 5000567c (kind=<system class>, name=sun.misc.ProxyGenerator$ProxyMethod)
ROOT 50000094 (kind=<system class>, name=sun.nio.cs.UTF_8$Decoder)
ROOT 50000095 (kind=<system class>, name=sun.nio.cs.US_ASCII)
ROOT 50000096 (kind=<system class>, name=java.lang.String)
ROOT 50001b50 (kind=<system class>, name=java.net.InetAddress$1)
ROOT 500052db (kind=<system class>, name=sun.reflect.generics.visitor.TypeTreeVisitor)
ROOT 50000098 (kind=<system class>, name=sun.misc.Launcher$AppClassLoader)
ROOT 50000099 (kind=<system class>, name=java.util.Hashtable$Enumerator)
ROOT 5000009a (kind=<system class>, name=sun.nio.cs.US_ASCII$Decoder)
ROOT 5000009b (kind=<system class>, name=java.io.InputStreamReader)
ROOT 50001b9e (kind=<system class>, name=sun.net.NetProperties)
ROOT 5000009c (kind=<system class>, name=java.lang.ClassLoader$ParallelLoaders)
ROOT 50001c41 (kind=<system class>, name=java.net.Socket$3)
ROOT 5000009d (kind=<system class>, name=java.lang.CharacterData)
ROOT 5000009e (kind=<system class>, name=java.util.HashMap$Entry)
ROOT 500000a0 (kind=<system class>, name=java.lang.ref.Reference)
ROOT 500000a2 (kind=<system class>, name=java.nio.charset.CoderResult$Cache)
ROOT 500000a3 (kind=<system class>, name=java.lang.Number)
ROOT 50001c04 (kind=<system class>, name=sun.net.spi.DefaultProxySelector$2)
ROOT 500000a4 (kind=<system class>, name=sun.misc.Launcher$AppClassLoader$1)
ROOT 500000a5 (kind=<system class>, name=sun.reflect.DelegatingConstructorAccessorImpl)
ROOT 50001b94 (kind=<system class>, name=sun.net.spi.DefaultProxySelector)
ROOT 500000a6 (kind=<system class>, name=sun.misc.Signal)
ROOT 500052a8 (kind=<system class>, name=java.util.TimSort)
ROOT 500000a7 (kind=<system class>, name=java.lang.Object)
ROOT 500000a9 (kind=<system class>, name=java.nio.charset.Charset)
ROOT 500000aa (kind=<system class>, name=sun.nio.cs.Unicode)
ROOT 500075d7 (kind=<system class>, name=java.util.regex.Pattern$Curly)
ROOT 500000ab (kind=<system class>, name=java.lang.reflect.Member)
ROOT 50000cd1 (kind=<system class>, name=java.security.BasicPermissionCollection)
ROOT 500000ad (kind=<system class>, name=java.io.Reader)
ROOT 500000ae (kind=<system class>, name=java.util.concurrent.atomic.AtomicReferenceFieldUpdater$AtomicReferenceFieldUpdaterImpl)
ROOT 50007641 (kind=<system class>, name=java.util.Locale$1)
ROOT 50000c4c (kind=<system class>, name=java.lang.Package)
ROOT 500000af (kind=<system class>, name=java.lang.reflect.Proxy)
ROOT 500000b0 (kind=<system class>, name=java.lang.ArrayStoreException)
ROOT 500000b1 (kind=<system class>, name=java.lang.BootstrapMethodError)
ROOT 5000220a (kind=<system class>, name=java.io.ByteArrayOutputStream)
ROOT 500000b2 (kind=<system class>, name=java.lang.Float)
ROOT 500000b3 (kind=<system class>, name=sun.security.util.Debug)
ROOT 500000b4 (kind=<system class>, name=sun.reflect.UnsafeFieldAccessorImpl)
ROOT 50005716 (kind=<system class>, name=sun.misc.ProxyGenerator$ConstantPool$ValueEntry)
ROOT 500001ad (kind=<system class>, name=java.util.zip.ZipConstants)
ROOT 500000b5 (kind=<system class>, name=java.lang.Short)
ROOT 500000b6 (kind=<system class>, name=sun.reflect.DelegatingClassLoader)
ROOT 50001b27 (kind=<system class>, name=java.net.InetAddress$Cache)
ROOT 5000681a (kind=<system class>, name=java.util.LinkedHashMap$LinkedHashIterator)
ROOT 500000b7 (kind=<system class>, name=java.nio.charset.CoderResult$1)
ROOT 500000b8 (kind=<system class>, name=java.lang.StringCoding$StringDecoder)
ROOT 50000316 (kind=<system class>, name=java.util.AbstractSequentialList)
ROOT 500019a3 (kind=<system class>, name=java.lang.SecurityException)
ROOT 500000b9 (kind=<system class>, name=java.util.BitSet)
ROOT 50001b37 (kind=<system class>, name=java.net.InetAddressImplFactory)
ROOT 500000ba (kind=<system class>, name=java.util.Locale$LocaleKey)
ROOT 500052d8 (kind=<system class>, name=sun.reflect.generics.factory.GenericsFactory)
ROOT 500000bb (kind=<system class>, name=java.lang.ReflectiveOperationException)
ROOT 500000bc (kind=<system class>, name=java.nio.charset.CoderResult)
ROOT 500000bd (kind=<system class>, name=java.lang.reflect.GenericDeclaration)
ROOT 500000bf (kind=<system class>, name=java.util.Collections$EmptyList)
ROOT 5000570f (kind=<system class>, name=sun.misc.ProxyGenerator$MethodInfo)
ROOT 50001b3f (kind=<system class>, name=java.net.Inet6AddressImpl)
ROOT 500000c0 (kind=<system class>, name=java.security.CodeSource)
ROOT 500000c1 (kind=<system class>, name=java.io.BufferedWriter)
ROOT 500002df (kind=<system class>, name=java.util.jar.JarFile$JarFileEntry)
ROOT 500000c2 (kind=<system class>, name=java.util.Map)
ROOT 500000c3 (kind=<system class>, name=java.util.Collections$SynchronizedMap)
ROOT 500000c4 (kind=<system class>, name=sun.reflect.Reflection)
ROOT 500000c5 (kind=<system class>, name=sun.nio.cs.FastCharsetProvider)
ROOT 500000c6 (kind=<system class>, name=java.lang.OutOfMemoryError)
ROOT 500000c8 (kind=<system class>, name=java.lang.ref.Reference$ReferenceHandler)
ROOT 500000c9 (kind=<system class>, name=java.io.FileDescriptor)
ROOT 50001011 (kind=<system class>, name=java.lang.InterruptedException)
ROOT 5000766c (kind=<system class>, name=java.util.Formatter$FixedString)
ROOT 500062c3 (kind=<system class>, name=com.sun.proxy.$Proxy2)
ROOT 500000ca (kind=<system class>, name=java.util.concurrent.locks.AbstractQueuedSynchronizer)
ROOT 500000cb (kind=<system class>, name=sun.reflect.ReflectionFactory$GetReflectionFactoryAction)
ROOT 500000cc (kind=<system class>, name=java.lang.NullPointerException)
ROOT 500000cd (kind=<system class>, name=java.io.OutputStreamWriter)
ROOT 50008dc2 (kind=<system class>, name=sun.net.DefaultProgressMeteringPolicy)
ROOT 50003a76 (kind=<system class>, name=sun.reflect.annotation.AnnotationParser)
ROOT 500052c9 (kind=<system class>, name=sun.reflect.generics.tree.TypeArgument)
ROOT 500002f3 (kind=<system class>, name=java.util.zip.InflaterInputStream)
ROOT 500000ce (kind=<system class>, name=sun.misc.MetaIndex)
ROOT 500000cf (kind=<system class>, name=java.nio.Bits)
ROOT 50007605 (kind=<system class>, name=java.util.regex.Pattern$Ques)
ROOT 500000d0 (kind=<system class>, name=sun.security.action.GetPropertyAction)
ROOT 500000d1 (kind=<system class>, name=java.lang.IllegalMonitorStateException)
ROOT 500000d2 (kind=<system class>, name=java.security.SecureClassLoader)
ROOT 500000d3 (kind=<system class>, name=java.util.Set)
ROOT 500002bf (kind=<system class>, name=sun.nio.ch.DirectBuffer)
ROOT 500000d4 (kind=<system class>, name=java.util.concurrent.locks.ReentrantLock)
ROOT 50001aeb (kind=<system class>, name=java.net.InetAddress)
ROOT 50000c48 (kind=<system class>, name=sun.misc.URLClassPath$FileLoader$1)
ROOT 500000d6 (kind=<system class>, name=sun.reflect.FieldAccessor)
ROOT 500052dc (kind=<system class>, name=sun.reflect.generics.visitor.Reifier)
ROOT 50001be7 (kind=<system class>, name=java.net.Inet6Address)
ROOT 500000d7 (kind=<system class>, name=java.util.StringTokenizer)
ROOT 5000028f (kind=<system class>, name=sun.nio.cs.UTF_16LE)
ROOT 500053bb (kind=<system class>, name=sun.reflect.annotation.AnnotationType)
ROOT 50001b26 (kind=<system class>, name=java.net.InetAddress$InetAddressHolder)
ROOT 500002f1 (kind=<system class>, name=java.util.zip.ZStreamRef)
ROOT 500000d8 (kind=<system class>, name=sun.reflect.LangReflectAccess)
ROOT 5000574e (kind=<system class>, name=sun.misc.ProxyGenerator$PrimitiveTypeInfo)
ROOT 500000d9 (kind=<system class>, name=java.lang.AutoCloseable)
ROOT 500052c7 (kind=<system class>, name=sun.reflect.generics.tree.Tree)
ROOT 500000da (kind=<system class>, name=java.lang.Double)
ROOT 50000250 (kind=<system class>, name=sun.misc.URLClassPath$JarLoader$1)
ROOT 500000db (kind=<system class>, name=java.io.BufferedOutputStream)
ROOT 50005845 (kind=<system class>, name=sun.misc.ProxyGenerator$ExceptionTableEntry)
ROOT 500000dc (kind=<system class>, name=sun.nio.cs.UTF_8)
ROOT 50000c95 (kind=<system class>, name=sun.net.www.URLConnection)
ROOT 500073f1 (kind=<system class>, name=java.lang.AssertionError)
ROOT 500000dd (kind=<system class>, name=java.security.PrivilegedExceptionAction)
ROOT 500000de (kind=<system class>, name=java.util.Collections$SynchronizedCollection)
ROOT 500067fd (kind=<system class>, name=java.lang.reflect.UndeclaredThrowableException)
ROOT 500000df (kind=<system class>, name=java.net.URL$1)
ROOT 500002c5 (kind=<system class>, name=java.nio.DirectLongBufferU)
ROOT 500000e0 (kind=<system class>, name=java.io.FileDescriptor$1)
ROOT 500000e1 (kind=<system class>, name=java.lang.invoke.DirectMethodHandle)
ROOT 50001c43 (kind=<system class>, name=java.net.SocketOutputStream)
ROOT 50001bcc (kind=<system class>, name=java.util.Properties$LineReader)
ROOT 50001164 (kind=<system class>, name=java.io.UnsupportedEncodingException)
ROOT 50001b78 (kind=<system class>, name=java.net.SocksConsts)
ROOT 500000e2 (kind=<system class>, name=java.lang.StringCoding$StringEncoder)
ROOT 500052d6 (kind=<system class>, name=sun.reflect.generics.scope.ClassScope)
ROOT 50001b7a (kind=<system class>, name=java.net.SocketImpl)
ROOT 500075c9 (kind=<system class>, name=java.util.regex.Pattern$LastNode)
ROOT 500000e3 (kind=<system class>, name=java.lang.reflect.AnnotatedElement)
ROOT 500075da (kind=<system class>, name=java.util.regex.Pattern$Single)
ROOT 500000e5 (kind=<system class>, name=java.lang.SystemClassLoaderAction)
ROOT 50005e5e (kind=<system class>, name=com.sun.proxy.$Proxy1)
ROOT 500053c3 (kind=<system class>, name=java.lang.annotation.RetentionPolicy)
ROOT 500000e6 (kind=<system class>, name=java.lang.reflect.ReflectAccess)
ROOT 500000e7 (kind=<system class>, name=java.lang.Long)
ROOT 50006e65 (kind=<system class>, name=java.lang.CloneNotSupportedException)
ROOT 500075d9 (kind=<system class>, name=java.util.regex.Pattern$BmpCharProperty)
ROOT 500000e8 (kind=<system class>, name=java.net.URLClassLoader)
ROOT 500000e9 (kind=<system class>, name=sun.misc.SignalHandler)
ROOT 500052b2 (kind=<system class>, name=sun.reflect.generics.parser.SignatureParser)
ROOT 500000ea (kind=<system class>, name=sun.reflect.ReflectionFactory)
ROOT 500052cc (kind=<system class>, name=sun.reflect.generics.tree.ReturnType)
ROOT 50000269 (kind=<system class>, name=sun.nio.cs.ISO_8859_1)
ROOT 500000eb (kind=<system class>, name=java.util.concurrent.atomic.AtomicInteger)
ROOT 500002b4 (kind=<system class>, name=java.util.zip.ZipCoder)
ROOT 50001b28 (kind=<system class>, name=java.net.InetAddress$Cache$Type)
ROOT 500003aa (kind=<system class>, name=sun.misc.IOUtils)
ROOT 500000ec (kind=<system class>, name=java.io.File)
ROOT 500000ee (kind=<system class>, name=java.util.Arrays)
ROOT 500000ef (kind=<system class>, name=java.util.Locale$Cache)
ROOT 500000f0 (kind=<system class>, name=java.lang.reflect.Modifier)
ROOT 500000f1 (kind=<system class>, name=java.io.FileSystem)
ROOT 500000f2 (kind=<system class>, name=java.security.ProtectionDomain$Key)
ROOT 500000f3 (kind=<system class>, name=java.util.concurrent.ConcurrentHashMap)
ROOT 500000f4 (kind=<system class>, name=java.lang.RuntimeException)
ROOT 500002c0 (kind=<system class>, name=java.nio.MappedByteBuffer)
ROOT 500000f5 (kind=<system class>, name=java.lang.NoClassDefFoundError)
ROOT 500000f6 (kind=<system class>, name=sun.misc.URLClassPath)
ROOT 500000f7 (kind=<system class>, name=java.lang.invoke.CallSite)
ROOT 50007601 (kind=<system class>, name=java.util.regex.Pattern$Ctype)
ROOT 500052c8 (kind=<system class>, name=sun.reflect.generics.tree.TypeTree)
ROOT 500000f8 (kind=<system class>, name=java.io.Closeable)
ROOT 500000f9 (kind=<system class>, name=java.util.LinkedHashMap)
ROOT 50000ca0 (kind=<system class>, name=java.io.FilePermission)
ROOT 500002c1 (kind=<system class>, name=java.nio.DirectByteBuffer)
ROOT 500000fa (kind=<system class>, name=java.lang.ref.FinalReference)
ROOT 500000fb (kind=<system class>, name=java.util.AbstractCollection)
ROOT 500052d4 (kind=<system class>, name=sun.reflect.generics.scope.Scope)
ROOT 500000fc (kind=<system class>, name=java.security.AccessController)
ROOT 500000fd (kind=<system class>, name=java.util.Hashtable$Holder)
ROOT 500000fe (kind=<system class>, name=sun.misc.OSEnvironment)
ROOT 500000ff (kind=<system class>, name=sun.reflect.ReflectionFactory$1)
ROOT 50000100 (kind=<system class>, name=java.util.Properties)
ROOT 50000101 (kind=<system class>, name=java.util.Collections$UnmodifiableRandomAccessList)
ROOT 50000102 (kind=<system class>, name=java.lang.Terminator$1)
ROOT 50000103 (kind=<system class>, name=java.lang.Math)
ROOT 50000104 (kind=<system class>, name=sun.reflect.UnsafeStaticFieldAccessorImpl)
ROOT 50000105 (kind=<system class>, name=java.security.Principal)
ROOT 50000252 (kind=<system class>, name=sun.misc.FileURLMapper)
ROOT 5000767d (kind=<system class>, name=java.util.Formattable)
ROOT 50001c60 (kind=<system class>, name=java.net.Socket$2)
ROOT 50000107 (kind=<system class>, name=java.lang.ref.Finalizer)
ROOT 500001ab (kind=<system class>, name=sun.misc.URLClassPath$Loader)
ROOT 50007950 (kind=<system class>, name=java.util.Collections$SynchronizedRandomAccessList)
ROOT 50000108 (kind=<system class>, name=java.util.Map$Entry)
ROOT 5000010a (kind=<system class>, name=java.util.Collections$UnmodifiableCollection)
ROOT 500054d5 (kind=<system class>, name=sun.reflect.annotation.ExceptionProxy)
ROOT 5000010b (kind=<system class>, name=java.util.HashMap)
ROOT 5000010c (kind=<system class>, name=java.io.FileOutputStream)
ROOT 5000010d (kind=<system class>, name=sun.reflect.ConstantPool)
ROOT 5000010e (kind=<system class>, name=java.util.LinkedHashMap$Entry)
ROOT 5000010f (kind=<system class>, name=java.lang.StringCoding)
ROOT 50000110 (kind=<system class>, name=sun.misc.JavaNioAccess)
ROOT 500007f0 (kind=<system class>, name=java.security.PrivilegedActionException)
ROOT 50000111 (kind=<system class>, name=java.lang.RuntimePermission)
ROOT 50007653 (kind=<system class>, name=java.util.regex.ASCII)
ROOT 50000112 (kind=<system class>, name=sun.util.locale.BaseLocale)
ROOT 50000113 (kind=<system class>, name=java.util.List)
ROOT 50002200 (kind=<system class>, name=java.util.jar.JarVerifier$3)
ROOT 50000114 (kind=<system class>, name=sun.reflect.misc.ReflectUtil)
ROOT 500075f9 (kind=<system class>, name=java.util.Formatter)
ROOT 50001b90 (kind=<system class>, name=java.net.SocketException)
ROOT 50000115 (kind=<system class>, name=java.util.concurrent.ConcurrentHashMap$HashEntry)
ROOT 50000117 (kind=<system class>, name=java.lang.ref.ReferenceQueue)
ROOT 500075ce (kind=<system class>, name=java.util.regex.Pattern$GroupHead)
ROOT 50001c3a (kind=<system class>, name=java.net.NetworkInterface$1)
ROOT 50002231 (kind=<system class>, name=sun.misc.CharacterDecoder)
ROOT 50000118 (kind=<system class>, name=java.lang.ref.SoftReference)
ROOT 50001ada (kind=<system class>, name=java.net.Socket)
ROOT 50000911 (kind=<system class>, name=sun.misc.Cleaner)
ROOT 50001159 (kind=<system class>, name=java.io.StringWriter)
ROOT 500002a0 (kind=<system class>, name=sun.nio.cs.UTF_16)
ROOT 50000119 (kind=<system class>, name=java.util.concurrent.ConcurrentHashMap$Holder)
ROOT 5000011a (kind=<system class>, name=sun.util.locale.BaseLocale$Key)
ROOT 5000011b (kind=<system class>, name=java.lang.StackOverflowError)
ROOT 5000563f (kind=<system class>, name=sun.reflect.DelegatingMethodAccessorImpl)
ROOT 50002232 (kind=<system class>, name=sun.misc.BASE64Decoder)
ROOT 5000011c (kind=<system class>, name=sun.misc.JavaLangAccess)
ROOT 5000011d (kind=<system class>, name=sun.misc.VM)
ROOT 5000011e (kind=<system class>, name=java.util.Enumeration)
ROOT 50001c15 (kind=<system class>, name=sun.net.NetHooks$Provider)
ROOT 500021c9 (kind=<system class>, name=java.util.jar.Manifest$FastInputStream)
ROOT 50003980 (kind=<system class>, name=java.util.AbstractList$Itr)
ROOT 5000011f (kind=<system class>, name=java.security.ProtectionDomain)
ROOT 500052d2 (kind=<system class>, name=sun.reflect.generics.tree.ClassTypeSignature)
ROOT 50000120 (kind=<system class>, name=java.net.URLClassLoader$7)
ROOT 50000121 (kind=<system class>, name=java.util.Iterator)
ROOT 500001af (kind=<system class>, name=sun.misc.JavaUtilZipFileAccess)
ROOT 500087cf (kind=<system class>, name=java.io.PipedInputStream)
ROOT 50000122 (kind=<system class>, name=sun.util.locale.LocaleObjectCache)
ROOT 50000123 (kind=<system class>, name=sun.reflect.NativeConstructorAccessorImpl)
ROOT 50000124 (kind=<system class>, name=sun.reflect.MagicAccessorImpl)
ROOT 50000c47 (kind=<system class>, name=sun.misc.Resource)
ROOT 50000125 (kind=<system class>, name=sun.util.locale.LocaleUtils)
ROOT 50000126 (kind=<system class>, name=sun.reflect.FieldAccessorImpl)
ROOT 50000127 (kind=<system class>, name=java.lang.ArithmeticException)
ROOT 50000128 (kind=<system class>, name=java.util.Collections$SetFromMap)
ROOT 50000129 (kind=<system class>, name=sun.misc.Version)
ROOT 50005715 (kind=<system class>, name=sun.misc.ProxyGenerator$ConstantPool$Entry)
ROOT 500052d5 (kind=<system class>, name=sun.reflect.generics.scope.AbstractScope)
ROOT 5000012a (kind=<system class>, name=java.io.BufferedInputStream)
ROOT 5000012b (kind=<system class>, name=java.io.PrintStream)
ROOT 5000012c (kind=<system class>, name=sun.nio.cs.StandardCharsets$Cache)
ROOT 5000027e (kind=<system class>, name=sun.nio.cs.UTF_16BE)
ROOT 5000012d (kind=<system class>, name=com.sun.demo.jvmti.hprof.Tracker)
ROOT 5000012e (kind=<system class>, name=java.util.Hashtable)
ROOT 5000012f (kind=<system class>, name=java.lang.Thread$UncaughtExceptionHandler)
ROOT 50000131 (kind=<system class>, name=java.lang.Byte)
ROOT 50000132 (kind=<system class>, name=java.lang.Exception)
ROOT 500075e1 (kind=<system class>, name=java.util.regex.Pattern$SliceNode)
ROOT 50005724 (kind=<system class>, name=java.io.DataOutputStream)
ROOT 50001c12 (kind=<system class>, name=java.util.ArrayList$Itr)
ROOT 50000133 (kind=<system class>, name=sun.nio.cs.StandardCharsets$Aliases)
ROOT 50000134 (kind=<system class>, name=java.util.WeakHashMap$KeySet)
ROOT 50000135 (kind=<system class>, name=java.lang.Appendable)
ROOT 50001b9c (kind=<system class>, name=sun.net.spi.DefaultProxySelector$1)
ROOT 500002ed (kind=<system class>, name=java.util.zip.Inflater)
ROOT 5000794f (kind=<system class>, name=java.util.Collections$SynchronizedList)
ROOT 500053d2 (kind=<system class>, name=java.lang.Long$LongCache)
ROOT 5000019d (kind=<system class>, name=java.net.URLClassLoader$1)
ROOT 500001a9 (kind=<system class>, name=sun.misc.URLClassPath$3)
ROOT 50001c0c (kind=<system class>, name=java.net.Proxy$Type)
ROOT 50001c19 (kind=<system class>, name=java.net.NetworkInterface)
ROOT 50002228 (kind=<system class>, name=sun.security.util.ManifestEntryVerifier)
ROOT 50000ccf (kind=<system class>, name=java.security.UnresolvedPermission)
ROOT 50000136 (kind=<system class>, name=java.lang.LinkageError)
ROOT 500021c3 (kind=<system class>, name=java.util.jar.Attributes)
ROOT 50000137 (kind=<system class>, name=sun.nio.cs.ArrayEncoder)
ROOT 50000138 (kind=<system class>, name=java.lang.ref.PhantomReference)
ROOT 50005723 (kind=<system class>, name=java.io.DataOutput)
ROOT 50003a7c (kind=<system class>, name=java.util.Collections$EmptyIterator)
ROOT 50007655 (kind=<system class>, name=java.util.Formatter$FormatString)
ROOT 50000139 (kind=<system class>, name=sun.util.PreHashedMap)
ROOT 500082ef (kind=<system class>, name=java.lang.reflect.InvocationTargetException)
ROOT 5000013a (kind=<system class>, name=java.nio.Bits$1)
ROOT 5000013b (kind=<system class>, name=java.util.Collections$EmptySet)
ROOT 5000013c (kind=<system class>, name=java.lang.CharSequence)
ROOT 500002f4 (kind=<system class>, name=java.util.zip.ZipFile$ZipFileInflaterInputStream)
ROOT 5000013e (kind=<system class>, name=java.security.Guard)
ROOT 5000013f (kind=<system class>, name=java.nio.charset.spi.CharsetProvider)
ROOT 5000025a (kind=<system class>, name=java.util.jar.JavaUtilJarAccessImpl)
ROOT 50005665 (kind=<system class>, name=sun.misc.ProxyGenerator$ConstantPool)
ROOT 50000140 (kind=<system class>, name=java.util.concurrent.ConcurrentHashMap$Segment)
ROOT 500021f6 (kind=<system class>, name=java.util.jar.JarVerifier)
ROOT 500002de (kind=<system class>, name=java.util.jar.JarEntry)
ROOT 50000142 (kind=<system class>, name=java.lang.invoke.CountingMethodHandle)
ROOT 50000143 (kind=<system class>, name=sun.nio.cs.Surrogate)
ROOT 50003a6c (kind=<system class>, name=java.lang.annotation.Annotation)
ROOT 50000144 (kind=<system class>, name=java.util.concurrent.locks.ReentrantLock$Sync)
ROOT 50000145 (kind=<system class>, name=java.lang.Runtime)
ROOT 50000c6d (kind=<system class>, name=java.security.Permissions)
ROOT 50000146 (kind=<system class>, name=java.lang.ClassLoader$3)
ROOT 500075c5 (kind=<system class>, name=java.util.regex.Pattern$Node)
ROOT 50001bf4 (kind=<system class>, name=java.net.URI$Parser)
ROOT 50001adc (kind=<system class>, name=java.net.InetSocketAddress)
ROOT 50000147 (kind=<system class>, name=java.lang.Cloneable)
ROOT 50000148 (kind=<system class>, name=java.nio.charset.CharsetDecoder)
ROOT 50000149 (kind=<system class>, name=sun.net.www.protocol.file.Handler)
ROOT 5000014a (kind=<system class>, name=java.lang.ClassCastException)
ROOT 5000014b (kind=<system class>, name=java.lang.Comparable)
ROOT 5000014d (kind=<system class>, name=sun.misc.NativeSignalHandler)
ROOT 5000014e (kind=<system class>, name=java.lang.reflect.InvocationHandler)
ROOT 5000014f (kind=<system class>, name=java.lang.invoke.MethodHandleNatives)
ROOT 500001b0 (kind=<system class>, name=java.util.zip.ZipFile$2)
ROOT 5000397e (kind=<system class>, name=java.util.Arrays$ArrayList)
ROOT 50000150 (kind=<system class>, name=java.util.concurrent.locks.Lock)
ROOT 50000152 (kind=<system class>, name=java.lang.Readable)
ROOT 50000153 (kind=<system class>, name=java.io.Flushable)
ROOT 50000154 (kind=<system class>, name=java.lang.reflect.Type)
ROOT 50000156 (kind=<system class>, name=sun.nio.cs.US_ASCII$Encoder)
ROOT 50000157 (kind=<system class>, name=java.util.concurrent.atomic.AtomicReferenceFieldUpdater)
ROOT 50000158 (kind=<system class>, name=java.nio.CharBuffer)
ROOT 50000159 (kind=<system class>, name=java.lang.Boolean)
ROOT 50008dc0 (kind=<system class>, name=sun.net.ProgressMonitor)
ROOT 5000015a (kind=<system class>, name=java.lang.ref.ReferenceQueue$Null)
ROOT 50007607 (kind=<system class>, name=java.util.regex.Pattern$BranchConn)
ROOT 500021e7 (kind=<system class>, name=sun.misc.ASCIICaseInsensitiveComparator)
ROOT 500002c4 (kind=<system class>, name=java.nio.LongBuffer)
ROOT 50007656 (kind=<system class>, name=java.util.Formatter$FormatSpecifier)
ROOT 5000015b (kind=<system class>, name=java.util.HashMap$EntryIterator)
ROOT 5000015c (kind=<system class>, name=sun.reflect.MethodAccessorImpl)
ROOT 5000018a (kind=<system class>, name=java.lang.Enum)
ROOT 50005b07 (kind=<system class>, name=java.lang.annotation.Documented)
ROOT 5000015d (kind=<system class>, name=java.lang.reflect.Field)
ROOT 5000015f (kind=<system class>, name=java.lang.invoke.MutableCallSite)
ROOT 500002bb (kind=<system class>, name=sun.misc.Perf)
ROOT 50000160 (kind=<system class>, name=java.nio.charset.CoderResult$2)
ROOT 50000161 (kind=<system class>, name=java.io.FilterOutputStream)
ROOT 50000162 (kind=<system class>, name=java.io.Serializable)
ROOT 500075e7 (kind=<system class>, name=java.util.regex.Pattern$TreeInfo)
ROOT 500021bf (kind=<system class>, name=java.util.jar.Manifest)
ROOT 50001c0a (kind=<system class>, name=java.net.Proxy)
ROOT 50000ca2 (kind=<system class>, name=java.io.FilePermission$1)
ROOT 500002b9 (kind=<system class>, name=sun.misc.Perf$GetPerfAction)
ROOT 500075e4 (kind=<system class>, name=java.util.regex.Pattern$First)
ROOT 50001c27 (kind=<system class>, name=java.net.DefaultInterface)
ROOT 50000164 (kind=<system class>, name=sun.nio.cs.HistoricallyNamedCharset)
ROOT 500055cc (kind=<system class>, name=java.lang.annotation.Inherited)
ROOT 50000165 (kind=<system class>, name=java.io.ExpiringCache$1)
ROOT 500001ae (kind=<system class>, name=java.util.zip.ZipFile)
ROOT 50000166 (kind=<system class>, name=java.lang.ThreadLocal$ThreadLocalMap)
ROOT 50000167 (kind=<system class>, name=java.lang.ref.Reference$Lock)
ROOT 50000168 (kind=<system class>, name=java.lang.invoke.MethodType)
ROOT 50005649 (kind=<system class>, name=sun.reflect.annotation.AnnotationInvocationHandler)
ROOT 500007ee (kind=<system class>, name=java.util.zip.ZipException)
ROOT 50000169 (kind=<system class>, name=java.lang.ref.Finalizer$FinalizerThread)
ROOT 5000016a (kind=<system class>, name=java.lang.Integer)
ROOT 5000016b (kind=<system class>, name=sun.misc.JavaSecurityProtectionDomainAccess)
ROOT 50001b04 (kind=<system class>, name=sun.security.action.LoadLibraryAction)
ROOT 500052ce (kind=<system class>, name=sun.reflect.generics.tree.BaseType)
ROOT 5000016c (kind=<system class>, name=java.lang.ThreadDeath)
ROOT 50001197 (kind=<busy monitor>)
ROOT 50001195 (kind=<busy monitor>)
ROOT 5000119f (kind=<unknown>)
ROOT 500011a0 (kind=<unknown>)
ROOT 500011a2 (kind=<unknown>)
ROOT 500011a3 (kind=<unknown>)
ROOT 500011a4 (kind=<unknown>)
ROOT 500011a5 (kind=<unknown>)
ROOT 500011a6 (kind=<unknown>)
ROOT 500011a7 (kind=<unknown>)
ROOT 500011a8 (kind=<unknown>)
ROOT 500011a4 (kind=<unknown>)
ROOT 500011a5 (kind=<unknown>)
ROOT 500011a0 (kind=<unknown>)
ROOT 500011a2 (kind=<unknown>)
ROOT 500011a3 (kind=<unknown>)
ROOT 500011a7 (kind=<unknown>)
ROOT 5000119f (kind=<unknown>)
ROOT 500011a6 (kind=<unknown>)
ROOT 500011a8 (kind=<unknown>)
ROOT 5000016d (kind=<unknown>)
ROOT 5000016e (kind=<unknown>)
ROOT 5000016f (kind=<unknown>)
ROOT 50000170 (kind=<unknown>)
ROOT 50000171 (kind=<unknown>)
ROOT 50000172 (kind=<unknown>)
ROOT 50000173 (kind=<unknown>)
ROOT 50000174 (kind=<unknown>)
ROOT 500000a8 (kind=<unknown>)
ROOT 5000016d (kind=<unknown>)
ROOT 5000016f (kind=<unknown>)
ROOT 50000173 (kind=<unknown>)
ROOT 50000174 (kind=<unknown>)
ROOT 5000016e (kind=<unknown>)
ROOT 50000171 (kind=<unknown>)
ROOT 50000170 (kind=<unknown>)
ROOT 50000172 (kind=<unknown>)
ROOT 500011a9 (kind=<unknown>)
ROOT 500011aa (kind=<unknown>)
ROOT 500011ab (kind=<unknown>)
ROOT 500011ac (kind=<unknown>)
ROOT 500011ad (kind=<unknown>)
ROOT 500011ae (kind=<unknown>)
ROOT 500011af (kind=<unknown>)
ROOT 50000107 (kind=<unknown>)
ROOT 5000004a (kind=<unknown>)
ROOT 5000011f (kind=<unknown>)
ROOT 50000040 (kind=<unknown>)
ROOT 500011b0 (kind=<unknown>)
ROOT 500011b1 (kind=<unknown>)
ROOT 500011b2 (kind=<unknown>)
ROOT 500011b3 (kind=<unknown>)
ROOT 500011b4 (kind=<unknown>)
ROOT 5000119c (kind=<unknown>)
ROOT 5000119d (kind=<unknown>)
ROOT 500011b5 (kind=<unknown>)
ROOT 500011b6 (kind=<unknown>)
ROOT 500011b7 (kind=<unknown>)
ROOT 500011b8 (kind=<unknown>)
OBJ 50000175 (sz=104, trace=300000, class=java.lang.Thread@50000083)
OBJ 50000176 (sz=104, trace=300001, class=java.lang.Thread@50000083)
OBJ 50000177 (sz=16, trace=300002, class=java.lang.Object@500000a7)
ARR 50000178 (sz=56, trace=300003, nelems=0, elem type=char[])
OBJ 50000179 (sz=104, trace=300001, class=java.lang.Thread@50000083)
OBJ 5000017a (sz=16, trace=300002, class=java.lang.Object@500000a7)
ARR 5000017b (sz=56, trace=300003, nelems=0, elem type=char[])
OBJ 5000017c (sz=104, trace=300001, class=java.lang.Thread@50000083)
OBJ 5000017d (sz=16, trace=300002, class=java.lang.Object@500000a7)
ARR 5000017e (sz=48, trace=300003, nelems=0, elem type=char[])
ARR 5000017f (sz=536870936, trace=302584, nelems=0, elem type=int[])
ARR 50000180 (sz=67375120, trace=302585, nelems=0, elem type=int[])
OBJ 50000181 (sz=24, trace=302470, class=java.io.ByteArrayOutputStream@5000220a)
ARR 50000182 (sz=48, trace=302471, nelems=0, elem type=byte[])
OBJ 50000183 (sz=32, trace=302286, class=org.junit.runner.notification.RunNotifier$7@500088b6)
OBJ 50000184 (sz=40, trace=302472, class=com.emc.vipr.transform.compression.LZMAOutputStream@500087ca)
OBJ 50000185 (sz=40, trace=302474, class=java.io.PipedInputStream@500087cf)
ARR 50000186 (sz=1040, trace=302475, nelems=0, elem type=byte[])
OBJ 50000187 (sz=24, trace=302287, class=java.util.ArrayList@5000004e)
OBJ 50000188 (sz=16, trace=302481, class=java.io.PipedOutputStream@5000091b)
OBJ 50000189 (sz=104, trace=300000, class=java.lang.Thread@50000083)
OBJ 5000018c (sz=24, trace=300014, class=sun.launcher.LauncherHelper@5000018b)
	name		50002220
ARR 5000018e (sz=24, trace=300015, nelems=1, elem type=sun.launcher.LauncherHelper[]@5000018d)
	[0]		5000018c
OBJ 5000018f (sz=24, trace=300016, class=java.lang.StringBuilder@50000065)
	value		50000190
ARR 50000190 (sz=32, trace=300017, nelems=16, elem type=char[])
OBJ 50000191 (sz=24, trace=300018, class=java.lang.String@50000096)
	value		50000192
ARR 50000192 (sz=108, trace=300019, nelems=54, elem type=char[])
OBJ 50000193 (sz=16, trace=300020, class=java.lang.Object@500000a7)
ARR 50000194 (sz=56, trace=302288, nelems=0, elem type=java.lang.Object[]@500000a8)
OBJ 50000195 (sz=40, trace=300022, class=java.util.concurrent.ConcurrentHashMap$Segment@50000140)
	sync		50000196
	table		50005631
OBJ 50000196 (sz=32, trace=300023, class=java.util.concurrent.locks.ReentrantLock$NonfairSync@5000003d)
OBJ 50000197 (sz=32, trace=300024, class=java.util.concurrent.ConcurrentHashMap$HashEntry@50000115)
	key		50000191
	value		50000193
OBJ 50000198 (sz=16, trace=300025, class=java.lang.Object@500000a7)
OBJ 50000199 (sz=216, trace=302489, class=SevenZip.Compression.LZMA.Encoder@50000bba)
OBJ 5000019a (sz=40, trace=300022, class=java.util.concurrent.ConcurrentHashMap$Segment@50000140)
	sync		5000019b
	table		50005635
OBJ 5000019b (sz=32, trace=300023, class=java.util.concurrent.locks.ReentrantLock$NonfairSync@5000003d)
OBJ 5000019c (sz=32, trace=300027, class=java.util.concurrent.ConcurrentHashMap$HashEntry@50000115)
	key		50000191
	value		50000198
ARR 5000019e (sz=32, trace=302493, nelems=0, elem type=int[])
ARR 5000019f (sz=16400, trace=302497, nelems=0, elem type=SevenZip.Compression.LZMA.Encoder$Optimal[]@50000da4)
OBJ 500001a0 (sz=48, trace=302502, class=SevenZip.Compression.RangeCoder.Encoder@50000e99)
ARR 500001a1 (sz=400, trace=302503, nelems=0, elem type=short[])
ARR 500001a2 (sz=40, trace=302504, nelems=0, elem type=short[])
OBJ 500001a4 (sz=24, trace=302289, class=java.util.ArrayList@5000004e)
ARR 500001a5 (sz=40, trace=302505, nelems=0, elem type=short[])
ARR 500001a6 (sz=40, trace=302506, nelems=0, elem type=short[])
OBJ 500001a7 (sz=24, trace=300038, class=java.lang.String@50000096)
	value		500001a8
ARR 500001a8 (sz=184, trace=300039, nelems=92, elem type=char[])
ARR 500001aa (sz=80, trace=302600, nelems=0, elem type=byte[])
OBJ 500001b1 (sz=16, trace=300045, class=java.util.zip.ZipFile$2@500001b0)
ARR 500001b2 (sz=40, trace=302507, nelems=0, elem type=short[])
ARR 500001b3 (sz=400, trace=302508, nelems=0, elem type=short[])
ARR 500001b4 (sz=32, trace=302512, nelems=0, elem type=SevenZip.Compression.RangeCoder.BitTreeEncoder[]@50000f94)
ARR 500001b5 (sz=248, trace=302513, nelems=0, elem type=short[])
OBJ 500001b6 (sz=24, trace=302514, class=SevenZip.Compression.RangeCoder.BitTreeEncoder@50000f93)
ARR 500001b7 (sz=48, trace=302515, nelems=0, elem type=short[])
OBJ 500001b8 (sz=48, trace=302516, class=SevenZip.Compression.LZMA.Encoder$LenPriceTableEncoder@5000085e)
ARR 500001b9 (sz=56, trace=302290, nelems=0, elem type=java.lang.Object[]@500000a8)
OBJ 500001ba (sz=24, trace=300054, class=java.lang.String@50000096)
	value		500001bb
ARR 500001bb (sz=184, trace=300055, nelems=92, elem type=char[])
OBJ 500001bc (sz=64, trace=300056, class=java.net.URL@50000071)
	protocol	5000187d
	host		500011ca
	file		500001ba
	authority	500011ca
	path		500001ba
	handler		5000181f
ARR 500001bd (sz=24, trace=302517, nelems=0, elem type=short[])
OBJ 500001be (sz=48, trace=300058, class=sun.misc.URLClassPath$JarLoader@500001ac)
	base		500001bc
	csu		50001825
	metaIndex	50001e1d
	handler		5000181f
	lmap		50001820
ARR 500001bf (sz=80, trace=302518, nelems=0, elem type=SevenZip.Compression.RangeCoder.BitTreeEncoder[]@50000f94)
ARR 500001c0 (sz=80, trace=302519, nelems=0, elem type=SevenZip.Compression.RangeCoder.BitTreeEncoder[]@50000f94)
OBJ 500001c1 (sz=24, trace=302520, class=SevenZip.Compression.RangeCoder.BitTreeEncoder@50000f93)
ARR 500001c2 (sz=528, trace=302521, nelems=0, elem type=short[])
OBJ 500001c3 (sz=32, trace=300061, class=java.util.HashMap$Entry@5000009e)
	key		500001a7
	value		500001be
OBJ 500001c4 (sz=24, trace=302522, class=SevenZip.Compression.RangeCoder.BitTreeEncoder@50000f93)
ARR 500001c5 (sz=32, trace=302523, nelems=0, elem type=short[])
OBJ 500001c6 (sz=24, trace=302524, class=SevenZip.Compression.RangeCoder.BitTreeEncoder@50000f93)
OBJ 500001c7 (sz=24, trace=300038, class=java.lang.String@50000096)
	value		500001c8
ARR 500001c8 (sz=194, trace=300039, nelems=97, elem type=char[])
ARR 500001c9 (sz=32, trace=302525, nelems=0, elem type=short[])
OBJ 500001ca (sz=24, trace=302522, class=SevenZip.Compression.RangeCoder.BitTreeEncoder@50000f93)
ARR 500001cb (sz=32, trace=302523, nelems=0, elem type=short[])
OBJ 500001cc (sz=24, trace=302524, class=SevenZip.Compression.RangeCoder.BitTreeEncoder@50000f93)
ARR 500001cd (sz=32, trace=302525, nelems=0, elem type=short[])
OBJ 500001ce (sz=24, trace=302522, class=SevenZip.Compression.RangeCoder.BitTreeEncoder@50000f93)
ARR 500001cf (sz=32, trace=302523, nelems=0, elem type=short[])
OBJ 500001d0 (sz=24, trace=302524, class=SevenZip.Compression.RangeCoder.BitTreeEncoder@50000f93)
ARR 500001d1 (sz=32, trace=302525, nelems=0, elem type=short[])
OBJ 500001d2 (sz=24, trace=300054, class=java.lang.String@50000096)
	value		500001d3
ARR 500001d3 (sz=194, trace=300055, nelems=97, elem type=char[])
OBJ 500001d4 (sz=64, trace=300056, class=java.net.URL@50000071)
	protocol	5000187d
	host		500011ca
	file		500001d2
	authority	500011ca
	path		500001d2
	handler		5000181f
OBJ 500001d5 (sz=24, trace=302522, class=SevenZip.Compression.RangeCoder.BitTreeEncoder@50000f93)
OBJ 500001d6 (sz=48, trace=300058, class=sun.misc.URLClassPath$JarLoader@500001ac)
	base		500001d4
	csu		50001826
	metaIndex	50001dfd
	handler		5000181f
	lmap		50001820
ARR 500001d7 (sz=32, trace=302523, nelems=0, elem type=short[])
OBJ 500001d8 (sz=24, trace=302524, class=SevenZip.Compression.RangeCoder.BitTreeEncoder@50000f93)
ARR 500001d9 (sz=32, trace=302525, nelems=0, elem type=short[])
OBJ 500001da (sz=24, trace=302522, class=SevenZip.Compression.RangeCoder.BitTreeEncoder@50000f93)
OBJ 500001db (sz=32, trace=300061, class=java.util.HashMap$Entry@5000009e)
	key		500001c7
	value		500001d6
	next		5000023b
ARR 500001dc (sz=32, trace=302523, nelems=0, elem type=short[])
OBJ 500001dd (sz=24, trace=302524, class=SevenZip.Compression.RangeCoder.BitTreeEncoder@50000f93)
ARR 500001de (sz=32, trace=302525, nelems=0, elem type=short[])
OBJ 500001df (sz=24, trace=300038, class=java.lang.String@50000096)
	value		500001e0
ARR 500001e0 (sz=184, trace=300039, nelems=92, elem type=char[])
OBJ 500001e1 (sz=24, trace=302522, class=SevenZip.Compression.RangeCoder.BitTreeEncoder@50000f93)
ARR 500001e2 (sz=32, trace=302523, nelems=0, elem type=short[])
OBJ 500001e3 (sz=24, trace=302524, class=SevenZip.Compression.RangeCoder.BitTreeEncoder@50000f93)
ARR 500001e4 (sz=32, trace=302525, nelems=0, elem type=short[])
OBJ 500001e5 (sz=24, trace=302522, class=SevenZip.Compression.RangeCoder.BitTreeEncoder@50000f93)
ARR 500001e6 (sz=32, trace=302523, nelems=0, elem type=short[])
OBJ 500001e7 (sz=24, trace=302524, class=SevenZip.Compression.RangeCoder.BitTreeEncoder@50000f93)
ARR 500001e8 (sz=32, trace=302525, nelems=0, elem type=short[])
OBJ 500001e9 (sz=24, trace=302522, class=SevenZip.Compression.RangeCoder.BitTreeEncoder@50000f93)
OBJ 500001ea (sz=24, trace=300054, class=java.lang.String@50000096)
	value		500001eb
ARR 500001eb (sz=184, trace=300055, nelems=92, elem type=char[])
OBJ 500001ec (sz=64, trace=300056, class=java.net.URL@50000071)
	protocol	5000187d
	host		500011ca
	file		500001ea
	authority	500011ca
	path		500001ea
	handler		5000181f
ARR 500001ed (sz=32, trace=302523, nelems=0, elem type=short[])
OBJ 500001ee (sz=48, trace=300058, class=sun.misc.URLClassPath$JarLoader@500001ac)
	base		500001ec
	csu		50001827
	metaIndex	50001e12
	handler		5000181f
	lmap		50001820
OBJ 500001ef (sz=24, trace=302524, class=SevenZip.Compression.RangeCoder.BitTreeEncoder@50000f93)
ARR 500001f0 (sz=32, trace=302525, nelems=0, elem type=short[])
OBJ 500001f1 (sz=24, trace=302522, class=SevenZip.Compression.RangeCoder.BitTreeEncoder@50000f93)
ARR 500001f2 (sz=32, trace=302523, nelems=0, elem type=short[])
OBJ 500001f3 (sz=32, trace=300061, class=java.util.HashMap$Entry@5000009e)
	key		500001df
	value		500001ee
	next		50000445
OBJ 500001f4 (sz=24, trace=302524, class=SevenZip.Compression.RangeCoder.BitTreeEncoder@50000f93)
ARR 500001f5 (sz=32, trace=302525, nelems=0, elem type=short[])
OBJ 500001f6 (sz=24, trace=302522, class=SevenZip.Compression.RangeCoder.BitTreeEncoder@50000f93)
OBJ 500001f7 (sz=24, trace=300038, class=java.lang.String@50000096)
	value		500001f8
ARR 500001f8 (sz=204, trace=300039, nelems=102, elem type=char[])
ARR 500001f9 (sz=32, trace=302523, nelems=0, elem type=short[])
OBJ 500001fa (sz=24, trace=302524, class=SevenZip.Compression.RangeCoder.BitTreeEncoder@50000f93)
ARR 500001fb (sz=32, trace=302525, nelems=0, elem type=short[])
OBJ 500001fc (sz=24, trace=302522, class=SevenZip.Compression.RangeCoder.BitTreeEncoder@50000f93)
ARR 500001fd (sz=32, trace=302523, nelems=0, elem type=short[])
OBJ 500001fe (sz=24, trace=302524, class=SevenZip.Compression.RangeCoder.BitTreeEncoder@50000f93)
ARR 500001ff (sz=32, trace=302525, nelems=0, elem type=short[])
OBJ 50000200 (sz=32, trace=302291, class=java.util.ArrayList$Itr@50001c12)
OBJ 50000201 (sz=24, trace=302522, class=SevenZip.Compression.RangeCoder.BitTreeEncoder@50000f93)
OBJ 50000202 (sz=24, trace=300054, class=java.lang.String@50000096)
	value		50000203
ARR 50000203 (sz=204, trace=300055, nelems=102, elem type=char[])
OBJ 50000204 (sz=64, trace=300056, class=java.net.URL@50000071)
	protocol	5000187d
	host		500011ca
	file		50000202
	authority	500011ca
	path		50000202
	handler		5000181f
ARR 50000205 (sz=32, trace=302523, nelems=0, elem type=short[])
OBJ 50000206 (sz=48, trace=300058, class=sun.misc.URLClassPath$JarLoader@500001ac)
	base		50000204
	csu		50001828
	metaIndex	50001e06
	handler		5000181f
	lmap		50001820
OBJ 50000207 (sz=24, trace=302524, class=SevenZip.Compression.RangeCoder.BitTreeEncoder@50000f93)
ARR 50000208 (sz=32, trace=302525, nelems=0, elem type=short[])
OBJ 50000209 (sz=24, trace=302522, class=SevenZip.Compression.RangeCoder.BitTreeEncoder@50000f93)
ARR 5000020a (sz=32, trace=302523, nelems=0, elem type=short[])
OBJ 5000020b (sz=32, trace=300061, class=java.util.HashMap$Entry@5000009e)
	key		500001f7
	value		50000206
OBJ 5000020c (sz=24, trace=302524, class=SevenZip.Compression.RangeCoder.BitTreeEncoder@50000f93)
ARR 5000020d (sz=32, trace=302525, nelems=0, elem type=short[])
OBJ 5000020e (sz=24, trace=302522, class=SevenZip.Compression.RangeCoder.BitTreeEncoder@50000f93)
OBJ 5000020f (sz=24, trace=300038, class=java.lang.String@50000096)
	value		50000210
ARR 50000210 (sz=192, trace=300039, nelems=96, elem type=char[])
ARR 50000211 (sz=32, trace=302523, nelems=0, elem type=short[])
OBJ 50000212 (sz=24, trace=302524, class=SevenZip.Compression.RangeCoder.BitTreeEncoder@50000f93)
ARR 50000213 (sz=32, trace=302525, nelems=0, elem type=short[])
OBJ 50000214 (sz=24, trace=302522, class=SevenZip.Compression.RangeCoder.BitTreeEncoder@50000f93)
ARR 50000215 (sz=32, trace=302523, nelems=0, elem type=short[])
OBJ 50000216 (sz=24, trace=302524, class=SevenZip.Compression.RangeCoder.BitTreeEncoder@50000f93)
ARR 50000217 (sz=32, trace=302525, nelems=0, elem type=short[])
OBJ 50000218 (sz=24, trace=302522, class=SevenZip.Compression.RangeCoder.BitTreeEncoder@50000f93)
ARR 50000219 (sz=32, trace=302523, nelems=0, elem type=short[])
OBJ 5000021a (sz=24, trace=300054, class=java.lang.String@50000096)
	value		5000021b
ARR 5000021b (sz=192, trace=300055, nelems=96, elem type=char[])
OBJ 5000021c (sz=64, trace=300056, class=java.net.URL@50000071)
	protocol	5000187d
	host		500011ca
	file		5000021a
	authority	500011ca
	path		5000021a
	handler		5000181f
OBJ 5000021d (sz=24, trace=302524, class=SevenZip.Compression.RangeCoder.BitTreeEncoder@50000f93)
OBJ 5000021e (sz=48, trace=300058, class=sun.misc.URLClassPath$JarLoader@500001ac)
	base		5000021c
	csu		50001829
	metaIndex	50001de7
	handler		5000181f
	lmap		50001820
ARR 5000021f (sz=32, trace=302525, nelems=0, elem type=short[])
ARR 50000220 (sz=17424, trace=302526, nelems=0, elem type=int[])
ARR 50000221 (sz=80, trace=302527, nelems=0, elem type=int[])
OBJ 50000222 (sz=48, trace=302528, class=SevenZip.Compression.LZMA.Encoder$LenPriceTableEncoder@5000085e)
OBJ 50000223 (sz=32, trace=300061, class=java.util.HashMap$Entry@5000009e)
	key		5000020f
	value		5000021e
ARR 50000224 (sz=24, trace=302529, nelems=0, elem type=short[])
ARR 50000225 (sz=80, trace=302530, nelems=0, elem type=SevenZip.Compression.RangeCoder.BitTreeEncoder[]@50000f94)
OBJ 50000226 (sz=16, trace=302598, class=java.lang.Object@500000a7)
OBJ 50000227 (sz=24, trace=300038, class=java.lang.String@50000096)
	value		50000228
ARR 50000228 (sz=184, trace=300039, nelems=92, elem type=char[])
OBJ 50000229 (sz=32, trace=300024, class=java.util.concurrent.ConcurrentHashMap$HashEntry@50000115)
	key		5000146b
	value		50000226
ARR 5000022a (sz=80, trace=302531, nelems=0, elem type=SevenZip.Compression.RangeCoder.BitTreeEncoder[]@50000f94)
OBJ 5000022b (sz=16, trace=302599, class=java.lang.Object@500000a7)
OBJ 5000022c (sz=32, trace=300027, class=java.util.concurrent.ConcurrentHashMap$HashEntry@50000115)
	key		5000146b
	value		5000022b
OBJ 5000022d (sz=24, trace=302532, class=SevenZip.Compression.RangeCoder.BitTreeEncoder@50000f93)
ARR 5000022e (sz=528, trace=302533, nelems=0, elem type=short[])
OBJ 5000022f (sz=24, trace=302534, class=SevenZip.Compression.RangeCoder.BitTreeEncoder@50000f93)
ARR 50000230 (sz=32, trace=302535, nelems=0, elem type=short[])
OBJ 50000231 (sz=24, trace=302536, class=SevenZip.Compression.RangeCoder.BitTreeEncoder@50000f93)
OBJ 50000232 (sz=24, trace=300054, class=java.lang.String@50000096)
	value		50000233
ARR 50000233 (sz=184, trace=300055, nelems=92, elem type=char[])
OBJ 50000234 (sz=64, trace=300056, class=java.net.URL@50000071)
	protocol	5000187d
	host		500011ca
	file		50000232
	authority	500011ca
	path		50000232
	handler		5000181f
ARR 50000235 (sz=32, trace=302537, nelems=0, elem type=short[])
OBJ 50000236 (sz=48, trace=300058, class=sun.misc.URLClassPath$JarLoader@500001ac)
	base		50000234
	csu		5000182a
	metaIndex	50001df3
	handler		5000181f
	lmap		50001820
OBJ 50000237 (sz=24, trace=302534, class=SevenZip.Compression.RangeCoder.BitTreeEncoder@50000f93)
ARR 50000238 (sz=32, trace=302535, nelems=0, elem type=short[])
OBJ 50000239 (sz=24, trace=302536, class=SevenZip.Compression.RangeCoder.BitTreeEncoder@50000f93)
OBJ 5000023a (sz=24, trace=300318, class=java.lang.String@50000096)
	value		5000023c
OBJ 5000023b (sz=32, trace=300061, class=java.util.HashMap$Entry@5000009e)
	key		50000227
	value		50000236
ARR 5000023c (sz=46, trace=300319, nelems=23, elem type=char[])
ARR 5000023d (sz=32, trace=302537, nelems=0, elem type=short[])
OBJ 5000023e (sz=24, trace=302534, class=SevenZip.Compression.RangeCoder.BitTreeEncoder@50000f93)
ARR 5000023f (sz=32, trace=302535, nelems=0, elem type=short[])
OBJ 50000240 (sz=24, trace=302536, class=SevenZip.Compression.RangeCoder.BitTreeEncoder@50000f93)
ARR 50000241 (sz=32, trace=302537, nelems=0, elem type=short[])
OBJ 50000242 (sz=24, trace=302534, class=SevenZip.Compression.RangeCoder.BitTreeEncoder@50000f93)
ARR 50000243 (sz=32, trace=302535, nelems=0, elem type=short[])
OBJ 50000244 (sz=24, trace=302536, class=SevenZip.Compression.RangeCoder.BitTreeEncoder@50000f93)
ARR 50000245 (sz=32, trace=302537, nelems=0, elem type=short[])
OBJ 50000246 (sz=24, trace=302534, class=SevenZip.Compression.RangeCoder.BitTreeEncoder@50000f93)
ARR 50000247 (sz=32, trace=302535, nelems=0, elem type=short[])
OBJ 50000248 (sz=24, trace=302536, class=SevenZip.Compression.RangeCoder.BitTreeEncoder@50000f93)
OBJ 50000249 (sz=56, trace=300983, class=java.lang.Package@50000c4c)
	pkgName		5000023a
	loader		5000119e
OBJ 5000024a (sz=24, trace=300054, class=java.lang.String@50000096)
	value		5000024b
ARR 5000024b (sz=120, trace=300055, nelems=60, elem type=char[])
OBJ 5000024c (sz=64, trace=300056, class=java.net.URL@50000071)
	protocol	5000187d
	host		500011ca
	file		5000024a
	authority	500011ca
	path		5000024a
	handler		5000181f
OBJ 5000024d (sz=32, trace=300984, class=java.util.HashMap$Entry@5000009e)
	key		5000023a
	value		50000249
OBJ 5000024e (sz=48, trace=300058, class=sun.misc.URLClassPath$JarLoader@500001ac)
	base		5000024c
	jar		500002a9
	csu		5000182b
	index		500002fb
	handler		5000181f
	lmap		50001820
ARR 5000024f (sz=32, trace=302537, nelems=0, elem type=short[])
OBJ 50000251 (sz=16, trace=302292, class=org.eclipse.jdt.internal.junit4.runner.JUnit4Identifier@50007837)
OBJ 50000253 (sz=24, trace=302534, class=SevenZip.Compression.RangeCoder.BitTreeEncoder@50000f93)
ARR 50000254 (sz=144, trace=302600, nelems=0, elem type=byte[])
OBJ 50000255 (sz=24, trace=302293, class=java.lang.StringBuffer@5000005d)
ARR 50000256 (sz=64, trace=302294, nelems=0, elem type=char[])
ARR 50000257 (sz=32, trace=302535, nelems=0, elem type=short[])
OBJ 5000025b (sz=16, trace=300070, class=java.util.jar.JavaUtilJarAccessImpl@5000025a)
ARR 5000025c (sz=20, trace=300071, nelems=10, elem type=char[])
ARR 5000025d (sz=512, trace=300072, nelems=128, elem type=int[])
ARR 5000025e (sz=40, trace=300073, nelems=10, elem type=int[])
ARR 5000025f (sz=184, trace=302243, nelems=0, elem type=char[])
OBJ 50000261 (sz=24, trace=302536, class=SevenZip.Compression.RangeCoder.BitTreeEncoder@50000f93)
ARR 50000262 (sz=272, trace=302600, nelems=0, elem type=byte[])
ARR 50000263 (sz=32, trace=302537, nelems=0, elem type=short[])
OBJ 50000264 (sz=24, trace=302534, class=SevenZip.Compression.RangeCoder.BitTreeEncoder@50000f93)
ARR 50000265 (sz=32, trace=302535, nelems=0, elem type=short[])
OBJ 50000266 (sz=24, trace=302536, class=SevenZip.Compression.RangeCoder.BitTreeEncoder@50000f93)
ARR 50000267 (sz=32, trace=302537, nelems=0, elem type=short[])
OBJ 50000268 (sz=24, trace=300464, class=java.lang.String@50000096)
	value		5000026a
ARR 5000026a (sz=46, trace=300465, nelems=23, elem type=char[])
OBJ 5000026b (sz=40, trace=300086, class=java.lang.ref.SoftReference@50000118)
OBJ 5000026c (sz=72, trace=300087, class=java.lang.reflect.Constructor@5000006e)
OBJ 5000026d (sz=32, trace=300468, class=java.util.concurrent.ConcurrentHashMap$HashEntry@50000115)
	key		50000268
	value		500013cb
OBJ 5000026e (sz=24, trace=300089, class=sun.reflect.NativeConstructorAccessorImpl@50000123)
OBJ 5000026f (sz=16, trace=300090, class=sun.reflect.DelegatingConstructorAccessorImpl@500000a5)
OBJ 50000270 (sz=24, trace=300091, class=sun.nio.cs.ISO_8859_1@50000269)
	name		50001da1
	aliases		500019ac
OBJ 50000271 (sz=24, trace=302534, class=SevenZip.Compression.RangeCoder.BitTreeEncoder@50000f93)
ARR 50000272 (sz=32, trace=302535, nelems=0, elem type=short[])
OBJ 50000273 (sz=24, trace=302536, class=SevenZip.Compression.RangeCoder.BitTreeEncoder@50000f93)
ARR 50000274 (sz=32, trace=302537, nelems=0, elem type=short[])
OBJ 50000276 (sz=16, trace=302482, class=java.lang.Object@500000a7)
OBJ 50000277 (sz=32, trace=300024, class=java.util.concurrent.ConcurrentHashMap$HashEntry@50000115)
	key		500014a5
	value		50000276
OBJ 50000278 (sz=16, trace=302483, class=java.lang.Object@500000a7)
OBJ 50000279 (sz=32, trace=300027, class=java.util.concurrent.ConcurrentHashMap$HashEntry@50000115)
	key		500014a5
	value		50000278
OBJ 5000027a (sz=24, trace=302534, class=SevenZip.Compression.RangeCoder.BitTreeEncoder@50000f93)
ARR 5000027b (sz=32, trace=302535, nelems=0, elem type=short[])
OBJ 5000027c (sz=24, trace=302536, class=SevenZip.Compression.RangeCoder.BitTreeEncoder@50000f93)
ARR 5000027d (sz=32, trace=302537, nelems=0, elem type=short[])
OBJ 5000027f (sz=24, trace=302534, class=SevenZip.Compression.RangeCoder.BitTreeEncoder@50000f93)
OBJ 50000280 (sz=40, trace=300086, class=java.lang.ref.SoftReference@50000118)
OBJ 50000281 (sz=72, trace=300087, class=java.lang.reflect.Constructor@5000006e)
ARR 50000282 (sz=32, trace=302535, nelems=0, elem type=short[])
OBJ 50000283 (sz=24, trace=300089, class=sun.reflect.NativeConstructorAccessorImpl@50000123)
OBJ 50000284 (sz=16, trace=300090, class=sun.reflect.DelegatingConstructorAccessorImpl@500000a5)
OBJ 50000285 (sz=24, trace=300094, class=sun.nio.cs.UTF_16BE@5000027e)
	name		50001da3
	aliases		500019b4
OBJ 50000286 (sz=24, trace=302536, class=SevenZip.Compression.RangeCoder.BitTreeEncoder@50000f93)
ARR 50000287 (sz=32, trace=302537, nelems=0, elem type=short[])
OBJ 50000288 (sz=24, trace=302534, class=SevenZip.Compression.RangeCoder.BitTreeEncoder@50000f93)
ARR 50000289 (sz=32, trace=302535, nelems=0, elem type=short[])
OBJ 5000028a (sz=24, trace=302536, class=SevenZip.Compression.RangeCoder.BitTreeEncoder@50000f93)
ARR 5000028b (sz=32, trace=302537, nelems=0, elem type=short[])
OBJ 5000028c (sz=24, trace=302295, class=java.lang.String@50000096)
OBJ 5000028d (sz=24, trace=302534, class=SevenZip.Compression.RangeCoder.BitTreeEncoder@50000f93)
ARR 5000028e (sz=32, trace=302535, nelems=0, elem type=short[])
OBJ 50000290 (sz=24, trace=302536, class=SevenZip.Compression.RangeCoder.BitTreeEncoder@50000f93)
OBJ 50000291 (sz=40, trace=300086, class=java.lang.ref.SoftReference@50000118)
OBJ 50000292 (sz=72, trace=300087, class=java.lang.reflect.Constructor@5000006e)
ARR 50000293 (sz=32, trace=302537, nelems=0, elem type=short[])
OBJ 50000294 (sz=24, trace=300089, class=sun.reflect.NativeConstructorAccessorImpl@50000123)
OBJ 50000295 (sz=16, trace=300090, class=sun.reflect.DelegatingConstructorAccessorImpl@500000a5)
OBJ 50000296 (sz=24, trace=300096, class=sun.nio.cs.UTF_16LE@5000028f)
	name		50001dad
	aliases		500019b3
OBJ 50000297 (sz=24, trace=302534, class=SevenZip.Compression.RangeCoder.BitTreeEncoder@50000f93)
ARR 50000298 (sz=32, trace=302535, nelems=0, elem type=short[])
OBJ 50000299 (sz=24, trace=302536, class=SevenZip.Compression.RangeCoder.BitTreeEncoder@50000f93)
ARR 5000029a (sz=32, trace=302537, nelems=0, elem type=short[])
OBJ 5000029b (sz=24, trace=302534, class=SevenZip.Compression.RangeCoder.BitTreeEncoder@50000f93)
ARR 5000029c (sz=32, trace=302535, nelems=0, elem type=short[])
OBJ 5000029d (sz=24, trace=302536, class=SevenZip.Compression.RangeCoder.BitTreeEncoder@50000f93)
ARR 5000029e (sz=184, trace=302296, nelems=0, elem type=char[])
ARR 5000029f (sz=32, trace=302537, nelems=0, elem type=short[])
OBJ 500002a1 (sz=24, trace=302534, class=SevenZip.Compression.RangeCoder.BitTreeEncoder@50000f93)
OBJ 500002a2 (sz=40, trace=300086, class=java.lang.ref.SoftReference@50000118)
OBJ 500002a3 (sz=72, trace=300087, class=java.lang.reflect.Constructor@5000006e)
ARR 500002a4 (sz=32, trace=302535, nelems=0, elem type=short[])
OBJ 500002a5 (sz=24, trace=300089, class=sun.reflect.NativeConstructorAccessorImpl@50000123)
OBJ 500002a6 (sz=16, trace=300090, class=sun.reflect.DelegatingConstructorAccessorImpl@500000a5)
OBJ 500002a7 (sz=24, trace=300098, class=sun.nio.cs.UTF_16@500002a0)
	name		50001da6
	aliases		500019b5
OBJ 500002a8 (sz=24, trace=302536, class=SevenZip.Compression.RangeCoder.BitTreeEncoder@50000f93)
OBJ 500002a9 (sz=64, trace=300100, class=java.util.jar.JarFile@50000258)
	name		5000186e
	zc		500002b5
	streams		500002ab
	inflaterCache	500002b2
OBJ 500002aa (sz=40, trace=300101, class=java.lang.ref.Finalizer@50000107)
	referent	500002a9
	queue		50001194
	next		50001f18
	prev		5000035c
OBJ 500002ab (sz=56, trace=300102, class=java.util.WeakHashMap@50000074)
	table		500002ae
	queue		500002ac
OBJ 500002ac (sz=32, trace=300103, class=java.lang.ref.ReferenceQueue@50000117)
	lock		500002ad
OBJ 500002ad (sz=16, trace=300104, class=java.lang.ref.ReferenceQueue$Lock@50000020)
ARR 500002ae (sz=80, trace=300105, nelems=0, elem type=java.util.WeakHashMap$Entry[]@50000039)
OBJ 500002b2 (sz=24, trace=300107, class=java.util.ArrayDeque@500002b1)
	elements	500002b3
ARR 500002b3 (sz=80, trace=300108, nelems=0, elem type=java.lang.Object[]@500000a8)
OBJ 500002b5 (sz=32, trace=300110, class=java.util.zip.ZipCoder@500002b4)
	cs		50001886
	enc		500002d8
ARR 500002b6 (sz=32, trace=302537, nelems=0, elem type=short[])
OBJ 500002b7 (sz=24, trace=302534, class=SevenZip.Compression.RangeCoder.BitTreeEncoder@50000f93)
ARR 500002ba (sz=32, trace=302535, nelems=0, elem type=short[])
OBJ 500002bc (sz=16, trace=300117, class=sun.misc.Perf@500002bb)
OBJ 500002be (sz=24, trace=300119, class=sun.misc.PerfCounter@500002b8)
	name		50001e7b
	lb		500002c6
OBJ 500002c2 (sz=24, trace=302536, class=SevenZip.Compression.RangeCoder.BitTreeEncoder@50000f93)
OBJ 500002c3 (sz=64, trace=300122, class=java.nio.DirectByteBuffer@500002c1)
OBJ 500002c6 (sz=56, trace=300124, class=java.nio.DirectLongBufferU@500002c5)
	att		500002c3
OBJ 500002c7 (sz=24, trace=300125, class=sun.misc.PerfCounter@500002b8)
	name		50001e7c
	lb		500002c9
OBJ 500002c8 (sz=64, trace=300122, class=java.nio.DirectByteBuffer@500002c1)
OBJ 500002c9 (sz=56, trace=300124, class=java.nio.DirectLongBufferU@500002c5)
	att		500002c8
OBJ 500002ca (sz=24, trace=300126, class=sun.misc.PerfCounter@500002b8)
	name		50001e7d
	lb		500002cc
OBJ 500002cb (sz=64, trace=300122, class=java.nio.DirectByteBuffer@500002c1)
OBJ 500002cc (sz=56, trace=300124, class=java.nio.DirectLongBufferU@500002c5)
	att		500002cb
OBJ 500002cd (sz=24, trace=300127, class=sun.misc.PerfCounter@500002b8)
	name		50001e7e
	lb		500002cf
OBJ 500002ce (sz=64, trace=300122, class=java.nio.DirectByteBuffer@500002c1)
OBJ 500002cf (sz=56, trace=300124, class=java.nio.DirectLongBufferU@500002c5)
	att		500002ce
OBJ 500002d0 (sz=24, trace=300128, class=sun.misc.PerfCounter@500002b8)
	name		50001e7f
	lb		500002d2
OBJ 500002d1 (sz=64, trace=300122, class=java.nio.DirectByteBuffer@500002c1)
OBJ 500002d2 (sz=56, trace=300124, class=java.nio.DirectLongBufferU@500002c5)
	att		500002d1
OBJ 500002d3 (sz=24, trace=300129, class=sun.misc.PerfCounter@500002b8)
	name		50001e80
	lb		500002d5
OBJ 500002d4 (sz=64, trace=300122, class=java.nio.DirectByteBuffer@500002c1)
OBJ 500002d5 (sz=56, trace=300124, class=java.nio.DirectLongBufferU@500002c5)
	att		500002d4
ARR 500002d7 (sz=1, trace=300131, nelems=1, elem type=byte[])
OBJ 500002d8 (sz=48, trace=300132, class=sun.nio.cs.UTF_8$Encoder@50000016)
	charset		50001886
	replacement	500002d7
	malformedInputAction	50001dcc
	unmappableCharacterAction	50001dcc
ARR 500002d9 (sz=32, trace=302537, nelems=0, elem type=short[])
ARR 500002da (sz=17424, trace=302538, nelems=0, elem type=int[])
ARR 500002db (sz=80, trace=302539, nelems=0, elem type=int[])
OBJ 500002dd (sz=32, trace=302543, class=SevenZip.Compression.LZMA.Encoder$LiteralEncoder@50001131)
ARR 500002e0 (sz=2208, trace=302544, nelems=0, elem type=int[])
ARR 500002e1 (sz=1040, trace=302545, nelems=0, elem type=int[])
ARR 500002e2 (sz=2064, trace=302546, nelems=0, elem type=int[])
ARR 500002e3 (sz=80, trace=302547, nelems=0, elem type=int[])
ARR 500002e4 (sz=32, trace=302548, nelems=0, elem type=int[])
ARR 500002e5 (sz=32, trace=302549, nelems=0, elem type=int[])
ARR 500002e6 (sz=24, trace=302550, nelems=0, elem type=long[])
ARR 500002e7 (sz=24, trace=302551, nelems=0, elem type=long[])
ARR 500002e8 (sz=24, trace=302552, nelems=0, elem type=boolean[])
ARR 500002e9 (sz=24, trace=302553, nelems=0, elem type=byte[])
ARR 500002eb (sz=528, trace=302554, nelems=0, elem type=int[])
OBJ 500002ec (sz=64, trace=302555, class=SevenZip.Compression.LZMA.Encoder$Optimal@50000da3)
ARR 500002ee (sz=0, trace=300150, nelems=0, elem type=byte[])
OBJ 500002ef (sz=24, trace=302205, class=org.junit.runners.ParentRunner$3@5000811c)
OBJ 500002f0 (sz=32, trace=301877, class=java.util.LinkedHashMap$ValueIterator@5000681b)
ARR 500002f2 (sz=24, trace=302206, nelems=0, elem type=java.lang.Object[]@500000a8)
OBJ 500002f5 (sz=64, trace=302555, class=SevenZip.Compression.LZMA.Encoder$Optimal@50000da3)
OBJ 500002f6 (sz=64, trace=302555, class=SevenZip.Compression.LZMA.Encoder$Optimal@50000da3)
OBJ 500002f7 (sz=64, trace=302555, class=SevenZip.Compression.LZMA.Encoder$Optimal@50000da3)
OBJ 500002f8 (sz=64, trace=302555, class=SevenZip.Compression.LZMA.Encoder$Optimal@50000da3)
OBJ 500002f9 (sz=24, trace=302057, class=java.lang.StringBuilder@50000065)
OBJ 500002fa (sz=64, trace=302555, class=SevenZip.Compression.LZMA.Encoder$Optimal@50000da3)
OBJ 500002fb (sz=24, trace=300161, class=sun.misc.JarIndex@500002d6)
	indexMap	500002fc
	jarMap		500002fe
	jarFiles	50000328
OBJ 500002fc (sz=56, trace=300162, class=java.util.HashMap@5000010b)
	table		500002fd
ARR 500002fd (sz=80, trace=300163, nelems=7, elem type=java.util.HashMap$Entry[]@5000009f)
	[5]		50000323
	[6]		5000031b
OBJ 500002fe (sz=56, trace=300164, class=java.util.HashMap@5000010b)
	table		500002ff
ARR 500002ff (sz=80, trace=300165, nelems=4, elem type=java.util.HashMap$Entry[]@5000009f)
	[3]		5000031e
OBJ 50000300 (sz=64, trace=302555, class=SevenZip.Compression.LZMA.Encoder$Optimal@50000da3)
OBJ 50000301 (sz=64, trace=302555, class=SevenZip.Compression.LZMA.Encoder$Optimal@50000da3)
OBJ 50000302 (sz=64, trace=302555, class=SevenZip.Compression.LZMA.Encoder$Optimal@50000da3)
OBJ 50000303 (sz=64, trace=302555, class=SevenZip.Compression.LZMA.Encoder$Optimal@50000da3)
OBJ 50000304 (sz=64, trace=302555, class=SevenZip.Compression.LZMA.Encoder$Optimal@50000da3)
OBJ 50000305 (sz=64, trace=302555, class=SevenZip.Compression.LZMA.Encoder$Optimal@50000da3)
OBJ 50000306 (sz=64, trace=302555, class=SevenZip.Compression.LZMA.Encoder$Optimal@50000da3)
OBJ 50000307 (sz=64, trace=302555, class=SevenZip.Compression.LZMA.Encoder$Optimal@50000da3)
OBJ 50000308 (sz=64, trace=302555, class=SevenZip.Compression.LZMA.Encoder$Optimal@50000da3)
OBJ 50000309 (sz=64, trace=302555, class=SevenZip.Compression.LZMA.Encoder$Optimal@50000da3)
OBJ 5000030a (sz=64, trace=302555, class=SevenZip.Compression.LZMA.Encoder$Optimal@50000da3)
OBJ 5000030b (sz=64, trace=302555, class=SevenZip.Compression.LZMA.Encoder$Optimal@50000da3)
OBJ 5000030c (sz=64, trace=302555, class=SevenZip.Compression.LZMA.Encoder$Optimal@50000da3)
OBJ 5000030d (sz=64, trace=302555, class=SevenZip.Compression.LZMA.Encoder$Optimal@50000da3)
OBJ 5000030e (sz=64, trace=302555, class=SevenZip.Compression.LZMA.Encoder$Optimal@50000da3)
ARR 5000030f (sz=48, trace=302058, nelems=0, elem type=char[])
OBJ 50000310 (sz=64, trace=302555, class=SevenZip.Compression.LZMA.Encoder$Optimal@50000da3)
OBJ 50000311 (sz=64, trace=302555, class=SevenZip.Compression.LZMA.Encoder$Optimal@50000da3)
OBJ 50000312 (sz=24, trace=300178, class=java.lang.String@50000096)
	value		50000313
ARR 50000313 (sz=42, trace=300179, nelems=21, elem type=char[])
OBJ 50000314 (sz=24, trace=300180, class=java.lang.String@50000096)
	value		50000315
ARR 50000315 (sz=10, trace=300181, nelems=5, elem type=char[])
OBJ 50000318 (sz=32, trace=300183, class=java.util.LinkedList@50000317)
	first		5000031a
	last		5000031a
OBJ 5000031a (sz=24, trace=300185, class=java.util.LinkedList$Node@50000319)
	item		50000312
OBJ 5000031b (sz=32, trace=300186, class=java.util.HashMap$Entry@5000009e)
	key		50000314
	value		50000318
OBJ 5000031c (sz=32, trace=300187, class=java.util.LinkedList@50000317)
	first		5000031d
	last		50000324
OBJ 5000031d (sz=24, trace=300188, class=java.util.LinkedList$Node@50000319)
	item		50000314
	next		50000324
OBJ 5000031e (sz=32, trace=300189, class=java.util.HashMap$Entry@5000009e)
	key		50000312
	value		5000031c
OBJ 5000031f (sz=24, trace=300180, class=java.lang.String@50000096)
	value		50000320
ARR 50000320 (sz=34, trace=300181, nelems=17, elem type=char[])
OBJ 50000321 (sz=32, trace=300183, class=java.util.LinkedList@50000317)
	first		50000322
	last		50000322
OBJ 50000322 (sz=24, trace=300185, class=java.util.LinkedList$Node@50000319)
	item		50000312
OBJ 50000323 (sz=32, trace=300186, class=java.util.HashMap$Entry@5000009e)
	key		5000031f
	value		50000321
OBJ 50000324 (sz=24, trace=300190, class=java.util.LinkedList$Node@50000319)
	item		5000031f
	prev		5000031d
OBJ 50000325 (sz=64, trace=302555, class=SevenZip.Compression.LZMA.Encoder$Optimal@50000da3)
OBJ 50000326 (sz=64, trace=302555, class=SevenZip.Compression.LZMA.Encoder$Optimal@50000da3)
OBJ 50000327 (sz=64, trace=302555, class=SevenZip.Compression.LZMA.Encoder$Optimal@50000da3)
ARR 50000328 (sz=24, trace=300191, nelems=1, elem type=java.lang.String[]@50000097)
	[0]		50000312
OBJ 50000329 (sz=64, trace=302555, class=SevenZip.Compression.LZMA.Encoder$Optimal@50000da3)
OBJ 5000032a (sz=32, trace=302059, class=java.util.Formatter@500075f9)
OBJ 5000032b (sz=64, trace=302555, class=SevenZip.Compression.LZMA.Encoder$Optimal@50000da3)
OBJ 5000032c (sz=64, trace=302555, class=SevenZip.Compression.LZMA.Encoder$Optimal@50000da3)
OBJ 5000032d (sz=64, trace=302555, class=SevenZip.Compression.LZMA.Encoder$Optimal@50000da3)
OBJ 5000032e (sz=64, trace=302555, class=SevenZip.Compression.LZMA.Encoder$Optimal@50000da3)
OBJ 5000032f (sz=64, trace=302555, class=SevenZip.Compression.LZMA.Encoder$Optimal@50000da3)
OBJ 50000330 (sz=64, trace=302555, class=SevenZip.Compression.LZMA.Encoder$Optimal@50000da3)
OBJ 50000331 (sz=64, trace=302555, class=SevenZip.Compression.LZMA.Encoder$Optimal@50000da3)
OBJ 50000332 (sz=64, trace=302555, class=SevenZip.Compression.LZMA.Encoder$Optimal@50000da3)
OBJ 50000333 (sz=64, trace=302555, class=SevenZip.Compression.LZMA.Encoder$Optimal@50000da3)
OBJ 50000334 (sz=64, trace=302555, class=SevenZip.Compression.LZMA.Encoder$Optimal@50000da3)
OBJ 50000335 (sz=24, trace=300203, class=java.lang.String@50000096)
	value		50000336
ARR 50000336 (sz=120, trace=300204, nelems=60, elem type=char[])
OBJ 50000337 (sz=32, trace=300205, class=java.util.HashMap$Entry@5000009e)
	key		50000335
	value		5000024e
OBJ 50000338 (sz=64, trace=302555, class=SevenZip.Compression.LZMA.Encoder$Optimal@50000da3)
OBJ 50000339 (sz=64, trace=302555, class=SevenZip.Compression.LZMA.Encoder$Optimal@50000da3)
OBJ 5000033a (sz=64, trace=302555, class=SevenZip.Compression.LZMA.Encoder$Optimal@50000da3)
OBJ 5000033b (sz=64, trace=302555, class=SevenZip.Compression.LZMA.Encoder$Optimal@50000da3)
OBJ 5000033c (sz=64, trace=302555, class=SevenZip.Compression.LZMA.Encoder$Optimal@50000da3)
OBJ 5000033d (sz=64, trace=302555, class=SevenZip.Compression.LZMA.Encoder$Optimal@50000da3)
OBJ 5000033e (sz=64, trace=302555, class=SevenZip.Compression.LZMA.Encoder$Optimal@50000da3)
OBJ 5000033f (sz=64, trace=302555, class=SevenZip.Compression.LZMA.Encoder$Optimal@50000da3)
OBJ 50000340 (sz=64, trace=302555, class=SevenZip.Compression.LZMA.Encoder$Optimal@50000da3)
OBJ 50000341 (sz=64, trace=302555, class=SevenZip.Compression.LZMA.Encoder$Optimal@50000da3)
OBJ 50000342 (sz=64, trace=302555, class=SevenZip.Compression.LZMA.Encoder$Optimal@50000da3)
OBJ 50000343 (sz=24, trace=300038, class=java.lang.String@50000096)
	value		50000344
ARR 50000344 (sz=98, trace=300039, nelems=49, elem type=char[])
OBJ 50000345 (sz=64, trace=302555, class=SevenZip.Compression.LZMA.Encoder$Optimal@50000da3)
OBJ 50000346 (sz=64, trace=302555, class=SevenZip.Compression.LZMA.Encoder$Optimal@50000da3)
OBJ 50000347 (sz=64, trace=302555, class=SevenZip.Compression.LZMA.Encoder$Optimal@50000da3)
OBJ 50000348 (sz=64, trace=302555, class=SevenZip.Compression.LZMA.Encoder$Optimal@50000da3)
OBJ 50000349 (sz=64, trace=302555, class=SevenZip.Compression.LZMA.Encoder$Optimal@50000da3)
OBJ 5000034a (sz=64, trace=302555, class=SevenZip.Compression.LZMA.Encoder$Optimal@50000da3)
OBJ 5000034b (sz=64, trace=302555, class=SevenZip.Compression.LZMA.Encoder$Optimal@50000da3)
OBJ 5000034c (sz=64, trace=302555, class=SevenZip.Compression.LZMA.Encoder$Optimal@50000da3)
OBJ 5000034d (sz=64, trace=302555, class=SevenZip.Compression.LZMA.Encoder$Optimal@50000da3)
OBJ 5000034e (sz=24, trace=300054, class=java.lang.String@50000096)
	value		5000034f
ARR 5000034f (sz=98, trace=300055, nelems=49, elem type=char[])
OBJ 50000350 (sz=64, trace=300056, class=java.net.URL@50000071)
	protocol	5000187d
	host		500011ca
	file		5000034e
	authority	500011ca
	path		5000034e
	handler		5000181f
OBJ 50000351 (sz=64, trace=302555, class=SevenZip.Compression.LZMA.Encoder$Optimal@50000da3)
OBJ 50000352 (sz=48, trace=300058, class=sun.misc.URLClassPath$JarLoader@500001ac)
	base		50000350
	jar		5000035b
	csu		5000182c
	handler		5000181f
	lmap		50001820
OBJ 50000353 (sz=64, trace=302555, class=SevenZip.Compression.LZMA.Encoder$Optimal@50000da3)
OBJ 50000354 (sz=64, trace=302555, class=SevenZip.Compression.LZMA.Encoder$Optimal@50000da3)
OBJ 50000355 (sz=64, trace=302555, class=SevenZip.Compression.LZMA.Encoder$Optimal@50000da3)
OBJ 50000356 (sz=64, trace=302555, class=SevenZip.Compression.LZMA.Encoder$Optimal@50000da3)
OBJ 50000357 (sz=64, trace=302555, class=SevenZip.Compression.LZMA.Encoder$Optimal@50000da3)
OBJ 50000358 (sz=64, trace=302555, class=SevenZip.Compression.LZMA.Encoder$Optimal@50000da3)
OBJ 50000359 (sz=64, trace=302555, class=SevenZip.Compression.LZMA.Encoder$Optimal@50000da3)
OBJ 5000035a (sz=64, trace=302555, class=SevenZip.Compression.LZMA.Encoder$Optimal@50000da3)
OBJ 5000035b (sz=64, trace=300100, class=java.util.jar.JarFile@50000258)
	name		5000186c
	zc		50000363
	streams		5000035d
	inflaterCache	50000361
	manEntry	5000039b
OBJ 5000035c (sz=40, trace=300101, class=java.lang.ref.Finalizer@50000107)
	referent	5000035b
	queue		50001194
	next		500002aa
	prev		500003a2
OBJ 5000035d (sz=56, trace=300102, class=java.util.WeakHashMap@50000074)
	table		50000360
	queue		5000035e
OBJ 5000035e (sz=32, trace=300103, class=java.lang.ref.ReferenceQueue@50000117)
	lock		5000035f
OBJ 5000035f (sz=16, trace=300104, class=java.lang.ref.ReferenceQueue$Lock@50000020)
ARR 50000360 (sz=80, trace=300105, nelems=0, elem type=java.util.WeakHashMap$Entry[]@50000039)
OBJ 50000361 (sz=24, trace=300107, class=java.util.ArrayDeque@500002b1)
	elements	50000362
ARR 50000362 (sz=80, trace=300108, nelems=1, elem type=java.lang.Object[]@500000a8)
	[0]		500003a1
OBJ 50000363 (sz=32, trace=300110, class=java.util.zip.ZipCoder@500002b4)
	cs		50001886
	enc		50000367
OBJ 50000364 (sz=64, trace=302555, class=SevenZip.Compression.LZMA.Encoder$Optimal@50000da3)
OBJ 50000365 (sz=64, trace=302555, class=SevenZip.Compression.LZMA.Encoder$Optimal@50000da3)
ARR 50000366 (sz=1, trace=300131, nelems=1, elem type=byte[])
OBJ 50000367 (sz=48, trace=300132, class=sun.nio.cs.UTF_8$Encoder@50000016)
	charset		50001886
	replacement	50000366
	malformedInputAction	50001dcc
	unmappableCharacterAction	50001dcc
OBJ 50000368 (sz=64, trace=302555, class=SevenZip.Compression.LZMA.Encoder$Optimal@50000da3)
OBJ 50000369 (sz=64, trace=302555, class=SevenZip.Compression.LZMA.Encoder$Optimal@50000da3)
OBJ 5000036a (sz=64, trace=302555, class=SevenZip.Compression.LZMA.Encoder$Optimal@50000da3)
OBJ 5000036c (sz=64, trace=302555, class=SevenZip.Compression.LZMA.Encoder$Optimal@50000da3)
ARR 5000036d (sz=56, trace=300216, nelems=10, elem type=java.lang.String[]@50000097)
	[0]		50000370
	[1]		50000374
	[2]		50000378
	[3]		5000037c
	[4]		50000380
	[5]		50000384
	[6]		50000388
	[7]		5000038c
	[8]		50000391
	[9]		50000395
OBJ 5000036e (sz=64, trace=302555, class=SevenZip.Compression.LZMA.Encoder$Optimal@50000da3)
OBJ 5000036f (sz=64, trace=302555, class=SevenZip.Compression.LZMA.Encoder$Optimal@50000da3)
OBJ 50000370 (sz=24, trace=300219, class=java.lang.String@50000096)
	value		50000371
ARR 50000371 (sz=14, trace=300220, nelems=7, elem type=char[])
OBJ 50000372 (sz=64, trace=302555, class=SevenZip.Compression.LZMA.Encoder$Optimal@50000da3)
OBJ 50000373 (sz=64, trace=302555, class=SevenZip.Compression.LZMA.Encoder$Optimal@50000da3)
OBJ 50000374 (sz=24, trace=300223, class=java.lang.String@50000096)
	value		50000375
ARR 50000375 (sz=30, trace=300224, nelems=15, elem type=char[])
OBJ 50000376 (sz=64, trace=302555, class=SevenZip.Compression.LZMA.Encoder$Optimal@50000da3)
OBJ 50000377 (sz=64, trace=302555, class=SevenZip.Compression.LZMA.Encoder$Optimal@50000da3)
OBJ 50000378 (sz=24, trace=300227, class=java.lang.String@50000096)
	value		50000379
ARR 50000379 (sz=18, trace=300228, nelems=9, elem type=char[])
OBJ 5000037a (sz=64, trace=302555, class=SevenZip.Compression.LZMA.Encoder$Optimal@50000da3)
OBJ 5000037b (sz=64, trace=302555, class=SevenZip.Compression.LZMA.Encoder$Optimal@50000da3)
OBJ 5000037c (sz=24, trace=300231, class=java.lang.String@50000096)
	value		5000037d
ARR 5000037d (sz=16, trace=300232, nelems=8, elem type=char[])
OBJ 5000037e (sz=64, trace=302555, class=SevenZip.Compression.LZMA.Encoder$Optimal@50000da3)
OBJ 5000037f (sz=64, trace=302555, class=SevenZip.Compression.LZMA.Encoder$Optimal@50000da3)
OBJ 50000380 (sz=24, trace=300235, class=java.lang.String@50000096)
	value		50000381
ARR 50000381 (sz=26, trace=300236, nelems=13, elem type=char[])
OBJ 50000382 (sz=64, trace=302555, class=SevenZip.Compression.LZMA.Encoder$Optimal@50000da3)
OBJ 50000383 (sz=64, trace=302555, class=SevenZip.Compression.LZMA.Encoder$Optimal@50000da3)
OBJ 50000384 (sz=24, trace=300239, class=java.lang.String@50000096)
	value		50000385
ARR 50000385 (sz=20, trace=300240, nelems=10, elem type=char[])
OBJ 50000386 (sz=64, trace=302555, class=SevenZip.Compression.LZMA.Encoder$Optimal@50000da3)
OBJ 50000387 (sz=64, trace=302555, class=SevenZip.Compression.LZMA.Encoder$Optimal@50000da3)
OBJ 50000388 (sz=24, trace=300243, class=java.lang.String@50000096)
	value		50000389
ARR 50000389 (sz=24, trace=300244, nelems=12, elem type=char[])
OBJ 5000038a (sz=64, trace=302555, class=SevenZip.Compression.LZMA.Encoder$Optimal@50000da3)
OBJ 5000038b (sz=64, trace=302555, class=SevenZip.Compression.LZMA.Encoder$Optimal@50000da3)
OBJ 5000038c (sz=24, trace=300247, class=java.lang.String@50000096)
	value		5000038d
ARR 5000038d (sz=30, trace=300248, nelems=15, elem type=char[])
OBJ 5000038e (sz=64, trace=302555, class=SevenZip.Compression.LZMA.Encoder$Optimal@50000da3)
OBJ 5000038f (sz=64, trace=302555, class=SevenZip.Compression.LZMA.Encoder$Optimal@50000da3)
OBJ 50000390 (sz=64, trace=302555, class=SevenZip.Compression.LZMA.Encoder$Optimal@50000da3)
OBJ 50000391 (sz=24, trace=300252, class=java.lang.String@50000096)
	value		50000392
ARR 50000392 (sz=40, trace=300253, nelems=20, elem type=char[])
OBJ 50000393 (sz=64, trace=302555, class=SevenZip.Compression.LZMA.Encoder$Optimal@50000da3)
OBJ 50000394 (sz=64, trace=302555, class=SevenZip.Compression.LZMA.Encoder$Optimal@50000da3)
OBJ 50000395 (sz=24, trace=300256, class=java.lang.String@50000096)
	value		50000396
ARR 50000396 (sz=28, trace=300257, nelems=14, elem type=char[])
OBJ 50000397 (sz=64, trace=302555, class=SevenZip.Compression.LZMA.Encoder$Optimal@50000da3)
OBJ 50000398 (sz=64, trace=302555, class=SevenZip.Compression.LZMA.Encoder$Optimal@50000da3)
OBJ 50000399 (sz=64, trace=302555, class=SevenZip.Compression.LZMA.Encoder$Optimal@50000da3)
OBJ 5000039a (sz=64, trace=302555, class=SevenZip.Compression.LZMA.Encoder$Optimal@50000da3)
OBJ 5000039b (sz=80, trace=300262, class=java.util.jar.JarFile$JarFileEntry@500002df)
	name		50001284
	this$0		5000035b
OBJ 5000039c (sz=64, trace=302555, class=SevenZip.Compression.LZMA.Encoder$Optimal@50000da3)
OBJ 5000039d (sz=64, trace=302555, class=SevenZip.Compression.LZMA.Encoder$Optimal@50000da3)
OBJ 5000039e (sz=64, trace=302555, class=SevenZip.Compression.LZMA.Encoder$Optimal@50000da3)
OBJ 5000039f (sz=64, trace=302555, class=SevenZip.Compression.LZMA.Encoder$Optimal@50000da3)
OBJ 500003a0 (sz=64, trace=302555, class=SevenZip.Compression.LZMA.Encoder$Optimal@50000da3)
OBJ 500003a1 (sz=32, trace=300267, class=java.util.zip.Inflater@500002ed)
	zsRef		500003a3
	buf		500002ee
OBJ 500003a2 (sz=40, trace=300152, class=java.lang.ref.Finalizer@50000107)
	referent	500003a1
	queue		50001194
	next		5000035c
	prev		500003cd
OBJ 500003a3 (sz=24, trace=300268, class=java.util.zip.ZStreamRef@500002f1)
OBJ 500003a4 (sz=64, trace=302555, class=SevenZip.Compression.LZMA.Encoder$Optimal@50000da3)
OBJ 500003a5 (sz=64, trace=302555, class=SevenZip.Compression.LZMA.Encoder$Optimal@50000da3)
OBJ 500003a6 (sz=64, trace=302555, class=SevenZip.Compression.LZMA.Encoder$Optimal@50000da3)
OBJ 500003a7 (sz=64, trace=302555, class=SevenZip.Compression.LZMA.Encoder$Optimal@50000da3)
OBJ 500003a8 (sz=64, trace=302555, class=SevenZip.Compression.LZMA.Encoder$Optimal@50000da3)
OBJ 500003a9 (sz=64, trace=302555, class=SevenZip.Compression.LZMA.Encoder$Optimal@50000da3)
OBJ 500003ab (sz=64, trace=302555, class=SevenZip.Compression.LZMA.Encoder$Optimal@50000da3)
OBJ 500003ac (sz=64, trace=302555, class=SevenZip.Compression.LZMA.Encoder$Optimal@50000da3)
OBJ 500003ad (sz=32, trace=300061, class=java.util.HashMap$Entry@5000009e)
	key		50000343
	value		50000352
	next		500006c7
OBJ 500003ae (sz=64, trace=302555, class=SevenZip.Compression.LZMA.Encoder$Optimal@50000da3)
OBJ 500003af (sz=64, trace=302555, class=SevenZip.Compression.LZMA.Encoder$Optimal@50000da3)
OBJ 500003b0 (sz=64, trace=302555, class=SevenZip.Compression.LZMA.Encoder$Optimal@50000da3)
OBJ 500003b1 (sz=64, trace=302555, class=SevenZip.Compression.LZMA.Encoder$Optimal@50000da3)
OBJ 500003b2 (sz=64, trace=302555, class=SevenZip.Compression.LZMA.Encoder$Optimal@50000da3)
OBJ 500003b3 (sz=64, trace=302555, class=SevenZip.Compression.LZMA.Encoder$Optimal@50000da3)
OBJ 500003b4 (sz=64, trace=302555, class=SevenZip.Compression.LZMA.Encoder$Optimal@50000da3)
OBJ 500003b5 (sz=64, trace=302555, class=SevenZip.Compression.LZMA.Encoder$Optimal@50000da3)
OBJ 500003b6 (sz=64, trace=302555, class=SevenZip.Compression.LZMA.Encoder$Optimal@50000da3)
OBJ 500003b7 (sz=64, trace=302555, class=SevenZip.Compression.LZMA.Encoder$Optimal@50000da3)
OBJ 500003b8 (sz=64, trace=302555, class=SevenZip.Compression.LZMA.Encoder$Optimal@50000da3)
OBJ 500003b9 (sz=64, trace=302555, class=SevenZip.Compression.LZMA.Encoder$Optimal@50000da3)
OBJ 500003ba (sz=64, trace=302555, class=SevenZip.Compression.LZMA.Encoder$Optimal@50000da3)
OBJ 500003bb (sz=64, trace=302555, class=SevenZip.Compression.LZMA.Encoder$Optimal@50000da3)
OBJ 500003bc (sz=64, trace=302555, class=SevenZip.Compression.LZMA.Encoder$Optimal@50000da3)
OBJ 500003bd (sz=64, trace=302555, class=SevenZip.Compression.LZMA.Encoder$Optimal@50000da3)
OBJ 500003be (sz=64, trace=302555, class=SevenZip.Compression.LZMA.Encoder$Optimal@50000da3)
OBJ 500003bf (sz=24, trace=300054, class=java.lang.String@50000096)
	value		500003c0
ARR 500003c0 (sz=102, trace=300055, nelems=51, elem type=char[])
OBJ 500003c1 (sz=64, trace=300056, class=java.net.URL@50000071)
	protocol	5000187d
	host		500011ca
	file		500003bf
	authority	500011ca
	path		500003bf
	handler		5000181f
OBJ 500003c2 (sz=64, trace=302555, class=SevenZip.Compression.LZMA.Encoder$Optimal@50000da3)
OBJ 500003c3 (sz=48, trace=300058, class=sun.misc.URLClassPath$JarLoader@500001ac)
	base		500003c1
	jar		500003cc
	csu		5000182d
	index		500003ec
	handler		5000181f
	lmap		50001820
OBJ 500003c4 (sz=64, trace=302555, class=SevenZip.Compression.LZMA.Encoder$Optimal@50000da3)
OBJ 500003c5 (sz=64, trace=302555, class=SevenZip.Compression.LZMA.Encoder$Optimal@50000da3)
OBJ 500003c6 (sz=64, trace=302555, class=SevenZip.Compression.LZMA.Encoder$Optimal@50000da3)
OBJ 500003c7 (sz=64, trace=302555, class=SevenZip.Compression.LZMA.Encoder$Optimal@50000da3)
OBJ 500003c8 (sz=64, trace=302555, class=SevenZip.Compression.LZMA.Encoder$Optimal@50000da3)
OBJ 500003c9 (sz=64, trace=302555, class=SevenZip.Compression.LZMA.Encoder$Optimal@50000da3)
OBJ 500003ca (sz=64, trace=302555, class=SevenZip.Compression.LZMA.Encoder$Optimal@50000da3)
OBJ 500003cb (sz=64, trace=302555, class=SevenZip.Compression.LZMA.Encoder$Optimal@50000da3)
OBJ 500003cc (sz=64, trace=300100, class=java.util.jar.JarFile@50000258)
	name		5000186a
	zc		500003d4
	streams		500003ce
	inflaterCache	500003d2
OBJ 500003cd (sz=40, trace=300101, class=java.lang.ref.Finalizer@50000107)
	referent	500003cc
	queue		50001194
	next		500003a2
	prev		5000046a
OBJ 500003ce (sz=56, trace=300102, class=java.util.WeakHashMap@50000074)
	table		500003d1
	queue		500003cf
OBJ 500003cf (sz=32, trace=300103, class=java.lang.ref.ReferenceQueue@50000117)
	lock		500003d0
OBJ 500003d0 (sz=16, trace=300104, class=java.lang.ref.ReferenceQueue$Lock@50000020)
ARR 500003d1 (sz=80, trace=300105, nelems=0, elem type=java.util.WeakHashMap$Entry[]@50000039)
OBJ 500003d2 (sz=24, trace=300107, class=java.util.ArrayDeque@500002b1)
	elements	500003d3
ARR 500003d3 (sz=80, trace=300108, nelems=0, elem type=java.lang.Object[]@500000a8)
OBJ 500003d4 (sz=32, trace=300110, class=java.util.zip.ZipCoder@500002b4)
	cs		50001886
	enc		500003d8
OBJ 500003d5 (sz=64, trace=302555, class=SevenZip.Compression.LZMA.Encoder$Optimal@50000da3)
OBJ 500003d6 (sz=64, trace=302555, class=SevenZip.Compression.LZMA.Encoder$Optimal@50000da3)
ARR 500003d7 (sz=1, trace=300131, nelems=1, elem type=byte[])
OBJ 500003d8 (sz=48, trace=300132, class=sun.nio.cs.UTF_8$Encoder@50000016)
	charset		50001886
	replacement	500003d7
	malformedInputAction	50001dcc
	unmappableCharacterAction	50001dcc
OBJ 500003d9 (sz=64, trace=302555, class=SevenZip.Compression.LZMA.Encoder$Optimal@50000da3)
OBJ 500003da (sz=64, trace=302555, class=SevenZip.Compression.LZMA.Encoder$Optimal@50000da3)
OBJ 500003db (sz=64, trace=302555, class=SevenZip.Compression.LZMA.Encoder$Optimal@50000da3)
OBJ 500003dc (sz=64, trace=302555, class=SevenZip.Compression.LZMA.Encoder$Optimal@50000da3)
OBJ 500003dd (sz=64, trace=302555, class=SevenZip.Compression.LZMA.Encoder$Optimal@50000da3)
OBJ 500003de (sz=64, trace=302555, class=SevenZip.Compression.LZMA.Encoder$Optimal@50000da3)
OBJ 500003df (sz=64, trace=302555, class=SevenZip.Compression.LZMA.Encoder$Optimal@50000da3)
OBJ 500003e0 (sz=64, trace=302555, class=SevenZip.Compression.LZMA.Encoder$Optimal@50000da3)
OBJ 500003e1 (sz=24, trace=302060, class=java.util.ArrayList@5000004e)
OBJ 500003e2 (sz=64, trace=302555, class=SevenZip.Compression.LZMA.Encoder$Optimal@50000da3)
ARR 500003e3 (sz=528, trace=302600, nelems=0, elem type=byte[])
ARR 500003e4 (sz=56, trace=302061, nelems=0, elem type=java.lang.Object[]@500000a8)
OBJ 500003e5 (sz=64, trace=302063, class=java.util.regex.Matcher@5000764f)
OBJ 500003e6 (sz=64, trace=302555, class=SevenZip.Compression.LZMA.Encoder$Optimal@50000da3)
OBJ 500003e7 (sz=64, trace=302555, class=SevenZip.Compression.LZMA.Encoder$Optimal@50000da3)
OBJ 500003e8 (sz=64, trace=302555, class=SevenZip.Compression.LZMA.Encoder$Optimal@50000da3)
OBJ 500003e9 (sz=64, trace=302555, class=SevenZip.Compression.LZMA.Encoder$Optimal@50000da3)
ARR 500003ea (sz=96, trace=302064, nelems=0, elem type=int[])
OBJ 500003eb (sz=64, trace=302555, class=SevenZip.Compression.LZMA.Encoder$Optimal@50000da3)
OBJ 500003ec (sz=24, trace=300161, class=sun.misc.JarIndex@500002d6)
	indexMap	500003ed
	jarMap		500003ef
	jarFiles	50000436
OBJ 500003ed (sz=56, trace=300162, class=java.util.HashMap@5000010b)
	table		500003ee
ARR 500003ee (sz=80, trace=300163, nelems=15, elem type=java.util.HashMap$Entry[]@5000009f)
	[1]		50000431
	[3]		50000405
	[4]		50000419
	[10]		50000425
	[11]		5000042b
	[12]		5000040d
	[14]		5000041f
OBJ 500003ef (sz=56, trace=300164, class=java.util.HashMap@5000010b)
	table		500003f0
ARR 500003f0 (sz=80, trace=300165, nelems=3, elem type=java.util.HashMap$Entry[]@5000009f)
	[2]		50000408
OBJ 500003f1 (sz=64, trace=302555, class=SevenZip.Compression.LZMA.Encoder$Optimal@50000da3)
OBJ 500003f2 (sz=64, trace=302555, class=SevenZip.Compression.LZMA.Encoder$Optimal@50000da3)
ARR 500003f3 (sz=40, trace=302065, nelems=0, elem type=int[])
OBJ 500003f4 (sz=40, trace=302069, class=java.util.Formatter$FormatSpecifier@50007656)
OBJ 500003f5 (sz=24, trace=302081, class=java.lang.String@50000096)
ARR 500003f6 (sz=16, trace=302082, nelems=0, elem type=char[])
ARR 500003f7 (sz=16, trace=302083, nelems=0, elem type=char[])
OBJ 500003f8 (sz=16, trace=302084, class=java.util.Formatter$Flags@50007658)
OBJ 500003f9 (sz=24, trace=302085, class=java.lang.String@50000096)
OBJ 500003fa (sz=64, trace=302555, class=SevenZip.Compression.LZMA.Encoder$Optimal@50000da3)
OBJ 500003fb (sz=64, trace=302555, class=SevenZip.Compression.LZMA.Encoder$Optimal@50000da3)
OBJ 500003fc (sz=64, trace=302555, class=SevenZip.Compression.LZMA.Encoder$Optimal@50000da3)
OBJ 500003fd (sz=64, trace=302555, class=SevenZip.Compression.LZMA.Encoder$Optimal@50000da3)
OBJ 500003fe (sz=64, trace=302555, class=SevenZip.Compression.LZMA.Encoder$Optimal@50000da3)
OBJ 500003ff (sz=24, trace=300178, class=java.lang.String@50000096)
	value		50000400
ARR 50000400 (sz=24, trace=300179, nelems=12, elem type=char[])
OBJ 50000401 (sz=24, trace=300180, class=java.lang.String@50000096)
	value		50000402
ARR 50000402 (sz=6, trace=300181, nelems=3, elem type=char[])
OBJ 50000403 (sz=32, trace=300183, class=java.util.LinkedList@50000317)
	first		50000404
	last		50000404
OBJ 50000404 (sz=24, trace=300185, class=java.util.LinkedList$Node@50000319)
	item		500003ff
OBJ 50000405 (sz=32, trace=300186, class=java.util.HashMap$Entry@5000009e)
	key		50000401
	value		50000403
OBJ 50000406 (sz=32, trace=300187, class=java.util.LinkedList@50000317)
	first		50000407
	last		50000432
OBJ 50000407 (sz=24, trace=300188, class=java.util.LinkedList$Node@50000319)
	item		50000401
	next		5000040e
OBJ 50000408 (sz=32, trace=300189, class=java.util.HashMap$Entry@5000009e)
	key		500003ff
	value		50000406
OBJ 50000409 (sz=24, trace=300180, class=java.lang.String@50000096)
	value		5000040a
ARR 5000040a (sz=14, trace=300181, nelems=7, elem type=char[])
OBJ 5000040b (sz=32, trace=300183, class=java.util.LinkedList@50000317)
	first		5000040c
	last		5000040c
OBJ 5000040c (sz=24, trace=300185, class=java.util.LinkedList$Node@50000319)
	item		500003ff
OBJ 5000040d (sz=32, trace=300186, class=java.util.HashMap$Entry@5000009e)
	key		50000409
	value		5000040b
OBJ 5000040e (sz=24, trace=300190, class=java.util.LinkedList$Node@50000319)
	item		50000409
	next		50000414
	prev		50000407
OBJ 5000040f (sz=24, trace=300180, class=java.lang.String@50000096)
	value		50000410
ARR 50000410 (sz=22, trace=300181, nelems=11, elem type=char[])
OBJ 50000411 (sz=32, trace=300183, class=java.util.LinkedList@50000317)
	first		50000412
	last		50000412
OBJ 50000412 (sz=24, trace=300185, class=java.util.LinkedList$Node@50000319)
	item		500003ff
OBJ 50000413 (sz=32, trace=300186, class=java.util.HashMap$Entry@5000009e)
	key		5000040f
	value		50000411
OBJ 50000414 (sz=24, trace=300190, class=java.util.LinkedList$Node@50000319)
	item		5000040f
	next		5000041a
	prev		5000040e
OBJ 50000415 (sz=24, trace=300180, class=java.lang.String@50000096)
	value		50000416
ARR 50000416 (sz=48, trace=300181, nelems=24, elem type=char[])
OBJ 50000417 (sz=32, trace=300183, class=java.util.LinkedList@50000317)
	first		50000418
	last		50000418
OBJ 50000418 (sz=24, trace=300185, class=java.util.LinkedList$Node@50000319)
	item		500003ff
OBJ 50000419 (sz=32, trace=300186, class=java.util.HashMap$Entry@5000009e)
	key		50000415
	value		50000417
OBJ 5000041a (sz=24, trace=300190, class=java.util.LinkedList$Node@50000319)
	item		50000415
	next		50000420
	prev		50000414
OBJ 5000041b (sz=24, trace=300180, class=java.lang.String@50000096)
	value		5000041c
ARR 5000041c (sz=68, trace=300181, nelems=34, elem type=char[])
OBJ 5000041d (sz=32, trace=300183, class=java.util.LinkedList@50000317)
	first		5000041e
	last		5000041e
OBJ 5000041e (sz=24, trace=300185, class=java.util.LinkedList$Node@50000319)
	item		500003ff
OBJ 5000041f (sz=32, trace=300186, class=java.util.HashMap$Entry@5000009e)
	key		5000041b
	value		5000041d
OBJ 50000420 (sz=24, trace=300190, class=java.util.LinkedList$Node@50000319)
	item		5000041b
	next		50000426
	prev		5000041a
OBJ 50000421 (sz=24, trace=300180, class=java.lang.String@50000096)
	value		50000422
ARR 50000422 (sz=68, trace=300181, nelems=34, elem type=char[])
OBJ 50000423 (sz=32, trace=300183, class=java.util.LinkedList@50000317)
	first		50000424
	last		50000424
OBJ 50000424 (sz=24, trace=300185, class=java.util.LinkedList$Node@50000319)
	item		500003ff
OBJ 50000425 (sz=32, trace=300186, class=java.util.HashMap$Entry@5000009e)
	key		50000421
	value		50000423
	next		50000413
OBJ 50000426 (sz=24, trace=300190, class=java.util.LinkedList$Node@50000319)
	item		50000421
	next		5000042c
	prev		50000420
OBJ 50000427 (sz=24, trace=300180, class=java.lang.String@50000096)
	value		50000428
ARR 50000428 (sz=34, trace=300181, nelems=17, elem type=char[])
OBJ 50000429 (sz=32, trace=300183, class=java.util.LinkedList@50000317)
	first		5000042a
	last		5000042a
OBJ 5000042a (sz=24, trace=300185, class=java.util.LinkedList$Node@50000319)
	item		500003ff
OBJ 5000042b (sz=32, trace=300186, class=java.util.HashMap$Entry@5000009e)
	key		50000427
	value		50000429
OBJ 5000042c (sz=24, trace=300190, class=java.util.LinkedList$Node@50000319)
	item		50000427
	next		50000432
	prev		50000426
OBJ 5000042d (sz=24, trace=300180, class=java.lang.String@50000096)
	value		5000042e
ARR 5000042e (sz=48, trace=300181, nelems=24, elem type=char[])
OBJ 5000042f (sz=32, trace=300183, class=java.util.LinkedList@50000317)
	first		50000430
	last		50000430
OBJ 50000430 (sz=24, trace=300185, class=java.util.LinkedList$Node@50000319)
	item		500003ff
OBJ 50000431 (sz=32, trace=300186, class=java.util.HashMap$Entry@5000009e)
	key		5000042d
	value		5000042f
OBJ 50000432 (sz=24, trace=300190, class=java.util.LinkedList$Node@50000319)
	item		5000042d
	prev		5000042c
OBJ 50000433 (sz=64, trace=302555, class=SevenZip.Compression.LZMA.Encoder$Optimal@50000da3)
OBJ 50000434 (sz=64, trace=302555, class=SevenZip.Compression.LZMA.Encoder$Optimal@50000da3)
OBJ 50000435 (sz=64, trace=302555, class=SevenZip.Compression.LZMA.Encoder$Optimal@50000da3)
ARR 50000436 (sz=24, trace=300191, nelems=1, elem type=java.lang.String[]@50000097)
	[0]		500003ff
OBJ 50000437 (sz=64, trace=302555, class=SevenZip.Compression.LZMA.Encoder$Optimal@50000da3)
OBJ 50000438 (sz=64, trace=302555, class=SevenZip.Compression.LZMA.Encoder$Optimal@50000da3)
OBJ 50000439 (sz=64, trace=302555, class=SevenZip.Compression.LZMA.Encoder$Optimal@50000da3)
OBJ 5000043a (sz=64, trace=302555, class=SevenZip.Compression.LZMA.Encoder$Optimal@50000da3)
OBJ 5000043c (sz=16, trace=302482, class=java.lang.Object@500000a7)
OBJ 5000043d (sz=32, trace=300024, class=java.util.concurrent.ConcurrentHashMap$HashEntry@50000115)
	key		50001505
	value		5000043c
OBJ 5000043e (sz=16, trace=302483, class=java.lang.Object@500000a7)
OBJ 5000043f (sz=32, trace=300027, class=java.util.concurrent.ConcurrentHashMap$HashEntry@50000115)
	key		50001505
	value		5000043e
OBJ 50000440 (sz=64, trace=302555, class=SevenZip.Compression.LZMA.Encoder$Optimal@50000da3)
OBJ 50000441 (sz=64, trace=302555, class=SevenZip.Compression.LZMA.Encoder$Optimal@50000da3)
OBJ 50000442 (sz=64, trace=302555, class=SevenZip.Compression.LZMA.Encoder$Optimal@50000da3)
OBJ 50000443 (sz=24, trace=300203, class=java.lang.String@50000096)
	value		50000444
ARR 50000444 (sz=102, trace=300204, nelems=51, elem type=char[])
OBJ 50000445 (sz=32, trace=300205, class=java.util.HashMap$Entry@5000009e)
	key		50000443
	value		500003c3
OBJ 50000446 (sz=64, trace=302555, class=SevenZip.Compression.LZMA.Encoder$Optimal@50000da3)
OBJ 50000447 (sz=64, trace=302555, class=SevenZip.Compression.LZMA.Encoder$Optimal@50000da3)
OBJ 50000448 (sz=64, trace=302555, class=SevenZip.Compression.LZMA.Encoder$Optimal@50000da3)
OBJ 50000449 (sz=64, trace=302555, class=SevenZip.Compression.LZMA.Encoder$Optimal@50000da3)
OBJ 5000044a (sz=64, trace=302555, class=SevenZip.Compression.LZMA.Encoder$Optimal@50000da3)
OBJ 5000044b (sz=64, trace=302555, class=SevenZip.Compression.LZMA.Encoder$Optimal@50000da3)
OBJ 5000044c (sz=64, trace=302555, class=SevenZip.Compression.LZMA.Encoder$Optimal@50000da3)
OBJ 5000044d (sz=64, trace=302555, class=SevenZip.Compression.LZMA.Encoder$Optimal@50000da3)
OBJ 5000044e (sz=64, trace=302555, class=SevenZip.Compression.LZMA.Encoder$Optimal@50000da3)
OBJ 5000044f (sz=64, trace=302555, class=SevenZip.Compression.LZMA.Encoder$Optimal@50000da3)
OBJ 50000450 (sz=64, trace=302555, class=SevenZip.Compression.LZMA.Encoder$Optimal@50000da3)
OBJ 50000451 (sz=64, trace=302555, class=SevenZip.Compression.LZMA.Encoder$Optimal@50000da3)
OBJ 50000452 (sz=64, trace=302555, class=SevenZip.Compression.LZMA.Encoder$Optimal@50000da3)
OBJ 50000453 (sz=64, trace=302555, class=SevenZip.Compression.LZMA.Encoder$Optimal@50000da3)
OBJ 50000454 (sz=64, trace=302555, class=SevenZip.Compression.LZMA.Encoder$Optimal@50000da3)
OBJ 50000455 (sz=64, trace=302555, class=SevenZip.Compression.LZMA.Encoder$Optimal@50000da3)
OBJ 50000456 (sz=64, trace=302555, class=SevenZip.Compression.LZMA.Encoder$Optimal@50000da3)
OBJ 50000457 (sz=64, trace=302555, class=SevenZip.Compression.LZMA.Encoder$Optimal@50000da3)
OBJ 50000458 (sz=64, trace=302555, class=SevenZip.Compression.LZMA.Encoder$Optimal@50000da3)
OBJ 50000459 (sz=64, trace=302555, class=SevenZip.Compression.LZMA.Encoder$Optimal@50000da3)
OBJ 5000045a (sz=64, trace=302555, class=SevenZip.Compression.LZMA.Encoder$Optimal@50000da3)
OBJ 5000045b (sz=64, trace=302555, class=SevenZip.Compression.LZMA.Encoder$Optimal@50000da3)
OBJ 5000045c (sz=24, trace=300054, class=java.lang.String@50000096)
	value		5000045d
ARR 5000045d (sz=100, trace=300055, nelems=50, elem type=char[])
OBJ 5000045e (sz=64, trace=300056, class=java.net.URL@50000071)
	protocol	5000187d
	host		500011ca
	file		5000045c
	authority	500011ca
	path		5000045c
	handler		5000181f
OBJ 5000045f (sz=64, trace=302555, class=SevenZip.Compression.LZMA.Encoder$Optimal@50000da3)
OBJ 50000460 (sz=48, trace=300058, class=sun.misc.URLClassPath$JarLoader@500001ac)
	base		5000045e
	jar		50000469
	csu		5000182e
	index		50000489
	handler		5000181f
	lmap		50001820
ARR 50000461 (sz=24, trace=302082, nelems=0, elem type=char[])
OBJ 50000462 (sz=64, trace=302555, class=SevenZip.Compression.LZMA.Encoder$Optimal@50000da3)
OBJ 50000463 (sz=64, trace=302555, class=SevenZip.Compression.LZMA.Encoder$Optimal@50000da3)
OBJ 50000464 (sz=64, trace=302555, class=SevenZip.Compression.LZMA.Encoder$Optimal@50000da3)
OBJ 50000465 (sz=64, trace=302555, class=SevenZip.Compression.LZMA.Encoder$Optimal@50000da3)
OBJ 50000466 (sz=64, trace=302555, class=SevenZip.Compression.LZMA.Encoder$Optimal@50000da3)
OBJ 50000467 (sz=64, trace=302555, class=SevenZip.Compression.LZMA.Encoder$Optimal@50000da3)
OBJ 50000468 (sz=64, trace=302555, class=SevenZip.Compression.LZMA.Encoder$Optimal@50000da3)
OBJ 50000469 (sz=64, trace=300100, class=java.util.jar.JarFile@50000258)
	name		50001868
	zc		50000471
	streams		5000046b
	inflaterCache	5000046f
OBJ 5000046a (sz=40, trace=300101, class=java.lang.ref.Finalizer@50000107)
	referent	50000469
	queue		50001194
	next		500003cd
	prev		500004e9
OBJ 5000046b (sz=56, trace=300102, class=java.util.WeakHashMap@50000074)
	table		5000046e
	queue		5000046c
OBJ 5000046c (sz=32, trace=300103, class=java.lang.ref.ReferenceQueue@50000117)
	lock		5000046d
OBJ 5000046d (sz=16, trace=300104, class=java.lang.ref.ReferenceQueue$Lock@50000020)
ARR 5000046e (sz=80, trace=300105, nelems=0, elem type=java.util.WeakHashMap$Entry[]@50000039)
OBJ 5000046f (sz=24, trace=300107, class=java.util.ArrayDeque@500002b1)
	elements	50000470
ARR 50000470 (sz=80, trace=300108, nelems=0, elem type=java.lang.Object[]@500000a8)
OBJ 50000471 (sz=32, trace=300110, class=java.util.zip.ZipCoder@500002b4)
	cs		50001886
	enc		50000475
OBJ 50000472 (sz=64, trace=302555, class=SevenZip.Compression.LZMA.Encoder$Optimal@50000da3)
OBJ 50000473 (sz=64, trace=302555, class=SevenZip.Compression.LZMA.Encoder$Optimal@50000da3)
ARR 50000474 (sz=1, trace=300131, nelems=1, elem type=byte[])
OBJ 50000475 (sz=48, trace=300132, class=sun.nio.cs.UTF_8$Encoder@50000016)
	charset		50001886
	replacement	50000474
	malformedInputAction	50001dcc
	unmappableCharacterAction	50001dcc
OBJ 50000476 (sz=64, trace=302555, class=SevenZip.Compression.LZMA.Encoder$Optimal@50000da3)
OBJ 50000477 (sz=64, trace=302555, class=SevenZip.Compression.LZMA.Encoder$Optimal@50000da3)
OBJ 50000478 (sz=64, trace=302555, class=SevenZip.Compression.LZMA.Encoder$Optimal@50000da3)
OBJ 50000479 (sz=64, trace=302555, class=SevenZip.Compression.LZMA.Encoder$Optimal@50000da3)
OBJ 5000047a (sz=64, trace=302555, class=SevenZip.Compression.LZMA.Encoder$Optimal@50000da3)
OBJ 5000047b (sz=64, trace=302555, class=SevenZip.Compression.LZMA.Encoder$Optimal@50000da3)
OBJ 5000047c (sz=64, trace=302555, class=SevenZip.Compression.LZMA.Encoder$Optimal@50000da3)
OBJ 5000047d (sz=64, trace=302555, class=SevenZip.Compression.LZMA.Encoder$Optimal@50000da3)
OBJ 5000047e (sz=64, trace=302555, class=SevenZip.Compression.LZMA.Encoder$Optimal@50000da3)
OBJ 5000047f (sz=64, trace=302555, class=SevenZip.Compression.LZMA.Encoder$Optimal@50000da3)
ARR 50000480 (sz=40, trace=302087, nelems=0, elem type=java.util.Formatter$Flags[]@5000766a)
OBJ 50000481 (sz=24, trace=302089, class=java.lang.String@50000096)
ARR 50000482 (sz=24, trace=302090, nelems=0, elem type=char[])
OBJ 50000483 (sz=64, trace=302555, class=SevenZip.Compression.LZMA.Encoder$Optimal@50000da3)
OBJ 50000484 (sz=64, trace=302555, class=SevenZip.Compression.LZMA.Encoder$Optimal@50000da3)
OBJ 50000485 (sz=64, trace=302555, class=SevenZip.Compression.LZMA.Encoder$Optimal@50000da3)
OBJ 50000486 (sz=64, trace=302555, class=SevenZip.Compression.LZMA.Encoder$Optimal@50000da3)
OBJ 50000487 (sz=24, trace=302091, class=java.util.Formatter$FixedString@5000766c)
OBJ 50000488 (sz=64, trace=302555, class=SevenZip.Compression.LZMA.Encoder$Optimal@50000da3)
OBJ 50000489 (sz=24, trace=300161, class=sun.misc.JarIndex@500002d6)
	indexMap	5000048a
	jarMap		5000048c
	jarFiles	500004b5
OBJ 5000048a (sz=56, trace=300162, class=java.util.HashMap@5000010b)
	table		5000048b
ARR 5000048b (sz=80, trace=300163, nelems=7, elem type=java.util.HashMap$Entry[]@5000009f)
	[0]		500004b0
	[5]		500004aa
	[6]		500004a2
OBJ 5000048c (sz=56, trace=300164, class=java.util.HashMap@5000010b)
	table		5000048d
ARR 5000048d (sz=80, trace=300165, nelems=7, elem type=java.util.HashMap$Entry[]@5000009f)
	[6]		500004a5
OBJ 5000048e (sz=64, trace=302555, class=SevenZip.Compression.LZMA.Encoder$Optimal@50000da3)
OBJ 5000048f (sz=64, trace=302555, class=SevenZip.Compression.LZMA.Encoder$Optimal@50000da3)
OBJ 50000490 (sz=64, trace=302555, class=SevenZip.Compression.LZMA.Encoder$Optimal@50000da3)
OBJ 50000491 (sz=64, trace=302555, class=SevenZip.Compression.LZMA.Encoder$Optimal@50000da3)
OBJ 50000492 (sz=64, trace=302555, class=SevenZip.Compression.LZMA.Encoder$Optimal@50000da3)
OBJ 50000493 (sz=64, trace=302555, class=SevenZip.Compression.LZMA.Encoder$Optimal@50000da3)
OBJ 50000494 (sz=64, trace=302555, class=SevenZip.Compression.LZMA.Encoder$Optimal@50000da3)
OBJ 50000495 (sz=64, trace=302555, class=SevenZip.Compression.LZMA.Encoder$Optimal@50000da3)
OBJ 50000496 (sz=64, trace=302555, class=SevenZip.Compression.LZMA.Encoder$Optimal@50000da3)
OBJ 50000497 (sz=64, trace=302555, class=SevenZip.Compression.LZMA.Encoder$Optimal@50000da3)
OBJ 50000498 (sz=64, trace=302555, class=SevenZip.Compression.LZMA.Encoder$Optimal@50000da3)
OBJ 50000499 (sz=64, trace=302555, class=SevenZip.Compression.LZMA.Encoder$Optimal@50000da3)
OBJ 5000049a (sz=64, trace=302555, class=SevenZip.Compression.LZMA.Encoder$Optimal@50000da3)
OBJ 5000049b (sz=64, trace=302555, class=SevenZip.Compression.LZMA.Encoder$Optimal@50000da3)
OBJ 5000049c (sz=24, trace=300178, class=java.lang.String@50000096)
	value		5000049d
ARR 5000049d (sz=22, trace=300179, nelems=11, elem type=char[])
OBJ 5000049e (sz=24, trace=300180, class=java.lang.String@50000096)
	value		5000049f
ARR 5000049f (sz=10, trace=300181, nelems=5, elem type=char[])
OBJ 500004a0 (sz=32, trace=300183, class=java.util.LinkedList@50000317)
	first		500004a1
	last		500004a1
OBJ 500004a1 (sz=24, trace=300185, class=java.util.LinkedList$Node@50000319)
	item		5000049c
OBJ 500004a2 (sz=32, trace=300186, class=java.util.HashMap$Entry@5000009e)
	key		5000049e
	value		500004a0
OBJ 500004a3 (sz=32, trace=300187, class=java.util.LinkedList@50000317)
	first		500004a4
	last		500004b1
OBJ 500004a4 (sz=24, trace=300188, class=java.util.LinkedList$Node@50000319)
	item		5000049e
	next		500004ab
OBJ 500004a5 (sz=32, trace=300189, class=java.util.HashMap$Entry@5000009e)
	key		5000049c
	value		500004a3
OBJ 500004a6 (sz=24, trace=300180, class=java.lang.String@50000096)
	value		500004a7
ARR 500004a7 (sz=22, trace=300181, nelems=11, elem type=char[])
OBJ 500004a8 (sz=32, trace=300183, class=java.util.LinkedList@50000317)
	first		500004a9
	last		500004a9
OBJ 500004a9 (sz=24, trace=300185, class=java.util.LinkedList$Node@50000319)
	item		5000049c
OBJ 500004aa (sz=32, trace=300186, class=java.util.HashMap$Entry@5000009e)
	key		500004a6
	value		500004a8
OBJ 500004ab (sz=24, trace=300190, class=java.util.LinkedList$Node@50000319)
	item		500004a6
	next		500004b1
	prev		500004a4
OBJ 500004ac (sz=24, trace=300180, class=java.lang.String@50000096)
	value		500004ad
ARR 500004ad (sz=30, trace=300181, nelems=15, elem type=char[])
OBJ 500004ae (sz=32, trace=300183, class=java.util.LinkedList@50000317)
	first		500004af
	last		500004af
OBJ 500004af (sz=24, trace=300185, class=java.util.LinkedList$Node@50000319)
	item		5000049c
OBJ 500004b0 (sz=32, trace=300186, class=java.util.HashMap$Entry@5000009e)
	key		500004ac
	value		500004ae
OBJ 500004b1 (sz=24, trace=300190, class=java.util.LinkedList$Node@50000319)
	item		500004ac
	prev		500004ab
OBJ 500004b2 (sz=64, trace=302555, class=SevenZip.Compression.LZMA.Encoder$Optimal@50000da3)
OBJ 500004b3 (sz=64, trace=302555, class=SevenZip.Compression.LZMA.Encoder$Optimal@50000da3)
OBJ 500004b4 (sz=64, trace=302555, class=SevenZip.Compression.LZMA.Encoder$Optimal@50000da3)
ARR 500004b5 (sz=24, trace=300191, nelems=1, elem type=java.lang.String[]@50000097)
	[0]		5000049c
OBJ 500004b6 (sz=64, trace=302555, class=SevenZip.Compression.LZMA.Encoder$Optimal@50000da3)
OBJ 500004b7 (sz=64, trace=302555, class=SevenZip.Compression.LZMA.Encoder$Optimal@50000da3)
OBJ 500004b8 (sz=64, trace=302555, class=SevenZip.Compression.LZMA.Encoder$Optimal@50000da3)
OBJ 500004b9 (sz=64, trace=302555, class=SevenZip.Compression.LZMA.Encoder$Optimal@50000da3)
OBJ 500004ba (sz=64, trace=302555, class=SevenZip.Compression.LZMA.Encoder$Optimal@50000da3)
OBJ 500004bb (sz=64, trace=302555, class=SevenZip.Compression.LZMA.Encoder$Optimal@50000da3)
OBJ 500004bc (sz=64, trace=302555, class=SevenZip.Compression.LZMA.Encoder$Optimal@50000da3)
OBJ 500004bd (sz=64, trace=302555, class=SevenZip.Compression.LZMA.Encoder$Optimal@50000da3)
OBJ 500004be (sz=64, trace=302555, class=SevenZip.Compression.LZMA.Encoder$Optimal@50000da3)
OBJ 500004bf (sz=64, trace=302555, class=SevenZip.Compression.LZMA.Encoder$Optimal@50000da3)
OBJ 500004c0 (sz=64, trace=302555, class=SevenZip.Compression.LZMA.Encoder$Optimal@50000da3)
OBJ 500004c1 (sz=64, trace=302555, class=SevenZip.Compression.LZMA.Encoder$Optimal@50000da3)
OBJ 500004c2 (sz=24, trace=300203, class=java.lang.String@50000096)
	value		500004c3
ARR 500004c3 (sz=100, trace=300204, nelems=50, elem type=char[])
OBJ 500004c4 (sz=32, trace=300205, class=java.util.HashMap$Entry@5000009e)
	key		500004c2
	value		50000460
OBJ 500004c5 (sz=64, trace=302555, class=SevenZip.Compression.LZMA.Encoder$Optimal@50000da3)
OBJ 500004c6 (sz=64, trace=302555, class=SevenZip.Compression.LZMA.Encoder$Optimal@50000da3)
OBJ 500004c7 (sz=64, trace=302555, class=SevenZip.Compression.LZMA.Encoder$Optimal@50000da3)
OBJ 500004c8 (sz=64, trace=302555, class=SevenZip.Compression.LZMA.Encoder$Optimal@50000da3)
OBJ 500004c9 (sz=64, trace=302555, class=SevenZip.Compression.LZMA.Encoder$Optimal@50000da3)
OBJ 500004ca (sz=64, trace=302555, class=SevenZip.Compression.LZMA.Encoder$Optimal@50000da3)
OBJ 500004cb (sz=64, trace=302555, class=SevenZip.Compression.LZMA.Encoder$Optimal@50000da3)
OBJ 500004cc (sz=64, trace=302555, class=SevenZip.Compression.LZMA.Encoder$Optimal@50000da3)
OBJ 500004cd (sz=64, trace=302555, class=SevenZip.Compression.LZMA.Encoder$Optimal@50000da3)
OBJ 500004ce (sz=64, trace=302555, class=SevenZip.Compression.LZMA.Encoder$Optimal@50000da3)
OBJ 500004cf (sz=64, trace=302555, class=SevenZip.Compression.LZMA.Encoder$Optimal@50000da3)
OBJ 500004d0 (sz=64, trace=302555, class=SevenZip.Compression.LZMA.Encoder$Optimal@50000da3)
OBJ 500004d1 (sz=64, trace=302555, class=SevenZip.Compression.LZMA.Encoder$Optimal@50000da3)
OBJ 500004d2 (sz=64, trace=302555, class=SevenZip.Compression.LZMA.Encoder$Optimal@50000da3)
OBJ 500004d3 (sz=64, trace=302555, class=SevenZip.Compression.LZMA.Encoder$Optimal@50000da3)
OBJ 500004d4 (sz=64, trace=302555, class=SevenZip.Compression.LZMA.Encoder$Optimal@50000da3)
OBJ 500004d5 (sz=64, trace=302555, class=SevenZip.Compression.LZMA.Encoder$Optimal@50000da3)
OBJ 500004d6 (sz=64, trace=302555, class=SevenZip.Compression.LZMA.Encoder$Optimal@50000da3)
OBJ 500004d7 (sz=64, trace=302555, class=SevenZip.Compression.LZMA.Encoder$Optimal@50000da3)
OBJ 500004d8 (sz=64, trace=302555, class=SevenZip.Compression.LZMA.Encoder$Optimal@50000da3)
OBJ 500004d9 (sz=64, trace=302555, class=SevenZip.Compression.LZMA.Encoder$Optimal@50000da3)
OBJ 500004da (sz=64, trace=302555, class=SevenZip.Compression.LZMA.Encoder$Optimal@50000da3)
OBJ 500004db (sz=24, trace=300054, class=java.lang.String@50000096)
	value		500004dc
ARR 500004dc (sz=102, trace=300055, nelems=51, elem type=char[])
OBJ 500004dd (sz=64, trace=300056, class=java.net.URL@50000071)
	protocol	5000187d
	host		500011ca
	file		500004db
	authority	500011ca
	path		500004db
	handler		5000181f
OBJ 500004de (sz=64, trace=302555, class=SevenZip.Compression.LZMA.Encoder$Optimal@50000da3)
OBJ 500004df (sz=48, trace=300058, class=sun.misc.URLClassPath$JarLoader@500001ac)
	base		500004dd
	jar		500004e8
	csu		5000182f
	index		50000508
	handler		5000181f
	lmap		50001820
OBJ 500004e0 (sz=64, trace=302555, class=SevenZip.Compression.LZMA.Encoder$Optimal@50000da3)
OBJ 500004e1 (sz=64, trace=302555, class=SevenZip.Compression.LZMA.Encoder$Optimal@50000da3)
OBJ 500004e2 (sz=64, trace=302555, class=SevenZip.Compression.LZMA.Encoder$Optimal@50000da3)
OBJ 500004e3 (sz=64, trace=302555, class=SevenZip.Compression.LZMA.Encoder$Optimal@50000da3)
OBJ 500004e4 (sz=64, trace=302555, class=SevenZip.Compression.LZMA.Encoder$Optimal@50000da3)
OBJ 500004e5 (sz=64, trace=302555, class=SevenZip.Compression.LZMA.Encoder$Optimal@50000da3)
OBJ 500004e6 (sz=64, trace=302555, class=SevenZip.Compression.LZMA.Encoder$Optimal@50000da3)
OBJ 500004e7 (sz=64, trace=302555, class=SevenZip.Compression.LZMA.Encoder$Optimal@50000da3)
OBJ 500004e8 (sz=64, trace=300100, class=java.util.jar.JarFile@50000258)
	name		50001866
	zc		500004f0
	streams		500004ea
	inflaterCache	500004ee
OBJ 500004e9 (sz=40, trace=300101, class=java.lang.ref.Finalizer@50000107)
	referent	500004e8
	queue		50001194
	next		5000046a
	prev		5000064f
OBJ 500004ea (sz=56, trace=300102, class=java.util.WeakHashMap@50000074)
	table		500004ed
	queue		500004eb
OBJ 500004eb (sz=32, trace=300103, class=java.lang.ref.ReferenceQueue@50000117)
	lock		500004ec
OBJ 500004ec (sz=16, trace=300104, class=java.lang.ref.ReferenceQueue$Lock@50000020)
ARR 500004ed (sz=80, trace=300105, nelems=0, elem type=java.util.WeakHashMap$Entry[]@50000039)
OBJ 500004ee (sz=24, trace=300107, class=java.util.ArrayDeque@500002b1)
	elements	500004ef
ARR 500004ef (sz=80, trace=300108, nelems=0, elem type=java.lang.Object[]@500000a8)
OBJ 500004f0 (sz=32, trace=300110, class=java.util.zip.ZipCoder@500002b4)
	cs		50001886
	enc		500004f4
OBJ 500004f1 (sz=64, trace=302555, class=SevenZip.Compression.LZMA.Encoder$Optimal@50000da3)
OBJ 500004f2 (sz=64, trace=302555, class=SevenZip.Compression.LZMA.Encoder$Optimal@50000da3)
ARR 500004f3 (sz=1, trace=300131, nelems=1, elem type=byte[])
OBJ 500004f4 (sz=48, trace=300132, class=sun.nio.cs.UTF_8$Encoder@50000016)
	charset		50001886
	replacement	500004f3
	malformedInputAction	50001dcc
	unmappableCharacterAction	50001dcc
OBJ 500004f5 (sz=64, trace=302555, class=SevenZip.Compression.LZMA.Encoder$Optimal@50000da3)
OBJ 500004f6 (sz=64, trace=302555, class=SevenZip.Compression.LZMA.Encoder$Optimal@50000da3)
OBJ 500004f7 (sz=64, trace=302555, class=SevenZip.Compression.LZMA.Encoder$Optimal@50000da3)
OBJ 500004f8 (sz=64, trace=302555, class=SevenZip.Compression.LZMA.Encoder$Optimal@50000da3)
OBJ 500004f9 (sz=64, trace=302555, class=SevenZip.Compression.LZMA.Encoder$Optimal@50000da3)
OBJ 500004fa (sz=64, trace=302555, class=SevenZip.Compression.LZMA.Encoder$Optimal@50000da3)
OBJ 500004fb (sz=64, trace=302555, class=SevenZip.Compression.LZMA.Encoder$Optimal@50000da3)
OBJ 500004fc (sz=64, trace=302555, class=SevenZip.Compression.LZMA.Encoder$Optimal@50000da3)
OBJ 500004fd (sz=64, trace=302555, class=SevenZip.Compression.LZMA.Encoder$Optimal@50000da3)
OBJ 500004fe (sz=64, trace=302555, class=SevenZip.Compression.LZMA.Encoder$Optimal@50000da3)
OBJ 500004ff (sz=40, trace=302069, class=java.util.Formatter$FormatSpecifier@50007656)
OBJ 50000500 (sz=24, trace=302081, class=java.lang.String@50000096)
ARR 50000501 (sz=16, trace=302082, nelems=0, elem type=char[])
OBJ 50000502 (sz=64, trace=302555, class=SevenZip.Compression.LZMA.Encoder$Optimal@50000da3)
OBJ 50000503 (sz=64, trace=302555, class=SevenZip.Compression.LZMA.Encoder$Optimal@50000da3)
OBJ 50000504 (sz=64, trace=302555, class=SevenZip.Compression.LZMA.Encoder$Optimal@50000da3)
OBJ 50000505 (sz=64, trace=302555, class=SevenZip.Compression.LZMA.Encoder$Optimal@50000da3)
ARR 50000506 (sz=16, trace=302083, nelems=0, elem type=char[])
OBJ 50000507 (sz=64, trace=302555, class=SevenZip.Compression.LZMA.Encoder$Optimal@50000da3)
OBJ 50000508 (sz=24, trace=300161, class=sun.misc.JarIndex@500002d6)
	indexMap	50000509
	jarMap		5000050b
	jarFiles	5000061a
OBJ 50000509 (sz=56, trace=300162, class=java.util.HashMap@5000010b)
	table		500005b4
OBJ 5000050a (sz=64, trace=302555, class=SevenZip.Compression.LZMA.Encoder$Optimal@50000da3)
OBJ 5000050b (sz=56, trace=300164, class=java.util.HashMap@5000010b)
	table		5000050c
ARR 5000050c (sz=80, trace=300165, nelems=8, elem type=java.util.HashMap$Entry[]@5000009f)
	[7]		50000524
OBJ 5000050d (sz=64, trace=302555, class=SevenZip.Compression.LZMA.Encoder$Optimal@50000da3)
OBJ 5000050e (sz=64, trace=302555, class=SevenZip.Compression.LZMA.Encoder$Optimal@50000da3)
OBJ 5000050f (sz=64, trace=302555, class=SevenZip.Compression.LZMA.Encoder$Optimal@50000da3)
OBJ 50000510 (sz=64, trace=302555, class=SevenZip.Compression.LZMA.Encoder$Optimal@50000da3)
OBJ 50000511 (sz=64, trace=302555, class=SevenZip.Compression.LZMA.Encoder$Optimal@50000da3)
OBJ 50000512 (sz=64, trace=302555, class=SevenZip.Compression.LZMA.Encoder$Optimal@50000da3)
OBJ 50000513 (sz=64, trace=302555, class=SevenZip.Compression.LZMA.Encoder$Optimal@50000da3)
OBJ 50000514 (sz=64, trace=302555, class=SevenZip.Compression.LZMA.Encoder$Optimal@50000da3)
OBJ 50000515 (sz=64, trace=302555, class=SevenZip.Compression.LZMA.Encoder$Optimal@50000da3)
OBJ 50000516 (sz=64, trace=302555, class=SevenZip.Compression.LZMA.Encoder$Optimal@50000da3)
OBJ 50000517 (sz=64, trace=302555, class=SevenZip.Compression.LZMA.Encoder$Optimal@50000da3)
OBJ 50000518 (sz=64, trace=302555, class=SevenZip.Compression.LZMA.Encoder$Optimal@50000da3)
OBJ 50000519 (sz=64, trace=302555, class=SevenZip.Compression.LZMA.Encoder$Optimal@50000da3)
OBJ 5000051a (sz=64, trace=302555, class=SevenZip.Compression.LZMA.Encoder$Optimal@50000da3)
OBJ 5000051b (sz=24, trace=300178, class=java.lang.String@50000096)
	value		5000051c
ARR 5000051c (sz=24, trace=300179, nelems=12, elem type=char[])
OBJ 5000051d (sz=24, trace=300180, class=java.lang.String@50000096)
	value		5000051e
ARR 5000051e (sz=6, trace=300181, nelems=3, elem type=char[])
OBJ 5000051f (sz=32, trace=300183, class=java.util.LinkedList@50000317)
	first		50000520
	last		50000520
OBJ 50000520 (sz=24, trace=300185, class=java.util.LinkedList$Node@50000319)
	item		5000051b
OBJ 50000521 (sz=32, trace=300186, class=java.util.HashMap$Entry@5000009e)
	key		5000051d
	value		5000051f
OBJ 50000522 (sz=32, trace=300187, class=java.util.LinkedList@50000317)
	first		50000523
	last		50000616
OBJ 50000523 (sz=24, trace=300188, class=java.util.LinkedList$Node@50000319)
	item		5000051d
	next		5000052a
OBJ 50000524 (sz=32, trace=300189, class=java.util.HashMap$Entry@5000009e)
	key		5000051b
	value		50000522
OBJ 50000525 (sz=24, trace=300180, class=java.lang.String@50000096)
	value		50000526
ARR 50000526 (sz=14, trace=300181, nelems=7, elem type=char[])
OBJ 50000527 (sz=32, trace=300183, class=java.util.LinkedList@50000317)
	first		50000528
	last		50000528
OBJ 50000528 (sz=24, trace=300185, class=java.util.LinkedList$Node@50000319)
	item		5000051b
OBJ 50000529 (sz=32, trace=300186, class=java.util.HashMap$Entry@5000009e)
	key		50000525
	value		50000527
OBJ 5000052a (sz=24, trace=300190, class=java.util.LinkedList$Node@50000319)
	item		50000525
	next		50000530
	prev		50000523
OBJ 5000052b (sz=24, trace=300180, class=java.lang.String@50000096)
	value		5000052c
ARR 5000052c (sz=22, trace=300181, nelems=11, elem type=char[])
OBJ 5000052d (sz=32, trace=300183, class=java.util.LinkedList@50000317)
	first		5000052e
	last		5000052e
OBJ 5000052e (sz=24, trace=300185, class=java.util.LinkedList$Node@50000319)
	item		5000051b
OBJ 5000052f (sz=32, trace=300186, class=java.util.HashMap$Entry@5000009e)
	key		5000052b
	value		5000052d
	next		5000057e
OBJ 50000530 (sz=24, trace=300190, class=java.util.LinkedList$Node@50000319)
	item		5000052b
	next		50000536
	prev		5000052a
OBJ 50000531 (sz=24, trace=300180, class=java.lang.String@50000096)
	value		50000532
ARR 50000532 (sz=40, trace=300181, nelems=20, elem type=char[])
OBJ 50000533 (sz=32, trace=300183, class=java.util.LinkedList@50000317)
	first		50000534
	last		50000534
OBJ 50000534 (sz=24, trace=300185, class=java.util.LinkedList$Node@50000319)
	item		5000051b
OBJ 50000535 (sz=32, trace=300186, class=java.util.HashMap$Entry@5000009e)
	key		50000531
	value		50000533
	next		5000059c
OBJ 50000536 (sz=24, trace=300190, class=java.util.LinkedList$Node@50000319)
	item		50000531
	next		5000053c
	prev		50000530
OBJ 50000537 (sz=24, trace=300180, class=java.lang.String@50000096)
	value		50000538
ARR 50000538 (sz=38, trace=300181, nelems=19, elem type=char[])
OBJ 50000539 (sz=32, trace=300183, class=java.util.LinkedList@50000317)
	first		5000053a
	last		5000053a
OBJ 5000053a (sz=24, trace=300185, class=java.util.LinkedList$Node@50000319)
	item		5000051b
OBJ 5000053b (sz=32, trace=300186, class=java.util.HashMap$Entry@5000009e)
	key		50000537
	value		50000539
OBJ 5000053c (sz=24, trace=300190, class=java.util.LinkedList$Node@50000319)
	item		50000537
	next		50000542
	prev		50000536
OBJ 5000053d (sz=24, trace=300180, class=java.lang.String@50000096)
	value		5000053e
ARR 5000053e (sz=48, trace=300181, nelems=24, elem type=char[])
OBJ 5000053f (sz=32, trace=300183, class=java.util.LinkedList@50000317)
	first		50000540
	last		50000540
OBJ 50000540 (sz=24, trace=300185, class=java.util.LinkedList$Node@50000319)
	item		5000051b
OBJ 50000541 (sz=32, trace=300186, class=java.util.HashMap$Entry@5000009e)
	key		5000053d
	value		5000053f
OBJ 50000542 (sz=24, trace=300190, class=java.util.LinkedList$Node@50000319)
	item		5000053d
	next		50000548
	prev		5000053c
OBJ 50000543 (sz=24, trace=300180, class=java.lang.String@50000096)
	value		50000544
ARR 50000544 (sz=60, trace=300181, nelems=30, elem type=char[])
OBJ 50000545 (sz=32, trace=300183, class=java.util.LinkedList@50000317)
	first		50000546
	last		50000546
OBJ 50000546 (sz=24, trace=300185, class=java.util.LinkedList$Node@50000319)
	item		5000051b
OBJ 50000547 (sz=32, trace=300186, class=java.util.HashMap$Entry@5000009e)
	key		50000543
	value		50000545
OBJ 50000548 (sz=24, trace=300190, class=java.util.LinkedList$Node@50000319)
	item		50000543
	next		5000054e
	prev		50000542
OBJ 50000549 (sz=24, trace=300180, class=java.lang.String@50000096)
	value		5000054a
ARR 5000054a (sz=34, trace=300181, nelems=17, elem type=char[])
OBJ 5000054b (sz=32, trace=300183, class=java.util.LinkedList@50000317)
	first		5000054c
	last		5000054c
OBJ 5000054c (sz=24, trace=300185, class=java.util.LinkedList$Node@50000319)
	item		5000051b
OBJ 5000054d (sz=32, trace=300186, class=java.util.HashMap$Entry@5000009e)
	key		50000549
	value		5000054b
	next		50000596
OBJ 5000054e (sz=24, trace=300190, class=java.util.LinkedList$Node@50000319)
	item		50000549
	next		50000554
	prev		50000548
OBJ 5000054f (sz=24, trace=300180, class=java.lang.String@50000096)
	value		50000550
ARR 50000550 (sz=48, trace=300181, nelems=24, elem type=char[])
OBJ 50000551 (sz=32, trace=300183, class=java.util.LinkedList@50000317)
	first		50000552
	last		50000552
OBJ 50000552 (sz=24, trace=300185, class=java.util.LinkedList$Node@50000319)
	item		5000051b
OBJ 50000553 (sz=32, trace=300186, class=java.util.HashMap$Entry@5000009e)
	key		5000054f
	value		50000551
OBJ 50000554 (sz=24, trace=300190, class=java.util.LinkedList$Node@50000319)
	item		5000054f
	next		5000055a
	prev		5000054e
OBJ 50000555 (sz=24, trace=300180, class=java.lang.String@50000096)
	value		50000556
ARR 50000556 (sz=46, trace=300181, nelems=23, elem type=char[])
OBJ 50000557 (sz=32, trace=300183, class=java.util.LinkedList@50000317)
	first		50000558
	last		50000558
OBJ 50000558 (sz=24, trace=300185, class=java.util.LinkedList$Node@50000319)
	item		5000051b
OBJ 50000559 (sz=32, trace=300186, class=java.util.HashMap$Entry@5000009e)
	key		50000555
	value		50000557
OBJ 5000055a (sz=24, trace=300190, class=java.util.LinkedList$Node@50000319)
	item		50000555
	next		50000560
	prev		50000554
OBJ 5000055b (sz=24, trace=300180, class=java.lang.String@50000096)
	value		5000055c
ARR 5000055c (sz=54, trace=300181, nelems=27, elem type=char[])
OBJ 5000055d (sz=32, trace=300183, class=java.util.LinkedList@50000317)
	first		5000055e
	last		5000055e
OBJ 5000055e (sz=24, trace=300185, class=java.util.LinkedList$Node@50000319)
	item		5000051b
OBJ 5000055f (sz=32, trace=300186, class=java.util.HashMap$Entry@5000009e)
	key		5000055b
	value		5000055d
OBJ 50000560 (sz=24, trace=300190, class=java.util.LinkedList$Node@50000319)
	item		5000055b
	next		50000566
	prev		5000055a
OBJ 50000561 (sz=24, trace=300180, class=java.lang.String@50000096)
	value		50000562
ARR 50000562 (sz=82, trace=300181, nelems=41, elem type=char[])
OBJ 50000563 (sz=32, trace=300183, class=java.util.LinkedList@50000317)
	first		50000564
	last		50000564
OBJ 50000564 (sz=24, trace=300185, class=java.util.LinkedList$Node@50000319)
	item		5000051b
OBJ 50000565 (sz=32, trace=300186, class=java.util.HashMap$Entry@5000009e)
	key		50000561
	value		50000563
OBJ 50000566 (sz=24, trace=300190, class=java.util.LinkedList$Node@50000319)
	item		50000561
	next		5000056d
	prev		50000560
OBJ 50000567 (sz=24, trace=300180, class=java.lang.String@50000096)
	value		50000568
ARR 50000568 (sz=72, trace=300181, nelems=36, elem type=char[])
OBJ 50000569 (sz=32, trace=300183, class=java.util.LinkedList@50000317)
	first		5000056a
	last		5000056a
OBJ 5000056a (sz=24, trace=300185, class=java.util.LinkedList$Node@50000319)
	item		5000051b
OBJ 5000056b (sz=64, trace=302555, class=SevenZip.Compression.LZMA.Encoder$Optimal@50000da3)
OBJ 5000056c (sz=32, trace=300186, class=java.util.HashMap$Entry@5000009e)
	key		50000567
	value		50000569
	next		50000578
OBJ 5000056d (sz=24, trace=300190, class=java.util.LinkedList$Node@50000319)
	item		50000567
	next		50000573
	prev		50000566
OBJ 5000056e (sz=24, trace=300180, class=java.lang.String@50000096)
	value		5000056f
ARR 5000056f (sz=66, trace=300181, nelems=33, elem type=char[])
OBJ 50000570 (sz=32, trace=300183, class=java.util.LinkedList@50000317)
	first		50000571
	last		50000571
OBJ 50000571 (sz=24, trace=300185, class=java.util.LinkedList$Node@50000319)
	item		5000051b
OBJ 50000572 (sz=32, trace=300186, class=java.util.HashMap$Entry@5000009e)
	key		5000056e
	value		50000570
OBJ 50000573 (sz=24, trace=300190, class=java.util.LinkedList$Node@50000319)
	item		5000056e
	next		50000579
	prev		5000056d
OBJ 50000574 (sz=24, trace=300180, class=java.lang.String@50000096)
	value		50000575
ARR 50000575 (sz=70, trace=300181, nelems=35, elem type=char[])
OBJ 50000576 (sz=32, trace=300183, class=java.util.LinkedList@50000317)
	first		50000577
	last		50000577
OBJ 50000577 (sz=24, trace=300185, class=java.util.LinkedList$Node@50000319)
	item		5000051b
OBJ 50000578 (sz=32, trace=300186, class=java.util.HashMap$Entry@5000009e)
	key		50000574
	value		50000576
OBJ 50000579 (sz=24, trace=300190, class=java.util.LinkedList$Node@50000319)
	item		50000574
	next		5000057f
	prev		50000573
OBJ 5000057a (sz=24, trace=300180, class=java.lang.String@50000096)
	value		5000057b
ARR 5000057b (sz=68, trace=300181, nelems=34, elem type=char[])
OBJ 5000057c (sz=32, trace=300183, class=java.util.LinkedList@50000317)
	first		5000057d
	last		5000057d
OBJ 5000057d (sz=24, trace=300185, class=java.util.LinkedList$Node@50000319)
	item		5000051b
OBJ 5000057e (sz=32, trace=300186, class=java.util.HashMap$Entry@5000009e)
	key		5000057a
	value		5000057c
OBJ 5000057f (sz=24, trace=300190, class=java.util.LinkedList$Node@50000319)
	item		5000057a
	next		50000585
	prev		50000579
OBJ 50000580 (sz=24, trace=300180, class=java.lang.String@50000096)
	value		50000581
ARR 50000581 (sz=60, trace=300181, nelems=30, elem type=char[])
OBJ 50000582 (sz=32, trace=300183, class=java.util.LinkedList@50000317)
	first		50000583
	last		50000583
OBJ 50000583 (sz=24, trace=300185, class=java.util.LinkedList$Node@50000319)
	item		5000051b
OBJ 50000584 (sz=32, trace=300186, class=java.util.HashMap$Entry@5000009e)
	key		50000580
	value		50000582
OBJ 50000585 (sz=24, trace=300190, class=java.util.LinkedList$Node@50000319)
	item		50000580
	next		5000058b
	prev		5000057f
OBJ 50000586 (sz=24, trace=300180, class=java.lang.String@50000096)
	value		50000587
ARR 50000587 (sz=58, trace=300181, nelems=29, elem type=char[])
OBJ 50000588 (sz=32, trace=300183, class=java.util.LinkedList@50000317)
	first		50000589
	last		50000589
OBJ 50000589 (sz=24, trace=300185, class=java.util.LinkedList$Node@50000319)
	item		5000051b
OBJ 5000058a (sz=32, trace=300186, class=java.util.HashMap$Entry@5000009e)
	key		50000586
	value		50000588
OBJ 5000058b (sz=24, trace=300190, class=java.util.LinkedList$Node@50000319)
	item		50000586
	next		50000591
	prev		50000585
OBJ 5000058c (sz=24, trace=300180, class=java.lang.String@50000096)
	value		5000058d
ARR 5000058d (sz=52, trace=300181, nelems=26, elem type=char[])
OBJ 5000058e (sz=32, trace=300183, class=java.util.LinkedList@50000317)
	first		5000058f
	last		5000058f
OBJ 5000058f (sz=24, trace=300185, class=java.util.LinkedList$Node@50000319)
	item		5000051b
OBJ 50000590 (sz=32, trace=300186, class=java.util.HashMap$Entry@5000009e)
	key		5000058c
	value		5000058e
OBJ 50000591 (sz=24, trace=300190, class=java.util.LinkedList$Node@50000319)
	item		5000058c
	next		50000597
	prev		5000058b
OBJ 50000592 (sz=24, trace=300180, class=java.lang.String@50000096)
	value		50000593
ARR 50000593 (sz=46, trace=300181, nelems=23, elem type=char[])
OBJ 50000594 (sz=32, trace=300183, class=java.util.LinkedList@50000317)
	first		50000595
	last		50000595
OBJ 50000595 (sz=24, trace=300185, class=java.util.LinkedList$Node@50000319)
	item		5000051b
OBJ 50000596 (sz=32, trace=300186, class=java.util.HashMap$Entry@5000009e)
	key		50000592
	value		50000594
OBJ 50000597 (sz=24, trace=300190, class=java.util.LinkedList$Node@50000319)
	item		50000592
	next		5000059d
	prev		50000591
OBJ 50000598 (sz=24, trace=300180, class=java.lang.String@50000096)
	value		50000599
ARR 50000599 (sz=50, trace=300181, nelems=25, elem type=char[])
OBJ 5000059a (sz=32, trace=300183, class=java.util.LinkedList@50000317)
	first		5000059b
	last		5000059b
OBJ 5000059b (sz=24, trace=300185, class=java.util.LinkedList$Node@50000319)
	item		5000051b
OBJ 5000059c (sz=32, trace=300186, class=java.util.HashMap$Entry@5000009e)
	key		50000598
	value		5000059a
OBJ 5000059d (sz=24, trace=300190, class=java.util.LinkedList$Node@50000319)
	item		50000598
	next		500005a3
	prev		50000597
OBJ 5000059e (sz=24, trace=300180, class=java.lang.String@50000096)
	value		5000059f
ARR 5000059f (sz=70, trace=300181, nelems=35, elem type=char[])
OBJ 500005a0 (sz=32, trace=300183, class=java.util.LinkedList@50000317)
	first		500005a1
	last		500005a1
OBJ 500005a1 (sz=24, trace=300185, class=java.util.LinkedList$Node@50000319)
	item		5000051b
OBJ 500005a2 (sz=32, trace=300186, class=java.util.HashMap$Entry@5000009e)
	key		5000059e
	value		500005a0
OBJ 500005a3 (sz=24, trace=300190, class=java.util.LinkedList$Node@50000319)
	item		5000059e
	next		500005a9
	prev		5000059d
OBJ 500005a4 (sz=24, trace=300180, class=java.lang.String@50000096)
	value		500005a5
ARR 500005a5 (sz=56, trace=300181, nelems=28, elem type=char[])
OBJ 500005a6 (sz=32, trace=300183, class=java.util.LinkedList@50000317)
	first		500005a7
	last		500005a7
OBJ 500005a7 (sz=24, trace=300185, class=java.util.LinkedList$Node@50000319)
	item		5000051b
OBJ 500005a8 (sz=32, trace=300186, class=java.util.HashMap$Entry@5000009e)
	key		500005a4
	value		500005a6
OBJ 500005a9 (sz=24, trace=300190, class=java.util.LinkedList$Node@50000319)
	item		500005a4
	next		500005af
	prev		500005a3
OBJ 500005aa (sz=24, trace=300180, class=java.lang.String@50000096)
	value		500005ab
ARR 500005ab (sz=62, trace=300181, nelems=31, elem type=char[])
OBJ 500005ac (sz=32, trace=300183, class=java.util.LinkedList@50000317)
	first		500005ad
	last		500005ad
OBJ 500005ad (sz=24, trace=300185, class=java.util.LinkedList$Node@50000319)
	item		5000051b
OBJ 500005ae (sz=32, trace=300186, class=java.util.HashMap$Entry@5000009e)
	key		500005aa
	value		500005ac
OBJ 500005af (sz=24, trace=300190, class=java.util.LinkedList$Node@50000319)
	item		500005aa
	next		500005b6
	prev		500005a9
OBJ 500005b0 (sz=24, trace=300180, class=java.lang.String@50000096)
	value		500005b1
ARR 500005b1 (sz=80, trace=300181, nelems=40, elem type=char[])
OBJ 500005b2 (sz=32, trace=300183, class=java.util.LinkedList@50000317)
	first		500005b3
	last		500005b3
OBJ 500005b3 (sz=24, trace=300185, class=java.util.LinkedList$Node@50000319)
	item		5000051b
ARR 500005b4 (sz=272, trace=300277, nelems=63, elem type=java.util.HashMap$Entry[]@5000009f)
	[1]		50000553
	[2]		50000535
	[3]		50000521
	[4]		50000615
	[7]		500005d9
	[9]		500005a2
	[11]		5000054d
	[13]		500005d3
	[14]		500005e5
	[18]		500005c1
	[20]		50000541
	[22]		500005eb
	[24]		5000058a
	[25]		5000053b
	[26]		500005fd
	[28]		50000565
	[29]		50000559
	[32]		50000584
	[35]		500005f7
	[38]		500005c7
	[40]		5000055f
	[43]		5000060f
	[44]		50000529
	[45]		50000603
	[46]		50000590
	[47]		50000547
	[51]		50000572
	[52]		500005bb
	[53]		500005df
	[58]		500005ae
	[60]		500005b5
	[62]		50000609
OBJ 500005b5 (sz=32, trace=300186, class=java.util.HashMap$Entry@5000009e)
	key		500005b0
	value		500005b2
OBJ 500005b6 (sz=24, trace=300190, class=java.util.LinkedList$Node@50000319)
	item		500005b0
	next		500005bc
	prev		500005af
OBJ 500005b7 (sz=24, trace=300180, class=java.lang.String@50000096)
	value		500005b8
ARR 500005b8 (sz=74, trace=300181, nelems=37, elem type=char[])
OBJ 500005b9 (sz=32, trace=300183, class=java.util.LinkedList@50000317)
	first		500005ba
	last		500005ba
OBJ 500005ba (sz=24, trace=300185, class=java.util.LinkedList$Node@50000319)
	item		5000051b
OBJ 500005bb (sz=32, trace=300186, class=java.util.HashMap$Entry@5000009e)
	key		500005b7
	value		500005b9
OBJ 500005bc (sz=24, trace=300190, class=java.util.LinkedList$Node@50000319)
	item		500005b7
	next		500005c2
	prev		500005b6
OBJ 500005bd (sz=24, trace=300180, class=java.lang.String@50000096)
	value		500005be
ARR 500005be (sz=82, trace=300181, nelems=41, elem type=char[])
OBJ 500005bf (sz=32, trace=300183, class=java.util.LinkedList@50000317)
	first		500005c0
	last		500005c0
OBJ 500005c0 (sz=24, trace=300185, class=java.util.LinkedList$Node@50000319)
	item		5000051b
OBJ 500005c1 (sz=32, trace=300186, class=java.util.HashMap$Entry@5000009e)
	key		500005bd
	value		500005bf
OBJ 500005c2 (sz=24, trace=300190, class=java.util.LinkedList$Node@50000319)
	item		500005bd
	next		500005c8
	prev		500005bc
OBJ 500005c3 (sz=24, trace=300180, class=java.lang.String@50000096)
	value		500005c4
ARR 500005c4 (sz=90, trace=300181, nelems=45, elem type=char[])
OBJ 500005c5 (sz=32, trace=300183, class=java.util.LinkedList@50000317)
	first		500005c6
	last		500005c6
OBJ 500005c6 (sz=24, trace=300185, class=java.util.LinkedList$Node@50000319)
	item		5000051b
OBJ 500005c7 (sz=32, trace=300186, class=java.util.HashMap$Entry@5000009e)
	key		500005c3
	value		500005c5
OBJ 500005c8 (sz=24, trace=300190, class=java.util.LinkedList$Node@50000319)
	item		500005c3
	next		500005ce
	prev		500005c2
OBJ 500005c9 (sz=24, trace=300180, class=java.lang.String@50000096)
	value		500005ca
ARR 500005ca (sz=98, trace=300181, nelems=49, elem type=char[])
OBJ 500005cb (sz=32, trace=300183, class=java.util.LinkedList@50000317)
	first		500005cc
	last		500005cc
OBJ 500005cc (sz=24, trace=300185, class=java.util.LinkedList$Node@50000319)
	item		5000051b
OBJ 500005cd (sz=32, trace=300186, class=java.util.HashMap$Entry@5000009e)
	key		500005c9
	value		500005cb
OBJ 500005ce (sz=24, trace=300190, class=java.util.LinkedList$Node@50000319)
	item		500005c9
	next		500005d4
	prev		500005c8
OBJ 500005cf (sz=24, trace=300180, class=java.lang.String@50000096)
	value		500005d0
ARR 500005d0 (sz=110, trace=300181, nelems=55, elem type=char[])
OBJ 500005d1 (sz=32, trace=300183, class=java.util.LinkedList@50000317)
	first		500005d2
	last		500005d2
OBJ 500005d2 (sz=24, trace=300185, class=java.util.LinkedList$Node@50000319)
	item		5000051b
OBJ 500005d3 (sz=32, trace=300186, class=java.util.HashMap$Entry@5000009e)
	key		500005cf
	value		500005d1
OBJ 500005d4 (sz=24, trace=300190, class=java.util.LinkedList$Node@50000319)
	item		500005cf
	next		500005da
	prev		500005ce
OBJ 500005d5 (sz=24, trace=300180, class=java.lang.String@50000096)
	value		500005d6
ARR 500005d6 (sz=130, trace=300181, nelems=65, elem type=char[])
OBJ 500005d7 (sz=32, trace=300183, class=java.util.LinkedList@50000317)
	first		500005d8
	last		500005d8
OBJ 500005d8 (sz=24, trace=300185, class=java.util.LinkedList$Node@50000319)
	item		5000051b
OBJ 500005d9 (sz=32, trace=300186, class=java.util.HashMap$Entry@5000009e)
	key		500005d5
	value		500005d7
OBJ 500005da (sz=24, trace=300190, class=java.util.LinkedList$Node@50000319)
	item		500005d5
	next		500005e0
	prev		500005d4
OBJ 500005db (sz=24, trace=300180, class=java.lang.String@50000096)
	value		500005dc
ARR 500005dc (sz=158, trace=300181, nelems=79, elem type=char[])
OBJ 500005dd (sz=32, trace=300183, class=java.util.LinkedList@50000317)
	first		500005de
	last		500005de
OBJ 500005de (sz=24, trace=300185, class=java.util.LinkedList$Node@50000319)
	item		5000051b
OBJ 500005df (sz=32, trace=300186, class=java.util.HashMap$Entry@5000009e)
	key		500005db
	value		500005dd
OBJ 500005e0 (sz=24, trace=300190, class=java.util.LinkedList$Node@50000319)
	item		500005db
	next		500005e6
	prev		500005da
OBJ 500005e1 (sz=24, trace=300180, class=java.lang.String@50000096)
	value		500005e2
ARR 500005e2 (sz=142, trace=300181, nelems=71, elem type=char[])
OBJ 500005e3 (sz=32, trace=300183, class=java.util.LinkedList@50000317)
	first		500005e4
	last		500005e4
OBJ 500005e4 (sz=24, trace=300185, class=java.util.LinkedList$Node@50000319)
	item		5000051b
OBJ 500005e5 (sz=32, trace=300186, class=java.util.HashMap$Entry@5000009e)
	key		500005e1
	value		500005e3
OBJ 500005e6 (sz=24, trace=300190, class=java.util.LinkedList$Node@50000319)
	item		500005e1
	next		500005ec
	prev		500005e0
OBJ 500005e7 (sz=24, trace=300180, class=java.lang.String@50000096)
	value		500005e8
ARR 500005e8 (sz=128, trace=300181, nelems=64, elem type=char[])
OBJ 500005e9 (sz=32, trace=300183, class=java.util.LinkedList@50000317)
	first		500005ea
	last		500005ea
OBJ 500005ea (sz=24, trace=300185, class=java.util.LinkedList$Node@50000319)
	item		5000051b
OBJ 500005eb (sz=32, trace=300186, class=java.util.HashMap$Entry@5000009e)
	key		500005e7
	value		500005e9
	next		500005cd
OBJ 500005ec (sz=24, trace=300190, class=java.util.LinkedList$Node@50000319)
	item		500005e7
	next		500005f2
	prev		500005e6
OBJ 500005ed (sz=24, trace=300180, class=java.lang.String@50000096)
	value		500005ee
ARR 500005ee (sz=122, trace=300181, nelems=61, elem type=char[])
OBJ 500005ef (sz=32, trace=300183, class=java.util.LinkedList@50000317)
	first		500005f0
	last		500005f0
OBJ 500005f0 (sz=24, trace=300185, class=java.util.LinkedList$Node@50000319)
	item		5000051b
OBJ 500005f1 (sz=32, trace=300186, class=java.util.HashMap$Entry@5000009e)
	key		500005ed
	value		500005ef
	next		5000052f
OBJ 500005f2 (sz=24, trace=300190, class=java.util.LinkedList$Node@50000319)
	item		500005ed
	next		500005f8
	prev		500005ec
OBJ 500005f3 (sz=24, trace=300180, class=java.lang.String@50000096)
	value		500005f4
ARR 500005f4 (sz=128, trace=300181, nelems=64, elem type=char[])
OBJ 500005f5 (sz=32, trace=300183, class=java.util.LinkedList@50000317)
	first		500005f6
	last		500005f6
OBJ 500005f6 (sz=24, trace=300185, class=java.util.LinkedList$Node@50000319)
	item		5000051b
OBJ 500005f7 (sz=32, trace=300186, class=java.util.HashMap$Entry@5000009e)
	key		500005f3
	value		500005f5
OBJ 500005f8 (sz=24, trace=300190, class=java.util.LinkedList$Node@50000319)
	item		500005f3
	next		500005fe
	prev		500005f2
OBJ 500005f9 (sz=24, trace=300180, class=java.lang.String@50000096)
	value		500005fa
ARR 500005fa (sz=86, trace=300181, nelems=43, elem type=char[])
OBJ 500005fb (sz=32, trace=300183, class=java.util.LinkedList@50000317)
	first		500005fc
	last		500005fc
OBJ 500005fc (sz=24, trace=300185, class=java.util.LinkedList$Node@50000319)
	item		5000051b
OBJ 500005fd (sz=32, trace=300186, class=java.util.HashMap$Entry@5000009e)
	key		500005f9
	value		500005fb
	next		500005f1
OBJ 500005fe (sz=24, trace=300190, class=java.util.LinkedList$Node@50000319)
	item		500005f9
	next		50000604
	prev		500005f8
OBJ 500005ff (sz=24, trace=300180, class=java.lang.String@50000096)
	value		50000600
ARR 50000600 (sz=98, trace=300181, nelems=49, elem type=char[])
OBJ 50000601 (sz=32, trace=300183, class=java.util.LinkedList@50000317)
	first		50000602
	last		50000602
OBJ 50000602 (sz=24, trace=300185, class=java.util.LinkedList$Node@50000319)
	item		5000051b
OBJ 50000603 (sz=32, trace=300186, class=java.util.HashMap$Entry@5000009e)
	key		500005ff
	value		50000601
OBJ 50000604 (sz=24, trace=300190, class=java.util.LinkedList$Node@50000319)
	item		500005ff
	next		5000060a
	prev		500005fe
OBJ 50000605 (sz=24, trace=300180, class=java.lang.String@50000096)
	value		50000606
ARR 50000606 (sz=106, trace=300181, nelems=53, elem type=char[])
OBJ 50000607 (sz=32, trace=300183, class=java.util.LinkedList@50000317)
	first		50000608
	last		50000608
OBJ 50000608 (sz=24, trace=300185, class=java.util.LinkedList$Node@50000319)
	item		5000051b
OBJ 50000609 (sz=32, trace=300186, class=java.util.HashMap$Entry@5000009e)
	key		50000605
	value		50000607
	next		500005a8
OBJ 5000060a (sz=24, trace=300190, class=java.util.LinkedList$Node@50000319)
	item		50000605
	next		50000610
	prev		50000604
OBJ 5000060b (sz=24, trace=300180, class=java.lang.String@50000096)
	value		5000060c
ARR 5000060c (sz=46, trace=300181, nelems=23, elem type=char[])
OBJ 5000060d (sz=32, trace=300183, class=java.util.LinkedList@50000317)
	first		5000060e
	last		5000060e
OBJ 5000060e (sz=24, trace=300185, class=java.util.LinkedList$Node@50000319)
	item		5000051b
OBJ 5000060f (sz=32, trace=300186, class=java.util.HashMap$Entry@5000009e)
	key		5000060b
	value		5000060d
	next		5000056c
OBJ 50000610 (sz=24, trace=300190, class=java.util.LinkedList$Node@50000319)
	item		5000060b
	next		50000616
	prev		5000060a
OBJ 50000611 (sz=24, trace=300180, class=java.lang.String@50000096)
	value		50000612
ARR 50000612 (sz=52, trace=300181, nelems=26, elem type=char[])
OBJ 50000613 (sz=32, trace=300183, class=java.util.LinkedList@50000317)
	first		50000614
	last		50000614
OBJ 50000614 (sz=24, trace=300185, class=java.util.LinkedList$Node@50000319)
	item		5000051b
OBJ 50000615 (sz=32, trace=300186, class=java.util.HashMap$Entry@5000009e)
	key		50000611
	value		50000613
OBJ 50000616 (sz=24, trace=300190, class=java.util.LinkedList$Node@50000319)
	item		50000611
	prev		50000610
OBJ 50000617 (sz=64, trace=302555, class=SevenZip.Compression.LZMA.Encoder$Optimal@50000da3)
OBJ 50000618 (sz=64, trace=302555, class=SevenZip.Compression.LZMA.Encoder$Optimal@50000da3)
OBJ 50000619 (sz=64, trace=302555, class=SevenZip.Compression.LZMA.Encoder$Optimal@50000da3)
ARR 5000061a (sz=24, trace=300191, nelems=1, elem type=java.lang.String[]@50000097)
	[0]		5000051b
OBJ 5000061b (sz=64, trace=302555, class=SevenZip.Compression.LZMA.Encoder$Optimal@50000da3)
OBJ 5000061c (sz=64, trace=302555, class=SevenZip.Compression.LZMA.Encoder$Optimal@50000da3)
OBJ 5000061d (sz=64, trace=302555, class=SevenZip.Compression.LZMA.Encoder$Optimal@50000da3)
OBJ 5000061e (sz=64, trace=302555, class=SevenZip.Compression.LZMA.Encoder$Optimal@50000da3)
OBJ 5000061f (sz=64, trace=302555, class=SevenZip.Compression.LZMA.Encoder$Optimal@50000da3)
OBJ 50000620 (sz=64, trace=302555, class=SevenZip.Compression.LZMA.Encoder$Optimal@50000da3)
OBJ 50000621 (sz=64, trace=302555, class=SevenZip.Compression.LZMA.Encoder$Optimal@50000da3)
OBJ 50000622 (sz=64, trace=302555, class=SevenZip.Compression.LZMA.Encoder$Optimal@50000da3)
OBJ 50000623 (sz=64, trace=302555, class=SevenZip.Compression.LZMA.Encoder$Optimal@50000da3)
OBJ 50000624 (sz=64, trace=302555, class=SevenZip.Compression.LZMA.Encoder$Optimal@50000da3)
OBJ 50000625 (sz=64, trace=302555, class=SevenZip.Compression.LZMA.Encoder$Optimal@50000da3)
OBJ 50000626 (sz=64, trace=302555, class=SevenZip.Compression.LZMA.Encoder$Optimal@50000da3)
OBJ 50000627 (sz=24, trace=300203, class=java.lang.String@50000096)
	value		50000628
ARR 50000628 (sz=102, trace=300204, nelems=51, elem type=char[])
OBJ 50000629 (sz=32, trace=300205, class=java.util.HashMap$Entry@5000009e)
	key		50000627
	value		500004df
OBJ 5000062a (sz=64, trace=302555, class=SevenZip.Compression.LZMA.Encoder$Optimal@50000da3)
OBJ 5000062b (sz=64, trace=302555, class=SevenZip.Compression.LZMA.Encoder$Optimal@50000da3)
OBJ 5000062c (sz=64, trace=302555, class=SevenZip.Compression.LZMA.Encoder$Optimal@50000da3)
OBJ 5000062d (sz=64, trace=302555, class=SevenZip.Compression.LZMA.Encoder$Optimal@50000da3)
OBJ 5000062e (sz=64, trace=302555, class=SevenZip.Compression.LZMA.Encoder$Optimal@50000da3)
OBJ 5000062f (sz=64, trace=302555, class=SevenZip.Compression.LZMA.Encoder$Optimal@50000da3)
OBJ 50000630 (sz=64, trace=302555, class=SevenZip.Compression.LZMA.Encoder$Optimal@50000da3)
OBJ 50000631 (sz=64, trace=302555, class=SevenZip.Compression.LZMA.Encoder$Optimal@50000da3)
OBJ 50000632 (sz=64, trace=302555, class=SevenZip.Compression.LZMA.Encoder$Optimal@50000da3)
OBJ 50000633 (sz=64, trace=302555, class=SevenZip.Compression.LZMA.Encoder$Optimal@50000da3)
OBJ 50000634 (sz=64, trace=302555, class=SevenZip.Compression.LZMA.Encoder$Optimal@50000da3)
OBJ 50000636 (sz=64, trace=302555, class=SevenZip.Compression.LZMA.Encoder$Optimal@50000da3)
OBJ 50000637 (sz=64, trace=302555, class=SevenZip.Compression.LZMA.Encoder$Optimal@50000da3)
OBJ 50000638 (sz=64, trace=302555, class=SevenZip.Compression.LZMA.Encoder$Optimal@50000da3)
OBJ 50000639 (sz=64, trace=302555, class=SevenZip.Compression.LZMA.Encoder$Optimal@50000da3)
OBJ 5000063a (sz=64, trace=302555, class=SevenZip.Compression.LZMA.Encoder$Optimal@50000da3)
OBJ 5000063b (sz=64, trace=302555, class=SevenZip.Compression.LZMA.Encoder$Optimal@50000da3)
OBJ 5000063c (sz=64, trace=302555, class=SevenZip.Compression.LZMA.Encoder$Optimal@50000da3)
OBJ 5000063d (sz=64, trace=302555, class=SevenZip.Compression.LZMA.Encoder$Optimal@50000da3)
OBJ 5000063e (sz=64, trace=302555, class=SevenZip.Compression.LZMA.Encoder$Optimal@50000da3)
OBJ 5000063f (sz=64, trace=302555, class=SevenZip.Compression.LZMA.Encoder$Optimal@50000da3)
OBJ 50000640 (sz=64, trace=302555, class=SevenZip.Compression.LZMA.Encoder$Optimal@50000da3)
OBJ 50000641 (sz=24, trace=300054, class=java.lang.String@50000096)
	value		50000642
ARR 50000642 (sz=104, trace=300055, nelems=52, elem type=char[])
OBJ 50000643 (sz=64, trace=300056, class=java.net.URL@50000071)
	protocol	5000187d
	host		500011ca
	file		50000641
	authority	500011ca
	path		50000641
	handler		5000181f
OBJ 50000644 (sz=64, trace=302555, class=SevenZip.Compression.LZMA.Encoder$Optimal@50000da3)
OBJ 50000645 (sz=48, trace=300058, class=sun.misc.URLClassPath$JarLoader@500001ac)
	base		50000643
	jar		5000064e
	csu		50001830
	index		5000066e
	handler		5000181f
	lmap		50001820
OBJ 50000646 (sz=64, trace=302555, class=SevenZip.Compression.LZMA.Encoder$Optimal@50000da3)
OBJ 50000647 (sz=64, trace=302555, class=SevenZip.Compression.LZMA.Encoder$Optimal@50000da3)
OBJ 50000648 (sz=64, trace=302555, class=SevenZip.Compression.LZMA.Encoder$Optimal@50000da3)
OBJ 50000649 (sz=64, trace=302555, class=SevenZip.Compression.LZMA.Encoder$Optimal@50000da3)
OBJ 5000064a (sz=64, trace=302555, class=SevenZip.Compression.LZMA.Encoder$Optimal@50000da3)
OBJ 5000064b (sz=64, trace=302555, class=SevenZip.Compression.LZMA.Encoder$Optimal@50000da3)
OBJ 5000064c (sz=64, trace=302555, class=SevenZip.Compression.LZMA.Encoder$Optimal@50000da3)
OBJ 5000064d (sz=64, trace=302555, class=SevenZip.Compression.LZMA.Encoder$Optimal@50000da3)
OBJ 5000064e (sz=64, trace=300100, class=java.util.jar.JarFile@50000258)
	name		50001864
	zc		50000656
	streams		50000650
	inflaterCache	50000654
OBJ 5000064f (sz=40, trace=300101, class=java.lang.ref.Finalizer@50000107)
	referent	5000064e
	queue		50001194
	next		500004e9
	prev		500006ec
OBJ 50000650 (sz=56, trace=300102, class=java.util.WeakHashMap@50000074)
	table		50000653
	queue		50000651
OBJ 50000651 (sz=32, trace=300103, class=java.lang.ref.ReferenceQueue@50000117)
	lock		50000652
OBJ 50000652 (sz=16, trace=300104, class=java.lang.ref.ReferenceQueue$Lock@50000020)
ARR 50000653 (sz=80, trace=300105, nelems=0, elem type=java.util.WeakHashMap$Entry[]@50000039)
OBJ 50000654 (sz=24, trace=300107, class=java.util.ArrayDeque@500002b1)
	elements	50000655
ARR 50000655 (sz=80, trace=300108, nelems=0, elem type=java.lang.Object[]@500000a8)
OBJ 50000656 (sz=32, trace=300110, class=java.util.zip.ZipCoder@500002b4)
	cs		50001886
	enc		5000065a
OBJ 50000657 (sz=64, trace=302555, class=SevenZip.Compression.LZMA.Encoder$Optimal@50000da3)
OBJ 50000658 (sz=64, trace=302555, class=SevenZip.Compression.LZMA.Encoder$Optimal@50000da3)
ARR 50000659 (sz=1, trace=300131, nelems=1, elem type=byte[])
OBJ 5000065a (sz=48, trace=300132, class=sun.nio.cs.UTF_8$Encoder@50000016)
	charset		50001886
	replacement	50000659
	malformedInputAction	50001dcc
	unmappableCharacterAction	50001dcc
OBJ 5000065b (sz=64, trace=302555, class=SevenZip.Compression.LZMA.Encoder$Optimal@50000da3)
OBJ 5000065c (sz=64, trace=302555, class=SevenZip.Compression.LZMA.Encoder$Optimal@50000da3)
OBJ 5000065d (sz=64, trace=302555, class=SevenZip.Compression.LZMA.Encoder$Optimal@50000da3)
OBJ 5000065e (sz=64, trace=302555, class=SevenZip.Compression.LZMA.Encoder$Optimal@50000da3)
OBJ 5000065f (sz=64, trace=302555, class=SevenZip.Compression.LZMA.Encoder$Optimal@50000da3)
OBJ 50000660 (sz=64, trace=302555, class=SevenZip.Compression.LZMA.Encoder$Optimal@50000da3)
OBJ 50000661 (sz=16, trace=302084, class=java.util.Formatter$Flags@50007658)
OBJ 50000662 (sz=24, trace=302085, class=java.lang.String@50000096)
OBJ 50000663 (sz=64, trace=302555, class=SevenZip.Compression.LZMA.Encoder$Optimal@50000da3)
OBJ 50000664 (sz=64, trace=302555, class=SevenZip.Compression.LZMA.Encoder$Optimal@50000da3)
ARR 50000665 (sz=24, trace=302082, nelems=0, elem type=char[])
ARR 50000666 (sz=40, trace=302087, nelems=0, elem type=java.util.Formatter$Flags[]@5000766a)
OBJ 50000667 (sz=24, trace=302092, class=java.lang.String@50000096)
OBJ 50000668 (sz=64, trace=302555, class=SevenZip.Compression.LZMA.Encoder$Optimal@50000da3)
OBJ 50000669 (sz=64, trace=302555, class=SevenZip.Compression.LZMA.Encoder$Optimal@50000da3)
OBJ 5000066a (sz=64, trace=302555, class=SevenZip.Compression.LZMA.Encoder$Optimal@50000da3)
OBJ 5000066b (sz=64, trace=302555, class=SevenZip.Compression.LZMA.Encoder$Optimal@50000da3)
ARR 5000066c (sz=24, trace=302093, nelems=0, elem type=char[])
OBJ 5000066d (sz=64, trace=302555, class=SevenZip.Compression.LZMA.Encoder$Optimal@50000da3)
OBJ 5000066e (sz=24, trace=300161, class=sun.misc.JarIndex@500002d6)
	indexMap	5000066f
	jarMap		50000671
	jarFiles	500006b8
OBJ 5000066f (sz=56, trace=300162, class=java.util.HashMap@5000010b)
	table		50000670
ARR 50000670 (sz=80, trace=300163, nelems=16, elem type=java.util.HashMap$Entry[]@5000009f)
	[0]		500006a1
	[2]		500006b3
	[3]		50000687
	[5]		50000695
	[12]		5000068f
	[13]		5000069b
	[14]		500006ad
	[15]		500006a7
OBJ 50000671 (sz=56, trace=300164, class=java.util.HashMap@5000010b)
	table		50000672
ARR 50000672 (sz=80, trace=300165, nelems=10, elem type=java.util.HashMap$Entry[]@5000009f)
	[9]		5000068a
OBJ 50000673 (sz=24, trace=302094, class=java.util.Formatter$FixedString@5000766c)
ARR 50000675 (sz=32, trace=302095, nelems=0, elem type=java.util.Formatter$FormatString[]@5000767b)
ARR 50000676 (sz=88, trace=302097, nelems=0, elem type=char[])
ARR 50000677 (sz=176, trace=302097, nelems=0, elem type=char[])
ARR 50000679 (sz=328, trace=302097, nelems=0, elem type=char[])
OBJ 5000067a (sz=64, trace=302555, class=SevenZip.Compression.LZMA.Encoder$Optimal@50000da3)
OBJ 5000067b (sz=64, trace=302555, class=SevenZip.Compression.LZMA.Encoder$Optimal@50000da3)
OBJ 5000067c (sz=64, trace=302555, class=SevenZip.Compression.LZMA.Encoder$Optimal@50000da3)
OBJ 5000067d (sz=64, trace=302555, class=SevenZip.Compression.LZMA.Encoder$Optimal@50000da3)
OBJ 5000067e (sz=64, trace=302555, class=SevenZip.Compression.LZMA.Encoder$Optimal@50000da3)
OBJ 5000067f (sz=64, trace=302555, class=SevenZip.Compression.LZMA.Encoder$Optimal@50000da3)
OBJ 50000680 (sz=64, trace=302555, class=SevenZip.Compression.LZMA.Encoder$Optimal@50000da3)
OBJ 50000681 (sz=24, trace=300178, class=java.lang.String@50000096)
	value		50000682
ARR 50000682 (sz=26, trace=300179, nelems=13, elem type=char[])
OBJ 50000683 (sz=24, trace=300180, class=java.lang.String@50000096)
	value		50000684
ARR 50000684 (sz=6, trace=300181, nelems=3, elem type=char[])
OBJ 50000685 (sz=32, trace=300183, class=java.util.LinkedList@50000317)
	first		50000686
	last		50000686
OBJ 50000686 (sz=24, trace=300185, class=java.util.LinkedList$Node@50000319)
	item		50000681
OBJ 50000687 (sz=32, trace=300186, class=java.util.HashMap$Entry@5000009e)
	key		50000683
	value		50000685
OBJ 50000688 (sz=32, trace=300187, class=java.util.LinkedList@50000317)
	first		50000689
	last		500006b4
OBJ 50000689 (sz=24, trace=300188, class=java.util.LinkedList$Node@50000319)
	item		50000683
	next		50000690
OBJ 5000068a (sz=32, trace=300189, class=java.util.HashMap$Entry@5000009e)
	key		50000681
	value		50000688
OBJ 5000068b (sz=24, trace=300180, class=java.lang.String@50000096)
	value		5000068c
ARR 5000068c (sz=14, trace=300181, nelems=7, elem type=char[])
OBJ 5000068d (sz=32, trace=300183, class=java.util.LinkedList@50000317)
	first		5000068e
	last		5000068e
OBJ 5000068e (sz=24, trace=300185, class=java.util.LinkedList$Node@50000319)
	item		50000681
OBJ 5000068f (sz=32, trace=300186, class=java.util.HashMap$Entry@5000009e)
	key		5000068b
	value		5000068d
OBJ 50000690 (sz=24, trace=300190, class=java.util.LinkedList$Node@50000319)
	item		5000068b
	next		50000696
	prev		50000689
OBJ 50000691 (sz=24, trace=300180, class=java.lang.String@50000096)
	value		50000692
ARR 50000692 (sz=26, trace=300181, nelems=13, elem type=char[])
OBJ 50000693 (sz=32, trace=300183, class=java.util.LinkedList@50000317)
	first		50000694
	last		50000694
OBJ 50000694 (sz=24, trace=300185, class=java.util.LinkedList$Node@50000319)
	item		50000681
OBJ 50000695 (sz=32, trace=300186, class=java.util.HashMap$Entry@5000009e)
	key		50000691
	value		50000693
OBJ 50000696 (sz=24, trace=300190, class=java.util.LinkedList$Node@50000319)
	item		50000691
	next		5000069c
	prev		50000690
OBJ 50000697 (sz=24, trace=300180, class=java.lang.String@50000096)
	value		50000698
ARR 50000698 (sz=34, trace=300181, nelems=17, elem type=char[])
OBJ 50000699 (sz=32, trace=300183, class=java.util.LinkedList@50000317)
	first		5000069a
	last		5000069a
OBJ 5000069a (sz=24, trace=300185, class=java.util.LinkedList$Node@50000319)
	item		50000681
OBJ 5000069b (sz=32, trace=300186, class=java.util.HashMap$Entry@5000009e)
	key		50000697
	value		50000699
OBJ 5000069c (sz=24, trace=300190, class=java.util.LinkedList$Node@50000319)
	item		50000697
	next		500006a2
	prev		50000696
OBJ 5000069d (sz=24, trace=300180, class=java.lang.String@50000096)
	value		5000069e
ARR 5000069e (sz=46, trace=300181, nelems=23, elem type=char[])
OBJ 5000069f (sz=32, trace=300183, class=java.util.LinkedList@50000317)
	first		500006a0
	last		500006a0
OBJ 500006a0 (sz=24, trace=300185, class=java.util.LinkedList$Node@50000319)
	item		50000681
OBJ 500006a1 (sz=32, trace=300186, class=java.util.HashMap$Entry@5000009e)
	key		5000069d
	value		5000069f
OBJ 500006a2 (sz=24, trace=300190, class=java.util.LinkedList$Node@50000319)
	item		5000069d
	next		500006a8
	prev		5000069c
OBJ 500006a3 (sz=24, trace=300180, class=java.lang.String@50000096)
	value		500006a4
ARR 500006a4 (sz=54, trace=300181, nelems=27, elem type=char[])
OBJ 500006a5 (sz=32, trace=300183, class=java.util.LinkedList@50000317)
	first		500006a6
	last		500006a6
OBJ 500006a6 (sz=24, trace=300185, class=java.util.LinkedList$Node@50000319)
	item		50000681
OBJ 500006a7 (sz=32, trace=300186, class=java.util.HashMap$Entry@5000009e)
	key		500006a3
	value		500006a5
OBJ 500006a8 (sz=24, trace=300190, class=java.util.LinkedList$Node@50000319)
	item		500006a3
	next		500006ae
	prev		500006a2
OBJ 500006a9 (sz=24, trace=300180, class=java.lang.String@50000096)
	value		500006aa
ARR 500006aa (sz=62, trace=300181, nelems=31, elem type=char[])
OBJ 500006ab (sz=32, trace=300183, class=java.util.LinkedList@50000317)
	first		500006ac
	last		500006ac
OBJ 500006ac (sz=24, trace=300185, class=java.util.LinkedList$Node@50000319)
	item		50000681
OBJ 500006ad (sz=32, trace=300186, class=java.util.HashMap$Entry@5000009e)
	key		500006a9
	value		500006ab
OBJ 500006ae (sz=24, trace=300190, class=java.util.LinkedList$Node@50000319)
	item		500006a9
	next		500006b4
	prev		500006a8
OBJ 500006af (sz=24, trace=300180, class=java.lang.String@50000096)
	value		500006b0
ARR 500006b0 (sz=64, trace=300181, nelems=32, elem type=char[])
OBJ 500006b1 (sz=32, trace=300183, class=java.util.LinkedList@50000317)
	first		500006b2
	last		500006b2
OBJ 500006b2 (sz=24, trace=300185, class=java.util.LinkedList$Node@50000319)
	item		50000681
OBJ 500006b3 (sz=32, trace=300186, class=java.util.HashMap$Entry@5000009e)
	key		500006af
	value		500006b1
OBJ 500006b4 (sz=24, trace=300190, class=java.util.LinkedList$Node@50000319)
	item		500006af
	prev		500006ae
OBJ 500006b5 (sz=64, trace=302555, class=SevenZip.Compression.LZMA.Encoder$Optimal@50000da3)
OBJ 500006b7 (sz=64, trace=302555, class=SevenZip.Compression.LZMA.Encoder$Optimal@50000da3)
ARR 500006b8 (sz=24, trace=300191, nelems=1, elem type=java.lang.String[]@50000097)
	[0]		50000681
OBJ 500006b9 (sz=64, trace=302555, class=SevenZip.Compression.LZMA.Encoder$Optimal@50000da3)
OBJ 500006ba (sz=64, trace=302555, class=SevenZip.Compression.LZMA.Encoder$Optimal@50000da3)
OBJ 500006c4 (sz=16, trace=302482, class=java.lang.Object@500000a7)
OBJ 500006c5 (sz=24, trace=300203, class=java.lang.String@50000096)
	value		500006c6
ARR 500006c6 (sz=104, trace=300204, nelems=52, elem type=char[])
OBJ 500006c7 (sz=32, trace=300205, class=java.util.HashMap$Entry@5000009e)
	key		500006c5
	value		50000645
OBJ 500006c8 (sz=32, trace=300024, class=java.util.concurrent.ConcurrentHashMap$HashEntry@50000115)
	key		50001438
	value		500006c4
OBJ 500006c9 (sz=16, trace=302483, class=java.lang.Object@500000a7)
OBJ 500006ca (sz=32, trace=300027, class=java.util.concurrent.ConcurrentHashMap$HashEntry@50000115)
	key		50001438
	value		500006c9
OBJ 500006cb (sz=64, trace=302555, class=SevenZip.Compression.LZMA.Encoder$Optimal@50000da3)
OBJ 500006cc (sz=64, trace=302555, class=SevenZip.Compression.LZMA.Encoder$Optimal@50000da3)
OBJ 500006cd (sz=64, trace=302555, class=SevenZip.Compression.LZMA.Encoder$Optimal@50000da3)
OBJ 500006ce (sz=64, trace=302555, class=SevenZip.Compression.LZMA.Encoder$Optimal@50000da3)
OBJ 500006cf (sz=64, trace=302555, class=SevenZip.Compression.LZMA.Encoder$Optimal@50000da3)
OBJ 500006d0 (sz=64, trace=302555, class=SevenZip.Compression.LZMA.Encoder$Optimal@50000da3)
OBJ 500006d1 (sz=64, trace=302555, class=SevenZip.Compression.LZMA.Encoder$Optimal@50000da3)
OBJ 500006d2 (sz=64, trace=302555, class=SevenZip.Compression.LZMA.Encoder$Optimal@50000da3)
OBJ 500006d3 (sz=64, trace=302555, class=SevenZip.Compression.LZMA.Encoder$Optimal@50000da3)
OBJ 500006d4 (sz=64, trace=302555, class=SevenZip.Compression.LZMA.Encoder$Optimal@50000da3)
OBJ 500006d5 (sz=64, trace=302555, class=SevenZip.Compression.LZMA.Encoder$Optimal@50000da3)
OBJ 500006d6 (sz=64, trace=302555, class=SevenZip.Compression.LZMA.Encoder$Optimal@50000da3)
OBJ 500006d7 (sz=64, trace=302555, class=SevenZip.Compression.LZMA.Encoder$Optimal@50000da3)
OBJ 500006d8 (sz=64, trace=302555, class=SevenZip.Compression.LZMA.Encoder$Optimal@50000da3)
OBJ 500006d9 (sz=64, trace=302555, class=SevenZip.Compression.LZMA.Encoder$Optimal@50000da3)
OBJ 500006da (sz=64, trace=302555, class=SevenZip.Compression.LZMA.Encoder$Optimal@50000da3)
OBJ 500006db (sz=64, trace=302555, class=SevenZip.Compression.LZMA.Encoder$Optimal@50000da3)
OBJ 500006dc (sz=64, trace=302555, class=SevenZip.Compression.LZMA.Encoder$Optimal@50000da3)
OBJ 500006dd (sz=64, trace=302555, class=SevenZip.Compression.LZMA.Encoder$Optimal@50000da3)
OBJ 500006de (sz=24, trace=300054, class=java.lang.String@50000096)
	value		500006df
ARR 500006df (sz=102, trace=300055, nelems=51, elem type=char[])
OBJ 500006e0 (sz=64, trace=300056, class=java.net.URL@50000071)
	protocol	5000187d
	host		500011ca
	file		500006de
	authority	500011ca
	path		500006de
	handler		5000181f
OBJ 500006e1 (sz=64, trace=302555, class=SevenZip.Compression.LZMA.Encoder$Optimal@50000da3)
OBJ 500006e2 (sz=48, trace=300058, class=sun.misc.URLClassPath$JarLoader@500001ac)
	base		500006e0
	jar		500006eb
	csu		50001831
	index		5000070e
	handler		5000181f
	lmap		50001820
OBJ 500006e3 (sz=64, trace=302555, class=SevenZip.Compression.LZMA.Encoder$Optimal@50000da3)
OBJ 500006e4 (sz=64, trace=302555, class=SevenZip.Compression.LZMA.Encoder$Optimal@50000da3)
OBJ 500006e5 (sz=64, trace=302555, class=SevenZip.Compression.LZMA.Encoder$Optimal@50000da3)
OBJ 500006e6 (sz=64, trace=302555, class=SevenZip.Compression.LZMA.Encoder$Optimal@50000da3)
OBJ 500006e7 (sz=64, trace=302555, class=SevenZip.Compression.LZMA.Encoder$Optimal@50000da3)
OBJ 500006e8 (sz=64, trace=302555, class=SevenZip.Compression.LZMA.Encoder$Optimal@50000da3)
OBJ 500006e9 (sz=64, trace=302555, class=SevenZip.Compression.LZMA.Encoder$Optimal@50000da3)
OBJ 500006ea (sz=64, trace=302555, class=SevenZip.Compression.LZMA.Encoder$Optimal@50000da3)
OBJ 500006eb (sz=64, trace=300100, class=java.util.jar.JarFile@50000258)
	name		50001862
	zc		500006f3
	streams		500006ed
	inflaterCache	500006f1
OBJ 500006ec (sz=40, trace=300101, class=java.lang.ref.Finalizer@50000107)
	referent	500006eb
	queue		50001194
	next		5000064f
	prev		500008e6
OBJ 500006ed (sz=56, trace=300102, class=java.util.WeakHashMap@50000074)
	table		500006f0
	queue		500006ee
OBJ 500006ee (sz=32, trace=300103, class=java.lang.ref.ReferenceQueue@50000117)
	lock		500006ef
OBJ 500006ef (sz=16, trace=300104, class=java.lang.ref.ReferenceQueue$Lock@50000020)
ARR 500006f0 (sz=80, trace=300105, nelems=0, elem type=java.util.WeakHashMap$Entry[]@50000039)
OBJ 500006f1 (sz=24, trace=300107, class=java.util.ArrayDeque@500002b1)
	elements	500006f2
ARR 500006f2 (sz=80, trace=300108, nelems=0, elem type=java.lang.Object[]@500000a8)
OBJ 500006f3 (sz=32, trace=300110, class=java.util.zip.ZipCoder@500002b4)
	cs		50001886
	enc		500006f7
OBJ 500006f4 (sz=64, trace=302555, class=SevenZip.Compression.LZMA.Encoder$Optimal@50000da3)
OBJ 500006f5 (sz=64, trace=302555, class=SevenZip.Compression.LZMA.Encoder$Optimal@50000da3)
ARR 500006f6 (sz=1, trace=300131, nelems=1, elem type=byte[])
OBJ 500006f7 (sz=48, trace=300132, class=sun.nio.cs.UTF_8$Encoder@50000016)
	charset		50001886
	replacement	500006f6
	malformedInputAction	50001dcc
	unmappableCharacterAction	50001dcc
OBJ 500006f8 (sz=64, trace=302555, class=SevenZip.Compression.LZMA.Encoder$Optimal@50000da3)
OBJ 500006f9 (sz=64, trace=302555, class=SevenZip.Compression.LZMA.Encoder$Optimal@50000da3)
OBJ 500006fa (sz=64, trace=302555, class=SevenZip.Compression.LZMA.Encoder$Optimal@50000da3)
OBJ 500006fb (sz=64, trace=302555, class=SevenZip.Compression.LZMA.Encoder$Optimal@50000da3)
OBJ 500006fc (sz=64, trace=302555, class=SevenZip.Compression.LZMA.Encoder$Optimal@50000da3)
OBJ 500006fd (sz=64, trace=302555, class=SevenZip.Compression.LZMA.Encoder$Optimal@50000da3)
OBJ 500006fe (sz=64, trace=302555, class=SevenZip.Compression.LZMA.Encoder$Optimal@50000da3)
OBJ 500006ff (sz=64, trace=302555, class=SevenZip.Compression.LZMA.Encoder$Optimal@50000da3)
OBJ 50000700 (sz=64, trace=302555, class=SevenZip.Compression.LZMA.Encoder$Optimal@50000da3)
OBJ 50000701 (sz=64, trace=302555, class=SevenZip.Compression.LZMA.Encoder$Optimal@50000da3)
OBJ 50000702 (sz=64, trace=302555, class=SevenZip.Compression.LZMA.Encoder$Optimal@50000da3)
OBJ 50000703 (sz=64, trace=302555, class=SevenZip.Compression.LZMA.Encoder$Optimal@50000da3)
OBJ 50000704 (sz=64, trace=302555, class=SevenZip.Compression.LZMA.Encoder$Optimal@50000da3)
OBJ 50000705 (sz=24, trace=302098, class=java.lang.String@50000096)
ARR 50000706 (sz=1040, trace=302600, nelems=0, elem type=byte[])
ARR 50000707 (sz=176, trace=302099, nelems=0, elem type=char[])
OBJ 50000708 (sz=64, trace=302555, class=SevenZip.Compression.LZMA.Encoder$Optimal@50000da3)
OBJ 50000709 (sz=64, trace=302555, class=SevenZip.Compression.LZMA.Encoder$Optimal@50000da3)
OBJ 5000070a (sz=64, trace=302555, class=SevenZip.Compression.LZMA.Encoder$Optimal@50000da3)
OBJ 5000070b (sz=64, trace=302555, class=SevenZip.Compression.LZMA.Encoder$Optimal@50000da3)
OBJ 5000070c (sz=32, trace=302207, class=org.junit.runner.Description@500075bb)
OBJ 5000070d (sz=64, trace=302555, class=SevenZip.Compression.LZMA.Encoder$Optimal@50000da3)
OBJ 5000070e (sz=24, trace=300161, class=sun.misc.JarIndex@500002d6)
	indexMap	5000070f
	jarMap		50000711
	jarFiles	500007ad
OBJ 5000070f (sz=56, trace=300162, class=java.util.HashMap@5000010b)
	table		50000771
OBJ 50000710 (sz=64, trace=302555, class=SevenZip.Compression.LZMA.Encoder$Optimal@50000da3)
OBJ 50000711 (sz=56, trace=300164, class=java.util.HashMap@5000010b)
	table		50000712
ARR 50000712 (sz=80, trace=300165, nelems=14, elem type=java.util.HashMap$Entry[]@5000009f)
	[13]		5000072a
OBJ 50000713 (sz=64, trace=302555, class=SevenZip.Compression.LZMA.Encoder$Optimal@50000da3)
OBJ 50000714 (sz=64, trace=302555, class=SevenZip.Compression.LZMA.Encoder$Optimal@50000da3)
OBJ 50000715 (sz=64, trace=302555, class=SevenZip.Compression.LZMA.Encoder$Optimal@50000da3)
OBJ 50000716 (sz=64, trace=302555, class=SevenZip.Compression.LZMA.Encoder$Optimal@50000da3)
OBJ 50000717 (sz=64, trace=302555, class=SevenZip.Compression.LZMA.Encoder$Optimal@50000da3)
OBJ 50000718 (sz=64, trace=302555, class=SevenZip.Compression.LZMA.Encoder$Optimal@50000da3)
OBJ 50000719 (sz=64, trace=302555, class=SevenZip.Compression.LZMA.Encoder$Optimal@50000da3)
OBJ 5000071a (sz=64, trace=302555, class=SevenZip.Compression.LZMA.Encoder$Optimal@50000da3)
OBJ 5000071b (sz=64, trace=302555, class=SevenZip.Compression.LZMA.Encoder$Optimal@50000da3)
OBJ 5000071c (sz=64, trace=302555, class=SevenZip.Compression.LZMA.Encoder$Optimal@50000da3)
OBJ 5000071d (sz=64, trace=302555, class=SevenZip.Compression.LZMA.Encoder$Optimal@50000da3)
OBJ 5000071e (sz=64, trace=302555, class=SevenZip.Compression.LZMA.Encoder$Optimal@50000da3)
OBJ 5000071f (sz=64, trace=302555, class=SevenZip.Compression.LZMA.Encoder$Optimal@50000da3)
OBJ 50000720 (sz=64, trace=302555, class=SevenZip.Compression.LZMA.Encoder$Optimal@50000da3)
OBJ 50000721 (sz=24, trace=300178, class=java.lang.String@50000096)
	value		50000722
ARR 50000722 (sz=24, trace=300179, nelems=12, elem type=char[])
OBJ 50000723 (sz=24, trace=300180, class=java.lang.String@50000096)
	value		50000724
ARR 50000724 (sz=6, trace=300181, nelems=3, elem type=char[])
OBJ 50000725 (sz=32, trace=300183, class=java.util.LinkedList@50000317)
	first		50000726
	last		50000726
OBJ 50000726 (sz=24, trace=300185, class=java.util.LinkedList$Node@50000319)
	item		50000721
OBJ 50000727 (sz=32, trace=300186, class=java.util.HashMap$Entry@5000009e)
	key		50000723
	value		50000725
OBJ 50000728 (sz=32, trace=300187, class=java.util.LinkedList@50000317)
	first		50000729
	last		500007a9
OBJ 50000729 (sz=24, trace=300188, class=java.util.LinkedList$Node@50000319)
	item		50000723
	next		50000730
OBJ 5000072a (sz=32, trace=300189, class=java.util.HashMap$Entry@5000009e)
	key		50000721
	value		50000728
OBJ 5000072b (sz=24, trace=300180, class=java.lang.String@50000096)
	value		5000072c
ARR 5000072c (sz=14, trace=300181, nelems=7, elem type=char[])
OBJ 5000072d (sz=32, trace=300183, class=java.util.LinkedList@50000317)
	first		5000072e
	last		5000072e
OBJ 5000072e (sz=24, trace=300185, class=java.util.LinkedList$Node@50000319)
	item		50000721
OBJ 5000072f (sz=32, trace=300186, class=java.util.HashMap$Entry@5000009e)
	key		5000072b
	value		5000072d
OBJ 50000730 (sz=24, trace=300190, class=java.util.LinkedList$Node@50000319)
	item		5000072b
	next		50000736
	prev		50000729
OBJ 50000731 (sz=24, trace=300180, class=java.lang.String@50000096)
	value		50000732
ARR 50000732 (sz=26, trace=300181, nelems=13, elem type=char[])
OBJ 50000733 (sz=32, trace=300183, class=java.util.LinkedList@50000317)
	first		50000734
	last		50000734
OBJ 50000734 (sz=24, trace=300185, class=java.util.LinkedList$Node@50000319)
	item		50000721
OBJ 50000735 (sz=32, trace=300186, class=java.util.HashMap$Entry@5000009e)
	key		50000731
	value		50000733
OBJ 50000736 (sz=24, trace=300190, class=java.util.LinkedList$Node@50000319)
	item		50000731
	next		5000073c
	prev		50000730
OBJ 50000737 (sz=24, trace=300180, class=java.lang.String@50000096)
	value		50000738
ARR 50000738 (sz=34, trace=300181, nelems=17, elem type=char[])
OBJ 50000739 (sz=32, trace=300183, class=java.util.LinkedList@50000317)
	first		5000073a
	last		5000073a
OBJ 5000073a (sz=24, trace=300185, class=java.util.LinkedList$Node@50000319)
	item		50000721
OBJ 5000073b (sz=32, trace=300186, class=java.util.HashMap$Entry@5000009e)
	key		50000737
	value		50000739
OBJ 5000073c (sz=24, trace=300190, class=java.util.LinkedList$Node@50000319)
	item		50000737
	next		50000742
	prev		50000736
OBJ 5000073d (sz=24, trace=300180, class=java.lang.String@50000096)
	value		5000073e
ARR 5000073e (sz=52, trace=300181, nelems=26, elem type=char[])
OBJ 5000073f (sz=32, trace=300183, class=java.util.LinkedList@50000317)
	first		50000740
	last		50000740
OBJ 50000740 (sz=24, trace=300185, class=java.util.LinkedList$Node@50000319)
	item		50000721
OBJ 50000741 (sz=32, trace=300186, class=java.util.HashMap$Entry@5000009e)
	key		5000073d
	value		5000073f
OBJ 50000742 (sz=24, trace=300190, class=java.util.LinkedList$Node@50000319)
	item		5000073d
	next		50000748
	prev		5000073c
OBJ 50000743 (sz=24, trace=300180, class=java.lang.String@50000096)
	value		50000744
ARR 50000744 (sz=44, trace=300181, nelems=22, elem type=char[])
OBJ 50000745 (sz=32, trace=300183, class=java.util.LinkedList@50000317)
	first		50000746
	last		50000746
OBJ 50000746 (sz=24, trace=300185, class=java.util.LinkedList$Node@50000319)
	item		50000721
OBJ 50000747 (sz=32, trace=300186, class=java.util.HashMap$Entry@5000009e)
	key		50000743
	value		50000745
OBJ 50000748 (sz=24, trace=300190, class=java.util.LinkedList$Node@50000319)
	item		50000743
	next		5000074e
	prev		50000742
OBJ 50000749 (sz=24, trace=300180, class=java.lang.String@50000096)
	value		5000074a
ARR 5000074a (sz=50, trace=300181, nelems=25, elem type=char[])
OBJ 5000074b (sz=32, trace=300183, class=java.util.LinkedList@50000317)
	first		5000074c
	last		5000074c
OBJ 5000074c (sz=24, trace=300185, class=java.util.LinkedList$Node@50000319)
	item		50000721
OBJ 5000074d (sz=32, trace=300186, class=java.util.HashMap$Entry@5000009e)
	key		50000749
	value		5000074b
OBJ 5000074e (sz=24, trace=300190, class=java.util.LinkedList$Node@50000319)
	item		50000749
	next		50000754
	prev		50000748
OBJ 5000074f (sz=24, trace=300180, class=java.lang.String@50000096)
	value		50000750
ARR 50000750 (sz=48, trace=300181, nelems=24, elem type=char[])
OBJ 50000751 (sz=32, trace=300183, class=java.util.LinkedList@50000317)
	first		50000752
	last		50000752
OBJ 50000752 (sz=24, trace=300185, class=java.util.LinkedList$Node@50000319)
	item		50000721
OBJ 50000753 (sz=32, trace=300186, class=java.util.HashMap$Entry@5000009e)
	key		5000074f
	value		50000751
OBJ 50000754 (sz=24, trace=300190, class=java.util.LinkedList$Node@50000319)
	item		5000074f
	next		5000075a
	prev		5000074e
OBJ 50000755 (sz=24, trace=300180, class=java.lang.String@50000096)
	value		50000756
ARR 50000756 (sz=42, trace=300181, nelems=21, elem type=char[])
OBJ 50000757 (sz=32, trace=300183, class=java.util.LinkedList@50000317)
	first		50000758
	last		50000758
OBJ 50000758 (sz=24, trace=300185, class=java.util.LinkedList$Node@50000319)
	item		50000721
OBJ 50000759 (sz=32, trace=300186, class=java.util.HashMap$Entry@5000009e)
	key		50000755
	value		50000757
OBJ 5000075a (sz=24, trace=300190, class=java.util.LinkedList$Node@50000319)
	item		50000755
	next		50000760
	prev		50000754
OBJ 5000075b (sz=24, trace=300180, class=java.lang.String@50000096)
	value		5000075c
ARR 5000075c (sz=54, trace=300181, nelems=27, elem type=char[])
OBJ 5000075d (sz=32, trace=300183, class=java.util.LinkedList@50000317)
	first		5000075e
	last		5000075e
OBJ 5000075e (sz=24, trace=300185, class=java.util.LinkedList$Node@50000319)
	item		50000721
OBJ 5000075f (sz=32, trace=300186, class=java.util.HashMap$Entry@5000009e)
	key		5000075b
	value		5000075d
OBJ 50000760 (sz=24, trace=300190, class=java.util.LinkedList$Node@50000319)
	item		5000075b
	next		50000766
	prev		5000075a
OBJ 50000761 (sz=24, trace=300180, class=java.lang.String@50000096)
	value		50000762
ARR 50000762 (sz=44, trace=300181, nelems=22, elem type=char[])
OBJ 50000763 (sz=32, trace=300183, class=java.util.LinkedList@50000317)
	first		50000764
	last		50000764
OBJ 50000764 (sz=24, trace=300185, class=java.util.LinkedList$Node@50000319)
	item		50000721
OBJ 50000765 (sz=32, trace=300186, class=java.util.HashMap$Entry@5000009e)
	key		50000761
	value		50000763
OBJ 50000766 (sz=24, trace=300190, class=java.util.LinkedList$Node@50000319)
	item		50000761
	next		5000076c
	prev		50000760
OBJ 50000767 (sz=24, trace=300180, class=java.lang.String@50000096)
	value		50000768
ARR 50000768 (sz=48, trace=300181, nelems=24, elem type=char[])
OBJ 50000769 (sz=32, trace=300183, class=java.util.LinkedList@50000317)
	first		5000076a
	last		5000076a
OBJ 5000076a (sz=24, trace=300185, class=java.util.LinkedList$Node@50000319)
	item		50000721
OBJ 5000076b (sz=32, trace=300186, class=java.util.HashMap$Entry@5000009e)
	key		50000767
	value		50000769
OBJ 5000076c (sz=24, trace=300190, class=java.util.LinkedList$Node@50000319)
	item		50000767
	next		50000773
	prev		50000766
OBJ 5000076d (sz=24, trace=300180, class=java.lang.String@50000096)
	value		5000076e
ARR 5000076e (sz=10, trace=300181, nelems=5, elem type=char[])
OBJ 5000076f (sz=32, trace=300183, class=java.util.LinkedList@50000317)
	first		50000770
	last		50000770
OBJ 50000770 (sz=24, trace=300185, class=java.util.LinkedList$Node@50000319)
	item		50000721
ARR 50000771 (sz=144, trace=300277, nelems=31, elem type=java.util.HashMap$Entry[]@5000009f)
	[0]		5000075f
	[1]		50000796
	[3]		500007a2
	[4]		50000759
	[5]		50000735
	[6]		5000077e
	[7]		5000076b
	[8]		50000784
	[11]		50000747
	[12]		5000072f
	[13]		5000073b
	[18]		50000741
	[20]		5000074d
	[21]		50000778
	[22]		5000078a
	[25]		50000790
	[27]		50000765
	[29]		5000079c
	[30]		500007a8
OBJ 50000772 (sz=32, trace=300186, class=java.util.HashMap$Entry@5000009e)
	key		5000076d
	value		5000076f
	next		50000753
OBJ 50000773 (sz=24, trace=300190, class=java.util.LinkedList$Node@50000319)
	item		5000076d
	next		50000779
	prev		5000076c
OBJ 50000774 (sz=24, trace=300180, class=java.lang.String@50000096)
	value		50000775
ARR 50000775 (sz=22, trace=300181, nelems=11, elem type=char[])
OBJ 50000776 (sz=32, trace=300183, class=java.util.LinkedList@50000317)
	first		50000777
	last		50000777
OBJ 50000777 (sz=24, trace=300185, class=java.util.LinkedList$Node@50000319)
	item		50000721
OBJ 50000778 (sz=32, trace=300186, class=java.util.HashMap$Entry@5000009e)
	key		50000774
	value		50000776
OBJ 50000779 (sz=24, trace=300190, class=java.util.LinkedList$Node@50000319)
	item		50000774
	next		5000077f
	prev		50000773
OBJ 5000077a (sz=24, trace=300180, class=java.lang.String@50000096)
	value		5000077b
ARR 5000077b (sz=30, trace=300181, nelems=15, elem type=char[])
OBJ 5000077c (sz=32, trace=300183, class=java.util.LinkedList@50000317)
	first		5000077d
	last		5000077d
OBJ 5000077d (sz=24, trace=300185, class=java.util.LinkedList$Node@50000319)
	item		50000721
OBJ 5000077e (sz=32, trace=300186, class=java.util.HashMap$Entry@5000009e)
	key		5000077a
	value		5000077c
OBJ 5000077f (sz=24, trace=300190, class=java.util.LinkedList$Node@50000319)
	item		5000077a
	next		50000785
	prev		50000779
OBJ 50000780 (sz=24, trace=300180, class=java.lang.String@50000096)
	value		50000781
ARR 50000781 (sz=48, trace=300181, nelems=24, elem type=char[])
OBJ 50000782 (sz=32, trace=300183, class=java.util.LinkedList@50000317)
	first		50000783
	last		50000783
OBJ 50000783 (sz=24, trace=300185, class=java.util.LinkedList$Node@50000319)
	item		50000721
OBJ 50000784 (sz=32, trace=300186, class=java.util.HashMap$Entry@5000009e)
	key		50000780
	value		50000782
OBJ 50000785 (sz=24, trace=300190, class=java.util.LinkedList$Node@50000319)
	item		50000780
	next		5000078b
	prev		5000077f
OBJ 50000786 (sz=24, trace=300180, class=java.lang.String@50000096)
	value		50000787
ARR 50000787 (sz=48, trace=300181, nelems=24, elem type=char[])
OBJ 50000788 (sz=32, trace=300183, class=java.util.LinkedList@50000317)
	first		50000789
	last		50000789
OBJ 50000789 (sz=24, trace=300185, class=java.util.LinkedList$Node@50000319)
	item		50000721
OBJ 5000078a (sz=32, trace=300186, class=java.util.HashMap$Entry@5000009e)
	key		50000786
	value		50000788
	next		50000772
OBJ 5000078b (sz=24, trace=300190, class=java.util.LinkedList$Node@50000319)
	item		50000786
	next		50000791
	prev		50000785
OBJ 5000078c (sz=24, trace=300180, class=java.lang.String@50000096)
	value		5000078d
ARR 5000078d (sz=48, trace=300181, nelems=24, elem type=char[])
OBJ 5000078e (sz=32, trace=300183, class=java.util.LinkedList@50000317)
	first		5000078f
	last		5000078f
OBJ 5000078f (sz=24, trace=300185, class=java.util.LinkedList$Node@50000319)
	item		50000721
OBJ 50000790 (sz=32, trace=300186, class=java.util.HashMap$Entry@5000009e)
	key		5000078c
	value		5000078e
OBJ 50000791 (sz=24, trace=300190, class=java.util.LinkedList$Node@50000319)
	item		5000078c
	next		50000797
	prev		5000078b
OBJ 50000792 (sz=24, trace=300180, class=java.lang.String@50000096)
	value		50000793
ARR 50000793 (sz=44, trace=300181, nelems=22, elem type=char[])
OBJ 50000794 (sz=32, trace=300183, class=java.util.LinkedList@50000317)
	first		50000795
	last		50000795
OBJ 50000795 (sz=24, trace=300185, class=java.util.LinkedList$Node@50000319)
	item		50000721
OBJ 50000796 (sz=32, trace=300186, class=java.util.HashMap$Entry@5000009e)
	key		50000792
	value		50000794
OBJ 50000797 (sz=24, trace=300190, class=java.util.LinkedList$Node@50000319)
	item		50000792
	next		5000079d
	prev		50000791
OBJ 50000798 (sz=24, trace=300180, class=java.lang.String@50000096)
	value		50000799
ARR 50000799 (sz=50, trace=300181, nelems=25, elem type=char[])
OBJ 5000079a (sz=32, trace=300183, class=java.util.LinkedList@50000317)
	first		5000079b
	last		5000079b
OBJ 5000079b (sz=24, trace=300185, class=java.util.LinkedList$Node@50000319)
	item		50000721
OBJ 5000079c (sz=32, trace=300186, class=java.util.HashMap$Entry@5000009e)
	key		50000798
	value		5000079a
OBJ 5000079d (sz=24, trace=300190, class=java.util.LinkedList$Node@50000319)
	item		50000798
	next		500007a3
	prev		50000797
OBJ 5000079e (sz=24, trace=300180, class=java.lang.String@50000096)
	value		5000079f
ARR 5000079f (sz=40, trace=300181, nelems=20, elem type=char[])
OBJ 500007a0 (sz=32, trace=300183, class=java.util.LinkedList@50000317)
	first		500007a1
	last		500007a1
OBJ 500007a1 (sz=24, trace=300185, class=java.util.LinkedList$Node@50000319)
	item		50000721
OBJ 500007a2 (sz=32, trace=300186, class=java.util.HashMap$Entry@5000009e)
	key		5000079e
	value		500007a0
	next		50000727
OBJ 500007a3 (sz=24, trace=300190, class=java.util.LinkedList$Node@50000319)
	item		5000079e
	next		500007a9
	prev		5000079d
OBJ 500007a4 (sz=24, trace=300180, class=java.lang.String@50000096)
	value		500007a5
ARR 500007a5 (sz=44, trace=300181, nelems=22, elem type=char[])
OBJ 500007a6 (sz=32, trace=300183, class=java.util.LinkedList@50000317)
	first		500007a7
	last		500007a7
OBJ 500007a7 (sz=24, trace=300185, class=java.util.LinkedList$Node@50000319)
	item		50000721
OBJ 500007a8 (sz=32, trace=300186, class=java.util.HashMap$Entry@5000009e)
	key		500007a4
	value		500007a6
OBJ 500007a9 (sz=24, trace=300190, class=java.util.LinkedList$Node@50000319)
	item		500007a4
	prev		500007a3
OBJ 500007aa (sz=64, trace=302555, class=SevenZip.Compression.LZMA.Encoder$Optimal@50000da3)
OBJ 500007ab (sz=64, trace=302555, class=SevenZip.Compression.LZMA.Encoder$Optimal@50000da3)
OBJ 500007ac (sz=64, trace=302555, class=SevenZip.Compression.LZMA.Encoder$Optimal@50000da3)
ARR 500007ad (sz=24, trace=300191, nelems=1, elem type=java.lang.String[]@50000097)
	[0]		50000721
OBJ 500007ae (sz=64, trace=302555, class=SevenZip.Compression.LZMA.Encoder$Optimal@50000da3)
OBJ 500007af (sz=64, trace=302555, class=SevenZip.Compression.LZMA.Encoder$Optimal@50000da3)
OBJ 500007b0 (sz=64, trace=302555, class=SevenZip.Compression.LZMA.Encoder$Optimal@50000da3)
OBJ 500007b1 (sz=64, trace=302555, class=SevenZip.Compression.LZMA.Encoder$Optimal@50000da3)
OBJ 500007b2 (sz=64, trace=302555, class=SevenZip.Compression.LZMA.Encoder$Optimal@50000da3)
OBJ 500007b3 (sz=64, trace=302555, class=SevenZip.Compression.LZMA.Encoder$Optimal@50000da3)
OBJ 500007b4 (sz=64, trace=302555, class=SevenZip.Compression.LZMA.Encoder$Optimal@50000da3)
OBJ 500007b5 (sz=64, trace=302555, class=SevenZip.Compression.LZMA.Encoder$Optimal@50000da3)
OBJ 500007b6 (sz=64, trace=302555, class=SevenZip.Compression.LZMA.Encoder$Optimal@50000da3)
OBJ 500007b7 (sz=64, trace=302555, class=SevenZip.Compression.LZMA.Encoder$Optimal@50000da3)
OBJ 500007b8 (sz=64, trace=302555, class=SevenZip.Compression.LZMA.Encoder$Optimal@50000da3)
OBJ 500007b9 (sz=64, trace=302555, class=SevenZip.Compression.LZMA.Encoder$Optimal@50000da3)
OBJ 500007ba (sz=24, trace=300203, class=java.lang.String@50000096)
	value		500007bb
ARR 500007bb (sz=102, trace=300204, nelems=51, elem type=char[])
OBJ 500007bc (sz=32, trace=300205, class=java.util.HashMap$Entry@5000009e)
	key		500007ba
	value		500006e2
OBJ 500007bd (sz=64, trace=302555, class=SevenZip.Compression.LZMA.Encoder$Optimal@50000da3)
OBJ 500007be (sz=64, trace=302555, class=SevenZip.Compression.LZMA.Encoder$Optimal@50000da3)
OBJ 500007bf (sz=64, trace=302555, class=SevenZip.Compression.LZMA.Encoder$Optimal@50000da3)
OBJ 500007c0 (sz=64, trace=302555, class=SevenZip.Compression.LZMA.Encoder$Optimal@50000da3)
OBJ 500007c1 (sz=64, trace=302555, class=SevenZip.Compression.LZMA.Encoder$Optimal@50000da3)
OBJ 500007c2 (sz=64, trace=302555, class=SevenZip.Compression.LZMA.Encoder$Optimal@50000da3)
OBJ 500007c3 (sz=64, trace=302555, class=SevenZip.Compression.LZMA.Encoder$Optimal@50000da3)
OBJ 500007c4 (sz=64, trace=302555, class=SevenZip.Compression.LZMA.Encoder$Optimal@50000da3)
OBJ 500007c5 (sz=64, trace=302555, class=SevenZip.Compression.LZMA.Encoder$Optimal@50000da3)
OBJ 500007c6 (sz=64, trace=302555, class=SevenZip.Compression.LZMA.Encoder$Optimal@50000da3)
OBJ 500007c7 (sz=64, trace=302555, class=SevenZip.Compression.LZMA.Encoder$Optimal@50000da3)
OBJ 500007c8 (sz=64, trace=302555, class=SevenZip.Compression.LZMA.Encoder$Optimal@50000da3)
OBJ 500007c9 (sz=64, trace=302555, class=SevenZip.Compression.LZMA.Encoder$Optimal@50000da3)
OBJ 500007ca (sz=64, trace=302555, class=SevenZip.Compression.LZMA.Encoder$Optimal@50000da3)
OBJ 500007cb (sz=64, trace=302555, class=SevenZip.Compression.LZMA.Encoder$Optimal@50000da3)
OBJ 500007cc (sz=64, trace=302555, class=SevenZip.Compression.LZMA.Encoder$Optimal@50000da3)
OBJ 500007cd (sz=64, trace=302555, class=SevenZip.Compression.LZMA.Encoder$Optimal@50000da3)
OBJ 500007ce (sz=64, trace=302555, class=SevenZip.Compression.LZMA.Encoder$Optimal@50000da3)
OBJ 500007cf (sz=64, trace=302555, class=SevenZip.Compression.LZMA.Encoder$Optimal@50000da3)
OBJ 500007d0 (sz=64, trace=302555, class=SevenZip.Compression.LZMA.Encoder$Optimal@50000da3)
OBJ 500007d1 (sz=64, trace=302555, class=SevenZip.Compression.LZMA.Encoder$Optimal@50000da3)
OBJ 500007d2 (sz=64, trace=302555, class=SevenZip.Compression.LZMA.Encoder$Optimal@50000da3)
OBJ 500007d3 (sz=64, trace=302555, class=SevenZip.Compression.LZMA.Encoder$Optimal@50000da3)
OBJ 500007d4 (sz=64, trace=302555, class=SevenZip.Compression.LZMA.Encoder$Optimal@50000da3)
OBJ 500007d5 (sz=64, trace=302555, class=SevenZip.Compression.LZMA.Encoder$Optimal@50000da3)
OBJ 500007d6 (sz=64, trace=302555, class=SevenZip.Compression.LZMA.Encoder$Optimal@50000da3)
OBJ 500007d7 (sz=64, trace=302555, class=SevenZip.Compression.LZMA.Encoder$Optimal@50000da3)
OBJ 500007d8 (sz=64, trace=302555, class=SevenZip.Compression.LZMA.Encoder$Optimal@50000da3)
OBJ 500007d9 (sz=64, trace=302555, class=SevenZip.Compression.LZMA.Encoder$Optimal@50000da3)
OBJ 500007da (sz=64, trace=302555, class=SevenZip.Compression.LZMA.Encoder$Optimal@50000da3)
OBJ 500007db (sz=64, trace=302555, class=SevenZip.Compression.LZMA.Encoder$Optimal@50000da3)
OBJ 500007dc (sz=64, trace=302555, class=SevenZip.Compression.LZMA.Encoder$Optimal@50000da3)
OBJ 500007dd (sz=64, trace=302555, class=SevenZip.Compression.LZMA.Encoder$Optimal@50000da3)
OBJ 500007de (sz=64, trace=302555, class=SevenZip.Compression.LZMA.Encoder$Optimal@50000da3)
OBJ 500007df (sz=64, trace=302555, class=SevenZip.Compression.LZMA.Encoder$Optimal@50000da3)
OBJ 500007e0 (sz=64, trace=302555, class=SevenZip.Compression.LZMA.Encoder$Optimal@50000da3)
OBJ 500007e1 (sz=64, trace=302555, class=SevenZip.Compression.LZMA.Encoder$Optimal@50000da3)
OBJ 500007e2 (sz=64, trace=302555, class=SevenZip.Compression.LZMA.Encoder$Optimal@50000da3)
OBJ 500007e3 (sz=64, trace=302555, class=SevenZip.Compression.LZMA.Encoder$Optimal@50000da3)
OBJ 500007e4 (sz=64, trace=302555, class=SevenZip.Compression.LZMA.Encoder$Optimal@50000da3)
OBJ 500007e5 (sz=64, trace=302555, class=SevenZip.Compression.LZMA.Encoder$Optimal@50000da3)
OBJ 500007e6 (sz=64, trace=302555, class=SevenZip.Compression.LZMA.Encoder$Optimal@50000da3)
OBJ 500007e7 (sz=64, trace=302555, class=SevenZip.Compression.LZMA.Encoder$Optimal@50000da3)
OBJ 500007e8 (sz=64, trace=302555, class=SevenZip.Compression.LZMA.Encoder$Optimal@50000da3)
OBJ 500007e9 (sz=64, trace=302555, class=SevenZip.Compression.LZMA.Encoder$Optimal@50000da3)
OBJ 500007ea (sz=64, trace=302555, class=SevenZip.Compression.LZMA.Encoder$Optimal@50000da3)
OBJ 500007eb (sz=64, trace=302555, class=SevenZip.Compression.LZMA.Encoder$Optimal@50000da3)
OBJ 500007ec (sz=64, trace=302555, class=SevenZip.Compression.LZMA.Encoder$Optimal@50000da3)
OBJ 500007ef (sz=64, trace=302555, class=SevenZip.Compression.LZMA.Encoder$Optimal@50000da3)
OBJ 500007f1 (sz=64, trace=302555, class=SevenZip.Compression.LZMA.Encoder$Optimal@50000da3)
OBJ 500007f2 (sz=64, trace=302555, class=SevenZip.Compression.LZMA.Encoder$Optimal@50000da3)
OBJ 500007f3 (sz=64, trace=302555, class=SevenZip.Compression.LZMA.Encoder$Optimal@50000da3)
OBJ 500007f4 (sz=64, trace=302555, class=SevenZip.Compression.LZMA.Encoder$Optimal@50000da3)
OBJ 500007f5 (sz=64, trace=302555, class=SevenZip.Compression.LZMA.Encoder$Optimal@50000da3)
OBJ 500007f6 (sz=64, trace=302555, class=SevenZip.Compression.LZMA.Encoder$Optimal@50000da3)
OBJ 500007f7 (sz=64, trace=302555, class=SevenZip.Compression.LZMA.Encoder$Optimal@50000da3)
OBJ 500007f8 (sz=64, trace=302555, class=SevenZip.Compression.LZMA.Encoder$Optimal@50000da3)
OBJ 500007f9 (sz=64, trace=302555, class=SevenZip.Compression.LZMA.Encoder$Optimal@50000da3)
OBJ 500007fa (sz=64, trace=302555, class=SevenZip.Compression.LZMA.Encoder$Optimal@50000da3)
OBJ 500007fb (sz=64, trace=302555, class=SevenZip.Compression.LZMA.Encoder$Optimal@50000da3)
OBJ 500007fc (sz=64, trace=302555, class=SevenZip.Compression.LZMA.Encoder$Optimal@50000da3)
OBJ 500007fd (sz=64, trace=302555, class=SevenZip.Compression.LZMA.Encoder$Optimal@50000da3)
OBJ 500007fe (sz=64, trace=302555, class=SevenZip.Compression.LZMA.Encoder$Optimal@50000da3)
OBJ 500007ff (sz=64, trace=302555, class=SevenZip.Compression.LZMA.Encoder$Optimal@50000da3)
OBJ 50000800 (sz=64, trace=302555, class=SevenZip.Compression.LZMA.Encoder$Optimal@50000da3)
OBJ 50000801 (sz=64, trace=302555, class=SevenZip.Compression.LZMA.Encoder$Optimal@50000da3)
OBJ 50000802 (sz=64, trace=302555, class=SevenZip.Compression.LZMA.Encoder$Optimal@50000da3)
OBJ 50000803 (sz=64, trace=302555, class=SevenZip.Compression.LZMA.Encoder$Optimal@50000da3)
OBJ 50000804 (sz=64, trace=302555, class=SevenZip.Compression.LZMA.Encoder$Optimal@50000da3)
OBJ 50000805 (sz=64, trace=302555, class=SevenZip.Compression.LZMA.Encoder$Optimal@50000da3)
OBJ 50000806 (sz=64, trace=302555, class=SevenZip.Compression.LZMA.Encoder$Optimal@50000da3)
OBJ 50000807 (sz=64, trace=302555, class=SevenZip.Compression.LZMA.Encoder$Optimal@50000da3)
OBJ 50000808 (sz=64, trace=302555, class=SevenZip.Compression.LZMA.Encoder$Optimal@50000da3)
OBJ 50000809 (sz=64, trace=302555, class=SevenZip.Compression.LZMA.Encoder$Optimal@50000da3)
OBJ 5000080a (sz=64, trace=302555, class=SevenZip.Compression.LZMA.Encoder$Optimal@50000da3)
OBJ 5000080b (sz=64, trace=302555, class=SevenZip.Compression.LZMA.Encoder$Optimal@50000da3)
OBJ 5000080c (sz=64, trace=302555, class=SevenZip.Compression.LZMA.Encoder$Optimal@50000da3)
OBJ 5000080d (sz=64, trace=302555, class=SevenZip.Compression.LZMA.Encoder$Optimal@50000da3)
OBJ 5000080e (sz=64, trace=302555, class=SevenZip.Compression.LZMA.Encoder$Optimal@50000da3)
OBJ 5000080f (sz=64, trace=302555, class=SevenZip.Compression.LZMA.Encoder$Optimal@50000da3)
OBJ 50000810 (sz=64, trace=302555, class=SevenZip.Compression.LZMA.Encoder$Optimal@50000da3)
OBJ 50000811 (sz=64, trace=302555, class=SevenZip.Compression.LZMA.Encoder$Optimal@50000da3)
OBJ 50000812 (sz=64, trace=302555, class=SevenZip.Compression.LZMA.Encoder$Optimal@50000da3)
OBJ 50000813 (sz=64, trace=302555, class=SevenZip.Compression.LZMA.Encoder$Optimal@50000da3)
OBJ 50000814 (sz=64, trace=302555, class=SevenZip.Compression.LZMA.Encoder$Optimal@50000da3)
OBJ 50000815 (sz=64, trace=302555, class=SevenZip.Compression.LZMA.Encoder$Optimal@50000da3)
OBJ 50000816 (sz=64, trace=302555, class=SevenZip.Compression.LZMA.Encoder$Optimal@50000da3)
OBJ 50000817 (sz=64, trace=302555, class=SevenZip.Compression.LZMA.Encoder$Optimal@50000da3)
OBJ 50000818 (sz=64, trace=302555, class=SevenZip.Compression.LZMA.Encoder$Optimal@50000da3)
OBJ 50000819 (sz=64, trace=302555, class=SevenZip.Compression.LZMA.Encoder$Optimal@50000da3)
OBJ 5000081a (sz=64, trace=302555, class=SevenZip.Compression.LZMA.Encoder$Optimal@50000da3)
OBJ 5000081b (sz=64, trace=302555, class=SevenZip.Compression.LZMA.Encoder$Optimal@50000da3)
OBJ 5000081c (sz=64, trace=302555, class=SevenZip.Compression.LZMA.Encoder$Optimal@50000da3)
OBJ 5000081d (sz=64, trace=302555, class=SevenZip.Compression.LZMA.Encoder$Optimal@50000da3)
OBJ 5000081e (sz=64, trace=302555, class=SevenZip.Compression.LZMA.Encoder$Optimal@50000da3)
OBJ 5000081f (sz=64, trace=302555, class=SevenZip.Compression.LZMA.Encoder$Optimal@50000da3)
OBJ 50000820 (sz=64, trace=302555, class=SevenZip.Compression.LZMA.Encoder$Optimal@50000da3)
OBJ 50000821 (sz=64, trace=302555, class=SevenZip.Compression.LZMA.Encoder$Optimal@50000da3)
OBJ 50000822 (sz=64, trace=302555, class=SevenZip.Compression.LZMA.Encoder$Optimal@50000da3)
OBJ 50000823 (sz=64, trace=302555, class=SevenZip.Compression.LZMA.Encoder$Optimal@50000da3)
OBJ 50000824 (sz=64, trace=302555, class=SevenZip.Compression.LZMA.Encoder$Optimal@50000da3)
OBJ 50000825 (sz=64, trace=302555, class=SevenZip.Compression.LZMA.Encoder$Optimal@50000da3)
OBJ 50000826 (sz=64, trace=302555, class=SevenZip.Compression.LZMA.Encoder$Optimal@50000da3)
OBJ 50000827 (sz=64, trace=302555, class=SevenZip.Compression.LZMA.Encoder$Optimal@50000da3)
OBJ 50000828 (sz=64, trace=302555, class=SevenZip.Compression.LZMA.Encoder$Optimal@50000da3)
OBJ 50000829 (sz=64, trace=302555, class=SevenZip.Compression.LZMA.Encoder$Optimal@50000da3)
OBJ 5000082a (sz=64, trace=302555, class=SevenZip.Compression.LZMA.Encoder$Optimal@50000da3)
OBJ 5000082b (sz=64, trace=302555, class=SevenZip.Compression.LZMA.Encoder$Optimal@50000da3)
OBJ 5000082c (sz=64, trace=302555, class=SevenZip.Compression.LZMA.Encoder$Optimal@50000da3)
OBJ 5000082d (sz=64, trace=302555, class=SevenZip.Compression.LZMA.Encoder$Optimal@50000da3)
OBJ 5000082e (sz=64, trace=302555, class=SevenZip.Compression.LZMA.Encoder$Optimal@50000da3)
OBJ 5000082f (sz=64, trace=302555, class=SevenZip.Compression.LZMA.Encoder$Optimal@50000da3)
OBJ 50000830 (sz=64, trace=302555, class=SevenZip.Compression.LZMA.Encoder$Optimal@50000da3)
OBJ 50000831 (sz=24, trace=302010, class=java.util.ArrayList@5000004e)
OBJ 50000832 (sz=64, trace=302555, class=SevenZip.Compression.LZMA.Encoder$Optimal@50000da3)
OBJ 50000833 (sz=64, trace=302555, class=SevenZip.Compression.LZMA.Encoder$Optimal@50000da3)
OBJ 50000834 (sz=64, trace=302555, class=SevenZip.Compression.LZMA.Encoder$Optimal@50000da3)
OBJ 50000835 (sz=64, trace=302555, class=SevenZip.Compression.LZMA.Encoder$Optimal@50000da3)
OBJ 50000836 (sz=64, trace=302555, class=SevenZip.Compression.LZMA.Encoder$Optimal@50000da3)
OBJ 50000837 (sz=64, trace=302555, class=SevenZip.Compression.LZMA.Encoder$Optimal@50000da3)
OBJ 50000838 (sz=64, trace=302555, class=SevenZip.Compression.LZMA.Encoder$Optimal@50000da3)
OBJ 50000839 (sz=64, trace=302555, class=SevenZip.Compression.LZMA.Encoder$Optimal@50000da3)
OBJ 5000083a (sz=64, trace=302555, class=SevenZip.Compression.LZMA.Encoder$Optimal@50000da3)
OBJ 5000083b (sz=64, trace=302555, class=SevenZip.Compression.LZMA.Encoder$Optimal@50000da3)
OBJ 5000083c (sz=64, trace=302555, class=SevenZip.Compression.LZMA.Encoder$Optimal@50000da3)
OBJ 5000083d (sz=64, trace=302555, class=SevenZip.Compression.LZMA.Encoder$Optimal@50000da3)
OBJ 5000083e (sz=64, trace=302555, class=SevenZip.Compression.LZMA.Encoder$Optimal@50000da3)
OBJ 5000083f (sz=64, trace=302555, class=SevenZip.Compression.LZMA.Encoder$Optimal@50000da3)
OBJ 50000840 (sz=64, trace=302555, class=SevenZip.Compression.LZMA.Encoder$Optimal@50000da3)
OBJ 50000841 (sz=64, trace=302555, class=SevenZip.Compression.LZMA.Encoder$Optimal@50000da3)
OBJ 50000842 (sz=64, trace=302555, class=SevenZip.Compression.LZMA.Encoder$Optimal@50000da3)
OBJ 50000843 (sz=64, trace=302555, class=SevenZip.Compression.LZMA.Encoder$Optimal@50000da3)
OBJ 50000844 (sz=64, trace=302555, class=SevenZip.Compression.LZMA.Encoder$Optimal@50000da3)
OBJ 50000845 (sz=64, trace=302555, class=SevenZip.Compression.LZMA.Encoder$Optimal@50000da3)
OBJ 50000846 (sz=64, trace=302555, class=SevenZip.Compression.LZMA.Encoder$Optimal@50000da3)
OBJ 50000847 (sz=64, trace=302555, class=SevenZip.Compression.LZMA.Encoder$Optimal@50000da3)
OBJ 50000848 (sz=64, trace=302555, class=SevenZip.Compression.LZMA.Encoder$Optimal@50000da3)
OBJ 50000849 (sz=64, trace=302555, class=SevenZip.Compression.LZMA.Encoder$Optimal@50000da3)
OBJ 5000084a (sz=64, trace=302555, class=SevenZip.Compression.LZMA.Encoder$Optimal@50000da3)
OBJ 5000084b (sz=64, trace=302555, class=SevenZip.Compression.LZMA.Encoder$Optimal@50000da3)
ARR 5000084c (sz=56, trace=302101, nelems=0, elem type=java.lang.Object[]@500000a8)
OBJ 5000084d (sz=16, trace=302211, class=org.junit.runners.BlockJUnit4ClassRunner$1@500082ea)
OBJ 5000084e (sz=72, trace=301160, class=java.lang.reflect.Constructor@5000006e)
ARR 5000084f (sz=16, trace=302212, nelems=0, elem type=java.lang.Object[]@500000a8)
OBJ 50000850 (sz=64, trace=302555, class=SevenZip.Compression.LZMA.Encoder$Optimal@50000da3)
OBJ 50000851 (sz=16, trace=302213, class=com.emc.vipr.transform.compression.LZMAOutputStreamTest@50001f47)
OBJ 50000852 (sz=24, trace=302214, class=org.junit.internal.runners.statements.InvokeMethod@500048a8)
OBJ 50000853 (sz=64, trace=302555, class=SevenZip.Compression.LZMA.Encoder$Optimal@50000da3)
OBJ 50000854 (sz=24, trace=302215, class=org.junit.internal.runners.statements.RunBefores@50004562)
OBJ 50000855 (sz=64, trace=302555, class=SevenZip.Compression.LZMA.Encoder$Optimal@50000da3)
OBJ 50000856 (sz=64, trace=302555, class=SevenZip.Compression.LZMA.Encoder$Optimal@50000da3)
OBJ 50000857 (sz=64, trace=302555, class=SevenZip.Compression.LZMA.Encoder$Optimal@50000da3)
OBJ 50000858 (sz=64, trace=302555, class=SevenZip.Compression.LZMA.Encoder$Optimal@50000da3)
OBJ 50000859 (sz=64, trace=302555, class=SevenZip.Compression.LZMA.Encoder$Optimal@50000da3)
OBJ 5000085a (sz=64, trace=302555, class=SevenZip.Compression.LZMA.Encoder$Optimal@50000da3)
OBJ 5000085b (sz=64, trace=302555, class=SevenZip.Compression.LZMA.Encoder$Optimal@50000da3)
OBJ 5000085c (sz=64, trace=302555, class=SevenZip.Compression.LZMA.Encoder$Optimal@50000da3)
OBJ 5000085d (sz=64, trace=302555, class=SevenZip.Compression.LZMA.Encoder$Optimal@50000da3)
ARR 5000085f (sz=2048, trace=302488, nelems=2048, elem type=byte[])
OBJ 50000860 (sz=24, trace=302216, class=java.util.ArrayList@5000004e)
OBJ 50000861 (sz=16, trace=302490, class=java.lang.Object@500000a7)
OBJ 50000862 (sz=32, trace=300024, class=java.util.concurrent.ConcurrentHashMap$HashEntry@50000115)
	key		500014a1
	value		50000861
OBJ 50000863 (sz=16, trace=302491, class=java.lang.Object@500000a7)
OBJ 50000864 (sz=64, trace=302555, class=SevenZip.Compression.LZMA.Encoder$Optimal@50000da3)
OBJ 50000865 (sz=64, trace=302555, class=SevenZip.Compression.LZMA.Encoder$Optimal@50000da3)
OBJ 50000866 (sz=64, trace=302555, class=SevenZip.Compression.LZMA.Encoder$Optimal@50000da3)
OBJ 50000867 (sz=64, trace=302555, class=SevenZip.Compression.LZMA.Encoder$Optimal@50000da3)
OBJ 50000868 (sz=64, trace=302555, class=SevenZip.Compression.LZMA.Encoder$Optimal@50000da3)
OBJ 50000869 (sz=64, trace=302555, class=SevenZip.Compression.LZMA.Encoder$Optimal@50000da3)
OBJ 5000086a (sz=64, trace=302555, class=SevenZip.Compression.LZMA.Encoder$Optimal@50000da3)
OBJ 5000086b (sz=64, trace=302555, class=SevenZip.Compression.LZMA.Encoder$Optimal@50000da3)
OBJ 5000086c (sz=64, trace=302555, class=SevenZip.Compression.LZMA.Encoder$Optimal@50000da3)
OBJ 5000086d (sz=32, trace=300027, class=java.util.concurrent.ConcurrentHashMap$HashEntry@50000115)
	key		500014a1
	value		50000863
OBJ 5000086e (sz=64, trace=302555, class=SevenZip.Compression.LZMA.Encoder$Optimal@50000da3)
OBJ 5000086f (sz=64, trace=302555, class=SevenZip.Compression.LZMA.Encoder$Optimal@50000da3)
OBJ 50000870 (sz=64, trace=302555, class=SevenZip.Compression.LZMA.Encoder$Optimal@50000da3)
OBJ 50000871 (sz=64, trace=302555, class=SevenZip.Compression.LZMA.Encoder$Optimal@50000da3)
OBJ 50000872 (sz=64, trace=302555, class=SevenZip.Compression.LZMA.Encoder$Optimal@50000da3)
OBJ 50000873 (sz=64, trace=302555, class=SevenZip.Compression.LZMA.Encoder$Optimal@50000da3)
OBJ 50000874 (sz=64, trace=302555, class=SevenZip.Compression.LZMA.Encoder$Optimal@50000da3)
OBJ 50000875 (sz=64, trace=302555, class=SevenZip.Compression.LZMA.Encoder$Optimal@50000da3)
OBJ 50000876 (sz=64, trace=302555, class=SevenZip.Compression.LZMA.Encoder$Optimal@50000da3)
OBJ 50000877 (sz=64, trace=302555, class=SevenZip.Compression.LZMA.Encoder$Optimal@50000da3)
OBJ 50000878 (sz=64, trace=302555, class=SevenZip.Compression.LZMA.Encoder$Optimal@50000da3)
OBJ 50000879 (sz=64, trace=302555, class=SevenZip.Compression.LZMA.Encoder$Optimal@50000da3)
OBJ 5000087a (sz=64, trace=302555, class=SevenZip.Compression.LZMA.Encoder$Optimal@50000da3)
OBJ 5000087b (sz=64, trace=302555, class=SevenZip.Compression.LZMA.Encoder$Optimal@50000da3)
OBJ 5000087c (sz=64, trace=302555, class=SevenZip.Compression.LZMA.Encoder$Optimal@50000da3)
OBJ 5000087d (sz=64, trace=302555, class=SevenZip.Compression.LZMA.Encoder$Optimal@50000da3)
OBJ 5000087e (sz=64, trace=302555, class=SevenZip.Compression.LZMA.Encoder$Optimal@50000da3)
OBJ 5000087f (sz=64, trace=302555, class=SevenZip.Compression.LZMA.Encoder$Optimal@50000da3)
OBJ 50000880 (sz=64, trace=302555, class=SevenZip.Compression.LZMA.Encoder$Optimal@50000da3)
OBJ 50000881 (sz=64, trace=302555, class=SevenZip.Compression.LZMA.Encoder$Optimal@50000da3)
OBJ 50000882 (sz=64, trace=302555, class=SevenZip.Compression.LZMA.Encoder$Optimal@50000da3)
OBJ 50000883 (sz=64, trace=302555, class=SevenZip.Compression.LZMA.Encoder$Optimal@50000da3)
OBJ 50000884 (sz=64, trace=302555, class=SevenZip.Compression.LZMA.Encoder$Optimal@50000da3)
OBJ 50000885 (sz=64, trace=302555, class=SevenZip.Compression.LZMA.Encoder$Optimal@50000da3)
OBJ 50000886 (sz=64, trace=302555, class=SevenZip.Compression.LZMA.Encoder$Optimal@50000da3)
OBJ 50000887 (sz=64, trace=302555, class=SevenZip.Compression.LZMA.Encoder$Optimal@50000da3)
ARR 50000888 (sz=56, trace=302217, nelems=0, elem type=java.lang.Object[]@500000a8)
OBJ 50000889 (sz=64, trace=302555, class=SevenZip.Compression.LZMA.Encoder$Optimal@50000da3)
OBJ 5000088a (sz=64, trace=302555, class=SevenZip.Compression.LZMA.Encoder$Optimal@50000da3)
OBJ 5000088b (sz=64, trace=302555, class=SevenZip.Compression.LZMA.Encoder$Optimal@50000da3)
OBJ 5000088c (sz=64, trace=302555, class=SevenZip.Compression.LZMA.Encoder$Optimal@50000da3)
OBJ 5000088d (sz=64, trace=302555, class=SevenZip.Compression.LZMA.Encoder$Optimal@50000da3)
OBJ 5000088e (sz=64, trace=302555, class=SevenZip.Compression.LZMA.Encoder$Optimal@50000da3)
OBJ 5000088f (sz=64, trace=302555, class=SevenZip.Compression.LZMA.Encoder$Optimal@50000da3)
OBJ 50000890 (sz=64, trace=302555, class=SevenZip.Compression.LZMA.Encoder$Optimal@50000da3)
OBJ 50000891 (sz=64, trace=302555, class=SevenZip.Compression.LZMA.Encoder$Optimal@50000da3)
OBJ 50000892 (sz=64, trace=302555, class=SevenZip.Compression.LZMA.Encoder$Optimal@50000da3)
OBJ 50000893 (sz=64, trace=302555, class=SevenZip.Compression.LZMA.Encoder$Optimal@50000da3)
OBJ 50000894 (sz=64, trace=302555, class=SevenZip.Compression.LZMA.Encoder$Optimal@50000da3)
OBJ 50000895 (sz=64, trace=302555, class=SevenZip.Compression.LZMA.Encoder$Optimal@50000da3)
OBJ 50000896 (sz=64, trace=302555, class=SevenZip.Compression.LZMA.Encoder$Optimal@50000da3)
OBJ 50000897 (sz=64, trace=302555, class=SevenZip.Compression.LZMA.Encoder$Optimal@50000da3)
OBJ 50000898 (sz=64, trace=302555, class=SevenZip.Compression.LZMA.Encoder$Optimal@50000da3)
OBJ 50000899 (sz=64, trace=302555, class=SevenZip.Compression.LZMA.Encoder$Optimal@50000da3)
OBJ 5000089a (sz=64, trace=302555, class=SevenZip.Compression.LZMA.Encoder$Optimal@50000da3)
OBJ 5000089b (sz=64, trace=302555, class=SevenZip.Compression.LZMA.Encoder$Optimal@50000da3)
OBJ 5000089c (sz=64, trace=302555, class=SevenZip.Compression.LZMA.Encoder$Optimal@50000da3)
OBJ 5000089d (sz=64, trace=302555, class=SevenZip.Compression.LZMA.Encoder$Optimal@50000da3)
OBJ 5000089e (sz=64, trace=302555, class=SevenZip.Compression.LZMA.Encoder$Optimal@50000da3)
OBJ 5000089f (sz=64, trace=302555, class=SevenZip.Compression.LZMA.Encoder$Optimal@50000da3)
OBJ 500008a0 (sz=64, trace=302555, class=SevenZip.Compression.LZMA.Encoder$Optimal@50000da3)
OBJ 500008a1 (sz=64, trace=302555, class=SevenZip.Compression.LZMA.Encoder$Optimal@50000da3)
OBJ 500008a2 (sz=64, trace=302555, class=SevenZip.Compression.LZMA.Encoder$Optimal@50000da3)
OBJ 500008a3 (sz=64, trace=302555, class=SevenZip.Compression.LZMA.Encoder$Optimal@50000da3)
OBJ 500008a4 (sz=64, trace=302555, class=SevenZip.Compression.LZMA.Encoder$Optimal@50000da3)
OBJ 500008a5 (sz=64, trace=302555, class=SevenZip.Compression.LZMA.Encoder$Optimal@50000da3)
OBJ 500008a6 (sz=64, trace=302555, class=SevenZip.Compression.LZMA.Encoder$Optimal@50000da3)
OBJ 500008a7 (sz=64, trace=302555, class=SevenZip.Compression.LZMA.Encoder$Optimal@50000da3)
OBJ 500008a8 (sz=64, trace=302555, class=SevenZip.Compression.LZMA.Encoder$Optimal@50000da3)
OBJ 500008a9 (sz=64, trace=302555, class=SevenZip.Compression.LZMA.Encoder$Optimal@50000da3)
OBJ 500008aa (sz=64, trace=302555, class=SevenZip.Compression.LZMA.Encoder$Optimal@50000da3)
OBJ 500008ab (sz=64, trace=302555, class=SevenZip.Compression.LZMA.Encoder$Optimal@50000da3)
OBJ 500008ac (sz=64, trace=302555, class=SevenZip.Compression.LZMA.Encoder$Optimal@50000da3)
OBJ 500008ad (sz=64, trace=302555, class=SevenZip.Compression.LZMA.Encoder$Optimal@50000da3)
OBJ 500008ae (sz=64, trace=302555, class=SevenZip.Compression.LZMA.Encoder$Optimal@50000da3)
OBJ 500008af (sz=64, trace=302555, class=SevenZip.Compression.LZMA.Encoder$Optimal@50000da3)
OBJ 500008b0 (sz=64, trace=302555, class=SevenZip.Compression.LZMA.Encoder$Optimal@50000da3)
OBJ 500008b1 (sz=64, trace=302555, class=SevenZip.Compression.LZMA.Encoder$Optimal@50000da3)
OBJ 500008b2 (sz=64, trace=302555, class=SevenZip.Compression.LZMA.Encoder$Optimal@50000da3)
OBJ 500008b3 (sz=64, trace=302555, class=SevenZip.Compression.LZMA.Encoder$Optimal@50000da3)
OBJ 500008b4 (sz=64, trace=302555, class=SevenZip.Compression.LZMA.Encoder$Optimal@50000da3)
OBJ 500008b5 (sz=64, trace=302555, class=SevenZip.Compression.LZMA.Encoder$Optimal@50000da3)
OBJ 500008b6 (sz=64, trace=302555, class=SevenZip.Compression.LZMA.Encoder$Optimal@50000da3)
OBJ 500008b7 (sz=64, trace=302555, class=SevenZip.Compression.LZMA.Encoder$Optimal@50000da3)
OBJ 500008b8 (sz=64, trace=302555, class=SevenZip.Compression.LZMA.Encoder$Optimal@50000da3)
OBJ 500008b9 (sz=64, trace=302555, class=SevenZip.Compression.LZMA.Encoder$Optimal@50000da3)
OBJ 500008ba (sz=64, trace=302555, class=SevenZip.Compression.LZMA.Encoder$Optimal@50000da3)
OBJ 500008bb (sz=64, trace=302555, class=SevenZip.Compression.LZMA.Encoder$Optimal@50000da3)
OBJ 500008bc (sz=64, trace=302555, class=SevenZip.Compression.LZMA.Encoder$Optimal@50000da3)
OBJ 500008bd (sz=64, trace=302555, class=SevenZip.Compression.LZMA.Encoder$Optimal@50000da3)
OBJ 500008be (sz=64, trace=302555, class=SevenZip.Compression.LZMA.Encoder$Optimal@50000da3)
OBJ 500008bf (sz=64, trace=302555, class=SevenZip.Compression.LZMA.Encoder$Optimal@50000da3)
OBJ 500008c0 (sz=64, trace=302555, class=SevenZip.Compression.LZMA.Encoder$Optimal@50000da3)
OBJ 500008c1 (sz=64, trace=302555, class=SevenZip.Compression.LZMA.Encoder$Optimal@50000da3)
OBJ 500008c2 (sz=64, trace=302555, class=SevenZip.Compression.LZMA.Encoder$Optimal@50000da3)
OBJ 500008c3 (sz=64, trace=302555, class=SevenZip.Compression.LZMA.Encoder$Optimal@50000da3)
OBJ 500008c4 (sz=64, trace=302555, class=SevenZip.Compression.LZMA.Encoder$Optimal@50000da3)
OBJ 500008c5 (sz=64, trace=302555, class=SevenZip.Compression.LZMA.Encoder$Optimal@50000da3)
OBJ 500008c6 (sz=64, trace=302555, class=SevenZip.Compression.LZMA.Encoder$Optimal@50000da3)
OBJ 500008c7 (sz=64, trace=302555, class=SevenZip.Compression.LZMA.Encoder$Optimal@50000da3)
OBJ 500008c8 (sz=64, trace=302555, class=SevenZip.Compression.LZMA.Encoder$Optimal@50000da3)
OBJ 500008c9 (sz=64, trace=302555, class=SevenZip.Compression.LZMA.Encoder$Optimal@50000da3)
OBJ 500008ca (sz=64, trace=302555, class=SevenZip.Compression.LZMA.Encoder$Optimal@50000da3)
OBJ 500008cb (sz=64, trace=302555, class=SevenZip.Compression.LZMA.Encoder$Optimal@50000da3)
OBJ 500008cc (sz=64, trace=302555, class=SevenZip.Compression.LZMA.Encoder$Optimal@50000da3)
OBJ 500008cd (sz=24, trace=300038, class=java.lang.String@50000096)
	value		500008ce
ARR 500008ce (sz=116, trace=300039, nelems=58, elem type=char[])
OBJ 500008cf (sz=64, trace=302555, class=SevenZip.Compression.LZMA.Encoder$Optimal@50000da3)
OBJ 500008d0 (sz=64, trace=302555, class=SevenZip.Compression.LZMA.Encoder$Optimal@50000da3)
OBJ 500008d1 (sz=64, trace=302555, class=SevenZip.Compression.LZMA.Encoder$Optimal@50000da3)
OBJ 500008d2 (sz=64, trace=302555, class=SevenZip.Compression.LZMA.Encoder$Optimal@50000da3)
OBJ 500008d3 (sz=64, trace=302555, class=SevenZip.Compression.LZMA.Encoder$Optimal@50000da3)
OBJ 500008d4 (sz=64, trace=302555, class=SevenZip.Compression.LZMA.Encoder$Optimal@50000da3)
OBJ 500008d5 (sz=64, trace=302555, class=SevenZip.Compression.LZMA.Encoder$Optimal@50000da3)
OBJ 500008d6 (sz=64, trace=302555, class=SevenZip.Compression.LZMA.Encoder$Optimal@50000da3)
OBJ 500008d7 (sz=64, trace=302555, class=SevenZip.Compression.LZMA.Encoder$Optimal@50000da3)
OBJ 500008d8 (sz=24, trace=300054, class=java.lang.String@50000096)
	value		500008d9
ARR 500008d9 (sz=116, trace=300055, nelems=58, elem type=char[])
OBJ 500008da (sz=64, trace=300056, class=java.net.URL@50000071)
	protocol	5000187d
	host		500011ca
	file		500008d8
	authority	500011ca
	path		500008d8
	handler		5000181f
OBJ 500008db (sz=64, trace=302555, class=SevenZip.Compression.LZMA.Encoder$Optimal@50000da3)
OBJ 500008dc (sz=48, trace=300058, class=sun.misc.URLClassPath$JarLoader@500001ac)
	base		500008da
	jar		500008e5
	csu		5000183d
	handler		5000181f
	lmap		50001820
OBJ 500008dd (sz=64, trace=302555, class=SevenZip.Compression.LZMA.Encoder$Optimal@50000da3)
OBJ 500008de (sz=64, trace=302555, class=SevenZip.Compression.LZMA.Encoder$Optimal@50000da3)
OBJ 500008df (sz=64, trace=302555, class=SevenZip.Compression.LZMA.Encoder$Optimal@50000da3)
OBJ 500008e0 (sz=64, trace=302555, class=SevenZip.Compression.LZMA.Encoder$Optimal@50000da3)
OBJ 500008e1 (sz=64, trace=302555, class=SevenZip.Compression.LZMA.Encoder$Optimal@50000da3)
OBJ 500008e2 (sz=64, trace=302555, class=SevenZip.Compression.LZMA.Encoder$Optimal@50000da3)
OBJ 500008e3 (sz=64, trace=302555, class=SevenZip.Compression.LZMA.Encoder$Optimal@50000da3)
OBJ 500008e4 (sz=64, trace=302555, class=SevenZip.Compression.LZMA.Encoder$Optimal@50000da3)
OBJ 500008e5 (sz=64, trace=300100, class=java.util.jar.JarFile@50000258)
	name		5000184e
	zc		500008ed
	streams		500008e7
	inflaterCache	500008eb
	manEntry	500008f9
OBJ 500008e6 (sz=40, trace=300101, class=java.lang.ref.Finalizer@50000107)
	referent	500008e5
	queue		50001194
	next		500006ec
	prev		50000900
OBJ 500008e7 (sz=56, trace=300102, class=java.util.WeakHashMap@50000074)
	table		500008ea
	queue		500008e8
OBJ 500008e8 (sz=32, trace=300103, class=java.lang.ref.ReferenceQueue@50000117)
	lock		500008e9
OBJ 500008e9 (sz=16, trace=300104, class=java.lang.ref.ReferenceQueue$Lock@50000020)
ARR 500008ea (sz=80, trace=300105, nelems=0, elem type=java.util.WeakHashMap$Entry[]@50000039)
OBJ 500008eb (sz=24, trace=300107, class=java.util.ArrayDeque@500002b1)
	elements	500008ec
ARR 500008ec (sz=80, trace=300108, nelems=1, elem type=java.lang.Object[]@500000a8)
	[0]		500008ff
OBJ 500008ed (sz=32, trace=300110, class=java.util.zip.ZipCoder@500002b4)
	cs		50001886
	enc		500008f1
OBJ 500008ee (sz=64, trace=302555, class=SevenZip.Compression.LZMA.Encoder$Optimal@50000da3)
OBJ 500008ef (sz=64, trace=302555, class=SevenZip.Compression.LZMA.Encoder$Optimal@50000da3)
ARR 500008f0 (sz=1, trace=300131, nelems=1, elem type=byte[])
OBJ 500008f1 (sz=48, trace=300132, class=sun.nio.cs.UTF_8$Encoder@50000016)
	charset		50001886
	replacement	500008f0
	malformedInputAction	50001dcc
	unmappableCharacterAction	50001dcc
OBJ 500008f2 (sz=64, trace=302555, class=SevenZip.Compression.LZMA.Encoder$Optimal@50000da3)
OBJ 500008f3 (sz=64, trace=302555, class=SevenZip.Compression.LZMA.Encoder$Optimal@50000da3)
OBJ 500008f4 (sz=64, trace=302555, class=SevenZip.Compression.LZMA.Encoder$Optimal@50000da3)
OBJ 500008f5 (sz=64, trace=302555, class=SevenZip.Compression.LZMA.Encoder$Optimal@50000da3)
OBJ 500008f6 (sz=64, trace=302555, class=SevenZip.Compression.LZMA.Encoder$Optimal@50000da3)
OBJ 500008f7 (sz=64, trace=302555, class=SevenZip.Compression.LZMA.Encoder$Optimal@50000da3)
OBJ 500008f8 (sz=64, trace=302555, class=SevenZip.Compression.LZMA.Encoder$Optimal@50000da3)
OBJ 500008f9 (sz=80, trace=300262, class=java.util.jar.JarFile$JarFileEntry@500002df)
	name		50001284
	this$0		500008e5
OBJ 500008fa (sz=64, trace=302555, class=SevenZip.Compression.LZMA.Encoder$Optimal@50000da3)
OBJ 500008fb (sz=64, trace=302555, class=SevenZip.Compression.LZMA.Encoder$Optimal@50000da3)
OBJ 500008fc (sz=64, trace=302555, class=SevenZip.Compression.LZMA.Encoder$Optimal@50000da3)
OBJ 500008fd (sz=64, trace=302555, class=SevenZip.Compression.LZMA.Encoder$Optimal@50000da3)
OBJ 500008fe (sz=64, trace=302555, class=SevenZip.Compression.LZMA.Encoder$Optimal@50000da3)
OBJ 500008ff (sz=32, trace=300267, class=java.util.zip.Inflater@500002ed)
	zsRef		50000901
	buf		500002ee
OBJ 50000900 (sz=40, trace=300152, class=java.lang.ref.Finalizer@50000107)
	referent	500008ff
	queue		50001194
	next		500008e6
	prev		5000092b
OBJ 50000901 (sz=24, trace=300268, class=java.util.zip.ZStreamRef@500002f1)
OBJ 50000902 (sz=64, trace=302555, class=SevenZip.Compression.LZMA.Encoder$Optimal@50000da3)
OBJ 50000903 (sz=64, trace=302555, class=SevenZip.Compression.LZMA.Encoder$Optimal@50000da3)
OBJ 50000904 (sz=64, trace=302555, class=SevenZip.Compression.LZMA.Encoder$Optimal@50000da3)
OBJ 50000905 (sz=64, trace=302555, class=SevenZip.Compression.LZMA.Encoder$Optimal@50000da3)
OBJ 50000906 (sz=64, trace=302555, class=SevenZip.Compression.LZMA.Encoder$Optimal@50000da3)
OBJ 50000907 (sz=64, trace=302555, class=SevenZip.Compression.LZMA.Encoder$Optimal@50000da3)
OBJ 50000908 (sz=64, trace=302555, class=SevenZip.Compression.LZMA.Encoder$Optimal@50000da3)
OBJ 50000909 (sz=64, trace=302555, class=SevenZip.Compression.LZMA.Encoder$Optimal@50000da3)
ARR 5000090a (sz=144, trace=300286, nelems=30, elem type=java.util.HashMap$Entry[]@5000009f)
	[2]		50000223
	[6]		500001c3
	[7]		500004c4
	[8]		5000020b
	[11]		50000629
	[12]		500009cf
	[13]		500001f3
	[14]		500001db
	[18]		50000a43
	[20]		500007bc
	[21]		50000337
	[26]		500003ad
	[29]		50000985
OBJ 5000090b (sz=32, trace=300061, class=java.util.HashMap$Entry@5000009e)
	key		500008cd
	value		500008dc
OBJ 5000090c (sz=64, trace=302555, class=SevenZip.Compression.LZMA.Encoder$Optimal@50000da3)
OBJ 5000090d (sz=64, trace=302555, class=SevenZip.Compression.LZMA.Encoder$Optimal@50000da3)
OBJ 5000090e (sz=32, trace=302218, class=java.util.ArrayList$Itr@50001c12)
OBJ 5000090f (sz=24, trace=302219, class=java.util.ArrayList@5000004e)
ARR 50000910 (sz=56, trace=302220, nelems=0, elem type=java.lang.Object[]@500000a8)
OBJ 50000912 (sz=32, trace=302221, class=java.util.ArrayList$Itr@50001c12)
ARR 50000913 (sz=16, trace=302222, nelems=0, elem type=java.lang.Object[]@500000a8)
OBJ 50000914 (sz=16, trace=302476, class=java.lang.Object@500000a7)
OBJ 50000915 (sz=32, trace=300024, class=java.util.concurrent.ConcurrentHashMap$HashEntry@50000115)
	key		5000147d
	value		50000914
	next		5000353c
OBJ 50000916 (sz=16, trace=302478, class=java.lang.Object@500000a7)
OBJ 50000917 (sz=24, trace=302477, class=java.lang.ThreadLocal$ThreadLocalMap@50000166)
	table		50000919
OBJ 50000918 (sz=32, trace=300027, class=java.util.concurrent.ConcurrentHashMap$HashEntry@50000115)
	key		5000147d
	value		50000916
	next		5000353e
ARR 50000919 (sz=80, trace=302479, nelems=6, elem type=java.lang.ThreadLocal$ThreadLocalMap$Entry[]@50000068)
	[5]		5000091a
OBJ 5000091a (sz=32, trace=302480, class=java.lang.ThreadLocal$ThreadLocalMap$Entry@50000067)
	referent	50001710
	queue		50001716
	value		50001256
OBJ 5000091c (sz=24, trace=302226, class=java.util.ArrayList@5000004e)
OBJ 5000091d (sz=24, trace=300054, class=java.lang.String@50000096)
	value		5000091e
ARR 5000091e (sz=106, trace=300055, nelems=53, elem type=char[])
OBJ 5000091f (sz=64, trace=300056, class=java.net.URL@50000071)
	protocol	5000187d
	host		500011ca
	file		5000091d
	authority	500011ca
	path		5000091d
	handler		5000181f
OBJ 50000920 (sz=16, trace=302482, class=java.lang.Object@500000a7)
OBJ 50000921 (sz=48, trace=300058, class=sun.misc.URLClassPath$JarLoader@500001ac)
	base		5000091f
	jar		5000092a
	csu		5000183e
	index		5000094a
	handler		5000181f
	lmap		50001820
OBJ 50000922 (sz=32, trace=300024, class=java.util.concurrent.ConcurrentHashMap$HashEntry@50000115)
	key		500013ee
	value		50000920
ARR 50000923 (sz=80, trace=300473, nelems=16, elem type=java.util.concurrent.ConcurrentHashMap$HashEntry[]@50000116)
	[6]		50001034
	[8]		50008dd7
	[10]		500023ef
	[14]		50000924
	[15]		50003ecf
OBJ 50000924 (sz=32, trace=300486, class=java.util.concurrent.ConcurrentHashMap$HashEntry@50000115)
	key		500013ea
	value		500087cb
OBJ 50000925 (sz=16, trace=302483, class=java.lang.Object@500000a7)
OBJ 50000926 (sz=32, trace=300027, class=java.util.concurrent.ConcurrentHashMap$HashEntry@50000115)
	key		500013ee
	value		50000925
ARR 50000927 (sz=80, trace=300475, nelems=16, elem type=java.util.concurrent.ConcurrentHashMap$HashEntry[]@50000116)
	[6]		50001039
	[8]		50008dd9
	[10]		500023f1
	[14]		50000928
	[15]		50003ed2
OBJ 50000928 (sz=32, trace=300486, class=java.util.concurrent.ConcurrentHashMap$HashEntry@50000115)
	key		500013ea
	value		500087cd
OBJ 50000929 (sz=64, trace=302555, class=SevenZip.Compression.LZMA.Encoder$Optimal@50000da3)
OBJ 5000092a (sz=64, trace=300100, class=java.util.jar.JarFile@50000258)
	name		50001848
	zc		50000932
	streams		5000092c
	inflaterCache	50000930
OBJ 5000092b (sz=40, trace=300101, class=java.lang.ref.Finalizer@50000107)
	referent	5000092a
	queue		50001194
	next		50000900
	prev		500009aa
OBJ 5000092c (sz=56, trace=300102, class=java.util.WeakHashMap@50000074)
	table		5000092f
	queue		5000092d
OBJ 5000092d (sz=32, trace=300103, class=java.lang.ref.ReferenceQueue@50000117)
	lock		5000092e
OBJ 5000092e (sz=16, trace=300104, class=java.lang.ref.ReferenceQueue$Lock@50000020)
ARR 5000092f (sz=80, trace=300105, nelems=0, elem type=java.util.WeakHashMap$Entry[]@50000039)
OBJ 50000930 (sz=24, trace=300107, class=java.util.ArrayDeque@500002b1)
	elements	50000931
ARR 50000931 (sz=80, trace=300108, nelems=0, elem type=java.lang.Object[]@500000a8)
OBJ 50000932 (sz=32, trace=300110, class=java.util.zip.ZipCoder@500002b4)
	cs		50001886
	enc		50000936
OBJ 50000933 (sz=64, trace=302555, class=SevenZip.Compression.LZMA.Encoder$Optimal@50000da3)
OBJ 50000934 (sz=64, trace=302555, class=SevenZip.Compression.LZMA.Encoder$Optimal@50000da3)
ARR 50000935 (sz=1, trace=300131, nelems=1, elem type=byte[])
OBJ 50000936 (sz=48, trace=300132, class=sun.nio.cs.UTF_8$Encoder@50000016)
	charset		50001886
	replacement	50000935
	malformedInputAction	50001dcc
	unmappableCharacterAction	50001dcc
OBJ 50000937 (sz=64, trace=302555, class=SevenZip.Compression.LZMA.Encoder$Optimal@50000da3)
OBJ 50000938 (sz=64, trace=302555, class=SevenZip.Compression.LZMA.Encoder$Optimal@50000da3)
OBJ 50000939 (sz=64, trace=302555, class=SevenZip.Compression.LZMA.Encoder$Optimal@50000da3)
OBJ 5000093a (sz=64, trace=302555, class=SevenZip.Compression.LZMA.Encoder$Optimal@50000da3)
OBJ 5000093b (sz=64, trace=302555, class=SevenZip.Compression.LZMA.Encoder$Optimal@50000da3)
OBJ 5000093c (sz=64, trace=302555, class=SevenZip.Compression.LZMA.Encoder$Optimal@50000da3)
OBJ 5000093d (sz=64, trace=302555, class=SevenZip.Compression.LZMA.Encoder$Optimal@50000da3)
OBJ 5000093e (sz=64, trace=302555, class=SevenZip.Compression.LZMA.Encoder$Optimal@50000da3)
OBJ 5000093f (sz=64, trace=302555, class=SevenZip.Compression.LZMA.Encoder$Optimal@50000da3)
OBJ 50000940 (sz=64, trace=302555, class=SevenZip.Compression.LZMA.Encoder$Optimal@50000da3)
ARR 50000941 (sz=56, trace=302227, nelems=0, elem type=java.lang.Object[]@500000a8)
OBJ 50000942 (sz=32, trace=302228, class=java.util.ArrayList$Itr@50001c12)
OBJ 50000943 (sz=32, trace=302229, class=java.util.ArrayList$Itr@50001c12)
OBJ 50000944 (sz=64, trace=302555, class=SevenZip.Compression.LZMA.Encoder$Optimal@50000da3)
OBJ 50000945 (sz=64, trace=302555, class=SevenZip.Compression.LZMA.Encoder$Optimal@50000da3)
OBJ 50000946 (sz=64, trace=302555, class=SevenZip.Compression.LZMA.Encoder$Optimal@50000da3)
OBJ 50000947 (sz=64, trace=302555, class=SevenZip.Compression.LZMA.Encoder$Optimal@50000da3)
OBJ 50000948 (sz=24, trace=302230, class=org.junit.internal.runners.model.EachTestNotifier@50007eef)
OBJ 50000949 (sz=64, trace=302555, class=SevenZip.Compression.LZMA.Encoder$Optimal@50000da3)
OBJ 5000094a (sz=24, trace=300161, class=sun.misc.JarIndex@500002d6)
	indexMap	5000094b
	jarMap		5000094d
	jarFiles	50000976
OBJ 5000094b (sz=56, trace=300162, class=java.util.HashMap@5000010b)
	table		5000094c
ARR 5000094c (sz=80, trace=300163, nelems=15, elem type=java.util.HashMap$Entry[]@5000009f)
	[3]		50000963
	[4]		50000971
	[14]		5000096b
OBJ 5000094d (sz=56, trace=300164, class=java.util.HashMap@5000010b)
	table		5000094e
ARR 5000094e (sz=80, trace=300165, nelems=5, elem type=java.util.HashMap$Entry[]@5000009f)
	[4]		50000966
OBJ 5000094f (sz=64, trace=302555, class=SevenZip.Compression.LZMA.Encoder$Optimal@50000da3)
OBJ 50000950 (sz=64, trace=302555, class=SevenZip.Compression.LZMA.Encoder$Optimal@50000da3)
OBJ 50000951 (sz=64, trace=302555, class=SevenZip.Compression.LZMA.Encoder$Optimal@50000da3)
OBJ 50000952 (sz=64, trace=302555, class=SevenZip.Compression.LZMA.Encoder$Optimal@50000da3)
OBJ 50000953 (sz=64, trace=302555, class=SevenZip.Compression.LZMA.Encoder$Optimal@50000da3)
OBJ 50000954 (sz=64, trace=302555, class=SevenZip.Compression.LZMA.Encoder$Optimal@50000da3)
OBJ 50000955 (sz=64, trace=302555, class=SevenZip.Compression.LZMA.Encoder$Optimal@50000da3)
OBJ 50000956 (sz=64, trace=302555, class=SevenZip.Compression.LZMA.Encoder$Optimal@50000da3)
OBJ 50000957 (sz=64, trace=302555, class=SevenZip.Compression.LZMA.Encoder$Optimal@50000da3)
OBJ 50000958 (sz=64, trace=302555, class=SevenZip.Compression.LZMA.Encoder$Optimal@50000da3)
OBJ 50000959 (sz=64, trace=302555, class=SevenZip.Compression.LZMA.Encoder$Optimal@50000da3)
OBJ 5000095a (sz=64, trace=302555, class=SevenZip.Compression.LZMA.Encoder$Optimal@50000da3)
OBJ 5000095b (sz=64, trace=302555, class=SevenZip.Compression.LZMA.Encoder$Optimal@50000da3)
OBJ 5000095c (sz=64, trace=302555, class=SevenZip.Compression.LZMA.Encoder$Optimal@50000da3)
OBJ 5000095d (sz=24, trace=300178, class=java.lang.String@50000096)
	value		5000095e
ARR 5000095e (sz=28, trace=300179, nelems=14, elem type=char[])
OBJ 5000095f (sz=24, trace=300180, class=java.lang.String@50000096)
	value		50000960
ARR 50000960 (sz=6, trace=300181, nelems=3, elem type=char[])
OBJ 50000961 (sz=32, trace=300183, class=java.util.LinkedList@50000317)
	first		50000962
	last		50000962
OBJ 50000962 (sz=24, trace=300185, class=java.util.LinkedList$Node@50000319)
	item		5000095d
OBJ 50000963 (sz=32, trace=300186, class=java.util.HashMap$Entry@5000009e)
	key		5000095f
	value		50000961
OBJ 50000964 (sz=32, trace=300187, class=java.util.LinkedList@50000317)
	first		50000965
	last		50000972
OBJ 50000965 (sz=24, trace=300188, class=java.util.LinkedList$Node@50000319)
	item		5000095f
	next		5000096c
OBJ 50000966 (sz=32, trace=300189, class=java.util.HashMap$Entry@5000009e)
	key		5000095d
	value		50000964
OBJ 50000967 (sz=24, trace=300180, class=java.lang.String@50000096)
	value		50000968
ARR 50000968 (sz=18, trace=300181, nelems=9, elem type=char[])
OBJ 50000969 (sz=32, trace=300183, class=java.util.LinkedList@50000317)
	first		5000096a
	last		5000096a
OBJ 5000096a (sz=24, trace=300185, class=java.util.LinkedList$Node@50000319)
	item		5000095d
OBJ 5000096b (sz=32, trace=300186, class=java.util.HashMap$Entry@5000009e)
	key		50000967
	value		50000969
OBJ 5000096c (sz=24, trace=300190, class=java.util.LinkedList$Node@50000319)
	item		50000967
	next		50000972
	prev		50000965
OBJ 5000096d (sz=24, trace=300180, class=java.lang.String@50000096)
	value		5000096e
ARR 5000096e (sz=26, trace=300181, nelems=13, elem type=char[])
OBJ 5000096f (sz=32, trace=300183, class=java.util.LinkedList@50000317)
	first		50000970
	last		50000970
OBJ 50000970 (sz=24, trace=300185, class=java.util.LinkedList$Node@50000319)
	item		5000095d
OBJ 50000971 (sz=32, trace=300186, class=java.util.HashMap$Entry@5000009e)
	key		5000096d
	value		5000096f
OBJ 50000972 (sz=24, trace=300190, class=java.util.LinkedList$Node@50000319)
	item		5000096d
	prev		5000096c
OBJ 50000973 (sz=64, trace=302555, class=SevenZip.Compression.LZMA.Encoder$Optimal@50000da3)
OBJ 50000974 (sz=64, trace=302555, class=SevenZip.Compression.LZMA.Encoder$Optimal@50000da3)
OBJ 50000975 (sz=64, trace=302555, class=SevenZip.Compression.LZMA.Encoder$Optimal@50000da3)
ARR 50000976 (sz=24, trace=300191, nelems=1, elem type=java.lang.String[]@50000097)
	[0]		5000095d
OBJ 50000977 (sz=64, trace=302555, class=SevenZip.Compression.LZMA.Encoder$Optimal@50000da3)
OBJ 50000978 (sz=64, trace=302555, class=SevenZip.Compression.LZMA.Encoder$Optimal@50000da3)
OBJ 50000979 (sz=64, trace=302555, class=SevenZip.Compression.LZMA.Encoder$Optimal@50000da3)
OBJ 5000097a (sz=64, trace=302555, class=SevenZip.Compression.LZMA.Encoder$Optimal@50000da3)
OBJ 5000097b (sz=64, trace=302555, class=SevenZip.Compression.LZMA.Encoder$Optimal@50000da3)
OBJ 5000097c (sz=64, trace=302555, class=SevenZip.Compression.LZMA.Encoder$Optimal@50000da3)
OBJ 5000097d (sz=64, trace=302555, class=SevenZip.Compression.LZMA.Encoder$Optimal@50000da3)
OBJ 5000097e (sz=64, trace=302555, class=SevenZip.Compression.LZMA.Encoder$Optimal@50000da3)
OBJ 5000097f (sz=64, trace=302555, class=SevenZip.Compression.LZMA.Encoder$Optimal@50000da3)
OBJ 50000980 (sz=64, trace=302555, class=SevenZip.Compression.LZMA.Encoder$Optimal@50000da3)
OBJ 50000981 (sz=64, trace=302555, class=SevenZip.Compression.LZMA.Encoder$Optimal@50000da3)
OBJ 50000982 (sz=64, trace=302555, class=SevenZip.Compression.LZMA.Encoder$Optimal@50000da3)
OBJ 50000983 (sz=24, trace=300203, class=java.lang.String@50000096)
	value		50000984
ARR 50000984 (sz=106, trace=300204, nelems=53, elem type=char[])
OBJ 50000985 (sz=32, trace=300205, class=java.util.HashMap$Entry@5000009e)
	key		50000983
	value		50000921
	next		5000090b
OBJ 50000986 (sz=64, trace=302555, class=SevenZip.Compression.LZMA.Encoder$Optimal@50000da3)
OBJ 50000987 (sz=64, trace=302555, class=SevenZip.Compression.LZMA.Encoder$Optimal@50000da3)
OBJ 50000988 (sz=64, trace=302555, class=SevenZip.Compression.LZMA.Encoder$Optimal@50000da3)
OBJ 50000989 (sz=64, trace=302555, class=SevenZip.Compression.LZMA.Encoder$Optimal@50000da3)
OBJ 5000098a (sz=64, trace=302555, class=SevenZip.Compression.LZMA.Encoder$Optimal@50000da3)
OBJ 5000098b (sz=64, trace=302555, class=SevenZip.Compression.LZMA.Encoder$Optimal@50000da3)
OBJ 5000098c (sz=64, trace=302555, class=SevenZip.Compression.LZMA.Encoder$Optimal@50000da3)
OBJ 5000098d (sz=64, trace=302555, class=SevenZip.Compression.LZMA.Encoder$Optimal@50000da3)
OBJ 5000098e (sz=64, trace=302555, class=SevenZip.Compression.LZMA.Encoder$Optimal@50000da3)
OBJ 5000098f (sz=64, trace=302555, class=SevenZip.Compression.LZMA.Encoder$Optimal@50000da3)
OBJ 50000990 (sz=64, trace=302555, class=SevenZip.Compression.LZMA.Encoder$Optimal@50000da3)
OBJ 50000991 (sz=24, trace=300038, class=java.lang.String@50000096)
	value		50000992
ARR 50000992 (sz=98, trace=300039, nelems=49, elem type=char[])
OBJ 50000993 (sz=64, trace=302555, class=SevenZip.Compression.LZMA.Encoder$Optimal@50000da3)
OBJ 50000994 (sz=64, trace=302555, class=SevenZip.Compression.LZMA.Encoder$Optimal@50000da3)
OBJ 50000995 (sz=64, trace=302555, class=SevenZip.Compression.LZMA.Encoder$Optimal@50000da3)
OBJ 50000996 (sz=64, trace=302555, class=SevenZip.Compression.LZMA.Encoder$Optimal@50000da3)
OBJ 50000997 (sz=64, trace=302555, class=SevenZip.Compression.LZMA.Encoder$Optimal@50000da3)
OBJ 50000998 (sz=64, trace=302555, class=SevenZip.Compression.LZMA.Encoder$Optimal@50000da3)
OBJ 50000999 (sz=64, trace=302555, class=SevenZip.Compression.LZMA.Encoder$Optimal@50000da3)
OBJ 5000099a (sz=64, trace=302555, class=SevenZip.Compression.LZMA.Encoder$Optimal@50000da3)
OBJ 5000099b (sz=64, trace=302555, class=SevenZip.Compression.LZMA.Encoder$Optimal@50000da3)
OBJ 5000099c (sz=24, trace=300054, class=java.lang.String@50000096)
	value		5000099d
ARR 5000099d (sz=98, trace=300055, nelems=49, elem type=char[])
OBJ 5000099e (sz=64, trace=300056, class=java.net.URL@50000071)
	protocol	5000187d
	host		500011ca
	file		5000099c
	authority	500011ca
	path		5000099c
	handler		5000181f
OBJ 5000099f (sz=64, trace=302555, class=SevenZip.Compression.LZMA.Encoder$Optimal@50000da3)
OBJ 500009a0 (sz=48, trace=300058, class=sun.misc.URLClassPath$JarLoader@500001ac)
	base		5000099e
	jar		500009a9
	csu		5000183f
	handler		5000181f
	lmap		50001820
OBJ 500009a1 (sz=64, trace=302555, class=SevenZip.Compression.LZMA.Encoder$Optimal@50000da3)
OBJ 500009a2 (sz=64, trace=302555, class=SevenZip.Compression.LZMA.Encoder$Optimal@50000da3)
OBJ 500009a3 (sz=64, trace=302555, class=SevenZip.Compression.LZMA.Encoder$Optimal@50000da3)
OBJ 500009a4 (sz=64, trace=302555, class=SevenZip.Compression.LZMA.Encoder$Optimal@50000da3)
OBJ 500009a5 (sz=64, trace=302555, class=SevenZip.Compression.LZMA.Encoder$Optimal@50000da3)
OBJ 500009a6 (sz=64, trace=302555, class=SevenZip.Compression.LZMA.Encoder$Optimal@50000da3)
OBJ 500009a7 (sz=64, trace=302555, class=SevenZip.Compression.LZMA.Encoder$Optimal@50000da3)
OBJ 500009a8 (sz=64, trace=302555, class=SevenZip.Compression.LZMA.Encoder$Optimal@50000da3)
OBJ 500009a9 (sz=64, trace=300100, class=java.util.jar.JarFile@50000258)
	name		50001846
	zc		500009b1
	streams		500009ab
	inflaterCache	500009af
	manEntry	500009bd
OBJ 500009aa (sz=40, trace=300101, class=java.lang.ref.Finalizer@50000107)
	referent	500009a9
	queue		50001194
	next		5000092b
	prev		500009c4
OBJ 500009ab (sz=56, trace=300102, class=java.util.WeakHashMap@50000074)
	table		500009ae
	queue		500009ac
OBJ 500009ac (sz=32, trace=300103, class=java.lang.ref.ReferenceQueue@50000117)
	lock		500009ad
OBJ 500009ad (sz=16, trace=300104, class=java.lang.ref.ReferenceQueue$Lock@50000020)
ARR 500009ae (sz=80, trace=300105, nelems=0, elem type=java.util.WeakHashMap$Entry[]@50000039)
OBJ 500009af (sz=24, trace=300107, class=java.util.ArrayDeque@500002b1)
	elements	500009b0
ARR 500009b0 (sz=80, trace=300108, nelems=1, elem type=java.lang.Object[]@500000a8)
	[0]		500009c3
OBJ 500009b1 (sz=32, trace=300110, class=java.util.zip.ZipCoder@500002b4)
	cs		50001886
	enc		500009b5
OBJ 500009b2 (sz=64, trace=302555, class=SevenZip.Compression.LZMA.Encoder$Optimal@50000da3)
OBJ 500009b3 (sz=64, trace=302555, class=SevenZip.Compression.LZMA.Encoder$Optimal@50000da3)
ARR 500009b4 (sz=1, trace=300131, nelems=1, elem type=byte[])
OBJ 500009b5 (sz=48, trace=300132, class=sun.nio.cs.UTF_8$Encoder@50000016)
	charset		50001886
	replacement	500009b4
	malformedInputAction	50001dcc
	unmappableCharacterAction	50001dcc
OBJ 500009b6 (sz=64, trace=302555, class=SevenZip.Compression.LZMA.Encoder$Optimal@50000da3)
OBJ 500009b7 (sz=64, trace=302555, class=SevenZip.Compression.LZMA.Encoder$Optimal@50000da3)
OBJ 500009b8 (sz=64, trace=302555, class=SevenZip.Compression.LZMA.Encoder$Optimal@50000da3)
OBJ 500009b9 (sz=64, trace=302555, class=SevenZip.Compression.LZMA.Encoder$Optimal@50000da3)
OBJ 500009ba (sz=64, trace=302555, class=SevenZip.Compression.LZMA.Encoder$Optimal@50000da3)
OBJ 500009bb (sz=64, trace=302555, class=SevenZip.Compression.LZMA.Encoder$Optimal@50000da3)
OBJ 500009bc (sz=64, trace=302555, class=SevenZip.Compression.LZMA.Encoder$Optimal@50000da3)
OBJ 500009bd (sz=80, trace=300262, class=java.util.jar.JarFile$JarFileEntry@500002df)
	name		50001284
	this$0		500009a9
OBJ 500009be (sz=64, trace=302555, class=SevenZip.Compression.LZMA.Encoder$Optimal@50000da3)
OBJ 500009bf (sz=64, trace=302555, class=SevenZip.Compression.LZMA.Encoder$Optimal@50000da3)
OBJ 500009c0 (sz=64, trace=302555, class=SevenZip.Compression.LZMA.Encoder$Optimal@50000da3)
OBJ 500009c1 (sz=64, trace=302555, class=SevenZip.Compression.LZMA.Encoder$Optimal@50000da3)
OBJ 500009c2 (sz=64, trace=302555, class=SevenZip.Compression.LZMA.Encoder$Optimal@50000da3)
OBJ 500009c3 (sz=32, trace=300267, class=java.util.zip.Inflater@500002ed)
	zsRef		500009c5
	buf		500002ee
OBJ 500009c4 (sz=40, trace=300152, class=java.lang.ref.Finalizer@50000107)
	referent	500009c3
	queue		50001194
	next		500009aa
	prev		500009ef
OBJ 500009c5 (sz=24, trace=300268, class=java.util.zip.ZStreamRef@500002f1)
OBJ 500009c6 (sz=64, trace=302555, class=SevenZip.Compression.LZMA.Encoder$Optimal@50000da3)
OBJ 500009c7 (sz=64, trace=302555, class=SevenZip.Compression.LZMA.Encoder$Optimal@50000da3)
OBJ 500009c8 (sz=64, trace=302555, class=SevenZip.Compression.LZMA.Encoder$Optimal@50000da3)
OBJ 500009c9 (sz=64, trace=302555, class=SevenZip.Compression.LZMA.Encoder$Optimal@50000da3)
OBJ 500009ca (sz=64, trace=302555, class=SevenZip.Compression.LZMA.Encoder$Optimal@50000da3)
OBJ 500009cb (sz=64, trace=302555, class=SevenZip.Compression.LZMA.Encoder$Optimal@50000da3)
OBJ 500009cc (sz=64, trace=302555, class=SevenZip.Compression.LZMA.Encoder$Optimal@50000da3)
OBJ 500009cd (sz=64, trace=302555, class=SevenZip.Compression.LZMA.Encoder$Optimal@50000da3)
ARR 500009ce (sz=104, trace=300278, nelems=17, elem type=java.lang.Object[]@500000a8)
	[0]		500001be
	[1]		500001d6
	[2]		500001ee
	[3]		50000206
	[4]		5000021e
	[5]		50000236
	[6]		5000024e
	[7]		50000352
	[8]		500003c3
	[9]		50000460
	[10]		500004df
	[11]		50000645
	[12]		500006e2
	[13]		500008dc
	[14]		50000921
	[15]		500009a0
	[16]		500009e5
OBJ 500009cf (sz=32, trace=300061, class=java.util.HashMap$Entry@5000009e)
	key		50000991
	value		500009a0
OBJ 500009d0 (sz=64, trace=302555, class=SevenZip.Compression.LZMA.Encoder$Optimal@50000da3)
OBJ 500009d1 (sz=64, trace=302555, class=SevenZip.Compression.LZMA.Encoder$Optimal@50000da3)
OBJ 500009d2 (sz=64, trace=302555, class=SevenZip.Compression.LZMA.Encoder$Optimal@50000da3)
OBJ 500009d3 (sz=64, trace=302555, class=SevenZip.Compression.LZMA.Encoder$Optimal@50000da3)
OBJ 500009d4 (sz=64, trace=302555, class=SevenZip.Compression.LZMA.Encoder$Optimal@50000da3)
OBJ 500009d5 (sz=64, trace=302555, class=SevenZip.Compression.LZMA.Encoder$Optimal@50000da3)
OBJ 500009d6 (sz=64, trace=302555, class=SevenZip.Compression.LZMA.Encoder$Optimal@50000da3)
OBJ 500009d7 (sz=64, trace=302555, class=SevenZip.Compression.LZMA.Encoder$Optimal@50000da3)
OBJ 500009d8 (sz=64, trace=302555, class=SevenZip.Compression.LZMA.Encoder$Optimal@50000da3)
OBJ 500009d9 (sz=64, trace=302555, class=SevenZip.Compression.LZMA.Encoder$Optimal@50000da3)
OBJ 500009da (sz=64, trace=302555, class=SevenZip.Compression.LZMA.Encoder$Optimal@50000da3)
OBJ 500009db (sz=64, trace=302555, class=SevenZip.Compression.LZMA.Encoder$Optimal@50000da3)
OBJ 500009dc (sz=64, trace=302555, class=SevenZip.Compression.LZMA.Encoder$Optimal@50000da3)
OBJ 500009dd (sz=64, trace=302555, class=SevenZip.Compression.LZMA.Encoder$Optimal@50000da3)
OBJ 500009de (sz=64, trace=302555, class=SevenZip.Compression.LZMA.Encoder$Optimal@50000da3)
OBJ 500009df (sz=64, trace=302555, class=SevenZip.Compression.LZMA.Encoder$Optimal@50000da3)
OBJ 500009e0 (sz=64, trace=302555, class=SevenZip.Compression.LZMA.Encoder$Optimal@50000da3)
OBJ 500009e1 (sz=24, trace=300054, class=java.lang.String@50000096)
	value		500009e2
ARR 500009e2 (sz=100, trace=300055, nelems=50, elem type=char[])
OBJ 500009e3 (sz=64, trace=300056, class=java.net.URL@50000071)
	protocol	5000187d
	host		500011ca
	file		500009e1
	authority	500011ca
	path		500009e1
	handler		5000181f
OBJ 500009e4 (sz=64, trace=302555, class=SevenZip.Compression.LZMA.Encoder$Optimal@50000da3)
OBJ 500009e5 (sz=48, trace=300058, class=sun.misc.URLClassPath$JarLoader@500001ac)
	base		500009e3
	jar		500009ee
	csu		50001840
	index		50000a0e
	handler		5000181f
	lmap		50001820
OBJ 500009e6 (sz=64, trace=302555, class=SevenZip.Compression.LZMA.Encoder$Optimal@50000da3)
OBJ 500009e7 (sz=64, trace=302555, class=SevenZip.Compression.LZMA.Encoder$Optimal@50000da3)
OBJ 500009e8 (sz=64, trace=302555, class=SevenZip.Compression.LZMA.Encoder$Optimal@50000da3)
OBJ 500009e9 (sz=64, trace=302555, class=SevenZip.Compression.LZMA.Encoder$Optimal@50000da3)
OBJ 500009ea (sz=64, trace=302555, class=SevenZip.Compression.LZMA.Encoder$Optimal@50000da3)
OBJ 500009eb (sz=64, trace=302555, class=SevenZip.Compression.LZMA.Encoder$Optimal@50000da3)
OBJ 500009ec (sz=64, trace=302555, class=SevenZip.Compression.LZMA.Encoder$Optimal@50000da3)
OBJ 500009ed (sz=64, trace=302555, class=SevenZip.Compression.LZMA.Encoder$Optimal@50000da3)
OBJ 500009ee (sz=64, trace=300100, class=java.util.jar.JarFile@50000258)
	name		50001844
	zc		500009f6
	streams		500009f0
	inflaterCache	500009f4
OBJ 500009ef (sz=40, trace=300101, class=java.lang.ref.Finalizer@50000107)
	referent	500009ee
	queue		50001194
	next		500009c4
	prev		50000af7
OBJ 500009f0 (sz=56, trace=300102, class=java.util.WeakHashMap@50000074)
	table		500009f3
	queue		500009f1
OBJ 500009f1 (sz=32, trace=300103, class=java.lang.ref.ReferenceQueue@50000117)
	lock		500009f2
OBJ 500009f2 (sz=16, trace=300104, class=java.lang.ref.ReferenceQueue$Lock@50000020)
ARR 500009f3 (sz=80, trace=300105, nelems=0, elem type=java.util.WeakHashMap$Entry[]@50000039)
OBJ 500009f4 (sz=24, trace=300107, class=java.util.ArrayDeque@500002b1)
	elements	500009f5
ARR 500009f5 (sz=80, trace=300108, nelems=0, elem type=java.lang.Object[]@500000a8)
OBJ 500009f6 (sz=32, trace=300110, class=java.util.zip.ZipCoder@500002b4)
	cs		50001886
	enc		500009fa
OBJ 500009f7 (sz=64, trace=302555, class=SevenZip.Compression.LZMA.Encoder$Optimal@50000da3)
OBJ 500009f8 (sz=64, trace=302555, class=SevenZip.Compression.LZMA.Encoder$Optimal@50000da3)
ARR 500009f9 (sz=1, trace=300131, nelems=1, elem type=byte[])
OBJ 500009fa (sz=48, trace=300132, class=sun.nio.cs.UTF_8$Encoder@50000016)
	charset		50001886
	replacement	500009f9
	malformedInputAction	50001dcc
	unmappableCharacterAction	50001dcc
OBJ 500009fb (sz=64, trace=302555, class=SevenZip.Compression.LZMA.Encoder$Optimal@50000da3)
OBJ 500009fc (sz=64, trace=302555, class=SevenZip.Compression.LZMA.Encoder$Optimal@50000da3)
OBJ 500009fd (sz=64, trace=302555, class=SevenZip.Compression.LZMA.Encoder$Optimal@50000da3)
OBJ 500009fe (sz=64, trace=302555, class=SevenZip.Compression.LZMA.Encoder$Optimal@50000da3)
OBJ 500009ff (sz=64, trace=302555, class=SevenZip.Compression.LZMA.Encoder$Optimal@50000da3)
OBJ 50000a00 (sz=64, trace=302555, class=SevenZip.Compression.LZMA.Encoder$Optimal@50000da3)
OBJ 50000a01 (sz=64, trace=302555, class=SevenZip.Compression.LZMA.Encoder$Optimal@50000da3)
OBJ 50000a02 (sz=64, trace=302555, class=SevenZip.Compression.LZMA.Encoder$Optimal@50000da3)
OBJ 50000a03 (sz=64, trace=302555, class=SevenZip.Compression.LZMA.Encoder$Optimal@50000da3)
OBJ 50000a04 (sz=64, trace=302555, class=SevenZip.Compression.LZMA.Encoder$Optimal@50000da3)
OBJ 50000a05 (sz=32, trace=302234, class=org.junit.runner.notification.RunNotifier$3@500084a6)
OBJ 50000a06 (sz=24, trace=302235, class=java.util.ArrayList@5000004e)
ARR 50000a07 (sz=56, trace=302236, nelems=0, elem type=java.lang.Object[]@500000a8)
OBJ 50000a08 (sz=64, trace=302555, class=SevenZip.Compression.LZMA.Encoder$Optimal@50000da3)
OBJ 50000a09 (sz=64, trace=302555, class=SevenZip.Compression.LZMA.Encoder$Optimal@50000da3)
OBJ 50000a0a (sz=64, trace=302555, class=SevenZip.Compression.LZMA.Encoder$Optimal@50000da3)
OBJ 50000a0b (sz=64, trace=302555, class=SevenZip.Compression.LZMA.Encoder$Optimal@50000da3)
OBJ 50000a0c (sz=24, trace=302237, class=java.util.ArrayList@5000004e)
OBJ 50000a0d (sz=64, trace=302555, class=SevenZip.Compression.LZMA.Encoder$Optimal@50000da3)
OBJ 50000a0e (sz=24, trace=300161, class=sun.misc.JarIndex@500002d6)
	indexMap	50000a0f
	jarMap		50000a11
	jarFiles	50000a34
OBJ 50000a0f (sz=56, trace=300162, class=java.util.HashMap@5000010b)
	table		50000a10
ARR 50000a10 (sz=80, trace=300163, nelems=7, elem type=java.util.HashMap$Entry[]@5000009f)
	[3]		50000a2f
	[6]		50000a27
OBJ 50000a11 (sz=56, trace=300164, class=java.util.HashMap@5000010b)
	table		50000a12
ARR 50000a12 (sz=80, trace=300165, nelems=16, elem type=java.util.HashMap$Entry[]@5000009f)
	[15]		50000a2a
OBJ 50000a13 (sz=64, trace=302555, class=SevenZip.Compression.LZMA.Encoder$Optimal@50000da3)
OBJ 50000a14 (sz=64, trace=302555, class=SevenZip.Compression.LZMA.Encoder$Optimal@50000da3)
OBJ 50000a15 (sz=64, trace=302555, class=SevenZip.Compression.LZMA.Encoder$Optimal@50000da3)
OBJ 50000a16 (sz=64, trace=302555, class=SevenZip.Compression.LZMA.Encoder$Optimal@50000da3)
OBJ 50000a17 (sz=64, trace=302555, class=SevenZip.Compression.LZMA.Encoder$Optimal@50000da3)
OBJ 50000a18 (sz=64, trace=302555, class=SevenZip.Compression.LZMA.Encoder$Optimal@50000da3)
OBJ 50000a19 (sz=64, trace=302555, class=SevenZip.Compression.LZMA.Encoder$Optimal@50000da3)
OBJ 50000a1a (sz=64, trace=302555, class=SevenZip.Compression.LZMA.Encoder$Optimal@50000da3)
OBJ 50000a1b (sz=64, trace=302555, class=SevenZip.Compression.LZMA.Encoder$Optimal@50000da3)
OBJ 50000a1c (sz=64, trace=302555, class=SevenZip.Compression.LZMA.Encoder$Optimal@50000da3)
OBJ 50000a1d (sz=64, trace=302555, class=SevenZip.Compression.LZMA.Encoder$Optimal@50000da3)
OBJ 50000a1e (sz=64, trace=302555, class=SevenZip.Compression.LZMA.Encoder$Optimal@50000da3)
OBJ 50000a1f (sz=64, trace=302555, class=SevenZip.Compression.LZMA.Encoder$Optimal@50000da3)
OBJ 50000a20 (sz=64, trace=302555, class=SevenZip.Compression.LZMA.Encoder$Optimal@50000da3)
OBJ 50000a21 (sz=24, trace=300178, class=java.lang.String@50000096)
	value		50000a22
ARR 50000a22 (sz=22, trace=300179, nelems=11, elem type=char[])
OBJ 50000a23 (sz=24, trace=300180, class=java.lang.String@50000096)
	value		50000a24
ARR 50000a24 (sz=10, trace=300181, nelems=5, elem type=char[])
OBJ 50000a25 (sz=32, trace=300183, class=java.util.LinkedList@50000317)
	first		50000a26
	last		50000a26
OBJ 50000a26 (sz=24, trace=300185, class=java.util.LinkedList$Node@50000319)
	item		50000a21
OBJ 50000a27 (sz=32, trace=300186, class=java.util.HashMap$Entry@5000009e)
	key		50000a23
	value		50000a25
OBJ 50000a28 (sz=32, trace=300187, class=java.util.LinkedList@50000317)
	first		50000a29
	last		50000a30
OBJ 50000a29 (sz=24, trace=300188, class=java.util.LinkedList$Node@50000319)
	item		50000a23
	next		50000a30
OBJ 50000a2a (sz=32, trace=300189, class=java.util.HashMap$Entry@5000009e)
	key		50000a21
	value		50000a28
OBJ 50000a2b (sz=24, trace=300180, class=java.lang.String@50000096)
	value		50000a2c
ARR 50000a2c (sz=26, trace=300181, nelems=13, elem type=char[])
OBJ 50000a2d (sz=32, trace=300183, class=java.util.LinkedList@50000317)
	first		50000a2e
	last		50000a2e
OBJ 50000a2e (sz=24, trace=300185, class=java.util.LinkedList$Node@50000319)
	item		50000a21
OBJ 50000a2f (sz=32, trace=300186, class=java.util.HashMap$Entry@5000009e)
	key		50000a2b
	value		50000a2d
OBJ 50000a30 (sz=24, trace=300190, class=java.util.LinkedList$Node@50000319)
	item		50000a2b
	prev		50000a29
OBJ 50000a31 (sz=64, trace=302555, class=SevenZip.Compression.LZMA.Encoder$Optimal@50000da3)
OBJ 50000a32 (sz=64, trace=302555, class=SevenZip.Compression.LZMA.Encoder$Optimal@50000da3)
OBJ 50000a33 (sz=64, trace=302555, class=SevenZip.Compression.LZMA.Encoder$Optimal@50000da3)
ARR 50000a34 (sz=24, trace=300191, nelems=1, elem type=java.lang.String[]@50000097)
	[0]		50000a21
OBJ 50000a35 (sz=64, trace=302555, class=SevenZip.Compression.LZMA.Encoder$Optimal@50000da3)
OBJ 50000a36 (sz=64, trace=302555, class=SevenZip.Compression.LZMA.Encoder$Optimal@50000da3)
OBJ 50000a37 (sz=64, trace=302555, class=SevenZip.Compression.LZMA.Encoder$Optimal@50000da3)
OBJ 50000a38 (sz=64, trace=302555, class=SevenZip.Compression.LZMA.Encoder$Optimal@50000da3)
OBJ 50000a39 (sz=64, trace=302555, class=SevenZip.Compression.LZMA.Encoder$Optimal@50000da3)
OBJ 50000a3a (sz=64, trace=302555, class=SevenZip.Compression.LZMA.Encoder$Optimal@50000da3)
OBJ 50000a3b (sz=64, trace=302555, class=SevenZip.Compression.LZMA.Encoder$Optimal@50000da3)
OBJ 50000a3c (sz=64, trace=302555, class=SevenZip.Compression.LZMA.Encoder$Optimal@50000da3)
OBJ 50000a3d (sz=64, trace=302555, class=SevenZip.Compression.LZMA.Encoder$Optimal@50000da3)
OBJ 50000a3e (sz=64, trace=302555, class=SevenZip.Compression.LZMA.Encoder$Optimal@50000da3)
OBJ 50000a3f (sz=64, trace=302555, class=SevenZip.Compression.LZMA.Encoder$Optimal@50000da3)
OBJ 50000a40 (sz=64, trace=302555, class=SevenZip.Compression.LZMA.Encoder$Optimal@50000da3)
OBJ 50000a41 (sz=24, trace=300203, class=java.lang.String@50000096)
	value		50000a42
ARR 50000a42 (sz=100, trace=300204, nelems=50, elem type=char[])
OBJ 50000a43 (sz=32, trace=300205, class=java.util.HashMap$Entry@5000009e)
	key		50000a41
	value		500009e5
OBJ 50000a44 (sz=64, trace=302555, class=SevenZip.Compression.LZMA.Encoder$Optimal@50000da3)
OBJ 50000a45 (sz=64, trace=302555, class=SevenZip.Compression.LZMA.Encoder$Optimal@50000da3)
OBJ 50000a46 (sz=64, trace=302555, class=SevenZip.Compression.LZMA.Encoder$Optimal@50000da3)
OBJ 50000a47 (sz=64, trace=302555, class=SevenZip.Compression.LZMA.Encoder$Optimal@50000da3)
OBJ 50000a48 (sz=64, trace=302555, class=SevenZip.Compression.LZMA.Encoder$Optimal@50000da3)
OBJ 50000a49 (sz=64, trace=302555, class=SevenZip.Compression.LZMA.Encoder$Optimal@50000da3)
OBJ 50000a4a (sz=64, trace=302555, class=SevenZip.Compression.LZMA.Encoder$Optimal@50000da3)
OBJ 50000a4b (sz=64, trace=302555, class=SevenZip.Compression.LZMA.Encoder$Optimal@50000da3)
OBJ 50000a4c (sz=64, trace=302555, class=SevenZip.Compression.LZMA.Encoder$Optimal@50000da3)
OBJ 50000a4d (sz=64, trace=302555, class=SevenZip.Compression.LZMA.Encoder$Optimal@50000da3)
OBJ 50000a4e (sz=64, trace=302555, class=SevenZip.Compression.LZMA.Encoder$Optimal@50000da3)
OBJ 50000a4f (sz=64, trace=302555, class=SevenZip.Compression.LZMA.Encoder$Optimal@50000da3)
OBJ 50000a50 (sz=64, trace=302555, class=SevenZip.Compression.LZMA.Encoder$Optimal@50000da3)
OBJ 50000a51 (sz=64, trace=302555, class=SevenZip.Compression.LZMA.Encoder$Optimal@50000da3)
OBJ 50000a52 (sz=64, trace=302555, class=SevenZip.Compression.LZMA.Encoder$Optimal@50000da3)
OBJ 50000a53 (sz=64, trace=302555, class=SevenZip.Compression.LZMA.Encoder$Optimal@50000da3)
OBJ 50000a54 (sz=64, trace=302555, class=SevenZip.Compression.LZMA.Encoder$Optimal@50000da3)
OBJ 50000a55 (sz=64, trace=302555, class=SevenZip.Compression.LZMA.Encoder$Optimal@50000da3)
OBJ 50000a56 (sz=64, trace=302555, class=SevenZip.Compression.LZMA.Encoder$Optimal@50000da3)
OBJ 50000a57 (sz=64, trace=302555, class=SevenZip.Compression.LZMA.Encoder$Optimal@50000da3)
OBJ 50000a58 (sz=64, trace=302555, class=SevenZip.Compression.LZMA.Encoder$Optimal@50000da3)
OBJ 50000a59 (sz=64, trace=302555, class=SevenZip.Compression.LZMA.Encoder$Optimal@50000da3)
OBJ 50000a5a (sz=64, trace=302555, class=SevenZip.Compression.LZMA.Encoder$Optimal@50000da3)
OBJ 50000a5b (sz=64, trace=302555, class=SevenZip.Compression.LZMA.Encoder$Optimal@50000da3)
OBJ 50000a5c (sz=64, trace=302555, class=SevenZip.Compression.LZMA.Encoder$Optimal@50000da3)
OBJ 50000a5d (sz=64, trace=302555, class=SevenZip.Compression.LZMA.Encoder$Optimal@50000da3)
OBJ 50000a5e (sz=24, trace=300318, class=java.lang.String@50000096)
	value		50000a5f
ARR 50000a5f (sz=50, trace=300319, nelems=25, elem type=char[])
OBJ 50000a60 (sz=64, trace=302555, class=SevenZip.Compression.LZMA.Encoder$Optimal@50000da3)
OBJ 50000a61 (sz=64, trace=302555, class=SevenZip.Compression.LZMA.Encoder$Optimal@50000da3)
OBJ 50000a62 (sz=64, trace=302555, class=SevenZip.Compression.LZMA.Encoder$Optimal@50000da3)
ARR 50000a63 (sz=56, trace=302238, nelems=0, elem type=java.lang.Object[]@500000a8)
OBJ 50000a64 (sz=32, trace=302239, class=java.util.ArrayList$Itr@50001c12)
OBJ 50000a65 (sz=16, trace=302240, class=org.eclipse.jdt.internal.junit4.runner.JUnit4Identifier@50007837)
OBJ 50000a66 (sz=24, trace=302241, class=java.lang.StringBuffer@5000005d)
ARR 50000a67 (sz=64, trace=302242, nelems=0, elem type=char[])
OBJ 50000a68 (sz=64, trace=302555, class=SevenZip.Compression.LZMA.Encoder$Optimal@50000da3)
OBJ 50000a69 (sz=64, trace=302555, class=SevenZip.Compression.LZMA.Encoder$Optimal@50000da3)
OBJ 50000a6a (sz=64, trace=302555, class=SevenZip.Compression.LZMA.Encoder$Optimal@50000da3)
OBJ 50000a6b (sz=64, trace=302555, class=SevenZip.Compression.LZMA.Encoder$Optimal@50000da3)
OBJ 50000a6c (sz=64, trace=302555, class=SevenZip.Compression.LZMA.Encoder$Optimal@50000da3)
OBJ 50000a6d (sz=64, trace=302555, class=SevenZip.Compression.LZMA.Encoder$Optimal@50000da3)
OBJ 50000a6e (sz=64, trace=302555, class=SevenZip.Compression.LZMA.Encoder$Optimal@50000da3)
OBJ 50000a6f (sz=64, trace=302555, class=SevenZip.Compression.LZMA.Encoder$Optimal@50000da3)
ARR 50000a70 (sz=192, trace=302243, nelems=0, elem type=char[])
OBJ 50000a71 (sz=24, trace=302244, class=java.lang.String@50000096)
ARR 50000a72 (sz=192, trace=302245, nelems=0, elem type=char[])
OBJ 50000a73 (sz=64, trace=302555, class=SevenZip.Compression.LZMA.Encoder$Optimal@50000da3)
OBJ 50000a74 (sz=64, trace=302555, class=SevenZip.Compression.LZMA.Encoder$Optimal@50000da3)
OBJ 50000a75 (sz=64, trace=302555, class=SevenZip.Compression.LZMA.Encoder$Optimal@50000da3)
OBJ 50000a76 (sz=64, trace=302555, class=SevenZip.Compression.LZMA.Encoder$Optimal@50000da3)
OBJ 50000a77 (sz=24, trace=300913, class=java.util.jar.Manifest@500021bf)
	attr		50000a78
	entries		50000a7b
OBJ 50000a78 (sz=16, trace=300915, class=java.util.jar.Attributes@500021c3)
	map		50000a79
OBJ 50000a79 (sz=56, trace=300916, class=java.util.HashMap@5000010b)
	table		50000a7a
ARR 50000a7a (sz=80, trace=300917, nelems=16, elem type=java.util.HashMap$Entry[]@5000009f)
	[6]		50000aa6
	[10]		50000a9a
	[15]		50000a94
OBJ 50000a7b (sz=56, trace=300918, class=java.util.HashMap@5000010b)
	table		50000a7c
ARR 50000a7c (sz=80, trace=300919, nelems=0, elem type=java.util.HashMap$Entry[]@5000009f)
OBJ 50000a7d (sz=64, trace=302555, class=SevenZip.Compression.LZMA.Encoder$Optimal@50000da3)
OBJ 50000a7e (sz=64, trace=302555, class=SevenZip.Compression.LZMA.Encoder$Optimal@50000da3)
OBJ 50000a7f (sz=64, trace=302555, class=SevenZip.Compression.LZMA.Encoder$Optimal@50000da3)
OBJ 50000a80 (sz=64, trace=302555, class=SevenZip.Compression.LZMA.Encoder$Optimal@50000da3)
OBJ 50000a81 (sz=24, trace=300038, class=java.lang.String@50000096)
	value		50000a82
ARR 50000a82 (sz=232, trace=300039, nelems=116, elem type=char[])
OBJ 50000a83 (sz=64, trace=302555, class=SevenZip.Compression.LZMA.Encoder$Optimal@50000da3)
OBJ 50000a85 (sz=24, trace=300291, class=sun.misc.URLClassPath$FileLoader@50000a84)
	base		50001f83
	dir		50000a8d
OBJ 50000a86 (sz=24, trace=300926, class=java.lang.String@50000096)
	value		50000a8a
OBJ 50000a87 (sz=32, trace=300927, class=java.lang.StringCoding$StringDecoder@500000b8)
	requestedCharsetName	50001888
	cs		50001886
	cd		50000a88
OBJ 50000a88 (sz=40, trace=300928, class=sun.nio.cs.UTF_8$Decoder@50000094)
	charset		50001886
	replacement	50001dd3
	malformedInputAction	50001dcd
	unmappableCharacterAction	50001dcd
OBJ 50000a89 (sz=40, trace=300929, class=java.lang.ref.SoftReference@50000118)
	referent	50000a87
	queue		50001716
ARR 50000a8a (sz=6, trace=300930, nelems=3, elem type=char[])
OBJ 50000a8b (sz=24, trace=300949, class=java.util.jar.Attributes$Name@500021d4)
	name		50001e45
OBJ 50000a8c (sz=32, trace=300952, class=java.util.HashMap$Entry@5000009e)
	key		50000a8b
	value		50000a86
OBJ 50000a8d (sz=24, trace=300299, class=java.io.File@500000ec)
	path		50001695
OBJ 50000a8e (sz=32, trace=300061, class=java.util.HashMap$Entry@5000009e)
	key		50000a81
	value		50000a85
OBJ 50000a8f (sz=24, trace=300924, class=java.lang.String@50000096)
	value		50000a90
ARR 50000a90 (sz=32, trace=300925, nelems=16, elem type=char[])
OBJ 50000a91 (sz=24, trace=300926, class=java.lang.String@50000096)
	value		50000a92
ARR 50000a92 (sz=30, trace=300930, nelems=15, elem type=char[])
OBJ 50000a93 (sz=24, trace=300949, class=java.util.jar.Attributes$Name@500021d4)
	name		50000a8f
OBJ 50000a94 (sz=32, trace=300952, class=java.util.HashMap$Entry@5000009e)
	key		50000a93
	value		50000a91
OBJ 50000a95 (sz=64, trace=302555, class=SevenZip.Compression.LZMA.Encoder$Optimal@50000da3)
OBJ 50000a96 (sz=64, trace=302555, class=SevenZip.Compression.LZMA.Encoder$Optimal@50000da3)
OBJ 50000a97 (sz=24, trace=300926, class=java.lang.String@50000096)
	value		50000a98
ARR 50000a98 (sz=24, trace=300930, nelems=12, elem type=char[])
OBJ 50000a99 (sz=24, trace=300949, class=java.util.jar.Attributes$Name@500021d4)
	name		500021f0
OBJ 50000a9a (sz=32, trace=300952, class=java.util.HashMap$Entry@5000009e)
	key		50000a99
	value		50000a97
OBJ 50000a9b (sz=64, trace=302555, class=SevenZip.Compression.LZMA.Encoder$Optimal@50000da3)
OBJ 50000a9c (sz=64, trace=302555, class=SevenZip.Compression.LZMA.Encoder$Optimal@50000da3)
OBJ 50000a9d (sz=24, trace=300926, class=java.lang.String@50000096)
	value		50000a9e
ARR 50000a9e (sz=8, trace=300930, nelems=4, elem type=char[])
OBJ 50000a9f (sz=24, trace=300949, class=java.util.jar.Attributes$Name@500021d4)
	name		50003fc6
OBJ 50000aa0 (sz=32, trace=300952, class=java.util.HashMap$Entry@5000009e)
	key		50000a9f
	value		50000a9d
	next		50000a8c
OBJ 50000aa1 (sz=24, trace=300924, class=java.lang.String@50000096)
	value		50000aa2
ARR 50000aa2 (sz=18, trace=300925, nelems=9, elem type=char[])
OBJ 50000aa3 (sz=24, trace=300926, class=java.lang.String@50000096)
	value		50000aa4
ARR 50000aa4 (sz=16, trace=300930, nelems=8, elem type=char[])
OBJ 50000aa5 (sz=24, trace=300949, class=java.util.jar.Attributes$Name@500021d4)
	name		50000aa1
OBJ 50000aa6 (sz=32, trace=300952, class=java.util.HashMap$Entry@5000009e)
	key		50000aa5
	value		50000aa3
	next		50000aa0
OBJ 50000aa7 (sz=64, trace=302555, class=SevenZip.Compression.LZMA.Encoder$Optimal@50000da3)
OBJ 50000aa8 (sz=64, trace=302555, class=SevenZip.Compression.LZMA.Encoder$Optimal@50000da3)
OBJ 50000aa9 (sz=64, trace=302555, class=SevenZip.Compression.LZMA.Encoder$Optimal@50000da3)
OBJ 50000aaa (sz=64, trace=302555, class=SevenZip.Compression.LZMA.Encoder$Optimal@50000da3)
OBJ 50000aab (sz=64, trace=302555, class=SevenZip.Compression.LZMA.Encoder$Optimal@50000da3)
OBJ 50000aac (sz=64, trace=302555, class=SevenZip.Compression.LZMA.Encoder$Optimal@50000da3)
OBJ 50000aad (sz=64, trace=302555, class=SevenZip.Compression.LZMA.Encoder$Optimal@50000da3)
OBJ 50000aae (sz=64, trace=302555, class=SevenZip.Compression.LZMA.Encoder$Optimal@50000da3)
OBJ 50000aaf (sz=64, trace=302555, class=SevenZip.Compression.LZMA.Encoder$Optimal@50000da3)
OBJ 50000ab0 (sz=24, trace=300038, class=java.lang.String@50000096)
	value		50000ab1
ARR 50000ab1 (sz=222, trace=300039, nelems=111, elem type=char[])
OBJ 50000ab2 (sz=64, trace=302555, class=SevenZip.Compression.LZMA.Encoder$Optimal@50000da3)
OBJ 50000ab3 (sz=24, trace=300291, class=sun.misc.URLClassPath$FileLoader@50000a84)
	base		50001e97
	dir		50000abb
OBJ 50000ab4 (sz=64, trace=302555, class=SevenZip.Compression.LZMA.Encoder$Optimal@50000da3)
OBJ 50000ab5 (sz=64, trace=302555, class=SevenZip.Compression.LZMA.Encoder$Optimal@50000da3)
OBJ 50000ab6 (sz=64, trace=302555, class=SevenZip.Compression.LZMA.Encoder$Optimal@50000da3)
OBJ 50000ab7 (sz=64, trace=302555, class=SevenZip.Compression.LZMA.Encoder$Optimal@50000da3)
OBJ 50000ab8 (sz=64, trace=302555, class=SevenZip.Compression.LZMA.Encoder$Optimal@50000da3)
OBJ 50000ab9 (sz=64, trace=302555, class=SevenZip.Compression.LZMA.Encoder$Optimal@50000da3)
OBJ 50000aba (sz=64, trace=302555, class=SevenZip.Compression.LZMA.Encoder$Optimal@50000da3)
OBJ 50000abb (sz=24, trace=300299, class=java.io.File@500000ec)
	path		5000169a
OBJ 50000abc (sz=32, trace=300061, class=java.util.HashMap$Entry@5000009e)
	key		50000ab0
	value		50000ab3
OBJ 50000abd (sz=64, trace=302555, class=SevenZip.Compression.LZMA.Encoder$Optimal@50000da3)
OBJ 50000abe (sz=64, trace=302555, class=SevenZip.Compression.LZMA.Encoder$Optimal@50000da3)
OBJ 50000abf (sz=64, trace=302555, class=SevenZip.Compression.LZMA.Encoder$Optimal@50000da3)
OBJ 50000ac0 (sz=40, trace=300977, class=java.lang.ref.SoftReference@50000118)
	referent	50000a77
	queue		50001716
OBJ 50000ac1 (sz=64, trace=302555, class=SevenZip.Compression.LZMA.Encoder$Optimal@50000da3)
OBJ 50000ac2 (sz=64, trace=302555, class=SevenZip.Compression.LZMA.Encoder$Optimal@50000da3)
OBJ 50000ac3 (sz=64, trace=302555, class=SevenZip.Compression.LZMA.Encoder$Optimal@50000da3)
OBJ 50000ac4 (sz=64, trace=302555, class=SevenZip.Compression.LZMA.Encoder$Optimal@50000da3)
OBJ 50000ac5 (sz=64, trace=302555, class=SevenZip.Compression.LZMA.Encoder$Optimal@50000da3)
OBJ 50000ac6 (sz=64, trace=302555, class=SevenZip.Compression.LZMA.Encoder$Optimal@50000da3)
OBJ 50000ac7 (sz=64, trace=302555, class=SevenZip.Compression.LZMA.Encoder$Optimal@50000da3)
OBJ 50000ac8 (sz=64, trace=302555, class=SevenZip.Compression.LZMA.Encoder$Optimal@50000da3)
OBJ 50000ac9 (sz=64, trace=302555, class=SevenZip.Compression.LZMA.Encoder$Optimal@50000da3)
OBJ 50000aca (sz=64, trace=302555, class=SevenZip.Compression.LZMA.Encoder$Optimal@50000da3)
OBJ 50000acb (sz=64, trace=302555, class=SevenZip.Compression.LZMA.Encoder$Optimal@50000da3)
OBJ 50000acc (sz=64, trace=302555, class=SevenZip.Compression.LZMA.Encoder$Optimal@50000da3)
OBJ 50000acd (sz=56, trace=300983, class=java.lang.Package@50000c4c)
	pkgName		50000a5e
	loader		5000119e
OBJ 50000ace (sz=32, trace=300984, class=java.util.HashMap$Entry@5000009e)
	key		50000a5e
	value		50000acd
OBJ 50000acf (sz=64, trace=302555, class=SevenZip.Compression.LZMA.Encoder$Optimal@50000da3)
OBJ 50000ad0 (sz=64, trace=302555, class=SevenZip.Compression.LZMA.Encoder$Optimal@50000da3)
OBJ 50000ad1 (sz=64, trace=302555, class=SevenZip.Compression.LZMA.Encoder$Optimal@50000da3)
OBJ 50000ad2 (sz=64, trace=302555, class=SevenZip.Compression.LZMA.Encoder$Optimal@50000da3)
OBJ 50000ad3 (sz=64, trace=302555, class=SevenZip.Compression.LZMA.Encoder$Optimal@50000da3)
OBJ 50000ad4 (sz=64, trace=302555, class=SevenZip.Compression.LZMA.Encoder$Optimal@50000da3)
OBJ 50000ad5 (sz=64, trace=302555, class=SevenZip.Compression.LZMA.Encoder$Optimal@50000da3)
OBJ 50000ad6 (sz=64, trace=302555, class=SevenZip.Compression.LZMA.Encoder$Optimal@50000da3)
OBJ 50000ad7 (sz=64, trace=302555, class=SevenZip.Compression.LZMA.Encoder$Optimal@50000da3)
OBJ 50000ad8 (sz=64, trace=302555, class=SevenZip.Compression.LZMA.Encoder$Optimal@50000da3)
OBJ 50000ad9 (sz=64, trace=302555, class=SevenZip.Compression.LZMA.Encoder$Optimal@50000da3)
OBJ 50000ada (sz=64, trace=302555, class=SevenZip.Compression.LZMA.Encoder$Optimal@50000da3)
OBJ 50000adb (sz=64, trace=302555, class=SevenZip.Compression.LZMA.Encoder$Optimal@50000da3)
OBJ 50000adc (sz=64, trace=302555, class=SevenZip.Compression.LZMA.Encoder$Optimal@50000da3)
OBJ 50000add (sz=64, trace=302555, class=SevenZip.Compression.LZMA.Encoder$Optimal@50000da3)
OBJ 50000ade (sz=24, trace=300038, class=java.lang.String@50000096)
	value		50000adf
ARR 50000adf (sz=176, trace=300039, nelems=88, elem type=char[])
OBJ 50000ae0 (sz=64, trace=302555, class=SevenZip.Compression.LZMA.Encoder$Optimal@50000da3)
OBJ 50000ae1 (sz=64, trace=302555, class=SevenZip.Compression.LZMA.Encoder$Optimal@50000da3)
OBJ 50000ae2 (sz=64, trace=302555, class=SevenZip.Compression.LZMA.Encoder$Optimal@50000da3)
OBJ 50000ae3 (sz=64, trace=302555, class=SevenZip.Compression.LZMA.Encoder$Optimal@50000da3)
OBJ 50000ae4 (sz=64, trace=302555, class=SevenZip.Compression.LZMA.Encoder$Optimal@50000da3)
OBJ 50000ae5 (sz=64, trace=302555, class=SevenZip.Compression.LZMA.Encoder$Optimal@50000da3)
OBJ 50000ae6 (sz=64, trace=302555, class=SevenZip.Compression.LZMA.Encoder$Optimal@50000da3)
OBJ 50000ae7 (sz=48, trace=302246, class=java.nio.HeapCharBuffer@5000003c)
OBJ 50000ae8 (sz=32, trace=302247, class=java.util.ArrayList$Itr@50001c12)
OBJ 50000ae9 (sz=24, trace=300054, class=java.lang.String@50000096)
	value		50000aea
ARR 50000aea (sz=176, trace=300055, nelems=88, elem type=char[])
OBJ 50000aeb (sz=64, trace=300056, class=java.net.URL@50000071)
	protocol	5000187d
	host		500011ca
	file		50000ae9
	authority	500011ca
	path		50000ae9
	handler		50001fc1
ARR 50000aec (sz=16, trace=302248, nelems=0, elem type=java.lang.Object[]@500000a8)
OBJ 50000aed (sz=48, trace=300058, class=sun.misc.URLClassPath$JarLoader@500001ac)
	base		50000aeb
	jar		50000af6
	csu		50001e93
	handler		50001fc1
	lmap		50001fc2
OBJ 50000aee (sz=64, trace=302555, class=SevenZip.Compression.LZMA.Encoder$Optimal@50000da3)
OBJ 50000aef (sz=24, trace=302252, class=org.junit.runners.model.FrameworkMethod$1@50008587)
ARR 50000af0 (sz=16, trace=302253, nelems=0, elem type=java.lang.Object[]@500000a8)
OBJ 50000af1 (sz=24, trace=302254, class=org.junit.runners.model.FrameworkMethod$1@50008587)
OBJ 50000af2 (sz=64, trace=302555, class=SevenZip.Compression.LZMA.Encoder$Optimal@50000da3)
OBJ 50000af3 (sz=64, trace=302555, class=SevenZip.Compression.LZMA.Encoder$Optimal@50000da3)
OBJ 50000af4 (sz=64, trace=302555, class=SevenZip.Compression.LZMA.Encoder$Optimal@50000da3)
OBJ 50000af5 (sz=64, trace=302555, class=SevenZip.Compression.LZMA.Encoder$Optimal@50000da3)
OBJ 50000af6 (sz=64, trace=300100, class=java.util.jar.JarFile@50000258)
	name		50001e94
	zc		50000afe
	streams		50000af8
	inflaterCache	50000afc
	manRef		50000ac0
	manEntry	50000b0a
OBJ 50000af7 (sz=40, trace=300101, class=java.lang.ref.Finalizer@50000107)
	referent	50000af6
	queue		50001194
	next		500009ef
	prev		50000b11
OBJ 50000af8 (sz=56, trace=300102, class=java.util.WeakHashMap@50000074)
	table		50000afb
	queue		50000af9
OBJ 50000af9 (sz=32, trace=300103, class=java.lang.ref.ReferenceQueue@50000117)
	lock		50000afa
OBJ 50000afa (sz=16, trace=300104, class=java.lang.ref.ReferenceQueue$Lock@50000020)
ARR 50000afb (sz=80, trace=300105, nelems=0, elem type=java.util.WeakHashMap$Entry[]@50000039)
OBJ 50000afc (sz=24, trace=300107, class=java.util.ArrayDeque@500002b1)
	elements	50000afd
ARR 50000afd (sz=80, trace=300108, nelems=1, elem type=java.lang.Object[]@500000a8)
	[0]		50000b10
OBJ 50000afe (sz=32, trace=300110, class=java.util.zip.ZipCoder@500002b4)
	cs		50001886
	enc		50000b02
OBJ 50000aff (sz=64, trace=302555, class=SevenZip.Compression.LZMA.Encoder$Optimal@50000da3)
OBJ 50000b00 (sz=64, trace=302555, class=SevenZip.Compression.LZMA.Encoder$Optimal@50000da3)
ARR 50000b01 (sz=1, trace=300131, nelems=1, elem type=byte[])
OBJ 50000b02 (sz=48, trace=300132, class=sun.nio.cs.UTF_8$Encoder@50000016)
	charset		50001886
	replacement	50000b01
	malformedInputAction	50001dcc
	unmappableCharacterAction	50001dcc
OBJ 50000b03 (sz=64, trace=302555, class=SevenZip.Compression.LZMA.Encoder$Optimal@50000da3)
OBJ 50000b04 (sz=64, trace=302555, class=SevenZip.Compression.LZMA.Encoder$Optimal@50000da3)
OBJ 50000b05 (sz=64, trace=302555, class=SevenZip.Compression.LZMA.Encoder$Optimal@50000da3)
OBJ 50000b06 (sz=64, trace=302555, class=SevenZip.Compression.LZMA.Encoder$Optimal@50000da3)
OBJ 50000b07 (sz=64, trace=302555, class=SevenZip.Compression.LZMA.Encoder$Optimal@50000da3)
OBJ 50000b08 (sz=64, trace=302555, class=SevenZip.Compression.LZMA.Encoder$Optimal@50000da3)
OBJ 50000b09 (sz=64, trace=302555, class=SevenZip.Compression.LZMA.Encoder$Optimal@50000da3)
OBJ 50000b0a (sz=80, trace=300262, class=java.util.jar.JarFile$JarFileEntry@500002df)
	name		50001284
	this$0		50000af6
OBJ 50000b0b (sz=64, trace=302555, class=SevenZip.Compression.LZMA.Encoder$Optimal@50000da3)
OBJ 50000b0c (sz=64, trace=302555, class=SevenZip.Compression.LZMA.Encoder$Optimal@50000da3)
OBJ 50000b0d (sz=64, trace=302555, class=SevenZip.Compression.LZMA.Encoder$Optimal@50000da3)
OBJ 50000b0e (sz=64, trace=302555, class=SevenZip.Compression.LZMA.Encoder$Optimal@50000da3)
OBJ 50000b0f (sz=64, trace=302555, class=SevenZip.Compression.LZMA.Encoder$Optimal@50000da3)
OBJ 50000b10 (sz=32, trace=300267, class=java.util.zip.Inflater@500002ed)
	zsRef		50000b12
	buf		500002ee
OBJ 50000b11 (sz=40, trace=300152, class=java.lang.ref.Finalizer@50000107)
	referent	50000b10
	queue		50001194
	next		50000af7
	prev		50000b3b
OBJ 50000b12 (sz=24, trace=300268, class=java.util.zip.ZStreamRef@500002f1)
OBJ 50000b13 (sz=64, trace=302555, class=SevenZip.Compression.LZMA.Encoder$Optimal@50000da3)
OBJ 50000b14 (sz=64, trace=302555, class=SevenZip.Compression.LZMA.Encoder$Optimal@50000da3)
OBJ 50000b15 (sz=64, trace=302555, class=SevenZip.Compression.LZMA.Encoder$Optimal@50000da3)
OBJ 50000b16 (sz=64, trace=302555, class=SevenZip.Compression.LZMA.Encoder$Optimal@50000da3)
OBJ 50000b17 (sz=64, trace=302555, class=SevenZip.Compression.LZMA.Encoder$Optimal@50000da3)
OBJ 50000b18 (sz=64, trace=302555, class=SevenZip.Compression.LZMA.Encoder$Optimal@50000da3)
OBJ 50000b19 (sz=64, trace=302555, class=SevenZip.Compression.LZMA.Encoder$Optimal@50000da3)
OBJ 50000b1a (sz=64, trace=302555, class=SevenZip.Compression.LZMA.Encoder$Optimal@50000da3)
OBJ 50000b1b (sz=32, trace=300061, class=java.util.HashMap$Entry@5000009e)
	key		50000ade
	value		50000aed
OBJ 50000b1c (sz=64, trace=302555, class=SevenZip.Compression.LZMA.Encoder$Optimal@50000da3)
OBJ 50000b1d (sz=64, trace=302555, class=SevenZip.Compression.LZMA.Encoder$Optimal@50000da3)
OBJ 50000b1e (sz=64, trace=302555, class=SevenZip.Compression.LZMA.Encoder$Optimal@50000da3)
OBJ 50000b1f (sz=64, trace=302555, class=SevenZip.Compression.LZMA.Encoder$Optimal@50000da3)
OBJ 50000b20 (sz=64, trace=302555, class=SevenZip.Compression.LZMA.Encoder$Optimal@50000da3)
OBJ 50000b21 (sz=64, trace=302555, class=SevenZip.Compression.LZMA.Encoder$Optimal@50000da3)
OBJ 50000b22 (sz=24, trace=300038, class=java.lang.String@50000096)
	value		50000b23
ARR 50000b23 (sz=132, trace=300039, nelems=66, elem type=char[])
OBJ 50000b24 (sz=64, trace=302555, class=SevenZip.Compression.LZMA.Encoder$Optimal@50000da3)
OBJ 50000b25 (sz=24, trace=301280, class=sun.reflect.NativeMethodAccessorImpl@5000563d)
	method		500052a3
	parent		50000b26
OBJ 50000b26 (sz=16, trace=301282, class=sun.reflect.DelegatingMethodAccessorImpl@5000563f)
	delegate	50000b25
OBJ 50000b27 (sz=24, trace=302601, class=java.lang.Long@500000e7)
OBJ 50000b28 (sz=24, trace=302602, class=java.lang.Long@500000e7)
OBJ 50000b29 (sz=24, trace=302603, class=java.lang.Long@500000e7)
OBJ 50000b2a (sz=24, trace=302604, class=java.lang.Long@500000e7)
OBJ 50000b2b (sz=32, trace=302286, class=org.junit.runner.notification.RunNotifier$7@500088b6)
OBJ 50000b2c (sz=64, trace=302555, class=SevenZip.Compression.LZMA.Encoder$Optimal@50000da3)
OBJ 50000b2d (sz=24, trace=300054, class=java.lang.String@50000096)
	value		50000b2e
ARR 50000b2e (sz=132, trace=300055, nelems=66, elem type=char[])
OBJ 50000b2f (sz=64, trace=300056, class=java.net.URL@50000071)
	protocol	5000187d
	host		500011ca
	file		50000b2d
	authority	500011ca
	path		50000b2d
	handler		50001fc1
OBJ 50000b30 (sz=64, trace=302555, class=SevenZip.Compression.LZMA.Encoder$Optimal@50000da3)
OBJ 50000b31 (sz=48, trace=300058, class=sun.misc.URLClassPath$JarLoader@500001ac)
	base		50000b2f
	jar		50000b3a
	csu		500017a0
	handler		50001fc1
	lmap		50001fc2
OBJ 50000b32 (sz=64, trace=302555, class=SevenZip.Compression.LZMA.Encoder$Optimal@50000da3)
OBJ 50000b33 (sz=64, trace=302555, class=SevenZip.Compression.LZMA.Encoder$Optimal@50000da3)
OBJ 50000b34 (sz=64, trace=302555, class=SevenZip.Compression.LZMA.Encoder$Optimal@50000da3)
OBJ 50000b35 (sz=64, trace=302555, class=SevenZip.Compression.LZMA.Encoder$Optimal@50000da3)
OBJ 50000b36 (sz=64, trace=302555, class=SevenZip.Compression.LZMA.Encoder$Optimal@50000da3)
OBJ 50000b37 (sz=64, trace=302555, class=SevenZip.Compression.LZMA.Encoder$Optimal@50000da3)
OBJ 50000b38 (sz=64, trace=302555, class=SevenZip.Compression.LZMA.Encoder$Optimal@50000da3)
OBJ 50000b39 (sz=64, trace=302555, class=SevenZip.Compression.LZMA.Encoder$Optimal@50000da3)
OBJ 50000b3a (sz=64, trace=300100, class=java.util.jar.JarFile@50000258)
	name		500017a1
	zc		50000b42
	streams		50000b3c
	inflaterCache	50000b40
	manRef		5000220f
	manEntry	50000b4e
OBJ 50000b3b (sz=40, trace=300101, class=java.lang.ref.Finalizer@50000107)
	referent	50000b3a
	queue		50001194
	next		50000b11
	prev		50000b55
OBJ 50000b3c (sz=56, trace=300102, class=java.util.WeakHashMap@50000074)
	table		50000b3f
	queue		50000b3d
OBJ 50000b3d (sz=32, trace=300103, class=java.lang.ref.ReferenceQueue@50000117)
	lock		50000b3e
OBJ 50000b3e (sz=16, trace=300104, class=java.lang.ref.ReferenceQueue$Lock@50000020)
ARR 50000b3f (sz=80, trace=300105, nelems=0, elem type=java.util.WeakHashMap$Entry[]@50000039)
OBJ 50000b40 (sz=24, trace=300107, class=java.util.ArrayDeque@500002b1)
	elements	50000b41
ARR 50000b41 (sz=80, trace=300108, nelems=4, elem type=java.lang.Object[]@500000a8)
	[3]		50000b54
OBJ 50000b42 (sz=32, trace=300110, class=java.util.zip.ZipCoder@500002b4)
	cs		50001886
	enc		50000b46
OBJ 50000b43 (sz=64, trace=302555, class=SevenZip.Compression.LZMA.Encoder$Optimal@50000da3)
OBJ 50000b44 (sz=64, trace=302555, class=SevenZip.Compression.LZMA.Encoder$Optimal@50000da3)
ARR 50000b45 (sz=1, trace=300131, nelems=1, elem type=byte[])
OBJ 50000b46 (sz=48, trace=300132, class=sun.nio.cs.UTF_8$Encoder@50000016)
	charset		50001886
	replacement	50000b45
	malformedInputAction	50001dcc
	unmappableCharacterAction	50001dcc
OBJ 50000b47 (sz=64, trace=302555, class=SevenZip.Compression.LZMA.Encoder$Optimal@50000da3)
OBJ 50000b48 (sz=64, trace=302555, class=SevenZip.Compression.LZMA.Encoder$Optimal@50000da3)
OBJ 50000b49 (sz=64, trace=302555, class=SevenZip.Compression.LZMA.Encoder$Optimal@50000da3)
OBJ 50000b4a (sz=64, trace=302555, class=SevenZip.Compression.LZMA.Encoder$Optimal@50000da3)
OBJ 50000b4b (sz=24, trace=302287, class=java.util.ArrayList@5000004e)
ARR 50000b4c (sz=2064, trace=302600, nelems=0, elem type=byte[])
ARR 50000b4d (sz=56, trace=302288, nelems=0, elem type=java.lang.Object[]@500000a8)
OBJ 50000b4e (sz=80, trace=300262, class=java.util.jar.JarFile$JarFileEntry@500002df)
	name		50001284
	this$0		50000b3a
OBJ 50000b4f (sz=64, trace=302555, class=SevenZip.Compression.LZMA.Encoder$Optimal@50000da3)
OBJ 50000b50 (sz=24, trace=302289, class=java.util.ArrayList@5000004e)
OBJ 50000b51 (sz=64, trace=302555, class=SevenZip.Compression.LZMA.Encoder$Optimal@50000da3)
OBJ 50000b52 (sz=64, trace=302555, class=SevenZip.Compression.LZMA.Encoder$Optimal@50000da3)
OBJ 50000b53 (sz=64, trace=302555, class=SevenZip.Compression.LZMA.Encoder$Optimal@50000da3)
OBJ 50000b54 (sz=32, trace=300267, class=java.util.zip.Inflater@500002ed)
	zsRef		50000b56
	buf		500002ee
OBJ 50000b55 (sz=40, trace=300152, class=java.lang.ref.Finalizer@50000107)
	referent	50000b54
	queue		50001194
	next		50000b3b
	prev		50000b7f
OBJ 50000b56 (sz=24, trace=300268, class=java.util.zip.ZStreamRef@500002f1)
OBJ 50000b57 (sz=64, trace=302555, class=SevenZip.Compression.LZMA.Encoder$Optimal@50000da3)
OBJ 50000b58 (sz=64, trace=302555, class=SevenZip.Compression.LZMA.Encoder$Optimal@50000da3)
OBJ 50000b59 (sz=64, trace=302555, class=SevenZip.Compression.LZMA.Encoder$Optimal@50000da3)
OBJ 50000b5a (sz=64, trace=302555, class=SevenZip.Compression.LZMA.Encoder$Optimal@50000da3)
OBJ 50000b5b (sz=64, trace=302555, class=SevenZip.Compression.LZMA.Encoder$Optimal@50000da3)
ARR 50000b5c (sz=56, trace=302290, nelems=0, elem type=java.lang.Object[]@500000a8)
OBJ 50000b5d (sz=64, trace=302555, class=SevenZip.Compression.LZMA.Encoder$Optimal@50000da3)
OBJ 50000b5e (sz=64, trace=302555, class=SevenZip.Compression.LZMA.Encoder$Optimal@50000da3)
OBJ 50000b5f (sz=32, trace=300061, class=java.util.HashMap$Entry@5000009e)
	key		50000b22
	value		50000b31
OBJ 50000b60 (sz=64, trace=302555, class=SevenZip.Compression.LZMA.Encoder$Optimal@50000da3)
OBJ 50000b61 (sz=64, trace=302555, class=SevenZip.Compression.LZMA.Encoder$Optimal@50000da3)
OBJ 50000b62 (sz=64, trace=302555, class=SevenZip.Compression.LZMA.Encoder$Optimal@50000da3)
OBJ 50000b63 (sz=64, trace=302555, class=SevenZip.Compression.LZMA.Encoder$Optimal@50000da3)
OBJ 50000b64 (sz=64, trace=302555, class=SevenZip.Compression.LZMA.Encoder$Optimal@50000da3)
OBJ 50000b65 (sz=64, trace=302555, class=SevenZip.Compression.LZMA.Encoder$Optimal@50000da3)
OBJ 50000b66 (sz=24, trace=300038, class=java.lang.String@50000096)
	value		50000b67
ARR 50000b67 (sz=174, trace=300039, nelems=87, elem type=char[])
OBJ 50000b68 (sz=64, trace=302555, class=SevenZip.Compression.LZMA.Encoder$Optimal@50000da3)
OBJ 50000b69 (sz=32, trace=302291, class=java.util.ArrayList$Itr@50001c12)
OBJ 50000b6a (sz=16, trace=302292, class=org.eclipse.jdt.internal.junit4.runner.JUnit4Identifier@50007837)
OBJ 50000b6b (sz=24, trace=302293, class=java.lang.StringBuffer@5000005d)
ARR 50000b6c (sz=64, trace=302294, nelems=0, elem type=char[])
ARR 50000b6d (sz=192, trace=302243, nelems=0, elem type=char[])
OBJ 50000b6e (sz=24, trace=302295, class=java.lang.String@50000096)
ARR 50000b6f (sz=192, trace=302296, nelems=0, elem type=char[])
OBJ 50000b70 (sz=64, trace=302555, class=SevenZip.Compression.LZMA.Encoder$Optimal@50000da3)
OBJ 50000b71 (sz=24, trace=300054, class=java.lang.String@50000096)
	value		50000b72
ARR 50000b72 (sz=174, trace=300055, nelems=87, elem type=char[])
OBJ 50000b73 (sz=64, trace=300056, class=java.net.URL@50000071)
	protocol	5000187d
	host		500011ca
	file		50000b71
	authority	500011ca
	path		50000b71
	handler		50001fc1
OBJ 50000b74 (sz=64, trace=302555, class=SevenZip.Compression.LZMA.Encoder$Optimal@50000da3)
OBJ 50000b75 (sz=48, trace=300058, class=sun.misc.URLClassPath$JarLoader@500001ac)
	base		50000b73
	jar		50000b7e
	csu		50001fbe
	handler		50001fc1
	lmap		50001fc2
OBJ 50000b76 (sz=64, trace=302555, class=SevenZip.Compression.LZMA.Encoder$Optimal@50000da3)
OBJ 50000b77 (sz=64, trace=302555, class=SevenZip.Compression.LZMA.Encoder$Optimal@50000da3)
OBJ 50000b78 (sz=64, trace=302555, class=SevenZip.Compression.LZMA.Encoder$Optimal@50000da3)
OBJ 50000b79 (sz=64, trace=302555, class=SevenZip.Compression.LZMA.Encoder$Optimal@50000da3)
OBJ 50000b7a (sz=64, trace=302555, class=SevenZip.Compression.LZMA.Encoder$Optimal@50000da3)
OBJ 50000b7b (sz=32, trace=300346, class=java.security.CodeSource@500000c0)
	location	50001e93
OBJ 50000b7c (sz=32, trace=300372, class=java.security.Permissions@50000c6d)
	permsMap	50000b7d
OBJ 50000b7d (sz=56, trace=300373, class=java.util.HashMap@5000010b)
	table		50000b87
OBJ 50000b7e (sz=64, trace=300100, class=java.util.jar.JarFile@50000258)
	name		50001f16
	zc		50000b86
	streams		50000b80
	inflaterCache	50000b84
	manRef		50003fe6
	manEntry	50000b92
OBJ 50000b7f (sz=40, trace=300101, class=java.lang.ref.Finalizer@50000107)
	referent	50000b7e
	queue		50001194
	next		50000b55
	prev		50000b99
OBJ 50000b80 (sz=56, trace=300102, class=java.util.WeakHashMap@50000074)
	table		50000b83
	queue		50000b81
OBJ 50000b81 (sz=32, trace=300103, class=java.lang.ref.ReferenceQueue@50000117)
	lock		50000b82
OBJ 50000b82 (sz=16, trace=300104, class=java.lang.ref.ReferenceQueue$Lock@50000020)
ARR 50000b83 (sz=80, trace=300105, nelems=0, elem type=java.util.WeakHashMap$Entry[]@50000039)
OBJ 50000b84 (sz=24, trace=300107, class=java.util.ArrayDeque@500002b1)
	elements	50000b85
ARR 50000b85 (sz=80, trace=300108, nelems=4, elem type=java.lang.Object[]@500000a8)
	[3]		50000b98
OBJ 50000b86 (sz=32, trace=300110, class=java.util.zip.ZipCoder@500002b4)
	cs		50001886
	enc		50000b8a
ARR 50000b87 (sz=80, trace=300374, nelems=13, elem type=java.util.HashMap$Entry[]@5000009f)
	[7]		50000ba0
	[12]		50000ba6
OBJ 50000b88 (sz=64, trace=302555, class=SevenZip.Compression.LZMA.Encoder$Optimal@50000da3)
ARR 50000b89 (sz=1, trace=300131, nelems=1, elem type=byte[])
OBJ 50000b8a (sz=48, trace=300132, class=sun.nio.cs.UTF_8$Encoder@50000016)
	charset		50001886
	replacement	50000b89
	malformedInputAction	50001dcc
	unmappableCharacterAction	50001dcc
OBJ 50000b8b (sz=64, trace=302555, class=SevenZip.Compression.LZMA.Encoder$Optimal@50000da3)
OBJ 50000b8c (sz=64, trace=302555, class=SevenZip.Compression.LZMA.Encoder$Optimal@50000da3)
OBJ 50000b8d (sz=64, trace=302555, class=SevenZip.Compression.LZMA.Encoder$Optimal@50000da3)
OBJ 50000b8e (sz=64, trace=302555, class=SevenZip.Compression.LZMA.Encoder$Optimal@50000da3)
OBJ 50000b8f (sz=32, trace=300391, class=java.io.FilePermission@50000ca0)
	name		50001e94
	cpath		5000169f
OBJ 50000b90 (sz=64, trace=302555, class=SevenZip.Compression.LZMA.Encoder$Optimal@50000da3)
OBJ 50000b91 (sz=64, trace=302555, class=SevenZip.Compression.LZMA.Encoder$Optimal@50000da3)
OBJ 50000b92 (sz=80, trace=300262, class=java.util.jar.JarFile$JarFileEntry@500002df)
	name		50001284
	this$0		50000b7e
OBJ 50000b93 (sz=24, trace=300425, class=java.io.FilePermissionCollection@50000cbb)
	perms		50000b94
OBJ 50000b94 (sz=24, trace=300426, class=java.util.ArrayList@5000004e)
	elementData	50000b95
ARR 50000b95 (sz=56, trace=300427, nelems=1, elem type=java.lang.Object[]@500000a8)
	[0]		50000b8f
OBJ 50000b96 (sz=64, trace=302555, class=SevenZip.Compression.LZMA.Encoder$Optimal@50000da3)
OBJ 50000b97 (sz=64, trace=302555, class=SevenZip.Compression.LZMA.Encoder$Optimal@50000da3)
OBJ 50000b98 (sz=32, trace=300267, class=java.util.zip.Inflater@500002ed)
	zsRef		50000b9a
	buf		500002ee
OBJ 50000b99 (sz=40, trace=300152, class=java.lang.ref.Finalizer@50000107)
	referent	50000b98
	queue		50001194
	next		50000b7f
	prev		50000bc3
OBJ 50000b9a (sz=24, trace=300268, class=java.util.zip.ZStreamRef@500002f1)
OBJ 50000b9b (sz=64, trace=302555, class=SevenZip.Compression.LZMA.Encoder$Optimal@50000da3)
OBJ 50000b9c (sz=64, trace=302555, class=SevenZip.Compression.LZMA.Encoder$Optimal@50000da3)
OBJ 50000b9d (sz=64, trace=302555, class=SevenZip.Compression.LZMA.Encoder$Optimal@50000da3)
OBJ 50000b9e (sz=64, trace=302555, class=SevenZip.Compression.LZMA.Encoder$Optimal@50000da3)
OBJ 50000b9f (sz=64, trace=302555, class=SevenZip.Compression.LZMA.Encoder$Optimal@50000da3)
OBJ 50000ba0 (sz=32, trace=300428, class=java.util.HashMap$Entry@5000009e)
	key		50000ca0
	value		50000b93
OBJ 50000ba1 (sz=24, trace=300431, class=java.lang.RuntimePermission@50000111)
	name		50001232
	path		50001233
OBJ 50000ba2 (sz=32, trace=300456, class=java.security.BasicPermissionCollection@50000cd1)
	perms		50000ba4
	permClass	50000111
OBJ 50000ba3 (sz=32, trace=300061, class=java.util.HashMap$Entry@5000009e)
	key		50000b66
	value		50000b75
OBJ 50000ba4 (sz=56, trace=300457, class=java.util.HashMap@5000010b)
	table		50000ba5
ARR 50000ba5 (sz=80, trace=300458, nelems=14, elem type=java.util.HashMap$Entry[]@5000009f)
	[13]		50000ba7
OBJ 50000ba6 (sz=32, trace=300428, class=java.util.HashMap$Entry@5000009e)
	key		50000111
	value		50000ba2
OBJ 50000ba7 (sz=32, trace=300459, class=java.util.HashMap$Entry@5000009e)
	key		50001234
	value		50000ba1
OBJ 50000ba8 (sz=40, trace=300460, class=java.security.ProtectionDomain@5000011f)
	codesource	50000b7b
	classloader	5000119e
	principals	50000bac
	permissions	50000b7c
	key		50000ba9
OBJ 50000ba9 (sz=16, trace=300461, class=java.security.ProtectionDomain$Key@500000f2)
	this$0		50000ba8
OBJ 50000baa (sz=24, trace=300038, class=java.lang.String@50000096)
	value		50000bab
ARR 50000bab (sz=196, trace=300039, nelems=98, elem type=char[])
ARR 50000bac (sz=16, trace=300462, nelems=0, elem type=java.security.Principal[]@50000106)
OBJ 50000bad (sz=32, trace=300463, class=java.util.HashMap$Entry@5000009e)
	key		50000b7b
	value		50000ba8
OBJ 50000bae (sz=24, trace=300464, class=java.lang.String@50000096)
	value		50000baf
ARR 50000baf (sz=50, trace=300465, nelems=25, elem type=char[])
OBJ 50000bb0 (sz=32, trace=300468, class=java.util.concurrent.ConcurrentHashMap$HashEntry@50000115)
	key		50000bae
	value		500013cb
	next		50002cc0
OBJ 50000bb1 (sz=64, trace=302555, class=SevenZip.Compression.LZMA.Encoder$Optimal@50000da3)
OBJ 50000bb2 (sz=64, trace=302555, class=SevenZip.Compression.LZMA.Encoder$Optimal@50000da3)
OBJ 50000bb3 (sz=64, trace=302555, class=SevenZip.Compression.LZMA.Encoder$Optimal@50000da3)
OBJ 50000bb4 (sz=64, trace=302555, class=SevenZip.Compression.LZMA.Encoder$Optimal@50000da3)
OBJ 50000bb5 (sz=24, trace=300054, class=java.lang.String@50000096)
	value		50000bb6
ARR 50000bb6 (sz=196, trace=300055, nelems=98, elem type=char[])
OBJ 50000bb7 (sz=64, trace=300056, class=java.net.URL@50000071)
	protocol	5000187d
	host		500011ca
	file		50000bb5
	authority	500011ca
	path		50000bb5
	handler		50001fc1
OBJ 50000bb8 (sz=32, trace=300477, class=java.util.HashMap$Entry@5000009e)
	key		50000ba8
	value		50001808
OBJ 50000bb9 (sz=48, trace=300058, class=sun.misc.URLClassPath$JarLoader@500001ac)
	base		50000bb7
	jar		50000bc2
	csu		50001fc7
	handler		50001fc1
	lmap		50001fc2
OBJ 50000bbb (sz=16, trace=302482, class=java.lang.Object@500000a7)
OBJ 50000bbc (sz=32, trace=300024, class=java.util.concurrent.ConcurrentHashMap$HashEntry@50000115)
	key		50001403
	value		50000bbb
	next		50006803
OBJ 50000bbd (sz=16, trace=302483, class=java.lang.Object@500000a7)
OBJ 50000bbe (sz=32, trace=300027, class=java.util.concurrent.ConcurrentHashMap$HashEntry@50000115)
	key		50001403
	value		50000bbd
	next		50006805
OBJ 50000bbf (sz=64, trace=302555, class=SevenZip.Compression.LZMA.Encoder$Optimal@50000da3)
OBJ 50000bc0 (sz=64, trace=302555, class=SevenZip.Compression.LZMA.Encoder$Optimal@50000da3)
OBJ 50000bc1 (sz=64, trace=302555, class=SevenZip.Compression.LZMA.Encoder$Optimal@50000da3)
OBJ 50000bc2 (sz=64, trace=300100, class=java.util.jar.JarFile@50000258)
	name		50001f14
	zc		50000bca
	streams		50000bc4
	inflaterCache	50000bc8
	manEntry	50000bd6
OBJ 50000bc3 (sz=40, trace=300101, class=java.lang.ref.Finalizer@50000107)
	referent	50000bc2
	queue		50001194
	next		50000b99
	prev		50000bdd
OBJ 50000bc4 (sz=56, trace=300102, class=java.util.WeakHashMap@50000074)
	table		50000bc7
	queue		50000bc5
OBJ 50000bc5 (sz=32, trace=300103, class=java.lang.ref.ReferenceQueue@50000117)
	lock		50000bc6
OBJ 50000bc6 (sz=16, trace=300104, class=java.lang.ref.ReferenceQueue$Lock@50000020)
ARR 50000bc7 (sz=80, trace=300105, nelems=0, elem type=java.util.WeakHashMap$Entry[]@50000039)
OBJ 50000bc8 (sz=24, trace=300107, class=java.util.ArrayDeque@500002b1)
	elements	50000bc9
ARR 50000bc9 (sz=80, trace=300108, nelems=1, elem type=java.lang.Object[]@500000a8)
	[0]		50000bdc
OBJ 50000bca (sz=32, trace=300110, class=java.util.zip.ZipCoder@500002b4)
	cs		50001886
	enc		50000bce
OBJ 50000bcb (sz=64, trace=302555, class=SevenZip.Compression.LZMA.Encoder$Optimal@50000da3)
OBJ 50000bcc (sz=64, trace=302555, class=SevenZip.Compression.LZMA.Encoder$Optimal@50000da3)
ARR 50000bcd (sz=1, trace=300131, nelems=1, elem type=byte[])
OBJ 50000bce (sz=48, trace=300132, class=sun.nio.cs.UTF_8$Encoder@50000016)
	charset		50001886
	replacement	50000bcd
	malformedInputAction	50001dcc
	unmappableCharacterAction	50001dcc
OBJ 50000bcf (sz=64, trace=302555, class=SevenZip.Compression.LZMA.Encoder$Optimal@50000da3)
OBJ 50000bd0 (sz=64, trace=302555, class=SevenZip.Compression.LZMA.Encoder$Optimal@50000da3)
OBJ 50000bd1 (sz=64, trace=302555, class=SevenZip.Compression.LZMA.Encoder$Optimal@50000da3)
OBJ 50000bd2 (sz=64, trace=302555, class=SevenZip.Compression.LZMA.Encoder$Optimal@50000da3)
OBJ 50000bd3 (sz=64, trace=302555, class=SevenZip.Compression.LZMA.Encoder$Optimal@50000da3)
OBJ 50000bd4 (sz=64, trace=302555, class=SevenZip.Compression.LZMA.Encoder$Optimal@50000da3)
OBJ 50000bd5 (sz=64, trace=302555, class=SevenZip.Compression.LZMA.Encoder$Optimal@50000da3)
OBJ 50000bd6 (sz=80, trace=300262, class=java.util.jar.JarFile$JarFileEntry@500002df)
	name		50001284
	this$0		50000bc2
OBJ 50000bd7 (sz=64, trace=302555, class=SevenZip.Compression.LZMA.Encoder$Optimal@50000da3)
OBJ 50000bd8 (sz=64, trace=302555, class=SevenZip.Compression.LZMA.Encoder$Optimal@50000da3)
OBJ 50000bd9 (sz=64, trace=302555, class=SevenZip.Compression.LZMA.Encoder$Optimal@50000da3)
OBJ 50000bda (sz=64, trace=302555, class=SevenZip.Compression.LZMA.Encoder$Optimal@50000da3)
OBJ 50000bdb (sz=64, trace=302555, class=SevenZip.Compression.LZMA.Encoder$Optimal@50000da3)
OBJ 50000bdc (sz=32, trace=300267, class=java.util.zip.Inflater@500002ed)
	zsRef		50000bde
	buf		500002ee
OBJ 50000bdd (sz=40, trace=300152, class=java.lang.ref.Finalizer@50000107)
	referent	50000bdc
	queue		50001194
	next		50000bc3
	prev		50001b24
OBJ 50000bde (sz=24, trace=300268, class=java.util.zip.ZStreamRef@500002f1)
OBJ 50000bdf (sz=64, trace=302555, class=SevenZip.Compression.LZMA.Encoder$Optimal@50000da3)
OBJ 50000be0 (sz=64, trace=302555, class=SevenZip.Compression.LZMA.Encoder$Optimal@50000da3)
OBJ 50000be1 (sz=64, trace=302555, class=SevenZip.Compression.LZMA.Encoder$Optimal@50000da3)
OBJ 50000be2 (sz=64, trace=302555, class=SevenZip.Compression.LZMA.Encoder$Optimal@50000da3)
OBJ 50000be3 (sz=16, trace=302605, class=java.lang.Object@500000a7)
OBJ 50000be4 (sz=64, trace=302555, class=SevenZip.Compression.LZMA.Encoder$Optimal@50000da3)
OBJ 50000be5 (sz=64, trace=302555, class=SevenZip.Compression.LZMA.Encoder$Optimal@50000da3)
OBJ 50000be6 (sz=64, trace=302555, class=SevenZip.Compression.LZMA.Encoder$Optimal@50000da3)
OBJ 50000be7 (sz=32, trace=300061, class=java.util.HashMap$Entry@5000009e)
	key		50000baa
	value		50000bb9
OBJ 50000be8 (sz=64, trace=302555, class=SevenZip.Compression.LZMA.Encoder$Optimal@50000da3)
OBJ 50000be9 (sz=64, trace=302555, class=SevenZip.Compression.LZMA.Encoder$Optimal@50000da3)
OBJ 50000bea (sz=64, trace=302555, class=SevenZip.Compression.LZMA.Encoder$Optimal@50000da3)
OBJ 50000beb (sz=64, trace=302555, class=SevenZip.Compression.LZMA.Encoder$Optimal@50000da3)
OBJ 50000bec (sz=64, trace=302555, class=SevenZip.Compression.LZMA.Encoder$Optimal@50000da3)
OBJ 50000bed (sz=64, trace=302555, class=SevenZip.Compression.LZMA.Encoder$Optimal@50000da3)
OBJ 50000bee (sz=24, trace=300038, class=java.lang.String@50000096)
	value		50000bef
ARR 50000bef (sz=154, trace=300039, nelems=77, elem type=char[])
OBJ 50000bf0 (sz=64, trace=302555, class=SevenZip.Compression.LZMA.Encoder$Optimal@50000da3)
OBJ 50000bf1 (sz=24, trace=300291, class=sun.misc.URLClassPath$FileLoader@50000a84)
	base		50001f71
	dir		50000bf9
OBJ 50000bf2 (sz=64, trace=302555, class=SevenZip.Compression.LZMA.Encoder$Optimal@50000da3)
OBJ 50000bf3 (sz=64, trace=302555, class=SevenZip.Compression.LZMA.Encoder$Optimal@50000da3)
OBJ 50000bf4 (sz=64, trace=302555, class=SevenZip.Compression.LZMA.Encoder$Optimal@50000da3)
OBJ 50000bf5 (sz=64, trace=302555, class=SevenZip.Compression.LZMA.Encoder$Optimal@50000da3)
OBJ 50000bf6 (sz=64, trace=302555, class=SevenZip.Compression.LZMA.Encoder$Optimal@50000da3)
OBJ 50000bf7 (sz=64, trace=302555, class=SevenZip.Compression.LZMA.Encoder$Optimal@50000da3)
OBJ 50000bf8 (sz=64, trace=302555, class=SevenZip.Compression.LZMA.Encoder$Optimal@50000da3)
OBJ 50000bf9 (sz=24, trace=300299, class=java.io.File@500000ec)
	path		500016b4
OBJ 50000bfa (sz=32, trace=300061, class=java.util.HashMap$Entry@5000009e)
	key		50000bee
	value		50000bf1
OBJ 50000bfb (sz=64, trace=302555, class=SevenZip.Compression.LZMA.Encoder$Optimal@50000da3)
OBJ 50000bfc (sz=64, trace=302555, class=SevenZip.Compression.LZMA.Encoder$Optimal@50000da3)
OBJ 50000bfd (sz=64, trace=302555, class=SevenZip.Compression.LZMA.Encoder$Optimal@50000da3)
OBJ 50000bfe (sz=64, trace=302555, class=SevenZip.Compression.LZMA.Encoder$Optimal@50000da3)
OBJ 50000bff (sz=64, trace=302555, class=SevenZip.Compression.LZMA.Encoder$Optimal@50000da3)
OBJ 50000c00 (sz=64, trace=302555, class=SevenZip.Compression.LZMA.Encoder$Optimal@50000da3)
OBJ 50000c01 (sz=64, trace=302555, class=SevenZip.Compression.LZMA.Encoder$Optimal@50000da3)
OBJ 50000c02 (sz=64, trace=302555, class=SevenZip.Compression.LZMA.Encoder$Optimal@50000da3)
OBJ 50000c03 (sz=64, trace=302555, class=SevenZip.Compression.LZMA.Encoder$Optimal@50000da3)
OBJ 50000c04 (sz=64, trace=302555, class=SevenZip.Compression.LZMA.Encoder$Optimal@50000da3)
OBJ 50000c05 (sz=64, trace=302555, class=SevenZip.Compression.LZMA.Encoder$Optimal@50000da3)
OBJ 50000c06 (sz=64, trace=302555, class=SevenZip.Compression.LZMA.Encoder$Optimal@50000da3)
OBJ 50000c07 (sz=64, trace=302555, class=SevenZip.Compression.LZMA.Encoder$Optimal@50000da3)
OBJ 50000c08 (sz=64, trace=302555, class=SevenZip.Compression.LZMA.Encoder$Optimal@50000da3)
OBJ 50000c09 (sz=64, trace=302555, class=SevenZip.Compression.LZMA.Encoder$Optimal@50000da3)
OBJ 50000c0a (sz=64, trace=302555, class=SevenZip.Compression.LZMA.Encoder$Optimal@50000da3)
OBJ 50000c0b (sz=64, trace=302555, class=SevenZip.Compression.LZMA.Encoder$Optimal@50000da3)
OBJ 50000c0c (sz=64, trace=302555, class=SevenZip.Compression.LZMA.Encoder$Optimal@50000da3)
OBJ 50000c0d (sz=64, trace=302555, class=SevenZip.Compression.LZMA.Encoder$Optimal@50000da3)
OBJ 50000c0e (sz=64, trace=302555, class=SevenZip.Compression.LZMA.Encoder$Optimal@50000da3)
OBJ 50000c0f (sz=64, trace=302555, class=SevenZip.Compression.LZMA.Encoder$Optimal@50000da3)
OBJ 50000c10 (sz=64, trace=302555, class=SevenZip.Compression.LZMA.Encoder$Optimal@50000da3)
OBJ 50000c11 (sz=64, trace=302555, class=SevenZip.Compression.LZMA.Encoder$Optimal@50000da3)
OBJ 50000c12 (sz=64, trace=302555, class=SevenZip.Compression.LZMA.Encoder$Optimal@50000da3)
OBJ 50000c13 (sz=64, trace=302555, class=SevenZip.Compression.LZMA.Encoder$Optimal@50000da3)
OBJ 50000c14 (sz=64, trace=302555, class=SevenZip.Compression.LZMA.Encoder$Optimal@50000da3)
OBJ 50000c15 (sz=64, trace=302555, class=SevenZip.Compression.LZMA.Encoder$Optimal@50000da3)
OBJ 50000c16 (sz=64, trace=302555, class=SevenZip.Compression.LZMA.Encoder$Optimal@50000da3)
OBJ 50000c17 (sz=64, trace=302555, class=SevenZip.Compression.LZMA.Encoder$Optimal@50000da3)
OBJ 50000c18 (sz=64, trace=302555, class=SevenZip.Compression.LZMA.Encoder$Optimal@50000da3)
OBJ 50000c19 (sz=64, trace=302555, class=SevenZip.Compression.LZMA.Encoder$Optimal@50000da3)
OBJ 50000c1a (sz=64, trace=302555, class=SevenZip.Compression.LZMA.Encoder$Optimal@50000da3)
OBJ 50000c1b (sz=64, trace=302555, class=SevenZip.Compression.LZMA.Encoder$Optimal@50000da3)
OBJ 50000c1c (sz=24, trace=300038, class=java.lang.String@50000096)
	value		50000c1d
ARR 50000c1d (sz=154, trace=300039, nelems=77, elem type=char[])
OBJ 50000c1e (sz=64, trace=302555, class=SevenZip.Compression.LZMA.Encoder$Optimal@50000da3)
OBJ 50000c1f (sz=24, trace=300291, class=sun.misc.URLClassPath$FileLoader@50000a84)
	base		50001f6e
	dir		50000c27
OBJ 50000c20 (sz=64, trace=302555, class=SevenZip.Compression.LZMA.Encoder$Optimal@50000da3)
OBJ 50000c21 (sz=64, trace=302555, class=SevenZip.Compression.LZMA.Encoder$Optimal@50000da3)
OBJ 50000c22 (sz=64, trace=302555, class=SevenZip.Compression.LZMA.Encoder$Optimal@50000da3)
OBJ 50000c23 (sz=64, trace=302555, class=SevenZip.Compression.LZMA.Encoder$Optimal@50000da3)
OBJ 50000c24 (sz=64, trace=302555, class=SevenZip.Compression.LZMA.Encoder$Optimal@50000da3)
OBJ 50000c25 (sz=64, trace=302555, class=SevenZip.Compression.LZMA.Encoder$Optimal@50000da3)
OBJ 50000c26 (sz=64, trace=302555, class=SevenZip.Compression.LZMA.Encoder$Optimal@50000da3)
OBJ 50000c27 (sz=24, trace=300299, class=java.io.File@500000ec)
	path		500016b9
OBJ 50000c28 (sz=32, trace=300061, class=java.util.HashMap$Entry@5000009e)
	key		50000c1c
	value		50000c1f
	next		50000abc
OBJ 50000c29 (sz=64, trace=302555, class=SevenZip.Compression.LZMA.Encoder$Optimal@50000da3)
OBJ 50000c2a (sz=64, trace=302555, class=SevenZip.Compression.LZMA.Encoder$Optimal@50000da3)
OBJ 50000c2b (sz=64, trace=302555, class=SevenZip.Compression.LZMA.Encoder$Optimal@50000da3)
OBJ 50000c2c (sz=64, trace=302555, class=SevenZip.Compression.LZMA.Encoder$Optimal@50000da3)
OBJ 50000c2d (sz=64, trace=302555, class=SevenZip.Compression.LZMA.Encoder$Optimal@50000da3)
OBJ 50000c2e (sz=64, trace=302555, class=SevenZip.Compression.LZMA.Encoder$Optimal@50000da3)
OBJ 50000c2f (sz=64, trace=302555, class=SevenZip.Compression.LZMA.Encoder$Optimal@50000da3)
OBJ 50000c30 (sz=64, trace=302555, class=SevenZip.Compression.LZMA.Encoder$Optimal@50000da3)
OBJ 50000c31 (sz=64, trace=302555, class=SevenZip.Compression.LZMA.Encoder$Optimal@50000da3)
OBJ 50000c32 (sz=64, trace=302555, class=SevenZip.Compression.LZMA.Encoder$Optimal@50000da3)
OBJ 50000c33 (sz=64, trace=302555, class=SevenZip.Compression.LZMA.Encoder$Optimal@50000da3)
OBJ 50000c34 (sz=64, trace=302555, class=SevenZip.Compression.LZMA.Encoder$Optimal@50000da3)
OBJ 50000c35 (sz=64, trace=302555, class=SevenZip.Compression.LZMA.Encoder$Optimal@50000da3)
OBJ 50000c36 (sz=64, trace=302555, class=SevenZip.Compression.LZMA.Encoder$Optimal@50000da3)
OBJ 50000c37 (sz=64, trace=302555, class=SevenZip.Compression.LZMA.Encoder$Optimal@50000da3)
OBJ 50000c38 (sz=64, trace=302555, class=SevenZip.Compression.LZMA.Encoder$Optimal@50000da3)
OBJ 50000c39 (sz=64, trace=302555, class=SevenZip.Compression.LZMA.Encoder$Optimal@50000da3)
OBJ 50000c3a (sz=64, trace=302555, class=SevenZip.Compression.LZMA.Encoder$Optimal@50000da3)
OBJ 50000c3b (sz=64, trace=302555, class=SevenZip.Compression.LZMA.Encoder$Optimal@50000da3)
OBJ 50000c3c (sz=64, trace=302555, class=SevenZip.Compression.LZMA.Encoder$Optimal@50000da3)
OBJ 50000c3d (sz=64, trace=302555, class=SevenZip.Compression.LZMA.Encoder$Optimal@50000da3)
OBJ 50000c3e (sz=64, trace=302555, class=SevenZip.Compression.LZMA.Encoder$Optimal@50000da3)
OBJ 50000c3f (sz=64, trace=302555, class=SevenZip.Compression.LZMA.Encoder$Optimal@50000da3)
OBJ 50000c40 (sz=64, trace=302555, class=SevenZip.Compression.LZMA.Encoder$Optimal@50000da3)
OBJ 50000c41 (sz=64, trace=302555, class=SevenZip.Compression.LZMA.Encoder$Optimal@50000da3)
OBJ 50000c42 (sz=64, trace=302555, class=SevenZip.Compression.LZMA.Encoder$Optimal@50000da3)
OBJ 50000c43 (sz=64, trace=302555, class=SevenZip.Compression.LZMA.Encoder$Optimal@50000da3)
OBJ 50000c44 (sz=64, trace=302555, class=SevenZip.Compression.LZMA.Encoder$Optimal@50000da3)
OBJ 50000c45 (sz=64, trace=302555, class=SevenZip.Compression.LZMA.Encoder$Optimal@50000da3)
OBJ 50000c46 (sz=64, trace=302555, class=SevenZip.Compression.LZMA.Encoder$Optimal@50000da3)
OBJ 50000c49 (sz=64, trace=302555, class=SevenZip.Compression.LZMA.Encoder$Optimal@50000da3)
OBJ 50000c4a (sz=24, trace=300318, class=java.lang.String@50000096)
	value		50000c4b
ARR 50000c4b (sz=74, trace=300319, nelems=37, elem type=char[])
OBJ 50000c4d (sz=56, trace=300321, class=java.util.HashMap@5000010b)
	table		50000c4e
ARR 50000c4e (sz=144, trace=300322, nelems=0, elem type=java.util.HashMap$Entry[]@5000009f)
OBJ 50000c4f (sz=56, trace=300323, class=java.util.HashMap@5000010b)
	table		50000c50
ARR 50000c50 (sz=80, trace=300324, nelems=0, elem type=java.util.HashMap$Entry[]@5000009f)
OBJ 50000c51 (sz=56, trace=300325, class=java.util.HashMap@5000010b)
	table		50000c52
ARR 50000c52 (sz=80, trace=300326, nelems=0, elem type=java.util.HashMap$Entry[]@5000009f)
OBJ 50000c53 (sz=64, trace=302555, class=SevenZip.Compression.LZMA.Encoder$Optimal@50000da3)
OBJ 50000c54 (sz=64, trace=302555, class=SevenZip.Compression.LZMA.Encoder$Optimal@50000da3)
OBJ 50000c55 (sz=64, trace=302555, class=SevenZip.Compression.LZMA.Encoder$Optimal@50000da3)
OBJ 50000c56 (sz=64, trace=302555, class=SevenZip.Compression.LZMA.Encoder$Optimal@50000da3)
OBJ 50000c57 (sz=64, trace=302555, class=SevenZip.Compression.LZMA.Encoder$Optimal@50000da3)
OBJ 50000c58 (sz=64, trace=302555, class=SevenZip.Compression.LZMA.Encoder$Optimal@50000da3)
OBJ 50000c59 (sz=64, trace=302555, class=SevenZip.Compression.LZMA.Encoder$Optimal@50000da3)
OBJ 50000c5a (sz=64, trace=302555, class=SevenZip.Compression.LZMA.Encoder$Optimal@50000da3)
OBJ 50000c5b (sz=56, trace=300335, class=java.lang.Package@50000c4c)
	pkgName		50000c4a
	loader		5000119e
OBJ 50000c5c (sz=32, trace=300336, class=java.util.HashMap$Entry@5000009e)
	key		50000c4a
	value		50000c5b
OBJ 50000c5d (sz=64, trace=302555, class=SevenZip.Compression.LZMA.Encoder$Optimal@50000da3)
OBJ 50000c5e (sz=64, trace=302555, class=SevenZip.Compression.LZMA.Encoder$Optimal@50000da3)
OBJ 50000c5f (sz=64, trace=302555, class=SevenZip.Compression.LZMA.Encoder$Optimal@50000da3)
OBJ 50000c60 (sz=64, trace=302555, class=SevenZip.Compression.LZMA.Encoder$Optimal@50000da3)
OBJ 50000c61 (sz=64, trace=302555, class=SevenZip.Compression.LZMA.Encoder$Optimal@50000da3)
OBJ 50000c62 (sz=64, trace=302555, class=SevenZip.Compression.LZMA.Encoder$Optimal@50000da3)
OBJ 50000c64 (sz=32, trace=300024, class=java.util.concurrent.ConcurrentHashMap$HashEntry@50000115)
	key		5000145f
	value		50000be3
OBJ 50000c65 (sz=64, trace=302555, class=SevenZip.Compression.LZMA.Encoder$Optimal@50000da3)
OBJ 50000c66 (sz=64, trace=302555, class=SevenZip.Compression.LZMA.Encoder$Optimal@50000da3)
OBJ 50000c67 (sz=64, trace=302555, class=SevenZip.Compression.LZMA.Encoder$Optimal@50000da3)
OBJ 50000c68 (sz=64, trace=302555, class=SevenZip.Compression.LZMA.Encoder$Optimal@50000da3)
OBJ 50000c69 (sz=64, trace=302555, class=SevenZip.Compression.LZMA.Encoder$Optimal@50000da3)
OBJ 50000c6a (sz=64, trace=302555, class=SevenZip.Compression.LZMA.Encoder$Optimal@50000da3)
OBJ 50000c6b (sz=32, trace=300346, class=java.security.CodeSource@500000c0)
	location	50001f6e
ARR 50000c6e (sz=24, trace=300348, nelems=2, elem type=java.io.ObjectStreamField[]@50000024)
	[0]		50000c6f
	[1]		50000c7c
OBJ 50000c6f (sz=40, trace=300349, class=java.io.ObjectStreamField@50000023)
	name		5000129d
	signature	50000c7a
	type		5000012e
OBJ 50000c70 (sz=64, trace=302555, class=SevenZip.Compression.LZMA.Encoder$Optimal@50000da3)
OBJ 50000c71 (sz=64, trace=302555, class=SevenZip.Compression.LZMA.Encoder$Optimal@50000da3)
OBJ 50000c72 (sz=64, trace=302555, class=SevenZip.Compression.LZMA.Encoder$Optimal@50000da3)
OBJ 50000c73 (sz=64, trace=302555, class=SevenZip.Compression.LZMA.Encoder$Optimal@50000da3)
OBJ 50000c74 (sz=64, trace=302555, class=SevenZip.Compression.LZMA.Encoder$Optimal@50000da3)
OBJ 50000c75 (sz=64, trace=302555, class=SevenZip.Compression.LZMA.Encoder$Optimal@50000da3)
OBJ 50000c76 (sz=64, trace=302555, class=SevenZip.Compression.LZMA.Encoder$Optimal@50000da3)
OBJ 50000c77 (sz=64, trace=302555, class=SevenZip.Compression.LZMA.Encoder$Optimal@50000da3)
OBJ 50000c78 (sz=64, trace=302555, class=SevenZip.Compression.LZMA.Encoder$Optimal@50000da3)
ARR 50000c79 (sz=144, trace=300473, nelems=32, elem type=java.util.concurrent.ConcurrentHashMap$HashEntry[]@50000116)
	[2]		5000345d
	[7]		50000c7e
	[8]		50002a33
	[9]		50001f4c
	[17]		500027b8
	[19]		5000115e
	[20]		50000229
	[21]		50002278
	[23]		50000c7d
	[26]		500027b6
	[27]		500027b9
	[31]		50000c64
OBJ 50000c7a (sz=24, trace=300360, class=java.lang.String@50000096)
	value		50000c7b
ARR 50000c7b (sz=42, trace=300361, nelems=21, elem type=char[])
OBJ 50000c7c (sz=40, trace=300362, class=java.io.ObjectStreamField@50000023)
	name		5000129c
	signature	50000c88
	type		50000c6c
OBJ 50000c7d (sz=32, trace=300486, class=java.util.concurrent.ConcurrentHashMap$HashEntry@50000115)
	key		50001465
	value		50007f72
	next		50001f4e
OBJ 50000c7e (sz=32, trace=300486, class=java.util.concurrent.ConcurrentHashMap$HashEntry@50000115)
	key		50001475
	value		500075bc
OBJ 50000c7f (sz=16, trace=302606, class=java.lang.Object@500000a7)
OBJ 50000c80 (sz=32, trace=300027, class=java.util.concurrent.ConcurrentHashMap$HashEntry@50000115)
	key		5000145f
	value		50000c7f
ARR 50000c81 (sz=144, trace=300475, nelems=32, elem type=java.util.concurrent.ConcurrentHashMap$HashEntry[]@50000116)
	[2]		5000345f
	[7]		50000c9b
	[8]		50002a35
	[9]		50001f50
	[17]		500027bd
	[19]		50001163
	[20]		5000022c
	[21]		5000227a
	[23]		50000c82
	[26]		500027bb
	[27]		500027be
	[31]		50000c80
OBJ 50000c82 (sz=32, trace=300486, class=java.util.concurrent.ConcurrentHashMap$HashEntry@50000115)
	key		50001465
	value		50007f74
	next		50001f52
OBJ 50000c83 (sz=64, trace=302555, class=SevenZip.Compression.LZMA.Encoder$Optimal@50000da3)
OBJ 50000c84 (sz=64, trace=302555, class=SevenZip.Compression.LZMA.Encoder$Optimal@50000da3)
OBJ 50000c85 (sz=64, trace=302555, class=SevenZip.Compression.LZMA.Encoder$Optimal@50000da3)
OBJ 50000c86 (sz=64, trace=302555, class=SevenZip.Compression.LZMA.Encoder$Optimal@50000da3)
OBJ 50000c87 (sz=64, trace=302555, class=SevenZip.Compression.LZMA.Encoder$Optimal@50000da3)
OBJ 50000c88 (sz=24, trace=300371, class=java.lang.String@50000096)
	value		50000c89
ARR 50000c89 (sz=72, trace=300361, nelems=36, elem type=char[])
OBJ 50000c8a (sz=32, trace=300372, class=java.security.Permissions@50000c6d)
	permsMap	50000c8b
OBJ 50000c8b (sz=56, trace=300373, class=java.util.HashMap@5000010b)
	table		50000c8c
ARR 50000c8c (sz=80, trace=300374, nelems=13, elem type=java.util.HashMap$Entry[]@5000009f)
	[7]		50000ccd
	[12]		50000cf5
OBJ 50000c8d (sz=64, trace=302555, class=SevenZip.Compression.LZMA.Encoder$Optimal@50000da3)
OBJ 50000c8e (sz=64, trace=302555, class=SevenZip.Compression.LZMA.Encoder$Optimal@50000da3)
OBJ 50000c8f (sz=64, trace=302555, class=SevenZip.Compression.LZMA.Encoder$Optimal@50000da3)
OBJ 50000c90 (sz=64, trace=302555, class=SevenZip.Compression.LZMA.Encoder$Optimal@50000da3)
OBJ 50000c91 (sz=64, trace=302555, class=SevenZip.Compression.LZMA.Encoder$Optimal@50000da3)
OBJ 50000c92 (sz=64, trace=302555, class=SevenZip.Compression.LZMA.Encoder$Optimal@50000da3)
OBJ 50000c97 (sz=56, trace=300381, class=java.util.Hashtable@5000012e)
	table		50000c98
ARR 50000c98 (sz=64, trace=300382, nelems=0, elem type=java.util.Hashtable$Entry[]@50000048)
OBJ 50000c99 (sz=56, trace=300383, class=java.util.HashMap@5000010b)
	table		50000c9a
ARR 50000c9a (sz=80, trace=300384, nelems=0, elem type=java.util.HashMap$Entry[]@5000009f)
OBJ 50000c9b (sz=32, trace=300486, class=java.util.concurrent.ConcurrentHashMap$HashEntry@50000115)
	key		50001475
	value		500075be
OBJ 50000c9d (sz=16, trace=302494, class=java.lang.Object@500000a7)
OBJ 50000c9e (sz=32, trace=300024, class=java.util.concurrent.ConcurrentHashMap$HashEntry@50000115)
	key		50001517
	value		50000c9d
ARR 50000c9f (sz=144, trace=300473, nelems=32, elem type=java.util.concurrent.ConcurrentHashMap$HashEntry[]@50000116)
	[3]		50003983
	[6]		50002be5
	[7]		50001169
	[8]		50000ca1
	[9]		50000c9e
	[12]		500041ef
	[13]		50001643
	[15]		50003989
	[20]		500050fc
	[24]		50003987
	[25]		5000302a
	[28]		50000ca3
	[31]		50000ca4
OBJ 50000ca1 (sz=32, trace=300486, class=java.util.concurrent.ConcurrentHashMap$HashEntry@50000115)
	key		50001519
	value		50003b54
OBJ 50000ca3 (sz=32, trace=300486, class=java.util.concurrent.ConcurrentHashMap$HashEntry@50000115)
	key		50001509
	value		500076e1
OBJ 50000ca4 (sz=32, trace=300486, class=java.util.concurrent.ConcurrentHashMap$HashEntry@50000115)
	key		50001507
	value		50004706
OBJ 50000ca5 (sz=16, trace=302495, class=java.lang.Object@500000a7)
OBJ 50000ca6 (sz=32, trace=300027, class=java.util.concurrent.ConcurrentHashMap$HashEntry@50000115)
	key		50001517
	value		50000ca5
ARR 50000ca7 (sz=144, trace=300475, nelems=32, elem type=java.util.concurrent.ConcurrentHashMap$HashEntry[]@50000116)
	[3]		50003985
	[6]		50002be8
	[7]		5000116e
	[8]		50000ca8
	[9]		50000ca6
	[12]		500041f1
	[13]		50001646
	[15]		5000398d
	[20]		500050fe
	[24]		5000398b
	[25]		5000302c
	[28]		50000ca9
	[31]		50000caa
OBJ 50000ca8 (sz=32, trace=300486, class=java.util.concurrent.ConcurrentHashMap$HashEntry@50000115)
	key		50001519
	value		50003b56
OBJ 50000ca9 (sz=32, trace=300486, class=java.util.concurrent.ConcurrentHashMap$HashEntry@50000115)
	key		50001509
	value		500076e3
OBJ 50000caa (sz=32, trace=300486, class=java.util.concurrent.ConcurrentHashMap$HashEntry@50000115)
	key		50001507
	value		50004708
OBJ 50000cab (sz=64, trace=302555, class=SevenZip.Compression.LZMA.Encoder$Optimal@50000da3)
OBJ 50000cac (sz=24, trace=300029, class=java.net.URLClassLoader$1@5000019d)
OBJ 50000cad (sz=64, trace=302555, class=SevenZip.Compression.LZMA.Encoder$Optimal@50000da3)
OBJ 50000cae (sz=64, trace=302555, class=SevenZip.Compression.LZMA.Encoder$Optimal@50000da3)
OBJ 50000caf (sz=24, trace=300403, class=java.lang.String@50000096)
	value		50000cb0
ARR 50000cb0 (sz=142, trace=300404, nelems=71, elem type=char[])
OBJ 50000cb1 (sz=32, trace=300405, class=java.io.FilePermission@50000ca0)
	name		50000caf
	cpath		50000cb9
OBJ 50000cb2 (sz=64, trace=302555, class=SevenZip.Compression.LZMA.Encoder$Optimal@50000da3)
OBJ 50000cb3 (sz=64, trace=302555, class=SevenZip.Compression.LZMA.Encoder$Optimal@50000da3)
OBJ 50000cb4 (sz=64, trace=302555, class=SevenZip.Compression.LZMA.Encoder$Optimal@50000da3)
OBJ 50000cb5 (sz=24, trace=300408, class=java.lang.String@50000096)
	value		50000cb6
ARR 50000cb6 (sz=142, trace=300409, nelems=71, elem type=char[])
OBJ 50000cb7 (sz=24, trace=300410, class=java.io.ExpiringCache$Entry@5000008b)
	val		50000cb5
OBJ 50000cb8 (sz=40, trace=300411, class=java.util.LinkedHashMap$Entry@5000010e)
	key		50000caf
	value		50000cb7
	before		500016b0
	after		5000197d
OBJ 50000cb9 (sz=24, trace=300412, class=java.lang.String@50000096)
	value		50000cba
ARR 50000cba (sz=140, trace=300413, nelems=70, elem type=char[])
ARR 50000cbc (sz=24, trace=300415, nelems=1, elem type=java.io.ObjectStreamField[]@50000024)
	[0]		50000cbd
OBJ 50000cbd (sz=40, trace=300416, class=java.io.ObjectStreamField@50000023)
	name		50001238
	signature	50000cc8
	type		50000091
OBJ 50000cbe (sz=64, trace=302555, class=SevenZip.Compression.LZMA.Encoder$Optimal@50000da3)
OBJ 50000cbf (sz=64, trace=302555, class=SevenZip.Compression.LZMA.Encoder$Optimal@50000da3)
OBJ 50000cc0 (sz=64, trace=302555, class=SevenZip.Compression.LZMA.Encoder$Optimal@50000da3)
OBJ 50000cc1 (sz=64, trace=302555, class=SevenZip.Compression.LZMA.Encoder$Optimal@50000da3)
OBJ 50000cc2 (sz=64, trace=302555, class=SevenZip.Compression.LZMA.Encoder$Optimal@50000da3)
OBJ 50000cc3 (sz=64, trace=302555, class=SevenZip.Compression.LZMA.Encoder$Optimal@50000da3)
OBJ 50000cc4 (sz=64, trace=302555, class=SevenZip.Compression.LZMA.Encoder$Optimal@50000da3)
OBJ 50000cc5 (sz=64, trace=302555, class=SevenZip.Compression.LZMA.Encoder$Optimal@50000da3)
OBJ 50000cc6 (sz=64, trace=302555, class=SevenZip.Compression.LZMA.Encoder$Optimal@50000da3)
OBJ 50000cc7 (sz=64, trace=302555, class=SevenZip.Compression.LZMA.Encoder$Optimal@50000da3)
OBJ 50000cc8 (sz=24, trace=300424, class=java.lang.String@50000096)
	value		50000cc9
ARR 50000cc9 (sz=36, trace=300361, nelems=18, elem type=char[])
OBJ 50000cca (sz=24, trace=300425, class=java.io.FilePermissionCollection@50000cbb)
	perms		50000ccb
OBJ 50000ccb (sz=24, trace=300426, class=java.util.ArrayList@5000004e)
	elementData	50000ccc
ARR 50000ccc (sz=56, trace=300427, nelems=1, elem type=java.lang.Object[]@500000a8)
	[0]		50000cb1
OBJ 50000ccd (sz=32, trace=300428, class=java.util.HashMap$Entry@5000009e)
	key		50000ca0
	value		50000cca
OBJ 50000cd0 (sz=24, trace=300431, class=java.lang.RuntimePermission@50000111)
	name		50001232
	path		50001233
ARR 50000cd2 (sz=32, trace=300433, nelems=3, elem type=java.io.ObjectStreamField[]@50000024)
	[0]		50000cd3
	[1]		50000ce0
	[2]		50000ce5
OBJ 50000cd3 (sz=40, trace=300434, class=java.io.ObjectStreamField@50000023)
	name		50001238
	signature	50000c7a
	type		5000012e
OBJ 50000cd4 (sz=64, trace=302555, class=SevenZip.Compression.LZMA.Encoder$Optimal@50000da3)
OBJ 50000cd5 (sz=64, trace=302555, class=SevenZip.Compression.LZMA.Encoder$Optimal@50000da3)
OBJ 50000cd6 (sz=64, trace=302555, class=SevenZip.Compression.LZMA.Encoder$Optimal@50000da3)
OBJ 50000cd7 (sz=64, trace=302555, class=SevenZip.Compression.LZMA.Encoder$Optimal@50000da3)
OBJ 50000cd8 (sz=64, trace=302555, class=SevenZip.Compression.LZMA.Encoder$Optimal@50000da3)
OBJ 50000cd9 (sz=64, trace=302555, class=SevenZip.Compression.LZMA.Encoder$Optimal@50000da3)
OBJ 50000cda (sz=64, trace=302555, class=SevenZip.Compression.LZMA.Encoder$Optimal@50000da3)
OBJ 50000cdb (sz=64, trace=302555, class=SevenZip.Compression.LZMA.Encoder$Optimal@50000da3)
OBJ 50000cdc (sz=64, trace=302555, class=SevenZip.Compression.LZMA.Encoder$Optimal@50000da3)
OBJ 50000cdd (sz=64, trace=302555, class=SevenZip.Compression.LZMA.Encoder$Optimal@50000da3)
OBJ 50000cde (sz=64, trace=302555, class=SevenZip.Compression.LZMA.Encoder$Optimal@50000da3)
OBJ 50000cdf (sz=64, trace=302555, class=SevenZip.Compression.LZMA.Encoder$Optimal@50000da3)
OBJ 50000ce0 (sz=40, trace=300443, class=java.io.ObjectStreamField@50000023)
	name		50001237
	signature	5000159f
	type		500011a4
OBJ 50000ce1 (sz=64, trace=302555, class=SevenZip.Compression.LZMA.Encoder$Optimal@50000da3)
OBJ 50000ce2 (sz=64, trace=302555, class=SevenZip.Compression.LZMA.Encoder$Optimal@50000da3)
OBJ 50000ce3 (sz=64, trace=302555, class=SevenZip.Compression.LZMA.Encoder$Optimal@50000da3)
OBJ 50000ce4 (sz=64, trace=302555, class=SevenZip.Compression.LZMA.Encoder$Optimal@50000da3)
OBJ 50000ce5 (sz=40, trace=300447, class=java.io.ObjectStreamField@50000023)
	name		50001239
	signature	50000cf0
	type		50000080
OBJ 50000ce6 (sz=64, trace=302555, class=SevenZip.Compression.LZMA.Encoder$Optimal@50000da3)
OBJ 50000ce7 (sz=64, trace=302555, class=SevenZip.Compression.LZMA.Encoder$Optimal@50000da3)
OBJ 50000ce8 (sz=64, trace=302555, class=SevenZip.Compression.LZMA.Encoder$Optimal@50000da3)
OBJ 50000ce9 (sz=64, trace=302555, class=SevenZip.Compression.LZMA.Encoder$Optimal@50000da3)
OBJ 50000cea (sz=64, trace=302555, class=SevenZip.Compression.LZMA.Encoder$Optimal@50000da3)
OBJ 50000ceb (sz=64, trace=302555, class=SevenZip.Compression.LZMA.Encoder$Optimal@50000da3)
OBJ 50000cec (sz=64, trace=302555, class=SevenZip.Compression.LZMA.Encoder$Optimal@50000da3)
OBJ 50000ced (sz=64, trace=302555, class=SevenZip.Compression.LZMA.Encoder$Optimal@50000da3)
OBJ 50000cee (sz=64, trace=302555, class=SevenZip.Compression.LZMA.Encoder$Optimal@50000da3)
OBJ 50000cef (sz=64, trace=302555, class=SevenZip.Compression.LZMA.Encoder$Optimal@50000da3)
OBJ 50000cf0 (sz=24, trace=300455, class=java.lang.String@50000096)
	value		50000cf1
ARR 50000cf1 (sz=34, trace=300361, nelems=17, elem type=char[])
OBJ 50000cf2 (sz=32, trace=300456, class=java.security.BasicPermissionCollection@50000cd1)
	perms		50000cf3
	permClass	50000111
OBJ 50000cf3 (sz=56, trace=300457, class=java.util.HashMap@5000010b)
	table		50000cf4
ARR 50000cf4 (sz=80, trace=300458, nelems=14, elem type=java.util.HashMap$Entry[]@5000009f)
	[13]		50000cf6
OBJ 50000cf5 (sz=32, trace=300428, class=java.util.HashMap$Entry@5000009e)
	key		50000111
	value		50000cf2
OBJ 50000cf6 (sz=32, trace=300459, class=java.util.HashMap$Entry@5000009e)
	key		50001234
	value		50000cd0
OBJ 50000cf7 (sz=40, trace=300460, class=java.security.ProtectionDomain@5000011f)
	codesource	50000c6b
	classloader	5000119e
	principals	50000cf9
	permissions	50000c8a
	key		50000cf8
OBJ 50000cf8 (sz=16, trace=300461, class=java.security.ProtectionDomain$Key@500000f2)
	this$0		50000cf7
ARR 50000cf9 (sz=16, trace=300462, nelems=0, elem type=java.security.Principal[]@50000106)
OBJ 50000cfa (sz=32, trace=300463, class=java.util.HashMap$Entry@5000009e)
	key		50000c6b
	value		50000cf7
OBJ 50000cfb (sz=24, trace=300464, class=java.lang.String@50000096)
	value		50000cfc
ARR 50000cfc (sz=74, trace=300465, nelems=37, elem type=char[])
ARR 50000cfd (sz=24, trace=300466, nelems=1, elem type=java.util.concurrent.ConcurrentHashMap$HashEntry[]@50000116)
	[0]		50000d00
OBJ 50000cfe (sz=40, trace=300467, class=java.util.concurrent.ConcurrentHashMap$Segment@50000140)
	sync		50000cff
	table		50000cfd
OBJ 50000cff (sz=32, trace=300023, class=java.util.concurrent.locks.ReentrantLock$NonfairSync@5000003d)
OBJ 50000d00 (sz=32, trace=300468, class=java.util.concurrent.ConcurrentHashMap$HashEntry@50000115)
	key		50000cfb
	value		500013cb
OBJ 50000d01 (sz=64, trace=302555, class=SevenZip.Compression.LZMA.Encoder$Optimal@50000da3)
OBJ 50000d02 (sz=64, trace=302555, class=SevenZip.Compression.LZMA.Encoder$Optimal@50000da3)
OBJ 50000d03 (sz=64, trace=302555, class=SevenZip.Compression.LZMA.Encoder$Optimal@50000da3)
OBJ 50000d04 (sz=64, trace=302555, class=SevenZip.Compression.LZMA.Encoder$Optimal@50000da3)
OBJ 50000d05 (sz=16, trace=300472, class=java.lang.Object@500000a7)
OBJ 50000d06 (sz=32, trace=300024, class=java.util.concurrent.ConcurrentHashMap$HashEntry@50000115)
	key		500014ef
	value		50000d05
OBJ 50000d07 (sz=64, trace=302555, class=SevenZip.Compression.LZMA.Encoder$Optimal@50000da3)
OBJ 50000d08 (sz=16, trace=300474, class=java.lang.Object@500000a7)
OBJ 50000d09 (sz=32, trace=300027, class=java.util.concurrent.ConcurrentHashMap$HashEntry@50000115)
	key		500014ef
	value		50000d08
OBJ 50000d0a (sz=64, trace=302555, class=SevenZip.Compression.LZMA.Encoder$Optimal@50000da3)
OBJ 50000d0b (sz=64, trace=302555, class=SevenZip.Compression.LZMA.Encoder$Optimal@50000da3)
OBJ 50000d0c (sz=64, trace=302555, class=SevenZip.Compression.LZMA.Encoder$Optimal@50000da3)
OBJ 50000d0d (sz=64, trace=302555, class=SevenZip.Compression.LZMA.Encoder$Optimal@50000da3)
OBJ 50000d0e (sz=64, trace=302555, class=SevenZip.Compression.LZMA.Encoder$Optimal@50000da3)
OBJ 50000d0f (sz=64, trace=302555, class=SevenZip.Compression.LZMA.Encoder$Optimal@50000da3)
OBJ 50000d10 (sz=64, trace=302555, class=SevenZip.Compression.LZMA.Encoder$Optimal@50000da3)
OBJ 50000d11 (sz=64, trace=302555, class=SevenZip.Compression.LZMA.Encoder$Optimal@50000da3)
OBJ 50000d12 (sz=64, trace=302555, class=SevenZip.Compression.LZMA.Encoder$Optimal@50000da3)
OBJ 50000d13 (sz=64, trace=302555, class=SevenZip.Compression.LZMA.Encoder$Optimal@50000da3)
OBJ 50000d14 (sz=64, trace=302555, class=SevenZip.Compression.LZMA.Encoder$Optimal@50000da3)
OBJ 50000d15 (sz=64, trace=302555, class=SevenZip.Compression.LZMA.Encoder$Optimal@50000da3)
OBJ 50000d16 (sz=64, trace=302555, class=SevenZip.Compression.LZMA.Encoder$Optimal@50000da3)
OBJ 50000d17 (sz=64, trace=302555, class=SevenZip.Compression.LZMA.Encoder$Optimal@50000da3)
OBJ 50000d18 (sz=64, trace=302555, class=SevenZip.Compression.LZMA.Encoder$Optimal@50000da3)
OBJ 50000d19 (sz=64, trace=302555, class=SevenZip.Compression.LZMA.Encoder$Optimal@50000da3)
OBJ 50000d1a (sz=64, trace=302555, class=SevenZip.Compression.LZMA.Encoder$Optimal@50000da3)
OBJ 50000d1b (sz=64, trace=302555, class=SevenZip.Compression.LZMA.Encoder$Optimal@50000da3)
OBJ 50000d1c (sz=64, trace=302555, class=SevenZip.Compression.LZMA.Encoder$Optimal@50000da3)
OBJ 50000d1d (sz=64, trace=302555, class=SevenZip.Compression.LZMA.Encoder$Optimal@50000da3)
OBJ 50000d1e (sz=64, trace=302555, class=SevenZip.Compression.LZMA.Encoder$Optimal@50000da3)
OBJ 50000d1f (sz=64, trace=302555, class=SevenZip.Compression.LZMA.Encoder$Optimal@50000da3)
OBJ 50000d20 (sz=64, trace=302555, class=SevenZip.Compression.LZMA.Encoder$Optimal@50000da3)
OBJ 50000d21 (sz=64, trace=302555, class=SevenZip.Compression.LZMA.Encoder$Optimal@50000da3)
OBJ 50000d22 (sz=64, trace=302555, class=SevenZip.Compression.LZMA.Encoder$Optimal@50000da3)
OBJ 50000d23 (sz=64, trace=302555, class=SevenZip.Compression.LZMA.Encoder$Optimal@50000da3)
OBJ 50000d24 (sz=64, trace=302555, class=SevenZip.Compression.LZMA.Encoder$Optimal@50000da3)
OBJ 50000d25 (sz=64, trace=302555, class=SevenZip.Compression.LZMA.Encoder$Optimal@50000da3)
OBJ 50000d26 (sz=64, trace=302555, class=SevenZip.Compression.LZMA.Encoder$Optimal@50000da3)
OBJ 50000d27 (sz=64, trace=302555, class=SevenZip.Compression.LZMA.Encoder$Optimal@50000da3)
OBJ 50000d28 (sz=64, trace=302555, class=SevenZip.Compression.LZMA.Encoder$Optimal@50000da3)
OBJ 50000d29 (sz=64, trace=302555, class=SevenZip.Compression.LZMA.Encoder$Optimal@50000da3)
OBJ 50000d2a (sz=64, trace=302555, class=SevenZip.Compression.LZMA.Encoder$Optimal@50000da3)
OBJ 50000d2b (sz=64, trace=302555, class=SevenZip.Compression.LZMA.Encoder$Optimal@50000da3)
OBJ 50000d2c (sz=64, trace=302555, class=SevenZip.Compression.LZMA.Encoder$Optimal@50000da3)
OBJ 50000d2d (sz=64, trace=302555, class=SevenZip.Compression.LZMA.Encoder$Optimal@50000da3)
OBJ 50000d2e (sz=64, trace=302555, class=SevenZip.Compression.LZMA.Encoder$Optimal@50000da3)
OBJ 50000d2f (sz=64, trace=302555, class=SevenZip.Compression.LZMA.Encoder$Optimal@50000da3)
OBJ 50000d30 (sz=64, trace=302555, class=SevenZip.Compression.LZMA.Encoder$Optimal@50000da3)
OBJ 50000d31 (sz=64, trace=302555, class=SevenZip.Compression.LZMA.Encoder$Optimal@50000da3)
OBJ 50000d32 (sz=64, trace=302555, class=SevenZip.Compression.LZMA.Encoder$Optimal@50000da3)
OBJ 50000d33 (sz=64, trace=302555, class=SevenZip.Compression.LZMA.Encoder$Optimal@50000da3)
OBJ 50000d34 (sz=64, trace=302555, class=SevenZip.Compression.LZMA.Encoder$Optimal@50000da3)
OBJ 50000d35 (sz=64, trace=302555, class=SevenZip.Compression.LZMA.Encoder$Optimal@50000da3)
OBJ 50000d36 (sz=64, trace=302555, class=SevenZip.Compression.LZMA.Encoder$Optimal@50000da3)
OBJ 50000d37 (sz=64, trace=302555, class=SevenZip.Compression.LZMA.Encoder$Optimal@50000da3)
OBJ 50000d38 (sz=64, trace=302555, class=SevenZip.Compression.LZMA.Encoder$Optimal@50000da3)
OBJ 50000d39 (sz=64, trace=302555, class=SevenZip.Compression.LZMA.Encoder$Optimal@50000da3)
OBJ 50000d3a (sz=64, trace=302555, class=SevenZip.Compression.LZMA.Encoder$Optimal@50000da3)
OBJ 50000d3b (sz=64, trace=302555, class=SevenZip.Compression.LZMA.Encoder$Optimal@50000da3)
OBJ 50000d3c (sz=64, trace=302555, class=SevenZip.Compression.LZMA.Encoder$Optimal@50000da3)
OBJ 50000d3d (sz=64, trace=302555, class=SevenZip.Compression.LZMA.Encoder$Optimal@50000da3)
OBJ 50000d3e (sz=64, trace=302555, class=SevenZip.Compression.LZMA.Encoder$Optimal@50000da3)
OBJ 50000d3f (sz=64, trace=302555, class=SevenZip.Compression.LZMA.Encoder$Optimal@50000da3)
OBJ 50000d40 (sz=64, trace=302555, class=SevenZip.Compression.LZMA.Encoder$Optimal@50000da3)
OBJ 50000d41 (sz=64, trace=302555, class=SevenZip.Compression.LZMA.Encoder$Optimal@50000da3)
OBJ 50000d42 (sz=64, trace=302555, class=SevenZip.Compression.LZMA.Encoder$Optimal@50000da3)
OBJ 50000d43 (sz=64, trace=302555, class=SevenZip.Compression.LZMA.Encoder$Optimal@50000da3)
OBJ 50000d44 (sz=64, trace=302555, class=SevenZip.Compression.LZMA.Encoder$Optimal@50000da3)
OBJ 50000d45 (sz=64, trace=302555, class=SevenZip.Compression.LZMA.Encoder$Optimal@50000da3)
OBJ 50000d46 (sz=64, trace=302555, class=SevenZip.Compression.LZMA.Encoder$Optimal@50000da3)
OBJ 50000d47 (sz=64, trace=302555, class=SevenZip.Compression.LZMA.Encoder$Optimal@50000da3)
OBJ 50000d48 (sz=64, trace=302555, class=SevenZip.Compression.LZMA.Encoder$Optimal@50000da3)
OBJ 50000d49 (sz=64, trace=302555, class=SevenZip.Compression.LZMA.Encoder$Optimal@50000da3)
OBJ 50000d4a (sz=64, trace=302555, class=SevenZip.Compression.LZMA.Encoder$Optimal@50000da3)
OBJ 50000d4b (sz=64, trace=302555, class=SevenZip.Compression.LZMA.Encoder$Optimal@50000da3)
OBJ 50000d4c (sz=64, trace=302555, class=SevenZip.Compression.LZMA.Encoder$Optimal@50000da3)
OBJ 50000d4d (sz=64, trace=302555, class=SevenZip.Compression.LZMA.Encoder$Optimal@50000da3)
OBJ 50000d4e (sz=64, trace=302555, class=SevenZip.Compression.LZMA.Encoder$Optimal@50000da3)
OBJ 50000d4f (sz=64, trace=302555, class=SevenZip.Compression.LZMA.Encoder$Optimal@50000da3)
OBJ 50000d50 (sz=64, trace=302555, class=SevenZip.Compression.LZMA.Encoder$Optimal@50000da3)
OBJ 50000d51 (sz=64, trace=302555, class=SevenZip.Compression.LZMA.Encoder$Optimal@50000da3)
OBJ 50000d52 (sz=64, trace=302555, class=SevenZip.Compression.LZMA.Encoder$Optimal@50000da3)
OBJ 50000d53 (sz=64, trace=302555, class=SevenZip.Compression.LZMA.Encoder$Optimal@50000da3)
OBJ 50000d54 (sz=64, trace=302555, class=SevenZip.Compression.LZMA.Encoder$Optimal@50000da3)
OBJ 50000d55 (sz=64, trace=302555, class=SevenZip.Compression.LZMA.Encoder$Optimal@50000da3)
OBJ 50000d56 (sz=64, trace=302555, class=SevenZip.Compression.LZMA.Encoder$Optimal@50000da3)
OBJ 50000d57 (sz=64, trace=302555, class=SevenZip.Compression.LZMA.Encoder$Optimal@50000da3)
OBJ 50000d58 (sz=64, trace=302555, class=SevenZip.Compression.LZMA.Encoder$Optimal@50000da3)
OBJ 50000d59 (sz=64, trace=302555, class=SevenZip.Compression.LZMA.Encoder$Optimal@50000da3)
OBJ 50000d5a (sz=64, trace=302555, class=SevenZip.Compression.LZMA.Encoder$Optimal@50000da3)
OBJ 50000d5b (sz=64, trace=302555, class=SevenZip.Compression.LZMA.Encoder$Optimal@50000da3)
OBJ 50000d5c (sz=64, trace=302555, class=SevenZip.Compression.LZMA.Encoder$Optimal@50000da3)
OBJ 50000d5d (sz=64, trace=302555, class=SevenZip.Compression.LZMA.Encoder$Optimal@50000da3)
OBJ 50000d5e (sz=64, trace=302555, class=SevenZip.Compression.LZMA.Encoder$Optimal@50000da3)
OBJ 50000d5f (sz=64, trace=302555, class=SevenZip.Compression.LZMA.Encoder$Optimal@50000da3)
OBJ 50000d60 (sz=64, trace=302555, class=SevenZip.Compression.LZMA.Encoder$Optimal@50000da3)
OBJ 50000d61 (sz=64, trace=302555, class=SevenZip.Compression.LZMA.Encoder$Optimal@50000da3)
OBJ 50000d62 (sz=64, trace=302555, class=SevenZip.Compression.LZMA.Encoder$Optimal@50000da3)
OBJ 50000d63 (sz=64, trace=302555, class=SevenZip.Compression.LZMA.Encoder$Optimal@50000da3)
OBJ 50000d64 (sz=64, trace=302555, class=SevenZip.Compression.LZMA.Encoder$Optimal@50000da3)
OBJ 50000d65 (sz=64, trace=302555, class=SevenZip.Compression.LZMA.Encoder$Optimal@50000da3)
OBJ 50000d66 (sz=64, trace=302555, class=SevenZip.Compression.LZMA.Encoder$Optimal@50000da3)
OBJ 50000d67 (sz=64, trace=302555, class=SevenZip.Compression.LZMA.Encoder$Optimal@50000da3)
OBJ 50000d68 (sz=64, trace=302555, class=SevenZip.Compression.LZMA.Encoder$Optimal@50000da3)
OBJ 50000d69 (sz=64, trace=302555, class=SevenZip.Compression.LZMA.Encoder$Optimal@50000da3)
OBJ 50000d6a (sz=64, trace=302555, class=SevenZip.Compression.LZMA.Encoder$Optimal@50000da3)
OBJ 50000d6b (sz=64, trace=302555, class=SevenZip.Compression.LZMA.Encoder$Optimal@50000da3)
OBJ 50000d6c (sz=64, trace=302555, class=SevenZip.Compression.LZMA.Encoder$Optimal@50000da3)
OBJ 50000d6d (sz=64, trace=302555, class=SevenZip.Compression.LZMA.Encoder$Optimal@50000da3)
OBJ 50000d6e (sz=64, trace=302555, class=SevenZip.Compression.LZMA.Encoder$Optimal@50000da3)
OBJ 50000d6f (sz=64, trace=302555, class=SevenZip.Compression.LZMA.Encoder$Optimal@50000da3)
OBJ 50000d70 (sz=64, trace=302555, class=SevenZip.Compression.LZMA.Encoder$Optimal@50000da3)
OBJ 50000d71 (sz=64, trace=302555, class=SevenZip.Compression.LZMA.Encoder$Optimal@50000da3)
OBJ 50000d72 (sz=64, trace=302555, class=SevenZip.Compression.LZMA.Encoder$Optimal@50000da3)
OBJ 50000d73 (sz=64, trace=302555, class=SevenZip.Compression.LZMA.Encoder$Optimal@50000da3)
OBJ 50000d74 (sz=64, trace=302555, class=SevenZip.Compression.LZMA.Encoder$Optimal@50000da3)
OBJ 50000d75 (sz=64, trace=302555, class=SevenZip.Compression.LZMA.Encoder$Optimal@50000da3)
OBJ 50000d76 (sz=64, trace=302555, class=SevenZip.Compression.LZMA.Encoder$Optimal@50000da3)
OBJ 50000d77 (sz=64, trace=302555, class=SevenZip.Compression.LZMA.Encoder$Optimal@50000da3)
OBJ 50000d78 (sz=64, trace=302555, class=SevenZip.Compression.LZMA.Encoder$Optimal@50000da3)
OBJ 50000d79 (sz=64, trace=302555, class=SevenZip.Compression.LZMA.Encoder$Optimal@50000da3)
OBJ 50000d7a (sz=64, trace=302555, class=SevenZip.Compression.LZMA.Encoder$Optimal@50000da3)
OBJ 50000d7b (sz=64, trace=302555, class=SevenZip.Compression.LZMA.Encoder$Optimal@50000da3)
OBJ 50000d7c (sz=64, trace=302555, class=SevenZip.Compression.LZMA.Encoder$Optimal@50000da3)
OBJ 50000d7d (sz=64, trace=302555, class=SevenZip.Compression.LZMA.Encoder$Optimal@50000da3)
OBJ 50000d7e (sz=64, trace=302555, class=SevenZip.Compression.LZMA.Encoder$Optimal@50000da3)
OBJ 50000d7f (sz=64, trace=302555, class=SevenZip.Compression.LZMA.Encoder$Optimal@50000da3)
OBJ 50000d80 (sz=64, trace=302555, class=SevenZip.Compression.LZMA.Encoder$Optimal@50000da3)
OBJ 50000d81 (sz=64, trace=302555, class=SevenZip.Compression.LZMA.Encoder$Optimal@50000da3)
OBJ 50000d82 (sz=64, trace=302555, class=SevenZip.Compression.LZMA.Encoder$Optimal@50000da3)
OBJ 50000d83 (sz=64, trace=302555, class=SevenZip.Compression.LZMA.Encoder$Optimal@50000da3)
OBJ 50000d84 (sz=64, trace=302555, class=SevenZip.Compression.LZMA.Encoder$Optimal@50000da3)
OBJ 50000d85 (sz=64, trace=302555, class=SevenZip.Compression.LZMA.Encoder$Optimal@50000da3)
OBJ 50000d86 (sz=64, trace=302555, class=SevenZip.Compression.LZMA.Encoder$Optimal@50000da3)
OBJ 50000d87 (sz=64, trace=302555, class=SevenZip.Compression.LZMA.Encoder$Optimal@50000da3)
OBJ 50000d88 (sz=64, trace=302555, class=SevenZip.Compression.LZMA.Encoder$Optimal@50000da3)
OBJ 50000d89 (sz=64, trace=302555, class=SevenZip.Compression.LZMA.Encoder$Optimal@50000da3)
OBJ 50000d8a (sz=64, trace=302555, class=SevenZip.Compression.LZMA.Encoder$Optimal@50000da3)
OBJ 50000d8b (sz=64, trace=302555, class=SevenZip.Compression.LZMA.Encoder$Optimal@50000da3)
OBJ 50000d8c (sz=64, trace=302555, class=SevenZip.Compression.LZMA.Encoder$Optimal@50000da3)
OBJ 50000d8d (sz=64, trace=302555, class=SevenZip.Compression.LZMA.Encoder$Optimal@50000da3)
OBJ 50000d8e (sz=64, trace=302555, class=SevenZip.Compression.LZMA.Encoder$Optimal@50000da3)
OBJ 50000d8f (sz=64, trace=302555, class=SevenZip.Compression.LZMA.Encoder$Optimal@50000da3)
OBJ 50000d90 (sz=64, trace=302555, class=SevenZip.Compression.LZMA.Encoder$Optimal@50000da3)
OBJ 50000d91 (sz=64, trace=302555, class=SevenZip.Compression.LZMA.Encoder$Optimal@50000da3)
ARR 50000d92 (sz=104, trace=300030, nelems=0, elem type=char[])
OBJ 50000d93 (sz=24, trace=300031, class=java.lang.String@50000096)
ARR 50000d94 (sz=120, trace=300032, nelems=0, elem type=char[])
OBJ 50000d95 (sz=24, trace=300033, class=java.lang.String@50000096)
ARR 50000d96 (sz=120, trace=300206, nelems=0, elem type=char[])
ARR 50000d97 (sz=168, trace=300207, nelems=0, elem type=byte[])
ARR 50000d98 (sz=72, trace=300208, nelems=0, elem type=byte[])
OBJ 50000d99 (sz=64, trace=302555, class=SevenZip.Compression.LZMA.Encoder$Optimal@50000da3)
OBJ 50000d9a (sz=64, trace=302555, class=SevenZip.Compression.LZMA.Encoder$Optimal@50000da3)
OBJ 50000d9b (sz=64, trace=302555, class=SevenZip.Compression.LZMA.Encoder$Optimal@50000da3)
OBJ 50000d9c (sz=64, trace=302555, class=SevenZip.Compression.LZMA.Encoder$Optimal@50000da3)
OBJ 50000d9d (sz=64, trace=302555, class=SevenZip.Compression.LZMA.Encoder$Optimal@50000da3)
OBJ 50000d9e (sz=64, trace=302555, class=SevenZip.Compression.LZMA.Encoder$Optimal@50000da3)
OBJ 50000d9f (sz=64, trace=302555, class=SevenZip.Compression.LZMA.Encoder$Optimal@50000da3)
OBJ 50000da0 (sz=64, trace=302555, class=SevenZip.Compression.LZMA.Encoder$Optimal@50000da3)
OBJ 50000da1 (sz=64, trace=302555, class=SevenZip.Compression.LZMA.Encoder$Optimal@50000da3)
OBJ 50000da2 (sz=64, trace=302555, class=SevenZip.Compression.LZMA.Encoder$Optimal@50000da3)
OBJ 50000da5 (sz=16, trace=300209, class=java.util.HashSet@50000042)
OBJ 50000da6 (sz=16, trace=302498, class=java.lang.Object@500000a7)
OBJ 50000da7 (sz=32, trace=300024, class=java.util.concurrent.ConcurrentHashMap$HashEntry@50000115)
	key		500014f1
	value		50000da6
OBJ 50000da8 (sz=16, trace=302499, class=java.lang.Object@500000a7)
OBJ 50000da9 (sz=32, trace=300027, class=java.util.concurrent.ConcurrentHashMap$HashEntry@50000115)
	key		500014f1
	value		50000da8
OBJ 50000daa (sz=64, trace=302555, class=SevenZip.Compression.LZMA.Encoder$Optimal@50000da3)
OBJ 50000dab (sz=64, trace=302555, class=SevenZip.Compression.LZMA.Encoder$Optimal@50000da3)
OBJ 50000dac (sz=64, trace=302555, class=SevenZip.Compression.LZMA.Encoder$Optimal@50000da3)
OBJ 50000dad (sz=64, trace=302555, class=SevenZip.Compression.LZMA.Encoder$Optimal@50000da3)
OBJ 50000dae (sz=64, trace=302555, class=SevenZip.Compression.LZMA.Encoder$Optimal@50000da3)
OBJ 50000daf (sz=64, trace=302555, class=SevenZip.Compression.LZMA.Encoder$Optimal@50000da3)
OBJ 50000db0 (sz=64, trace=302555, class=SevenZip.Compression.LZMA.Encoder$Optimal@50000da3)
OBJ 50000db1 (sz=64, trace=302555, class=SevenZip.Compression.LZMA.Encoder$Optimal@50000da3)
OBJ 50000db2 (sz=64, trace=302555, class=SevenZip.Compression.LZMA.Encoder$Optimal@50000da3)
OBJ 50000db3 (sz=64, trace=302555, class=SevenZip.Compression.LZMA.Encoder$Optimal@50000da3)
OBJ 50000db4 (sz=64, trace=302555, class=SevenZip.Compression.LZMA.Encoder$Optimal@50000da3)
OBJ 50000db5 (sz=64, trace=302555, class=SevenZip.Compression.LZMA.Encoder$Optimal@50000da3)
OBJ 50000db6 (sz=64, trace=302555, class=SevenZip.Compression.LZMA.Encoder$Optimal@50000da3)
OBJ 50000db7 (sz=64, trace=302555, class=SevenZip.Compression.LZMA.Encoder$Optimal@50000da3)
OBJ 50000db8 (sz=64, trace=302555, class=SevenZip.Compression.LZMA.Encoder$Optimal@50000da3)
OBJ 50000db9 (sz=64, trace=302555, class=SevenZip.Compression.LZMA.Encoder$Optimal@50000da3)
OBJ 50000dba (sz=64, trace=302555, class=SevenZip.Compression.LZMA.Encoder$Optimal@50000da3)
OBJ 50000dbb (sz=64, trace=302555, class=SevenZip.Compression.LZMA.Encoder$Optimal@50000da3)
OBJ 50000dbc (sz=64, trace=302555, class=SevenZip.Compression.LZMA.Encoder$Optimal@50000da3)
OBJ 50000dbd (sz=64, trace=302555, class=SevenZip.Compression.LZMA.Encoder$Optimal@50000da3)
OBJ 50000dbe (sz=64, trace=302555, class=SevenZip.Compression.LZMA.Encoder$Optimal@50000da3)
OBJ 50000dbf (sz=64, trace=302555, class=SevenZip.Compression.LZMA.Encoder$Optimal@50000da3)
OBJ 50000dc0 (sz=64, trace=302555, class=SevenZip.Compression.LZMA.Encoder$Optimal@50000da3)
OBJ 50000dc1 (sz=64, trace=302555, class=SevenZip.Compression.LZMA.Encoder$Optimal@50000da3)
OBJ 50000dc2 (sz=64, trace=302555, class=SevenZip.Compression.LZMA.Encoder$Optimal@50000da3)
OBJ 50000dc3 (sz=64, trace=302555, class=SevenZip.Compression.LZMA.Encoder$Optimal@50000da3)
OBJ 50000dc4 (sz=64, trace=302555, class=SevenZip.Compression.LZMA.Encoder$Optimal@50000da3)
OBJ 50000dc5 (sz=64, trace=302555, class=SevenZip.Compression.LZMA.Encoder$Optimal@50000da3)
OBJ 50000dc6 (sz=64, trace=302555, class=SevenZip.Compression.LZMA.Encoder$Optimal@50000da3)
OBJ 50000dc7 (sz=64, trace=302555, class=SevenZip.Compression.LZMA.Encoder$Optimal@50000da3)
OBJ 50000dc8 (sz=64, trace=302555, class=SevenZip.Compression.LZMA.Encoder$Optimal@50000da3)
OBJ 50000dc9 (sz=64, trace=302555, class=SevenZip.Compression.LZMA.Encoder$Optimal@50000da3)
OBJ 50000dca (sz=64, trace=302555, class=SevenZip.Compression.LZMA.Encoder$Optimal@50000da3)
OBJ 50000dcb (sz=64, trace=302555, class=SevenZip.Compression.LZMA.Encoder$Optimal@50000da3)
OBJ 50000dcc (sz=64, trace=302555, class=SevenZip.Compression.LZMA.Encoder$Optimal@50000da3)
OBJ 50000dcd (sz=64, trace=302555, class=SevenZip.Compression.LZMA.Encoder$Optimal@50000da3)
OBJ 50000dce (sz=64, trace=302555, class=SevenZip.Compression.LZMA.Encoder$Optimal@50000da3)
OBJ 50000dcf (sz=64, trace=302555, class=SevenZip.Compression.LZMA.Encoder$Optimal@50000da3)
OBJ 50000dd0 (sz=56, trace=300210, class=java.util.HashMap@5000010b)
OBJ 50000dd1 (sz=64, trace=302555, class=SevenZip.Compression.LZMA.Encoder$Optimal@50000da3)
OBJ 50000dd2 (sz=64, trace=302555, class=SevenZip.Compression.LZMA.Encoder$Optimal@50000da3)
OBJ 50000dd3 (sz=64, trace=302555, class=SevenZip.Compression.LZMA.Encoder$Optimal@50000da3)
OBJ 50000dd4 (sz=64, trace=302555, class=SevenZip.Compression.LZMA.Encoder$Optimal@50000da3)
OBJ 50000dd5 (sz=64, trace=302555, class=SevenZip.Compression.LZMA.Encoder$Optimal@50000da3)
OBJ 50000dd6 (sz=64, trace=302555, class=SevenZip.Compression.LZMA.Encoder$Optimal@50000da3)
OBJ 50000dd7 (sz=64, trace=302555, class=SevenZip.Compression.LZMA.Encoder$Optimal@50000da3)
OBJ 50000dd8 (sz=64, trace=302555, class=SevenZip.Compression.LZMA.Encoder$Optimal@50000da3)
OBJ 50000dd9 (sz=64, trace=302555, class=SevenZip.Compression.LZMA.Encoder$Optimal@50000da3)
OBJ 50000dda (sz=64, trace=302555, class=SevenZip.Compression.LZMA.Encoder$Optimal@50000da3)
OBJ 50000ddb (sz=64, trace=302555, class=SevenZip.Compression.LZMA.Encoder$Optimal@50000da3)
OBJ 50000ddc (sz=64, trace=302555, class=SevenZip.Compression.LZMA.Encoder$Optimal@50000da3)
OBJ 50000ddd (sz=64, trace=302555, class=SevenZip.Compression.LZMA.Encoder$Optimal@50000da3)
OBJ 50000dde (sz=64, trace=302555, class=SevenZip.Compression.LZMA.Encoder$Optimal@50000da3)
OBJ 50000ddf (sz=64, trace=302555, class=SevenZip.Compression.LZMA.Encoder$Optimal@50000da3)
OBJ 50000de0 (sz=64, trace=302555, class=SevenZip.Compression.LZMA.Encoder$Optimal@50000da3)
OBJ 50000de1 (sz=64, trace=302555, class=SevenZip.Compression.LZMA.Encoder$Optimal@50000da3)
OBJ 50000de2 (sz=64, trace=302555, class=SevenZip.Compression.LZMA.Encoder$Optimal@50000da3)
OBJ 50000de3 (sz=64, trace=302555, class=SevenZip.Compression.LZMA.Encoder$Optimal@50000da3)
OBJ 50000de4 (sz=64, trace=302555, class=SevenZip.Compression.LZMA.Encoder$Optimal@50000da3)
OBJ 50000de5 (sz=64, trace=302555, class=SevenZip.Compression.LZMA.Encoder$Optimal@50000da3)
OBJ 50000de6 (sz=64, trace=302555, class=SevenZip.Compression.LZMA.Encoder$Optimal@50000da3)
OBJ 50000de7 (sz=64, trace=302555, class=SevenZip.Compression.LZMA.Encoder$Optimal@50000da3)
OBJ 50000de8 (sz=64, trace=302555, class=SevenZip.Compression.LZMA.Encoder$Optimal@50000da3)
OBJ 50000de9 (sz=64, trace=302555, class=SevenZip.Compression.LZMA.Encoder$Optimal@50000da3)
OBJ 50000dea (sz=64, trace=302555, class=SevenZip.Compression.LZMA.Encoder$Optimal@50000da3)
OBJ 50000deb (sz=64, trace=302555, class=SevenZip.Compression.LZMA.Encoder$Optimal@50000da3)
OBJ 50000dec (sz=64, trace=302555, class=SevenZip.Compression.LZMA.Encoder$Optimal@50000da3)
OBJ 50000ded (sz=64, trace=302555, class=SevenZip.Compression.LZMA.Encoder$Optimal@50000da3)
OBJ 50000dee (sz=64, trace=302555, class=SevenZip.Compression.LZMA.Encoder$Optimal@50000da3)
OBJ 50000def (sz=64, trace=302555, class=SevenZip.Compression.LZMA.Encoder$Optimal@50000da3)
OBJ 50000df0 (sz=64, trace=302555, class=SevenZip.Compression.LZMA.Encoder$Optimal@50000da3)
OBJ 50000df1 (sz=64, trace=302555, class=SevenZip.Compression.LZMA.Encoder$Optimal@50000da3)
OBJ 50000df2 (sz=64, trace=302555, class=SevenZip.Compression.LZMA.Encoder$Optimal@50000da3)
OBJ 50000df3 (sz=64, trace=302555, class=SevenZip.Compression.LZMA.Encoder$Optimal@50000da3)
OBJ 50000df4 (sz=64, trace=302555, class=SevenZip.Compression.LZMA.Encoder$Optimal@50000da3)
OBJ 50000df5 (sz=64, trace=302555, class=SevenZip.Compression.LZMA.Encoder$Optimal@50000da3)
OBJ 50000df6 (sz=64, trace=302555, class=SevenZip.Compression.LZMA.Encoder$Optimal@50000da3)
OBJ 50000df7 (sz=16, trace=300472, class=java.lang.Object@500000a7)
OBJ 50000df8 (sz=64, trace=302555, class=SevenZip.Compression.LZMA.Encoder$Optimal@50000da3)
OBJ 50000df9 (sz=40, trace=300022, class=java.util.concurrent.ConcurrentHashMap$Segment@50000140)
	sync		50000dfa
	table		500024e8
OBJ 50000dfa (sz=32, trace=300023, class=java.util.concurrent.locks.ReentrantLock$NonfairSync@5000003d)
OBJ 50000dfb (sz=32, trace=300024, class=java.util.concurrent.ConcurrentHashMap$HashEntry@50000115)
	key		50001548
	value		50000df7
OBJ 50000dfc (sz=16, trace=300474, class=java.lang.Object@500000a7)
OBJ 50000dfd (sz=64, trace=302555, class=SevenZip.Compression.LZMA.Encoder$Optimal@50000da3)
OBJ 50000dfe (sz=40, trace=300022, class=java.util.concurrent.ConcurrentHashMap$Segment@50000140)
	sync		50000dff
	table		500024ed
OBJ 50000dff (sz=32, trace=300023, class=java.util.concurrent.locks.ReentrantLock$NonfairSync@5000003d)
OBJ 50000e00 (sz=32, trace=300027, class=java.util.concurrent.ConcurrentHashMap$HashEntry@50000115)
	key		50001548
	value		50000dfc
OBJ 50000e01 (sz=32, trace=300477, class=java.util.HashMap$Entry@5000009e)
	key		50000cf7
	value		50001808
OBJ 50000e03 (sz=16, trace=300472, class=java.lang.Object@500000a7)
OBJ 50000e04 (sz=64, trace=302555, class=SevenZip.Compression.LZMA.Encoder$Optimal@50000da3)
OBJ 50000e05 (sz=40, trace=300022, class=java.util.concurrent.ConcurrentHashMap$Segment@50000140)
	sync		50000e06
	table		50007a2a
OBJ 50000e06 (sz=32, trace=300023, class=java.util.concurrent.locks.ReentrantLock$NonfairSync@5000003d)
OBJ 50000e07 (sz=32, trace=300024, class=java.util.concurrent.ConcurrentHashMap$HashEntry@50000115)
	key		50001495
	value		50000e03
OBJ 50000e08 (sz=16, trace=300474, class=java.lang.Object@500000a7)
OBJ 50000e09 (sz=64, trace=302555, class=SevenZip.Compression.LZMA.Encoder$Optimal@50000da3)
OBJ 50000e0a (sz=40, trace=300022, class=java.util.concurrent.ConcurrentHashMap$Segment@50000140)
	sync		50000e0b
	table		50007a2f
OBJ 50000e0b (sz=32, trace=300023, class=java.util.concurrent.locks.ReentrantLock$NonfairSync@5000003d)
OBJ 50000e0c (sz=32, trace=300027, class=java.util.concurrent.ConcurrentHashMap$HashEntry@50000115)
	key		50001495
	value		50000e08
OBJ 50000e0d (sz=64, trace=302555, class=SevenZip.Compression.LZMA.Encoder$Optimal@50000da3)
OBJ 50000e0e (sz=64, trace=302555, class=SevenZip.Compression.LZMA.Encoder$Optimal@50000da3)
OBJ 50000e0f (sz=64, trace=302555, class=SevenZip.Compression.LZMA.Encoder$Optimal@50000da3)
OBJ 50000e10 (sz=64, trace=302555, class=SevenZip.Compression.LZMA.Encoder$Optimal@50000da3)
OBJ 50000e11 (sz=64, trace=302555, class=SevenZip.Compression.LZMA.Encoder$Optimal@50000da3)
OBJ 50000e12 (sz=64, trace=302555, class=SevenZip.Compression.LZMA.Encoder$Optimal@50000da3)
OBJ 50000e13 (sz=64, trace=302555, class=SevenZip.Compression.LZMA.Encoder$Optimal@50000da3)
OBJ 50000e14 (sz=64, trace=302555, class=SevenZip.Compression.LZMA.Encoder$Optimal@50000da3)
OBJ 50000e15 (sz=64, trace=302555, class=SevenZip.Compression.LZMA.Encoder$Optimal@50000da3)
OBJ 50000e16 (sz=64, trace=302555, class=SevenZip.Compression.LZMA.Encoder$Optimal@50000da3)
OBJ 50000e17 (sz=64, trace=302555, class=SevenZip.Compression.LZMA.Encoder$Optimal@50000da3)
OBJ 50000e18 (sz=64, trace=302555, class=SevenZip.Compression.LZMA.Encoder$Optimal@50000da3)
OBJ 50000e19 (sz=64, trace=302555, class=SevenZip.Compression.LZMA.Encoder$Optimal@50000da3)
OBJ 50000e1a (sz=64, trace=302555, class=SevenZip.Compression.LZMA.Encoder$Optimal@50000da3)
OBJ 50000e1b (sz=64, trace=302555, class=SevenZip.Compression.LZMA.Encoder$Optimal@50000da3)
OBJ 50000e1c (sz=64, trace=302555, class=SevenZip.Compression.LZMA.Encoder$Optimal@50000da3)
OBJ 50000e1d (sz=64, trace=302555, class=SevenZip.Compression.LZMA.Encoder$Optimal@50000da3)
OBJ 50000e1e (sz=64, trace=302555, class=SevenZip.Compression.LZMA.Encoder$Optimal@50000da3)
OBJ 50000e1f (sz=64, trace=302555, class=SevenZip.Compression.LZMA.Encoder$Optimal@50000da3)
OBJ 50000e20 (sz=64, trace=302555, class=SevenZip.Compression.LZMA.Encoder$Optimal@50000da3)
OBJ 50000e21 (sz=64, trace=302555, class=SevenZip.Compression.LZMA.Encoder$Optimal@50000da3)
OBJ 50000e22 (sz=64, trace=302555, class=SevenZip.Compression.LZMA.Encoder$Optimal@50000da3)
OBJ 50000e23 (sz=64, trace=302555, class=SevenZip.Compression.LZMA.Encoder$Optimal@50000da3)
OBJ 50000e24 (sz=64, trace=302555, class=SevenZip.Compression.LZMA.Encoder$Optimal@50000da3)
OBJ 50000e25 (sz=64, trace=302555, class=SevenZip.Compression.LZMA.Encoder$Optimal@50000da3)
OBJ 50000e26 (sz=64, trace=302555, class=SevenZip.Compression.LZMA.Encoder$Optimal@50000da3)
OBJ 50000e27 (sz=64, trace=302555, class=SevenZip.Compression.LZMA.Encoder$Optimal@50000da3)
OBJ 50000e28 (sz=64, trace=302555, class=SevenZip.Compression.LZMA.Encoder$Optimal@50000da3)
OBJ 50000e29 (sz=64, trace=302555, class=SevenZip.Compression.LZMA.Encoder$Optimal@50000da3)
OBJ 50000e2a (sz=64, trace=302555, class=SevenZip.Compression.LZMA.Encoder$Optimal@50000da3)
OBJ 50000e2b (sz=64, trace=302555, class=SevenZip.Compression.LZMA.Encoder$Optimal@50000da3)
OBJ 50000e2c (sz=64, trace=302555, class=SevenZip.Compression.LZMA.Encoder$Optimal@50000da3)
OBJ 50000e2d (sz=64, trace=302555, class=SevenZip.Compression.LZMA.Encoder$Optimal@50000da3)
OBJ 50000e2e (sz=64, trace=302555, class=SevenZip.Compression.LZMA.Encoder$Optimal@50000da3)
OBJ 50000e2f (sz=64, trace=302555, class=SevenZip.Compression.LZMA.Encoder$Optimal@50000da3)
OBJ 50000e30 (sz=64, trace=302555, class=SevenZip.Compression.LZMA.Encoder$Optimal@50000da3)
OBJ 50000e31 (sz=64, trace=302555, class=SevenZip.Compression.LZMA.Encoder$Optimal@50000da3)
OBJ 50000e32 (sz=64, trace=302555, class=SevenZip.Compression.LZMA.Encoder$Optimal@50000da3)
OBJ 50000e33 (sz=64, trace=302555, class=SevenZip.Compression.LZMA.Encoder$Optimal@50000da3)
OBJ 50000e34 (sz=64, trace=302555, class=SevenZip.Compression.LZMA.Encoder$Optimal@50000da3)
OBJ 50000e35 (sz=64, trace=302555, class=SevenZip.Compression.LZMA.Encoder$Optimal@50000da3)
OBJ 50000e36 (sz=64, trace=302555, class=SevenZip.Compression.LZMA.Encoder$Optimal@50000da3)
OBJ 50000e37 (sz=64, trace=302555, class=SevenZip.Compression.LZMA.Encoder$Optimal@50000da3)
OBJ 50000e38 (sz=64, trace=302555, class=SevenZip.Compression.LZMA.Encoder$Optimal@50000da3)
OBJ 50000e39 (sz=64, trace=302555, class=SevenZip.Compression.LZMA.Encoder$Optimal@50000da3)
OBJ 50000e3a (sz=64, trace=302555, class=SevenZip.Compression.LZMA.Encoder$Optimal@50000da3)
OBJ 50000e3b (sz=64, trace=302555, class=SevenZip.Compression.LZMA.Encoder$Optimal@50000da3)
OBJ 50000e3c (sz=64, trace=302555, class=SevenZip.Compression.LZMA.Encoder$Optimal@50000da3)
OBJ 50000e3d (sz=64, trace=302555, class=SevenZip.Compression.LZMA.Encoder$Optimal@50000da3)
OBJ 50000e3e (sz=64, trace=302555, class=SevenZip.Compression.LZMA.Encoder$Optimal@50000da3)
OBJ 50000e3f (sz=64, trace=302555, class=SevenZip.Compression.LZMA.Encoder$Optimal@50000da3)
OBJ 50000e40 (sz=64, trace=302555, class=SevenZip.Compression.LZMA.Encoder$Optimal@50000da3)
OBJ 50000e41 (sz=64, trace=302555, class=SevenZip.Compression.LZMA.Encoder$Optimal@50000da3)
OBJ 50000e42 (sz=64, trace=302555, class=SevenZip.Compression.LZMA.Encoder$Optimal@50000da3)
OBJ 50000e43 (sz=64, trace=302555, class=SevenZip.Compression.LZMA.Encoder$Optimal@50000da3)
OBJ 50000e44 (sz=64, trace=302555, class=SevenZip.Compression.LZMA.Encoder$Optimal@50000da3)
OBJ 50000e45 (sz=64, trace=302555, class=SevenZip.Compression.LZMA.Encoder$Optimal@50000da3)
OBJ 50000e46 (sz=64, trace=302555, class=SevenZip.Compression.LZMA.Encoder$Optimal@50000da3)
OBJ 50000e47 (sz=64, trace=302555, class=SevenZip.Compression.LZMA.Encoder$Optimal@50000da3)
OBJ 50000e48 (sz=64, trace=302555, class=SevenZip.Compression.LZMA.Encoder$Optimal@50000da3)
OBJ 50000e49 (sz=64, trace=302555, class=SevenZip.Compression.LZMA.Encoder$Optimal@50000da3)
OBJ 50000e4a (sz=64, trace=302555, class=SevenZip.Compression.LZMA.Encoder$Optimal@50000da3)
OBJ 50000e4b (sz=64, trace=302555, class=SevenZip.Compression.LZMA.Encoder$Optimal@50000da3)
OBJ 50000e4c (sz=64, trace=302555, class=SevenZip.Compression.LZMA.Encoder$Optimal@50000da3)
OBJ 50000e4d (sz=64, trace=302555, class=SevenZip.Compression.LZMA.Encoder$Optimal@50000da3)
OBJ 50000e4e (sz=64, trace=302555, class=SevenZip.Compression.LZMA.Encoder$Optimal@50000da3)
OBJ 50000e4f (sz=64, trace=302555, class=SevenZip.Compression.LZMA.Encoder$Optimal@50000da3)
OBJ 50000e50 (sz=64, trace=302555, class=SevenZip.Compression.LZMA.Encoder$Optimal@50000da3)
OBJ 50000e51 (sz=64, trace=302555, class=SevenZip.Compression.LZMA.Encoder$Optimal@50000da3)
OBJ 50000e52 (sz=64, trace=302555, class=SevenZip.Compression.LZMA.Encoder$Optimal@50000da3)
ARR 50000e53 (sz=80, trace=300211, nelems=0, elem type=java.util.HashMap$Entry[]@5000009f)
OBJ 50000e54 (sz=64, trace=302555, class=SevenZip.Compression.LZMA.Encoder$Optimal@50000da3)
OBJ 50000e55 (sz=64, trace=302555, class=SevenZip.Compression.LZMA.Encoder$Optimal@50000da3)
OBJ 50000e56 (sz=64, trace=302555, class=SevenZip.Compression.LZMA.Encoder$Optimal@50000da3)
OBJ 50000e57 (sz=64, trace=302555, class=SevenZip.Compression.LZMA.Encoder$Optimal@50000da3)
OBJ 50000e58 (sz=64, trace=302555, class=SevenZip.Compression.LZMA.Encoder$Optimal@50000da3)
OBJ 50000e59 (sz=64, trace=302555, class=SevenZip.Compression.LZMA.Encoder$Optimal@50000da3)
OBJ 50000e5a (sz=64, trace=302555, class=SevenZip.Compression.LZMA.Encoder$Optimal@50000da3)
OBJ 50000e5b (sz=64, trace=302555, class=SevenZip.Compression.LZMA.Encoder$Optimal@50000da3)
OBJ 50000e5c (sz=64, trace=302555, class=SevenZip.Compression.LZMA.Encoder$Optimal@50000da3)
OBJ 50000e5d (sz=64, trace=302555, class=SevenZip.Compression.LZMA.Encoder$Optimal@50000da3)
OBJ 50000e5e (sz=64, trace=302555, class=SevenZip.Compression.LZMA.Encoder$Optimal@50000da3)
OBJ 50000e5f (sz=64, trace=302555, class=SevenZip.Compression.LZMA.Encoder$Optimal@50000da3)
OBJ 50000e60 (sz=64, trace=302555, class=SevenZip.Compression.LZMA.Encoder$Optimal@50000da3)
OBJ 50000e61 (sz=64, trace=302555, class=SevenZip.Compression.LZMA.Encoder$Optimal@50000da3)
OBJ 50000e62 (sz=64, trace=302555, class=SevenZip.Compression.LZMA.Encoder$Optimal@50000da3)
OBJ 50000e63 (sz=64, trace=302555, class=SevenZip.Compression.LZMA.Encoder$Optimal@50000da3)
OBJ 50000e64 (sz=64, trace=302555, class=SevenZip.Compression.LZMA.Encoder$Optimal@50000da3)
OBJ 50000e65 (sz=64, trace=302555, class=SevenZip.Compression.LZMA.Encoder$Optimal@50000da3)
OBJ 50000e66 (sz=64, trace=302555, class=SevenZip.Compression.LZMA.Encoder$Optimal@50000da3)
OBJ 50000e67 (sz=64, trace=302555, class=SevenZip.Compression.LZMA.Encoder$Optimal@50000da3)
OBJ 50000e68 (sz=64, trace=302555, class=SevenZip.Compression.LZMA.Encoder$Optimal@50000da3)
OBJ 50000e69 (sz=64, trace=302555, class=SevenZip.Compression.LZMA.Encoder$Optimal@50000da3)
OBJ 50000e6a (sz=64, trace=302555, class=SevenZip.Compression.LZMA.Encoder$Optimal@50000da3)
OBJ 50000e6b (sz=64, trace=302555, class=SevenZip.Compression.LZMA.Encoder$Optimal@50000da3)
OBJ 50000e6c (sz=64, trace=302555, class=SevenZip.Compression.LZMA.Encoder$Optimal@50000da3)
OBJ 50000e6d (sz=64, trace=302555, class=SevenZip.Compression.LZMA.Encoder$Optimal@50000da3)
OBJ 50000e6e (sz=64, trace=302555, class=SevenZip.Compression.LZMA.Encoder$Optimal@50000da3)
OBJ 50000e6f (sz=64, trace=302555, class=SevenZip.Compression.LZMA.Encoder$Optimal@50000da3)
OBJ 50000e70 (sz=24, trace=300318, class=java.lang.String@50000096)
	value		50000e71
ARR 50000e71 (sz=62, trace=300319, nelems=31, elem type=char[])
OBJ 50000e72 (sz=64, trace=302555, class=SevenZip.Compression.LZMA.Encoder$Optimal@50000da3)
OBJ 50000e73 (sz=64, trace=302555, class=SevenZip.Compression.LZMA.Encoder$Optimal@50000da3)
OBJ 50000e74 (sz=64, trace=302555, class=SevenZip.Compression.LZMA.Encoder$Optimal@50000da3)
OBJ 50000e75 (sz=64, trace=302555, class=SevenZip.Compression.LZMA.Encoder$Optimal@50000da3)
OBJ 50000e76 (sz=64, trace=302555, class=SevenZip.Compression.LZMA.Encoder$Optimal@50000da3)
OBJ 50000e77 (sz=64, trace=302555, class=SevenZip.Compression.LZMA.Encoder$Optimal@50000da3)
OBJ 50000e78 (sz=64, trace=302555, class=SevenZip.Compression.LZMA.Encoder$Optimal@50000da3)
OBJ 50000e79 (sz=64, trace=302555, class=SevenZip.Compression.LZMA.Encoder$Optimal@50000da3)
OBJ 50000e7a (sz=64, trace=302555, class=SevenZip.Compression.LZMA.Encoder$Optimal@50000da3)
OBJ 50000e7b (sz=64, trace=302555, class=SevenZip.Compression.LZMA.Encoder$Optimal@50000da3)
OBJ 50000e7c (sz=64, trace=302555, class=SevenZip.Compression.LZMA.Encoder$Optimal@50000da3)
OBJ 50000e7d (sz=64, trace=302555, class=SevenZip.Compression.LZMA.Encoder$Optimal@50000da3)
OBJ 50000e7e (sz=56, trace=300983, class=java.lang.Package@50000c4c)
	pkgName		50000e70
	loader		5000119e
OBJ 50000e7f (sz=32, trace=300984, class=java.util.HashMap$Entry@5000009e)
	key		50000e70
	value		50000e7e
OBJ 50000e80 (sz=64, trace=302555, class=SevenZip.Compression.LZMA.Encoder$Optimal@50000da3)
OBJ 50000e81 (sz=64, trace=302555, class=SevenZip.Compression.LZMA.Encoder$Optimal@50000da3)
OBJ 50000e82 (sz=64, trace=302555, class=SevenZip.Compression.LZMA.Encoder$Optimal@50000da3)
OBJ 50000e83 (sz=24, trace=300212, class=java.lang.String@50000096)
ARR 50000e84 (sz=80, trace=300213, nelems=0, elem type=char[])
ARR 50000e85 (sz=120, trace=300206, nelems=0, elem type=char[])
ARR 50000e86 (sz=168, trace=300207, nelems=0, elem type=byte[])
ARR 50000e87 (sz=72, trace=300208, nelems=0, elem type=byte[])
ARR 50000e88 (sz=120, trace=300206, nelems=0, elem type=char[])
ARR 50000e89 (sz=168, trace=300207, nelems=0, elem type=byte[])
OBJ 50000e8a (sz=64, trace=302555, class=SevenZip.Compression.LZMA.Encoder$Optimal@50000da3)
OBJ 50000e8b (sz=64, trace=302555, class=SevenZip.Compression.LZMA.Encoder$Optimal@50000da3)
OBJ 50000e8c (sz=64, trace=302555, class=SevenZip.Compression.LZMA.Encoder$Optimal@50000da3)
OBJ 50000e8d (sz=64, trace=302555, class=SevenZip.Compression.LZMA.Encoder$Optimal@50000da3)
OBJ 50000e8e (sz=64, trace=302555, class=SevenZip.Compression.LZMA.Encoder$Optimal@50000da3)
OBJ 50000e8f (sz=24, trace=300464, class=java.lang.String@50000096)
	value		50000e90
ARR 50000e90 (sz=62, trace=300465, nelems=31, elem type=char[])
ARR 50000e91 (sz=32, trace=300466, nelems=3, elem type=java.util.concurrent.ConcurrentHashMap$HashEntry[]@50000116)
	[2]		50000e94
OBJ 50000e92 (sz=40, trace=300467, class=java.util.concurrent.ConcurrentHashMap$Segment@50000140)
	sync		50000e93
	table		50000e91
OBJ 50000e93 (sz=32, trace=300023, class=java.util.concurrent.locks.ReentrantLock$NonfairSync@5000003d)
OBJ 50000e94 (sz=32, trace=300468, class=java.util.concurrent.ConcurrentHashMap$HashEntry@50000115)
	key		50000e8f
	value		500013cb
OBJ 50000e95 (sz=64, trace=302555, class=SevenZip.Compression.LZMA.Encoder$Optimal@50000da3)
OBJ 50000e96 (sz=64, trace=302555, class=SevenZip.Compression.LZMA.Encoder$Optimal@50000da3)
OBJ 50000e97 (sz=64, trace=302555, class=SevenZip.Compression.LZMA.Encoder$Optimal@50000da3)
OBJ 50000e98 (sz=64, trace=302555, class=SevenZip.Compression.LZMA.Encoder$Optimal@50000da3)
ARR 50000e9a (sz=2048, trace=302501, nelems=512, elem type=int[])
ARR 50000e9b (sz=72, trace=300208, nelems=0, elem type=byte[])
OBJ 50000e9c (sz=16, trace=300209, class=java.util.HashSet@50000042)
OBJ 50000e9d (sz=56, trace=300210, class=java.util.HashMap@5000010b)
ARR 50000e9e (sz=80, trace=300211, nelems=0, elem type=java.util.HashMap$Entry[]@5000009f)
OBJ 50000e9f (sz=24, trace=300212, class=java.lang.String@50000096)
ARR 50000ea0 (sz=80, trace=300213, nelems=0, elem type=char[])
ARR 50000ea1 (sz=120, trace=300206, nelems=0, elem type=char[])
OBJ 50000ea2 (sz=16, trace=302509, class=java.lang.Object@500000a7)
OBJ 50000ea3 (sz=32, trace=300024, class=java.util.concurrent.ConcurrentHashMap$HashEntry@50000115)
	key		500014f5
	value		50000ea2
OBJ 50000ea4 (sz=16, trace=302510, class=java.lang.Object@500000a7)
OBJ 50000ea5 (sz=32, trace=300027, class=java.util.concurrent.ConcurrentHashMap$HashEntry@50000115)
	key		500014f5
	value		50000ea4
OBJ 50000ea6 (sz=64, trace=302555, class=SevenZip.Compression.LZMA.Encoder$Optimal@50000da3)
OBJ 50000ea7 (sz=64, trace=302555, class=SevenZip.Compression.LZMA.Encoder$Optimal@50000da3)
OBJ 50000ea8 (sz=64, trace=302555, class=SevenZip.Compression.LZMA.Encoder$Optimal@50000da3)
OBJ 50000ea9 (sz=64, trace=302555, class=SevenZip.Compression.LZMA.Encoder$Optimal@50000da3)
OBJ 50000eaa (sz=64, trace=302555, class=SevenZip.Compression.LZMA.Encoder$Optimal@50000da3)
OBJ 50000eab (sz=64, trace=302555, class=SevenZip.Compression.LZMA.Encoder$Optimal@50000da3)
OBJ 50000eac (sz=64, trace=302555, class=SevenZip.Compression.LZMA.Encoder$Optimal@50000da3)
OBJ 50000ead (sz=64, trace=302555, class=SevenZip.Compression.LZMA.Encoder$Optimal@50000da3)
OBJ 50000eae (sz=64, trace=302555, class=SevenZip.Compression.LZMA.Encoder$Optimal@50000da3)
OBJ 50000eaf (sz=64, trace=302555, class=SevenZip.Compression.LZMA.Encoder$Optimal@50000da3)
OBJ 50000eb0 (sz=64, trace=302555, class=SevenZip.Compression.LZMA.Encoder$Optimal@50000da3)
OBJ 50000eb1 (sz=64, trace=302555, class=SevenZip.Compression.LZMA.Encoder$Optimal@50000da3)
OBJ 50000eb2 (sz=64, trace=302555, class=SevenZip.Compression.LZMA.Encoder$Optimal@50000da3)
OBJ 50000eb3 (sz=64, trace=302555, class=SevenZip.Compression.LZMA.Encoder$Optimal@50000da3)
OBJ 50000eb4 (sz=64, trace=302555, class=SevenZip.Compression.LZMA.Encoder$Optimal@50000da3)
OBJ 50000eb5 (sz=64, trace=302555, class=SevenZip.Compression.LZMA.Encoder$Optimal@50000da3)
OBJ 50000eb6 (sz=64, trace=302555, class=SevenZip.Compression.LZMA.Encoder$Optimal@50000da3)
OBJ 50000eb7 (sz=64, trace=302555, class=SevenZip.Compression.LZMA.Encoder$Optimal@50000da3)
OBJ 50000eb8 (sz=64, trace=302555, class=SevenZip.Compression.LZMA.Encoder$Optimal@50000da3)
OBJ 50000eb9 (sz=64, trace=302555, class=SevenZip.Compression.LZMA.Encoder$Optimal@50000da3)
OBJ 50000eba (sz=64, trace=302555, class=SevenZip.Compression.LZMA.Encoder$Optimal@50000da3)
OBJ 50000ebb (sz=64, trace=302555, class=SevenZip.Compression.LZMA.Encoder$Optimal@50000da3)
OBJ 50000ebc (sz=64, trace=302555, class=SevenZip.Compression.LZMA.Encoder$Optimal@50000da3)
OBJ 50000ebd (sz=64, trace=302555, class=SevenZip.Compression.LZMA.Encoder$Optimal@50000da3)
OBJ 50000ebe (sz=64, trace=302555, class=SevenZip.Compression.LZMA.Encoder$Optimal@50000da3)
OBJ 50000ebf (sz=64, trace=302555, class=SevenZip.Compression.LZMA.Encoder$Optimal@50000da3)
OBJ 50000ec0 (sz=64, trace=302555, class=SevenZip.Compression.LZMA.Encoder$Optimal@50000da3)
OBJ 50000ec1 (sz=64, trace=302555, class=SevenZip.Compression.LZMA.Encoder$Optimal@50000da3)
OBJ 50000ec2 (sz=64, trace=302555, class=SevenZip.Compression.LZMA.Encoder$Optimal@50000da3)
OBJ 50000ec3 (sz=64, trace=302555, class=SevenZip.Compression.LZMA.Encoder$Optimal@50000da3)
OBJ 50000ec4 (sz=64, trace=302555, class=SevenZip.Compression.LZMA.Encoder$Optimal@50000da3)
OBJ 50000ec5 (sz=64, trace=302555, class=SevenZip.Compression.LZMA.Encoder$Optimal@50000da3)
OBJ 50000ec6 (sz=64, trace=302555, class=SevenZip.Compression.LZMA.Encoder$Optimal@50000da3)
OBJ 50000ec7 (sz=64, trace=302555, class=SevenZip.Compression.LZMA.Encoder$Optimal@50000da3)
OBJ 50000ec8 (sz=64, trace=302555, class=SevenZip.Compression.LZMA.Encoder$Optimal@50000da3)
OBJ 50000ec9 (sz=64, trace=302555, class=SevenZip.Compression.LZMA.Encoder$Optimal@50000da3)
OBJ 50000eca (sz=64, trace=302555, class=SevenZip.Compression.LZMA.Encoder$Optimal@50000da3)
OBJ 50000ecb (sz=64, trace=302555, class=SevenZip.Compression.LZMA.Encoder$Optimal@50000da3)
OBJ 50000ecc (sz=64, trace=302555, class=SevenZip.Compression.LZMA.Encoder$Optimal@50000da3)
OBJ 50000ecd (sz=64, trace=302555, class=SevenZip.Compression.LZMA.Encoder$Optimal@50000da3)
OBJ 50000ece (sz=64, trace=302555, class=SevenZip.Compression.LZMA.Encoder$Optimal@50000da3)
OBJ 50000ecf (sz=64, trace=302555, class=SevenZip.Compression.LZMA.Encoder$Optimal@50000da3)
OBJ 50000ed0 (sz=64, trace=302555, class=SevenZip.Compression.LZMA.Encoder$Optimal@50000da3)
OBJ 50000ed1 (sz=64, trace=302555, class=SevenZip.Compression.LZMA.Encoder$Optimal@50000da3)
OBJ 50000ed2 (sz=64, trace=302555, class=SevenZip.Compression.LZMA.Encoder$Optimal@50000da3)
OBJ 50000ed3 (sz=64, trace=302555, class=SevenZip.Compression.LZMA.Encoder$Optimal@50000da3)
OBJ 50000ed4 (sz=64, trace=302555, class=SevenZip.Compression.LZMA.Encoder$Optimal@50000da3)
OBJ 50000ed5 (sz=64, trace=302555, class=SevenZip.Compression.LZMA.Encoder$Optimal@50000da3)
OBJ 50000ed6 (sz=64, trace=302555, class=SevenZip.Compression.LZMA.Encoder$Optimal@50000da3)
OBJ 50000ed7 (sz=64, trace=302555, class=SevenZip.Compression.LZMA.Encoder$Optimal@50000da3)
OBJ 50000ed8 (sz=64, trace=302555, class=SevenZip.Compression.LZMA.Encoder$Optimal@50000da3)
OBJ 50000ed9 (sz=64, trace=302555, class=SevenZip.Compression.LZMA.Encoder$Optimal@50000da3)
OBJ 50000eda (sz=64, trace=302555, class=SevenZip.Compression.LZMA.Encoder$Optimal@50000da3)
OBJ 50000edb (sz=64, trace=302555, class=SevenZip.Compression.LZMA.Encoder$Optimal@50000da3)
OBJ 50000edc (sz=64, trace=302555, class=SevenZip.Compression.LZMA.Encoder$Optimal@50000da3)
OBJ 50000edd (sz=64, trace=302555, class=SevenZip.Compression.LZMA.Encoder$Optimal@50000da3)
OBJ 50000ede (sz=64, trace=302555, class=SevenZip.Compression.LZMA.Encoder$Optimal@50000da3)
OBJ 50000edf (sz=64, trace=302555, class=SevenZip.Compression.LZMA.Encoder$Optimal@50000da3)
OBJ 50000ee0 (sz=64, trace=302555, class=SevenZip.Compression.LZMA.Encoder$Optimal@50000da3)
OBJ 50000ee1 (sz=64, trace=302555, class=SevenZip.Compression.LZMA.Encoder$Optimal@50000da3)
OBJ 50000ee2 (sz=64, trace=302555, class=SevenZip.Compression.LZMA.Encoder$Optimal@50000da3)
OBJ 50000ee3 (sz=64, trace=302555, class=SevenZip.Compression.LZMA.Encoder$Optimal@50000da3)
OBJ 50000ee4 (sz=64, trace=302555, class=SevenZip.Compression.LZMA.Encoder$Optimal@50000da3)
OBJ 50000ee5 (sz=64, trace=302555, class=SevenZip.Compression.LZMA.Encoder$Optimal@50000da3)
OBJ 50000ee6 (sz=64, trace=302555, class=SevenZip.Compression.LZMA.Encoder$Optimal@50000da3)
OBJ 50000ee7 (sz=64, trace=302555, class=SevenZip.Compression.LZMA.Encoder$Optimal@50000da3)
OBJ 50000ee8 (sz=64, trace=302555, class=SevenZip.Compression.LZMA.Encoder$Optimal@50000da3)
OBJ 50000ee9 (sz=64, trace=302555, class=SevenZip.Compression.LZMA.Encoder$Optimal@50000da3)
OBJ 50000eea (sz=64, trace=302555, class=SevenZip.Compression.LZMA.Encoder$Optimal@50000da3)
OBJ 50000eeb (sz=64, trace=302555, class=SevenZip.Compression.LZMA.Encoder$Optimal@50000da3)
OBJ 50000eec (sz=64, trace=302555, class=SevenZip.Compression.LZMA.Encoder$Optimal@50000da3)
OBJ 50000eed (sz=64, trace=302555, class=SevenZip.Compression.LZMA.Encoder$Optimal@50000da3)
OBJ 50000eee (sz=64, trace=302555, class=SevenZip.Compression.LZMA.Encoder$Optimal@50000da3)
OBJ 50000eef (sz=64, trace=302555, class=SevenZip.Compression.LZMA.Encoder$Optimal@50000da3)
OBJ 50000ef0 (sz=64, trace=302555, class=SevenZip.Compression.LZMA.Encoder$Optimal@50000da3)
OBJ 50000ef1 (sz=64, trace=302555, class=SevenZip.Compression.LZMA.Encoder$Optimal@50000da3)
OBJ 50000ef2 (sz=64, trace=302555, class=SevenZip.Compression.LZMA.Encoder$Optimal@50000da3)
OBJ 50000ef3 (sz=64, trace=302555, class=SevenZip.Compression.LZMA.Encoder$Optimal@50000da3)
OBJ 50000ef4 (sz=64, trace=302555, class=SevenZip.Compression.LZMA.Encoder$Optimal@50000da3)
OBJ 50000ef5 (sz=64, trace=302555, class=SevenZip.Compression.LZMA.Encoder$Optimal@50000da3)
OBJ 50000ef6 (sz=64, trace=302555, class=SevenZip.Compression.LZMA.Encoder$Optimal@50000da3)
OBJ 50000ef7 (sz=64, trace=302555, class=SevenZip.Compression.LZMA.Encoder$Optimal@50000da3)
OBJ 50000ef8 (sz=64, trace=302555, class=SevenZip.Compression.LZMA.Encoder$Optimal@50000da3)
ARR 50000efb (sz=168, trace=300207, nelems=0, elem type=byte[])
OBJ 50000efc (sz=16, trace=300480, class=java.lang.Object@500000a7)
OBJ 50000efd (sz=64, trace=302555, class=SevenZip.Compression.LZMA.Encoder$Optimal@50000da3)
OBJ 50000efe (sz=40, trace=300022, class=java.util.concurrent.ConcurrentHashMap$Segment@50000140)
	sync		50000eff
	table		500067e3
OBJ 50000eff (sz=32, trace=300023, class=java.util.concurrent.locks.ReentrantLock$NonfairSync@5000003d)
OBJ 50000f00 (sz=32, trace=300024, class=java.util.concurrent.ConcurrentHashMap$HashEntry@50000115)
	key		50001428
	value		50000efc
OBJ 50000f01 (sz=16, trace=300481, class=java.lang.Object@500000a7)
OBJ 50000f02 (sz=64, trace=302555, class=SevenZip.Compression.LZMA.Encoder$Optimal@50000da3)
OBJ 50000f03 (sz=40, trace=300022, class=java.util.concurrent.ConcurrentHashMap$Segment@50000140)
	sync		50000f04
	table		500067e9
OBJ 50000f04 (sz=32, trace=300023, class=java.util.concurrent.locks.ReentrantLock$NonfairSync@5000003d)
OBJ 50000f05 (sz=32, trace=300027, class=java.util.concurrent.ConcurrentHashMap$HashEntry@50000115)
	key		50001428
	value		50000f01
OBJ 50000f06 (sz=16, trace=300480, class=java.lang.Object@500000a7)
OBJ 50000f07 (sz=64, trace=302555, class=SevenZip.Compression.LZMA.Encoder$Optimal@50000da3)
OBJ 50000f08 (sz=40, trace=300022, class=java.util.concurrent.ConcurrentHashMap$Segment@50000140)
	sync		50000f09
	table		50007c63
OBJ 50000f09 (sz=32, trace=300023, class=java.util.concurrent.locks.ReentrantLock$NonfairSync@5000003d)
OBJ 50000f0a (sz=32, trace=300024, class=java.util.concurrent.ConcurrentHashMap$HashEntry@50000115)
	key		5000153b
	value		50000f06
OBJ 50000f0b (sz=16, trace=300481, class=java.lang.Object@500000a7)
OBJ 50000f0c (sz=64, trace=302555, class=SevenZip.Compression.LZMA.Encoder$Optimal@50000da3)
OBJ 50000f0d (sz=40, trace=300022, class=java.util.concurrent.ConcurrentHashMap$Segment@50000140)
	sync		50000f0e
	table		50007c68
OBJ 50000f0e (sz=32, trace=300023, class=java.util.concurrent.locks.ReentrantLock$NonfairSync@5000003d)
OBJ 50000f0f (sz=32, trace=300027, class=java.util.concurrent.ConcurrentHashMap$HashEntry@50000115)
	key		5000153b
	value		50000f0b
OBJ 50000f10 (sz=16, trace=300480, class=java.lang.Object@500000a7)
OBJ 50000f11 (sz=32, trace=300024, class=java.util.concurrent.ConcurrentHashMap$HashEntry@50000115)
	key		5000158a
	value		50000f10
OBJ 50000f12 (sz=16, trace=300481, class=java.lang.Object@500000a7)
OBJ 50000f13 (sz=32, trace=300027, class=java.util.concurrent.ConcurrentHashMap$HashEntry@50000115)
	key		5000158a
	value		50000f12
OBJ 50000f14 (sz=16, trace=300480, class=java.lang.Object@500000a7)
OBJ 50000f15 (sz=64, trace=302555, class=SevenZip.Compression.LZMA.Encoder$Optimal@50000da3)
OBJ 50000f16 (sz=40, trace=300022, class=java.util.concurrent.ConcurrentHashMap$Segment@50000140)
	sync		50000f17
	table		50008915
OBJ 50000f17 (sz=32, trace=300023, class=java.util.concurrent.locks.ReentrantLock$NonfairSync@5000003d)
OBJ 50000f18 (sz=32, trace=300024, class=java.util.concurrent.ConcurrentHashMap$HashEntry@50000115)
	key		50001563
	value		50000f14
OBJ 50000f19 (sz=16, trace=300481, class=java.lang.Object@500000a7)
OBJ 50000f1a (sz=64, trace=302555, class=SevenZip.Compression.LZMA.Encoder$Optimal@50000da3)
OBJ 50000f1b (sz=40, trace=300022, class=java.util.concurrent.ConcurrentHashMap$Segment@50000140)
	sync		50000f1c
	table		50008919
OBJ 50000f1c (sz=32, trace=300023, class=java.util.concurrent.locks.ReentrantLock$NonfairSync@5000003d)
OBJ 50000f1d (sz=32, trace=300027, class=java.util.concurrent.ConcurrentHashMap$HashEntry@50000115)
	key		50001563
	value		50000f19
OBJ 50000f1e (sz=64, trace=302555, class=SevenZip.Compression.LZMA.Encoder$Optimal@50000da3)
OBJ 50000f1f (sz=64, trace=302555, class=SevenZip.Compression.LZMA.Encoder$Optimal@50000da3)
OBJ 50000f20 (sz=64, trace=302555, class=SevenZip.Compression.LZMA.Encoder$Optimal@50000da3)
OBJ 50000f21 (sz=64, trace=302555, class=SevenZip.Compression.LZMA.Encoder$Optimal@50000da3)
OBJ 50000f22 (sz=64, trace=302555, class=SevenZip.Compression.LZMA.Encoder$Optimal@50000da3)
OBJ 50000f23 (sz=64, trace=302555, class=SevenZip.Compression.LZMA.Encoder$Optimal@50000da3)
OBJ 50000f24 (sz=64, trace=302555, class=SevenZip.Compression.LZMA.Encoder$Optimal@50000da3)
OBJ 50000f25 (sz=64, trace=302555, class=SevenZip.Compression.LZMA.Encoder$Optimal@50000da3)
OBJ 50000f26 (sz=64, trace=302555, class=SevenZip.Compression.LZMA.Encoder$Optimal@50000da3)
OBJ 50000f27 (sz=64, trace=302555, class=SevenZip.Compression.LZMA.Encoder$Optimal@50000da3)
OBJ 50000f28 (sz=64, trace=302555, class=SevenZip.Compression.LZMA.Encoder$Optimal@50000da3)
OBJ 50000f29 (sz=64, trace=302555, class=SevenZip.Compression.LZMA.Encoder$Optimal@50000da3)
OBJ 50000f2a (sz=64, trace=302555, class=SevenZip.Compression.LZMA.Encoder$Optimal@50000da3)
OBJ 50000f2b (sz=64, trace=302555, class=SevenZip.Compression.LZMA.Encoder$Optimal@50000da3)
OBJ 50000f2c (sz=64, trace=302555, class=SevenZip.Compression.LZMA.Encoder$Optimal@50000da3)
OBJ 50000f2d (sz=64, trace=302555, class=SevenZip.Compression.LZMA.Encoder$Optimal@50000da3)
OBJ 50000f2e (sz=64, trace=302555, class=SevenZip.Compression.LZMA.Encoder$Optimal@50000da3)
OBJ 50000f2f (sz=64, trace=302555, class=SevenZip.Compression.LZMA.Encoder$Optimal@50000da3)
OBJ 50000f30 (sz=64, trace=302555, class=SevenZip.Compression.LZMA.Encoder$Optimal@50000da3)
OBJ 50000f31 (sz=64, trace=302555, class=SevenZip.Compression.LZMA.Encoder$Optimal@50000da3)
OBJ 50000f32 (sz=64, trace=302555, class=SevenZip.Compression.LZMA.Encoder$Optimal@50000da3)
OBJ 50000f33 (sz=64, trace=302555, class=SevenZip.Compression.LZMA.Encoder$Optimal@50000da3)
OBJ 50000f34 (sz=64, trace=302555, class=SevenZip.Compression.LZMA.Encoder$Optimal@50000da3)
OBJ 50000f35 (sz=64, trace=302555, class=SevenZip.Compression.LZMA.Encoder$Optimal@50000da3)
OBJ 50000f36 (sz=64, trace=302555, class=SevenZip.Compression.LZMA.Encoder$Optimal@50000da3)
OBJ 50000f37 (sz=64, trace=302555, class=SevenZip.Compression.LZMA.Encoder$Optimal@50000da3)
OBJ 50000f38 (sz=64, trace=302555, class=SevenZip.Compression.LZMA.Encoder$Optimal@50000da3)
OBJ 50000f39 (sz=64, trace=302555, class=SevenZip.Compression.LZMA.Encoder$Optimal@50000da3)
OBJ 50000f3a (sz=64, trace=302555, class=SevenZip.Compression.LZMA.Encoder$Optimal@50000da3)
OBJ 50000f3b (sz=64, trace=302555, class=SevenZip.Compression.LZMA.Encoder$Optimal@50000da3)
OBJ 50000f3c (sz=64, trace=302555, class=SevenZip.Compression.LZMA.Encoder$Optimal@50000da3)
OBJ 50000f3d (sz=64, trace=302555, class=SevenZip.Compression.LZMA.Encoder$Optimal@50000da3)
OBJ 50000f3e (sz=64, trace=302555, class=SevenZip.Compression.LZMA.Encoder$Optimal@50000da3)
OBJ 50000f3f (sz=64, trace=302555, class=SevenZip.Compression.LZMA.Encoder$Optimal@50000da3)
OBJ 50000f40 (sz=64, trace=302555, class=SevenZip.Compression.LZMA.Encoder$Optimal@50000da3)
OBJ 50000f41 (sz=64, trace=302555, class=SevenZip.Compression.LZMA.Encoder$Optimal@50000da3)
OBJ 50000f42 (sz=64, trace=302555, class=SevenZip.Compression.LZMA.Encoder$Optimal@50000da3)
OBJ 50000f43 (sz=64, trace=302555, class=SevenZip.Compression.LZMA.Encoder$Optimal@50000da3)
OBJ 50000f44 (sz=64, trace=302555, class=SevenZip.Compression.LZMA.Encoder$Optimal@50000da3)
OBJ 50000f45 (sz=64, trace=302555, class=SevenZip.Compression.LZMA.Encoder$Optimal@50000da3)
OBJ 50000f46 (sz=64, trace=302555, class=SevenZip.Compression.LZMA.Encoder$Optimal@50000da3)
OBJ 50000f47 (sz=64, trace=302555, class=SevenZip.Compression.LZMA.Encoder$Optimal@50000da3)
OBJ 50000f48 (sz=64, trace=302555, class=SevenZip.Compression.LZMA.Encoder$Optimal@50000da3)
OBJ 50000f49 (sz=64, trace=302555, class=SevenZip.Compression.LZMA.Encoder$Optimal@50000da3)
OBJ 50000f4a (sz=64, trace=302555, class=SevenZip.Compression.LZMA.Encoder$Optimal@50000da3)
OBJ 50000f4b (sz=64, trace=302555, class=SevenZip.Compression.LZMA.Encoder$Optimal@50000da3)
OBJ 50000f4c (sz=64, trace=302555, class=SevenZip.Compression.LZMA.Encoder$Optimal@50000da3)
OBJ 50000f4d (sz=64, trace=302555, class=SevenZip.Compression.LZMA.Encoder$Optimal@50000da3)
OBJ 50000f4e (sz=64, trace=302555, class=SevenZip.Compression.LZMA.Encoder$Optimal@50000da3)
OBJ 50000f4f (sz=64, trace=302555, class=SevenZip.Compression.LZMA.Encoder$Optimal@50000da3)
OBJ 50000f50 (sz=64, trace=302555, class=SevenZip.Compression.LZMA.Encoder$Optimal@50000da3)
OBJ 50000f51 (sz=64, trace=302555, class=SevenZip.Compression.LZMA.Encoder$Optimal@50000da3)
OBJ 50000f52 (sz=64, trace=302555, class=SevenZip.Compression.LZMA.Encoder$Optimal@50000da3)
OBJ 50000f53 (sz=64, trace=302555, class=SevenZip.Compression.LZMA.Encoder$Optimal@50000da3)
OBJ 50000f54 (sz=64, trace=302555, class=SevenZip.Compression.LZMA.Encoder$Optimal@50000da3)
OBJ 50000f55 (sz=64, trace=302555, class=SevenZip.Compression.LZMA.Encoder$Optimal@50000da3)
OBJ 50000f56 (sz=64, trace=302555, class=SevenZip.Compression.LZMA.Encoder$Optimal@50000da3)
OBJ 50000f57 (sz=64, trace=302555, class=SevenZip.Compression.LZMA.Encoder$Optimal@50000da3)
OBJ 50000f58 (sz=64, trace=302555, class=SevenZip.Compression.LZMA.Encoder$Optimal@50000da3)
OBJ 50000f59 (sz=64, trace=302555, class=SevenZip.Compression.LZMA.Encoder$Optimal@50000da3)
OBJ 50000f5a (sz=64, trace=302555, class=SevenZip.Compression.LZMA.Encoder$Optimal@50000da3)
OBJ 50000f5b (sz=64, trace=302555, class=SevenZip.Compression.LZMA.Encoder$Optimal@50000da3)
OBJ 50000f5c (sz=64, trace=302555, class=SevenZip.Compression.LZMA.Encoder$Optimal@50000da3)
OBJ 50000f5d (sz=64, trace=302555, class=SevenZip.Compression.LZMA.Encoder$Optimal@50000da3)
OBJ 50000f5e (sz=64, trace=302555, class=SevenZip.Compression.LZMA.Encoder$Optimal@50000da3)
OBJ 50000f5f (sz=64, trace=302555, class=SevenZip.Compression.LZMA.Encoder$Optimal@50000da3)
OBJ 50000f60 (sz=64, trace=302555, class=SevenZip.Compression.LZMA.Encoder$Optimal@50000da3)
OBJ 50000f61 (sz=64, trace=302555, class=SevenZip.Compression.LZMA.Encoder$Optimal@50000da3)
OBJ 50000f62 (sz=64, trace=302555, class=SevenZip.Compression.LZMA.Encoder$Optimal@50000da3)
OBJ 50000f63 (sz=64, trace=302555, class=SevenZip.Compression.LZMA.Encoder$Optimal@50000da3)
OBJ 50000f64 (sz=64, trace=302555, class=SevenZip.Compression.LZMA.Encoder$Optimal@50000da3)
OBJ 50000f65 (sz=64, trace=302555, class=SevenZip.Compression.LZMA.Encoder$Optimal@50000da3)
OBJ 50000f66 (sz=64, trace=302555, class=SevenZip.Compression.LZMA.Encoder$Optimal@50000da3)
OBJ 50000f67 (sz=64, trace=302555, class=SevenZip.Compression.LZMA.Encoder$Optimal@50000da3)
OBJ 50000f68 (sz=64, trace=302555, class=SevenZip.Compression.LZMA.Encoder$Optimal@50000da3)
OBJ 50000f69 (sz=64, trace=302555, class=SevenZip.Compression.LZMA.Encoder$Optimal@50000da3)
OBJ 50000f6a (sz=64, trace=302555, class=SevenZip.Compression.LZMA.Encoder$Optimal@50000da3)
OBJ 50000f6b (sz=64, trace=302555, class=SevenZip.Compression.LZMA.Encoder$Optimal@50000da3)
OBJ 50000f6c (sz=64, trace=302555, class=SevenZip.Compression.LZMA.Encoder$Optimal@50000da3)
OBJ 50000f6d (sz=64, trace=302555, class=SevenZip.Compression.LZMA.Encoder$Optimal@50000da3)
OBJ 50000f6e (sz=64, trace=302555, class=SevenZip.Compression.LZMA.Encoder$Optimal@50000da3)
OBJ 50000f6f (sz=64, trace=302555, class=SevenZip.Compression.LZMA.Encoder$Optimal@50000da3)
OBJ 50000f70 (sz=64, trace=302555, class=SevenZip.Compression.LZMA.Encoder$Optimal@50000da3)
OBJ 50000f71 (sz=64, trace=302555, class=SevenZip.Compression.LZMA.Encoder$Optimal@50000da3)
OBJ 50000f72 (sz=64, trace=302555, class=SevenZip.Compression.LZMA.Encoder$Optimal@50000da3)
OBJ 50000f73 (sz=64, trace=302555, class=SevenZip.Compression.LZMA.Encoder$Optimal@50000da3)
OBJ 50000f74 (sz=64, trace=302555, class=SevenZip.Compression.LZMA.Encoder$Optimal@50000da3)
OBJ 50000f75 (sz=64, trace=302555, class=SevenZip.Compression.LZMA.Encoder$Optimal@50000da3)
OBJ 50000f76 (sz=64, trace=302555, class=SevenZip.Compression.LZMA.Encoder$Optimal@50000da3)
OBJ 50000f77 (sz=64, trace=302555, class=SevenZip.Compression.LZMA.Encoder$Optimal@50000da3)
OBJ 50000f78 (sz=64, trace=302555, class=SevenZip.Compression.LZMA.Encoder$Optimal@50000da3)
OBJ 50000f79 (sz=64, trace=302555, class=SevenZip.Compression.LZMA.Encoder$Optimal@50000da3)
OBJ 50000f7a (sz=64, trace=302555, class=SevenZip.Compression.LZMA.Encoder$Optimal@50000da3)
OBJ 50000f7b (sz=64, trace=302555, class=SevenZip.Compression.LZMA.Encoder$Optimal@50000da3)
OBJ 50000f7c (sz=64, trace=302555, class=SevenZip.Compression.LZMA.Encoder$Optimal@50000da3)
OBJ 50000f7d (sz=64, trace=302555, class=SevenZip.Compression.LZMA.Encoder$Optimal@50000da3)
OBJ 50000f7e (sz=64, trace=302555, class=SevenZip.Compression.LZMA.Encoder$Optimal@50000da3)
OBJ 50000f7f (sz=64, trace=302555, class=SevenZip.Compression.LZMA.Encoder$Optimal@50000da3)
OBJ 50000f80 (sz=64, trace=302555, class=SevenZip.Compression.LZMA.Encoder$Optimal@50000da3)
ARR 50000f81 (sz=72, trace=300208, nelems=0, elem type=byte[])
OBJ 50000f82 (sz=16, trace=300209, class=java.util.HashSet@50000042)
OBJ 50000f83 (sz=56, trace=300210, class=java.util.HashMap@5000010b)
ARR 50000f84 (sz=80, trace=300211, nelems=0, elem type=java.util.HashMap$Entry[]@5000009f)
OBJ 50000f85 (sz=24, trace=300212, class=java.lang.String@50000096)
ARR 50000f86 (sz=80, trace=300213, nelems=0, elem type=char[])
ARR 50000f87 (sz=120, trace=300206, nelems=0, elem type=char[])
OBJ 50000f88 (sz=64, trace=302555, class=SevenZip.Compression.LZMA.Encoder$Optimal@50000da3)
OBJ 50000f89 (sz=64, trace=302555, class=SevenZip.Compression.LZMA.Encoder$Optimal@50000da3)
OBJ 50000f8a (sz=64, trace=302555, class=SevenZip.Compression.LZMA.Encoder$Optimal@50000da3)
OBJ 50000f8b (sz=64, trace=302555, class=SevenZip.Compression.LZMA.Encoder$Optimal@50000da3)
OBJ 50000f8c (sz=64, trace=302555, class=SevenZip.Compression.LZMA.Encoder$Optimal@50000da3)
OBJ 50000f8d (sz=64, trace=302555, class=SevenZip.Compression.LZMA.Encoder$Optimal@50000da3)
OBJ 50000f8e (sz=64, trace=302555, class=SevenZip.Compression.LZMA.Encoder$Optimal@50000da3)
OBJ 50000f8f (sz=64, trace=302555, class=SevenZip.Compression.LZMA.Encoder$Optimal@50000da3)
OBJ 50000f90 (sz=64, trace=302555, class=SevenZip.Compression.LZMA.Encoder$Optimal@50000da3)
OBJ 50000f91 (sz=64, trace=302555, class=SevenZip.Compression.LZMA.Encoder$Optimal@50000da3)
OBJ 50000f92 (sz=64, trace=302555, class=SevenZip.Compression.LZMA.Encoder$Optimal@50000da3)
ARR 50000f95 (sz=168, trace=300207, nelems=0, elem type=byte[])
ARR 50000f96 (sz=72, trace=300208, nelems=0, elem type=byte[])
OBJ 50000f97 (sz=16, trace=300209, class=java.util.HashSet@50000042)
OBJ 50000f98 (sz=56, trace=300210, class=java.util.HashMap@5000010b)
ARR 50000f99 (sz=80, trace=300211, nelems=0, elem type=java.util.HashMap$Entry[]@5000009f)
OBJ 50000f9a (sz=24, trace=300212, class=java.lang.String@50000096)
ARR 50000f9b (sz=80, trace=300213, nelems=0, elem type=char[])
ARR 50000f9c (sz=120, trace=300206, nelems=0, elem type=char[])
ARR 50000f9d (sz=168, trace=300207, nelems=0, elem type=byte[])
ARR 50000f9e (sz=72, trace=300208, nelems=0, elem type=byte[])
OBJ 50000f9f (sz=16, trace=300209, class=java.util.HashSet@50000042)
OBJ 50000fa0 (sz=56, trace=300210, class=java.util.HashMap@5000010b)
ARR 50000fa1 (sz=80, trace=300211, nelems=0, elem type=java.util.HashMap$Entry[]@5000009f)
OBJ 50000fa2 (sz=24, trace=300212, class=java.lang.String@50000096)
ARR 50000fa3 (sz=80, trace=300213, nelems=0, elem type=char[])
ARR 50000fa4 (sz=120, trace=300206, nelems=0, elem type=char[])
ARR 50000fa5 (sz=168, trace=300207, nelems=0, elem type=byte[])
ARR 50000fa6 (sz=72, trace=300208, nelems=0, elem type=byte[])
OBJ 50000fa7 (sz=16, trace=300209, class=java.util.HashSet@50000042)
OBJ 50000fa8 (sz=56, trace=300210, class=java.util.HashMap@5000010b)
ARR 50000fa9 (sz=80, trace=300211, nelems=0, elem type=java.util.HashMap$Entry[]@5000009f)
OBJ 50000faa (sz=24, trace=300212, class=java.lang.String@50000096)
ARR 50000fab (sz=80, trace=300213, nelems=0, elem type=char[])
ARR 50000fac (sz=120, trace=300206, nelems=0, elem type=char[])
ARR 50000fad (sz=168, trace=300207, nelems=0, elem type=byte[])
ARR 50000fae (sz=72, trace=300208, nelems=0, elem type=byte[])
ARR 50000faf (sz=120, trace=300206, nelems=0, elem type=char[])
ARR 50000fb0 (sz=168, trace=300207, nelems=0, elem type=byte[])
ARR 50000fb1 (sz=72, trace=300208, nelems=0, elem type=byte[])
OBJ 50000fb2 (sz=16, trace=300209, class=java.util.HashSet@50000042)
OBJ 50000fb3 (sz=56, trace=300210, class=java.util.HashMap@5000010b)
ARR 50000fb4 (sz=80, trace=300211, nelems=0, elem type=java.util.HashMap$Entry[]@5000009f)
OBJ 50000fb5 (sz=24, trace=300212, class=java.lang.String@50000096)
ARR 50000fb6 (sz=80, trace=300213, nelems=0, elem type=char[])
ARR 50000fb7 (sz=120, trace=300206, nelems=0, elem type=char[])
ARR 50000fb8 (sz=168, trace=300207, nelems=0, elem type=byte[])
OBJ 50000fb9 (sz=64, trace=302555, class=SevenZip.Compression.LZMA.Encoder$Optimal@50000da3)
ARR 50000fba (sz=72, trace=300208, nelems=0, elem type=byte[])
ARR 50000fbb (sz=120, trace=300206, nelems=0, elem type=char[])
ARR 50000fbc (sz=168, trace=300207, nelems=0, elem type=byte[])
ARR 50000fbd (sz=72, trace=300208, nelems=0, elem type=byte[])
OBJ 50000fbe (sz=16, trace=300209, class=java.util.HashSet@50000042)
OBJ 50000fbf (sz=56, trace=300210, class=java.util.HashMap@5000010b)
ARR 50000fc0 (sz=80, trace=300211, nelems=0, elem type=java.util.HashMap$Entry[]@5000009f)
OBJ 50000fc1 (sz=24, trace=300212, class=java.lang.String@50000096)
ARR 50000fc2 (sz=80, trace=300213, nelems=0, elem type=char[])
OBJ 50000fc3 (sz=40, trace=300287, class=java.lang.ClassNotFoundException@5000007e)
OBJ 50000fc4 (sz=40, trace=300288, class=java.security.PrivilegedActionException@500007f0)
OBJ 50000fc5 (sz=24, trace=302607, class=java.net.URLClassLoader$1@5000019d)
ARR 50000fc6 (sz=104, trace=300030, nelems=0, elem type=char[])
OBJ 50000fc7 (sz=24, trace=300031, class=java.lang.String@50000096)
ARR 50000fc8 (sz=120, trace=300032, nelems=0, elem type=char[])
OBJ 50000fc9 (sz=24, trace=300033, class=java.lang.String@50000096)
OBJ 50000fca (sz=64, trace=300300, class=java.net.URL@50000071)
OBJ 50000fcb (sz=24, trace=300193, class=java.lang.StringBuilder@50000065)
ARR 50000fcc (sz=48, trace=300194, nelems=0, elem type=char[])
ARR 50000fcd (sz=240, trace=300197, nelems=0, elem type=char[])
ARR 50000fce (sz=456, trace=300198, nelems=0, elem type=char[])
OBJ 50000fcf (sz=24, trace=300199, class=java.lang.String@50000096)
ARR 50000fd0 (sz=240, trace=300200, nelems=0, elem type=char[])
OBJ 50000fd1 (sz=24, trace=300301, class=java.lang.String@50000096)
ARR 50000fd2 (sz=240, trace=300302, nelems=0, elem type=char[])
ARR 50000fd3 (sz=248, trace=300303, nelems=0, elem type=char[])
ARR 50000fd4 (sz=120, trace=300304, nelems=0, elem type=char[])
OBJ 50000fd5 (sz=24, trace=300305, class=java.lang.String@50000096)
ARR 50000fd6 (sz=120, trace=300306, nelems=0, elem type=char[])
OBJ 50000fd7 (sz=64, trace=300307, class=java.net.URL@50000071)
OBJ 50000fd8 (sz=24, trace=300193, class=java.lang.StringBuilder@50000065)
ARR 50000fd9 (sz=48, trace=300194, nelems=0, elem type=char[])
ARR 50000fda (sz=240, trace=300197, nelems=0, elem type=char[])
ARR 50000fdb (sz=456, trace=300198, nelems=0, elem type=char[])
OBJ 50000fdc (sz=24, trace=300199, class=java.lang.String@50000096)
ARR 50000fdd (sz=336, trace=300200, nelems=0, elem type=char[])
OBJ 50000fde (sz=24, trace=300308, class=java.io.File@500000ec)
OBJ 50000fdf (sz=24, trace=300309, class=java.lang.StringBuilder@50000065)
ARR 50000fe0 (sz=48, trace=300310, nelems=0, elem type=char[])
ARR 50000fe1 (sz=232, trace=300311, nelems=0, elem type=char[])
ARR 50000fe2 (sz=456, trace=300312, nelems=0, elem type=char[])
OBJ 50000fe3 (sz=24, trace=300313, class=java.lang.String@50000096)
ARR 50000fe4 (sz=336, trace=300314, nelems=0, elem type=char[])
ARR 50000fe5 (sz=176, trace=300011, nelems=0, elem type=byte[])
OBJ 50000fe6 (sz=24, trace=300315, class=java.lang.String@50000096)
ARR 50000fe7 (sz=56, trace=300013, nelems=0, elem type=char[])
OBJ 50000fe8 (sz=64, trace=300300, class=java.net.URL@50000071)
OBJ 50000fe9 (sz=24, trace=300193, class=java.lang.StringBuilder@50000065)
ARR 50000fea (sz=48, trace=300194, nelems=0, elem type=char[])
ARR 50000feb (sz=224, trace=300197, nelems=0, elem type=char[])
ARR 50000fec (sz=440, trace=300198, nelems=0, elem type=char[])
OBJ 50000fed (sz=24, trace=300199, class=java.lang.String@50000096)
ARR 50000fee (sz=232, trace=300200, nelems=0, elem type=char[])
OBJ 50000fef (sz=24, trace=300301, class=java.lang.String@50000096)
ARR 50000ff0 (sz=224, trace=300302, nelems=0, elem type=char[])
ARR 50000ff1 (sz=248, trace=300303, nelems=0, elem type=char[])
ARR 50000ff2 (sz=120, trace=300304, nelems=0, elem type=char[])
OBJ 50000ff3 (sz=24, trace=300305, class=java.lang.String@50000096)
ARR 50000ff4 (sz=120, trace=300306, nelems=0, elem type=char[])
OBJ 50000ff5 (sz=64, trace=300307, class=java.net.URL@50000071)
OBJ 50000ff6 (sz=24, trace=300193, class=java.lang.StringBuilder@50000065)
ARR 50000ff7 (sz=48, trace=300194, nelems=0, elem type=char[])
ARR 50000ff8 (sz=224, trace=300197, nelems=0, elem type=char[])
ARR 50000ff9 (sz=440, trace=300198, nelems=0, elem type=char[])
OBJ 50000ffa (sz=64, trace=302555, class=SevenZip.Compression.LZMA.Encoder$Optimal@50000da3)
OBJ 50000ffb (sz=64, trace=302555, class=SevenZip.Compression.LZMA.Encoder$Optimal@50000da3)
OBJ 50000ffc (sz=64, trace=302555, class=SevenZip.Compression.LZMA.Encoder$Optimal@50000da3)
OBJ 50000ffd (sz=64, trace=302555, class=SevenZip.Compression.LZMA.Encoder$Optimal@50000da3)
OBJ 50000ffe (sz=64, trace=302555, class=SevenZip.Compression.LZMA.Encoder$Optimal@50000da3)
OBJ 50000fff (sz=24, trace=300199, class=java.lang.String@50000096)
ARR 50001000 (sz=328, trace=300200, nelems=0, elem type=char[])
OBJ 50001001 (sz=24, trace=300308, class=java.io.File@500000ec)
OBJ 50001002 (sz=24, trace=300309, class=java.lang.StringBuilder@50000065)
ARR 50001003 (sz=48, trace=300310, nelems=0, elem type=char[])
ARR 50001004 (sz=224, trace=300311, nelems=0, elem type=char[])
ARR 50001005 (sz=432, trace=300312, nelems=0, elem type=char[])
OBJ 50001006 (sz=24, trace=300313, class=java.lang.String@50000096)
ARR 50001007 (sz=328, trace=300314, nelems=0, elem type=char[])
ARR 50001008 (sz=176, trace=300011, nelems=0, elem type=byte[])
OBJ 50001009 (sz=24, trace=300315, class=java.lang.String@50000096)
OBJ 5000100b (sz=16, trace=300480, class=java.lang.Object@500000a7)
OBJ 5000100c (sz=32, trace=300024, class=java.util.concurrent.ConcurrentHashMap$HashEntry@50000115)
	key		50001430
	value		5000100b
ARR 5000100d (sz=56, trace=300013, nelems=0, elem type=char[])
OBJ 5000100e (sz=16, trace=300481, class=java.lang.Object@500000a7)
OBJ 5000100f (sz=32, trace=300027, class=java.util.concurrent.ConcurrentHashMap$HashEntry@50000115)
	key		50001430
	value		5000100e
ARR 50001010 (sz=120, trace=300206, nelems=0, elem type=char[])
OBJ 50001012 (sz=16, trace=300480, class=java.lang.Object@500000a7)
ARR 50001013 (sz=168, trace=300207, nelems=0, elem type=byte[])
OBJ 50001014 (sz=40, trace=300022, class=java.util.concurrent.ConcurrentHashMap$Segment@50000140)
	sync		50001015
	table		50007e13
OBJ 50001015 (sz=32, trace=300023, class=java.util.concurrent.locks.ReentrantLock$NonfairSync@5000003d)
OBJ 50001016 (sz=32, trace=300024, class=java.util.concurrent.ConcurrentHashMap$HashEntry@50000115)
	key		500014ab
	value		50001012
OBJ 50001017 (sz=16, trace=300481, class=java.lang.Object@500000a7)
ARR 50001018 (sz=72, trace=300208, nelems=0, elem type=byte[])
OBJ 50001019 (sz=40, trace=300022, class=java.util.concurrent.ConcurrentHashMap$Segment@50000140)
	sync		5000101a
	table		50007e16
OBJ 5000101a (sz=32, trace=300023, class=java.util.concurrent.locks.ReentrantLock$NonfairSync@5000003d)
OBJ 5000101b (sz=32, trace=300027, class=java.util.concurrent.ConcurrentHashMap$HashEntry@50000115)
	key		500014ab
	value		50001017
OBJ 5000101c (sz=16, trace=300480, class=java.lang.Object@500000a7)
OBJ 5000101d (sz=32, trace=300024, class=java.util.concurrent.ConcurrentHashMap$HashEntry@50000115)
	key		5000154a
	value		5000101c
ARR 5000101e (sz=120, trace=300206, nelems=0, elem type=char[])
OBJ 5000101f (sz=16, trace=300481, class=java.lang.Object@500000a7)
OBJ 50001020 (sz=32, trace=300027, class=java.util.concurrent.ConcurrentHashMap$HashEntry@50000115)
	key		5000154a
	value		5000101f
ARR 50001021 (sz=168, trace=300207, nelems=0, elem type=byte[])
OBJ 50001022 (sz=16, trace=300480, class=java.lang.Object@500000a7)
ARR 50001023 (sz=72, trace=300208, nelems=0, elem type=byte[])
OBJ 50001024 (sz=16, trace=300481, class=java.lang.Object@500000a7)
OBJ 50001025 (sz=64, trace=300873, class=java.util.zip.ZipEntry@500002dc)
OBJ 50001026 (sz=16, trace=300480, class=java.lang.Object@500000a7)
OBJ 50001027 (sz=80, trace=300874, class=java.util.jar.JarFile$JarFileEntry@500002df)
OBJ 50001028 (sz=40, trace=300022, class=java.util.concurrent.ConcurrentHashMap$Segment@50000140)
	sync		50001029
	table		50007b02
OBJ 50001029 (sz=32, trace=300023, class=java.util.concurrent.locks.ReentrantLock$NonfairSync@5000003d)
OBJ 5000102a (sz=32, trace=300024, class=java.util.concurrent.ConcurrentHashMap$HashEntry@50000115)
	key		50001503
	value		50001026
OBJ 5000102b (sz=16, trace=300481, class=java.lang.Object@500000a7)
ARR 5000102c (sz=248, trace=300875, nelems=0, elem type=char[])
OBJ 5000102d (sz=40, trace=300022, class=java.util.concurrent.ConcurrentHashMap$Segment@50000140)
	sync		5000102e
	table		50007b06
OBJ 5000102e (sz=32, trace=300023, class=java.util.concurrent.locks.ReentrantLock$NonfairSync@5000003d)
OBJ 5000102f (sz=32, trace=300027, class=java.util.concurrent.ConcurrentHashMap$HashEntry@50000115)
	key		50001503
	value		5000102b
OBJ 50001030 (sz=16, trace=300480, class=java.lang.Object@500000a7)
ARR 50001031 (sz=120, trace=300876, nelems=0, elem type=char[])
OBJ 50001032 (sz=40, trace=300022, class=java.util.concurrent.ConcurrentHashMap$Segment@50000140)
	sync		50001033
	table		50000923
OBJ 50001033 (sz=32, trace=300023, class=java.util.concurrent.locks.ReentrantLock$NonfairSync@5000003d)
OBJ 50001034 (sz=32, trace=300024, class=java.util.concurrent.ConcurrentHashMap$HashEntry@50000115)
	key		500013f6
	value		50001030
OBJ 50001035 (sz=16, trace=300481, class=java.lang.Object@500000a7)
OBJ 50001036 (sz=24, trace=300877, class=java.lang.String@50000096)
OBJ 50001037 (sz=40, trace=300022, class=java.util.concurrent.ConcurrentHashMap$Segment@50000140)
	sync		50001038
	table		50000927
OBJ 50001038 (sz=32, trace=300023, class=java.util.concurrent.locks.ReentrantLock$NonfairSync@5000003d)
OBJ 50001039 (sz=32, trace=300027, class=java.util.concurrent.ConcurrentHashMap$HashEntry@50000115)
	key		500013f6
	value		50001035
OBJ 5000103a (sz=16, trace=300480, class=java.lang.Object@500000a7)
ARR 5000103b (sz=120, trace=300878, nelems=0, elem type=char[])
OBJ 5000103c (sz=40, trace=300022, class=java.util.concurrent.ConcurrentHashMap$Segment@50000140)
	sync		5000103d
	table		500041f4
OBJ 5000103d (sz=32, trace=300023, class=java.util.concurrent.locks.ReentrantLock$NonfairSync@5000003d)
OBJ 5000103e (sz=32, trace=300024, class=java.util.concurrent.ConcurrentHashMap$HashEntry@50000115)
	key		50001415
	value		5000103a
OBJ 5000103f (sz=16, trace=300481, class=java.lang.Object@500000a7)
OBJ 50001040 (sz=64, trace=300879, class=java.net.URL@50000071)
OBJ 50001041 (sz=40, trace=300022, class=java.util.concurrent.ConcurrentHashMap$Segment@50000140)
	sync		50001042
	table		500041f9
OBJ 50001042 (sz=32, trace=300023, class=java.util.concurrent.locks.ReentrantLock$NonfairSync@5000003d)
OBJ 50001043 (sz=32, trace=300027, class=java.util.concurrent.ConcurrentHashMap$HashEntry@50000115)
	key		50001415
	value		5000103f
OBJ 50001044 (sz=16, trace=300480, class=java.lang.Object@500000a7)
OBJ 50001045 (sz=32, trace=300024, class=java.util.concurrent.ConcurrentHashMap$HashEntry@50000115)
	key		50001432
	value		50001044
OBJ 50001046 (sz=24, trace=300880, class=java.lang.String@50000096)
OBJ 50001047 (sz=16, trace=300481, class=java.lang.Object@500000a7)
OBJ 50001048 (sz=32, trace=300027, class=java.util.concurrent.ConcurrentHashMap$HashEntry@50000115)
	key		50001432
	value		50001047
ARR 50001049 (sz=24, trace=300881, nelems=0, elem type=char[])
OBJ 5000104a (sz=24, trace=300882, class=java.lang.StringBuilder@50000065)
ARR 5000104b (sz=48, trace=300883, nelems=0, elem type=char[])
ARR 5000104c (sz=152, trace=300884, nelems=0, elem type=char[])
ARR 5000104d (sz=288, trace=300885, nelems=0, elem type=char[])
OBJ 5000104e (sz=24, trace=300886, class=java.lang.String@50000096)
ARR 5000104f (sz=248, trace=300887, nelems=0, elem type=char[])
OBJ 50001050 (sz=24, trace=300888, class=java.lang.String@50000096)
ARR 50001051 (sz=152, trace=300889, nelems=0, elem type=char[])
OBJ 50001052 (sz=24, trace=300890, class=java.lang.String@50000096)
ARR 50001053 (sz=120, trace=300891, nelems=0, elem type=char[])
OBJ 50001054 (sz=16, trace=300892, class=sun.net.www.ParseUtil@50000021)
OBJ 50001055 (sz=24, trace=300893, class=java.lang.StringBuilder@50000065)
ARR 50001056 (sz=48, trace=300894, nelems=0, elem type=char[])
ARR 50001057 (sz=152, trace=300895, nelems=0, elem type=char[])
ARR 50001058 (sz=280, trace=300896, nelems=0, elem type=char[])
OBJ 50001059 (sz=24, trace=300897, class=java.lang.String@50000096)
ARR 5000105a (sz=248, trace=300898, nelems=0, elem type=char[])
OBJ 5000105b (sz=32, trace=300900, class=sun.misc.URLClassPath$JarLoader$2@500021ae)
OBJ 5000105c (sz=24, trace=300318, class=java.lang.String@50000096)
ARR 5000105d (sz=80, trace=300319, nelems=0, elem type=char[])
OBJ 5000105e (sz=16, trace=302540, class=java.lang.Object@500000a7)
OBJ 5000105f (sz=32, trace=300024, class=java.util.concurrent.ConcurrentHashMap$HashEntry@50000115)
	key		50001529
	value		5000105e
	next		50001142
OBJ 50001060 (sz=16, trace=302541, class=java.lang.Object@500000a7)
OBJ 50001061 (sz=32, trace=300027, class=java.util.concurrent.ConcurrentHashMap$HashEntry@50000115)
	key		50001529
	value		50001060
	next		50001145
OBJ 50001062 (sz=64, trace=302555, class=SevenZip.Compression.LZMA.Encoder$Optimal@50000da3)
OBJ 50001063 (sz=64, trace=302555, class=SevenZip.Compression.LZMA.Encoder$Optimal@50000da3)
OBJ 50001064 (sz=64, trace=302555, class=SevenZip.Compression.LZMA.Encoder$Optimal@50000da3)
OBJ 50001065 (sz=64, trace=302555, class=SevenZip.Compression.LZMA.Encoder$Optimal@50000da3)
OBJ 50001066 (sz=64, trace=302555, class=SevenZip.Compression.LZMA.Encoder$Optimal@50000da3)
OBJ 50001067 (sz=64, trace=302555, class=SevenZip.Compression.LZMA.Encoder$Optimal@50000da3)
OBJ 50001068 (sz=64, trace=302555, class=SevenZip.Compression.LZMA.Encoder$Optimal@50000da3)
OBJ 50001069 (sz=64, trace=302555, class=SevenZip.Compression.LZMA.Encoder$Optimal@50000da3)
OBJ 5000106a (sz=64, trace=302555, class=SevenZip.Compression.LZMA.Encoder$Optimal@50000da3)
OBJ 5000106b (sz=64, trace=302555, class=SevenZip.Compression.LZMA.Encoder$Optimal@50000da3)
OBJ 5000106c (sz=64, trace=302555, class=SevenZip.Compression.LZMA.Encoder$Optimal@50000da3)
OBJ 5000106d (sz=64, trace=302555, class=SevenZip.Compression.LZMA.Encoder$Optimal@50000da3)
OBJ 5000106e (sz=64, trace=302555, class=SevenZip.Compression.LZMA.Encoder$Optimal@50000da3)
OBJ 5000106f (sz=64, trace=302555, class=SevenZip.Compression.LZMA.Encoder$Optimal@50000da3)
OBJ 50001070 (sz=64, trace=302555, class=SevenZip.Compression.LZMA.Encoder$Optimal@50000da3)
OBJ 50001071 (sz=64, trace=302555, class=SevenZip.Compression.LZMA.Encoder$Optimal@50000da3)
OBJ 50001072 (sz=64, trace=302555, class=SevenZip.Compression.LZMA.Encoder$Optimal@50000da3)
OBJ 50001073 (sz=64, trace=302555, class=SevenZip.Compression.LZMA.Encoder$Optimal@50000da3)
OBJ 50001074 (sz=64, trace=302555, class=SevenZip.Compression.LZMA.Encoder$Optimal@50000da3)
OBJ 50001075 (sz=64, trace=302555, class=SevenZip.Compression.LZMA.Encoder$Optimal@50000da3)
OBJ 50001076 (sz=64, trace=302555, class=SevenZip.Compression.LZMA.Encoder$Optimal@50000da3)
OBJ 50001077 (sz=64, trace=302555, class=SevenZip.Compression.LZMA.Encoder$Optimal@50000da3)
OBJ 50001078 (sz=64, trace=302555, class=SevenZip.Compression.LZMA.Encoder$Optimal@50000da3)
OBJ 50001079 (sz=64, trace=302555, class=SevenZip.Compression.LZMA.Encoder$Optimal@50000da3)
OBJ 5000107a (sz=64, trace=302555, class=SevenZip.Compression.LZMA.Encoder$Optimal@50000da3)
OBJ 5000107b (sz=64, trace=302555, class=SevenZip.Compression.LZMA.Encoder$Optimal@50000da3)
OBJ 5000107c (sz=64, trace=302555, class=SevenZip.Compression.LZMA.Encoder$Optimal@50000da3)
OBJ 5000107d (sz=64, trace=302555, class=SevenZip.Compression.LZMA.Encoder$Optimal@50000da3)
OBJ 5000107e (sz=64, trace=302555, class=SevenZip.Compression.LZMA.Encoder$Optimal@50000da3)
OBJ 5000107f (sz=64, trace=302555, class=SevenZip.Compression.LZMA.Encoder$Optimal@50000da3)
OBJ 50001080 (sz=64, trace=302555, class=SevenZip.Compression.LZMA.Encoder$Optimal@50000da3)
OBJ 50001081 (sz=64, trace=302555, class=SevenZip.Compression.LZMA.Encoder$Optimal@50000da3)
OBJ 50001082 (sz=64, trace=302555, class=SevenZip.Compression.LZMA.Encoder$Optimal@50000da3)
OBJ 50001083 (sz=64, trace=302555, class=SevenZip.Compression.LZMA.Encoder$Optimal@50000da3)
OBJ 50001084 (sz=64, trace=302555, class=SevenZip.Compression.LZMA.Encoder$Optimal@50000da3)
OBJ 50001085 (sz=64, trace=302555, class=SevenZip.Compression.LZMA.Encoder$Optimal@50000da3)
OBJ 50001086 (sz=64, trace=302555, class=SevenZip.Compression.LZMA.Encoder$Optimal@50000da3)
OBJ 50001087 (sz=64, trace=302555, class=SevenZip.Compression.LZMA.Encoder$Optimal@50000da3)
OBJ 50001088 (sz=64, trace=302555, class=SevenZip.Compression.LZMA.Encoder$Optimal@50000da3)
OBJ 50001089 (sz=64, trace=302555, class=SevenZip.Compression.LZMA.Encoder$Optimal@50000da3)
OBJ 5000108a (sz=64, trace=302555, class=SevenZip.Compression.LZMA.Encoder$Optimal@50000da3)
OBJ 5000108b (sz=64, trace=302555, class=SevenZip.Compression.LZMA.Encoder$Optimal@50000da3)
OBJ 5000108c (sz=64, trace=302555, class=SevenZip.Compression.LZMA.Encoder$Optimal@50000da3)
OBJ 5000108d (sz=64, trace=302555, class=SevenZip.Compression.LZMA.Encoder$Optimal@50000da3)
OBJ 5000108e (sz=64, trace=302555, class=SevenZip.Compression.LZMA.Encoder$Optimal@50000da3)
OBJ 5000108f (sz=64, trace=302555, class=SevenZip.Compression.LZMA.Encoder$Optimal@50000da3)
OBJ 50001090 (sz=64, trace=302555, class=SevenZip.Compression.LZMA.Encoder$Optimal@50000da3)
OBJ 50001091 (sz=64, trace=302555, class=SevenZip.Compression.LZMA.Encoder$Optimal@50000da3)
OBJ 50001092 (sz=64, trace=302555, class=SevenZip.Compression.LZMA.Encoder$Optimal@50000da3)
OBJ 50001093 (sz=64, trace=302555, class=SevenZip.Compression.LZMA.Encoder$Optimal@50000da3)
OBJ 50001094 (sz=64, trace=302555, class=SevenZip.Compression.LZMA.Encoder$Optimal@50000da3)
OBJ 50001095 (sz=64, trace=302555, class=SevenZip.Compression.LZMA.Encoder$Optimal@50000da3)
OBJ 50001096 (sz=64, trace=302555, class=SevenZip.Compression.LZMA.Encoder$Optimal@50000da3)
OBJ 50001097 (sz=64, trace=302555, class=SevenZip.Compression.LZMA.Encoder$Optimal@50000da3)
OBJ 50001098 (sz=64, trace=302555, class=SevenZip.Compression.LZMA.Encoder$Optimal@50000da3)
OBJ 50001099 (sz=64, trace=302555, class=SevenZip.Compression.LZMA.Encoder$Optimal@50000da3)
OBJ 5000109a (sz=64, trace=302555, class=SevenZip.Compression.LZMA.Encoder$Optimal@50000da3)
OBJ 5000109b (sz=64, trace=302555, class=SevenZip.Compression.LZMA.Encoder$Optimal@50000da3)
OBJ 5000109c (sz=64, trace=302555, class=SevenZip.Compression.LZMA.Encoder$Optimal@50000da3)
OBJ 5000109d (sz=64, trace=302555, class=SevenZip.Compression.LZMA.Encoder$Optimal@50000da3)
OBJ 5000109e (sz=64, trace=302555, class=SevenZip.Compression.LZMA.Encoder$Optimal@50000da3)
OBJ 5000109f (sz=64, trace=302555, class=SevenZip.Compression.LZMA.Encoder$Optimal@50000da3)
OBJ 500010a0 (sz=64, trace=302555, class=SevenZip.Compression.LZMA.Encoder$Optimal@50000da3)
OBJ 500010a1 (sz=64, trace=302555, class=SevenZip.Compression.LZMA.Encoder$Optimal@50000da3)
OBJ 500010a2 (sz=64, trace=302555, class=SevenZip.Compression.LZMA.Encoder$Optimal@50000da3)
OBJ 500010a3 (sz=64, trace=302555, class=SevenZip.Compression.LZMA.Encoder$Optimal@50000da3)
OBJ 500010a4 (sz=64, trace=302555, class=SevenZip.Compression.LZMA.Encoder$Optimal@50000da3)
OBJ 500010a5 (sz=64, trace=302555, class=SevenZip.Compression.LZMA.Encoder$Optimal@50000da3)
OBJ 500010a6 (sz=64, trace=302555, class=SevenZip.Compression.LZMA.Encoder$Optimal@50000da3)
OBJ 500010a7 (sz=64, trace=302555, class=SevenZip.Compression.LZMA.Encoder$Optimal@50000da3)
OBJ 500010a8 (sz=64, trace=302555, class=SevenZip.Compression.LZMA.Encoder$Optimal@50000da3)
OBJ 500010a9 (sz=64, trace=302555, class=SevenZip.Compression.LZMA.Encoder$Optimal@50000da3)
OBJ 500010aa (sz=64, trace=302555, class=SevenZip.Compression.LZMA.Encoder$Optimal@50000da3)
OBJ 500010ab (sz=64, trace=302555, class=SevenZip.Compression.LZMA.Encoder$Optimal@50000da3)
OBJ 500010ac (sz=64, trace=302555, class=SevenZip.Compression.LZMA.Encoder$Optimal@50000da3)
OBJ 500010ad (sz=64, trace=302555, class=SevenZip.Compression.LZMA.Encoder$Optimal@50000da3)
OBJ 500010ae (sz=64, trace=302555, class=SevenZip.Compression.LZMA.Encoder$Optimal@50000da3)
OBJ 500010af (sz=64, trace=302555, class=SevenZip.Compression.LZMA.Encoder$Optimal@50000da3)
OBJ 500010b0 (sz=64, trace=302555, class=SevenZip.Compression.LZMA.Encoder$Optimal@50000da3)
OBJ 500010b1 (sz=64, trace=302555, class=SevenZip.Compression.LZMA.Encoder$Optimal@50000da3)
OBJ 500010b2 (sz=64, trace=302555, class=SevenZip.Compression.LZMA.Encoder$Optimal@50000da3)
OBJ 500010b3 (sz=64, trace=302555, class=SevenZip.Compression.LZMA.Encoder$Optimal@50000da3)
OBJ 500010b4 (sz=64, trace=302555, class=SevenZip.Compression.LZMA.Encoder$Optimal@50000da3)
OBJ 500010b5 (sz=64, trace=302555, class=SevenZip.Compression.LZMA.Encoder$Optimal@50000da3)
OBJ 500010b6 (sz=64, trace=302555, class=SevenZip.Compression.LZMA.Encoder$Optimal@50000da3)
OBJ 500010b7 (sz=64, trace=302555, class=SevenZip.Compression.LZMA.Encoder$Optimal@50000da3)
OBJ 500010b8 (sz=64, trace=302555, class=SevenZip.Compression.LZMA.Encoder$Optimal@50000da3)
OBJ 500010b9 (sz=64, trace=302555, class=SevenZip.Compression.LZMA.Encoder$Optimal@50000da3)
OBJ 500010ba (sz=64, trace=302555, class=SevenZip.Compression.LZMA.Encoder$Optimal@50000da3)
OBJ 500010bb (sz=64, trace=302555, class=SevenZip.Compression.LZMA.Encoder$Optimal@50000da3)
OBJ 500010bc (sz=64, trace=302555, class=SevenZip.Compression.LZMA.Encoder$Optimal@50000da3)
OBJ 500010bd (sz=64, trace=302555, class=SevenZip.Compression.LZMA.Encoder$Optimal@50000da3)
OBJ 500010be (sz=64, trace=302555, class=SevenZip.Compression.LZMA.Encoder$Optimal@50000da3)
OBJ 500010bf (sz=64, trace=302555, class=SevenZip.Compression.LZMA.Encoder$Optimal@50000da3)
OBJ 500010c0 (sz=64, trace=302555, class=SevenZip.Compression.LZMA.Encoder$Optimal@50000da3)
OBJ 500010c1 (sz=64, trace=302555, class=SevenZip.Compression.LZMA.Encoder$Optimal@50000da3)
OBJ 500010c2 (sz=64, trace=302555, class=SevenZip.Compression.LZMA.Encoder$Optimal@50000da3)
OBJ 500010c3 (sz=64, trace=302555, class=SevenZip.Compression.LZMA.Encoder$Optimal@50000da3)
OBJ 500010c4 (sz=64, trace=302555, class=SevenZip.Compression.LZMA.Encoder$Optimal@50000da3)
OBJ 500010c5 (sz=64, trace=302555, class=SevenZip.Compression.LZMA.Encoder$Optimal@50000da3)
OBJ 500010c6 (sz=64, trace=302555, class=SevenZip.Compression.LZMA.Encoder$Optimal@50000da3)
OBJ 500010c7 (sz=64, trace=302555, class=SevenZip.Compression.LZMA.Encoder$Optimal@50000da3)
OBJ 500010c8 (sz=64, trace=302555, class=SevenZip.Compression.LZMA.Encoder$Optimal@50000da3)
OBJ 500010c9 (sz=64, trace=302555, class=SevenZip.Compression.LZMA.Encoder$Optimal@50000da3)
OBJ 500010ca (sz=64, trace=302555, class=SevenZip.Compression.LZMA.Encoder$Optimal@50000da3)
OBJ 500010cb (sz=64, trace=302555, class=SevenZip.Compression.LZMA.Encoder$Optimal@50000da3)
OBJ 500010cc (sz=64, trace=302555, class=SevenZip.Compression.LZMA.Encoder$Optimal@50000da3)
OBJ 500010cd (sz=64, trace=302555, class=SevenZip.Compression.LZMA.Encoder$Optimal@50000da3)
OBJ 500010ce (sz=64, trace=302555, class=SevenZip.Compression.LZMA.Encoder$Optimal@50000da3)
OBJ 500010cf (sz=64, trace=302555, class=SevenZip.Compression.LZMA.Encoder$Optimal@50000da3)
OBJ 500010d0 (sz=64, trace=302555, class=SevenZip.Compression.LZMA.Encoder$Optimal@50000da3)
OBJ 500010d1 (sz=64, trace=302555, class=SevenZip.Compression.LZMA.Encoder$Optimal@50000da3)
OBJ 500010d2 (sz=64, trace=302555, class=SevenZip.Compression.LZMA.Encoder$Optimal@50000da3)
OBJ 500010d3 (sz=64, trace=302555, class=SevenZip.Compression.LZMA.Encoder$Optimal@50000da3)
OBJ 500010d4 (sz=64, trace=302555, class=SevenZip.Compression.LZMA.Encoder$Optimal@50000da3)
OBJ 500010d5 (sz=64, trace=302555, class=SevenZip.Compression.LZMA.Encoder$Optimal@50000da3)
OBJ 500010d6 (sz=64, trace=302555, class=SevenZip.Compression.LZMA.Encoder$Optimal@50000da3)
OBJ 500010d7 (sz=64, trace=302555, class=SevenZip.Compression.LZMA.Encoder$Optimal@50000da3)
OBJ 500010d8 (sz=64, trace=302555, class=SevenZip.Compression.LZMA.Encoder$Optimal@50000da3)
OBJ 500010d9 (sz=64, trace=302555, class=SevenZip.Compression.LZMA.Encoder$Optimal@50000da3)
OBJ 500010da (sz=64, trace=302555, class=SevenZip.Compression.LZMA.Encoder$Optimal@50000da3)
OBJ 500010db (sz=64, trace=302555, class=SevenZip.Compression.LZMA.Encoder$Optimal@50000da3)
OBJ 500010dc (sz=64, trace=302555, class=SevenZip.Compression.LZMA.Encoder$Optimal@50000da3)
OBJ 500010dd (sz=64, trace=302555, class=SevenZip.Compression.LZMA.Encoder$Optimal@50000da3)
OBJ 500010de (sz=64, trace=302555, class=SevenZip.Compression.LZMA.Encoder$Optimal@50000da3)
OBJ 500010df (sz=64, trace=302555, class=SevenZip.Compression.LZMA.Encoder$Optimal@50000da3)
OBJ 500010e0 (sz=64, trace=302555, class=SevenZip.Compression.LZMA.Encoder$Optimal@50000da3)
OBJ 500010e1 (sz=64, trace=302555, class=SevenZip.Compression.LZMA.Encoder$Optimal@50000da3)
OBJ 500010e2 (sz=64, trace=302555, class=SevenZip.Compression.LZMA.Encoder$Optimal@50000da3)
OBJ 500010e3 (sz=64, trace=302555, class=SevenZip.Compression.LZMA.Encoder$Optimal@50000da3)
OBJ 500010e4 (sz=64, trace=302555, class=SevenZip.Compression.LZMA.Encoder$Optimal@50000da3)
OBJ 500010e5 (sz=64, trace=302555, class=SevenZip.Compression.LZMA.Encoder$Optimal@50000da3)
OBJ 500010e6 (sz=64, trace=302555, class=SevenZip.Compression.LZMA.Encoder$Optimal@50000da3)
OBJ 500010e7 (sz=64, trace=302555, class=SevenZip.Compression.LZMA.Encoder$Optimal@50000da3)
OBJ 500010e8 (sz=64, trace=302555, class=SevenZip.Compression.LZMA.Encoder$Optimal@50000da3)
OBJ 500010e9 (sz=64, trace=302555, class=SevenZip.Compression.LZMA.Encoder$Optimal@50000da3)
OBJ 500010ea (sz=64, trace=302555, class=SevenZip.Compression.LZMA.Encoder$Optimal@50000da3)
OBJ 500010eb (sz=64, trace=302555, class=SevenZip.Compression.LZMA.Encoder$Optimal@50000da3)
OBJ 500010ec (sz=64, trace=302555, class=SevenZip.Compression.LZMA.Encoder$Optimal@50000da3)
OBJ 500010ed (sz=64, trace=302555, class=SevenZip.Compression.LZMA.Encoder$Optimal@50000da3)
OBJ 500010ee (sz=64, trace=302555, class=SevenZip.Compression.LZMA.Encoder$Optimal@50000da3)
OBJ 500010ef (sz=64, trace=302555, class=SevenZip.Compression.LZMA.Encoder$Optimal@50000da3)
OBJ 500010f0 (sz=64, trace=302555, class=SevenZip.Compression.LZMA.Encoder$Optimal@50000da3)
OBJ 500010f1 (sz=64, trace=302555, class=SevenZip.Compression.LZMA.Encoder$Optimal@50000da3)
OBJ 500010f2 (sz=64, trace=302555, class=SevenZip.Compression.LZMA.Encoder$Optimal@50000da3)
OBJ 500010f3 (sz=64, trace=302555, class=SevenZip.Compression.LZMA.Encoder$Optimal@50000da3)
OBJ 500010f4 (sz=64, trace=302555, class=SevenZip.Compression.LZMA.Encoder$Optimal@50000da3)
OBJ 500010f5 (sz=64, trace=302555, class=SevenZip.Compression.LZMA.Encoder$Optimal@50000da3)
OBJ 500010f6 (sz=64, trace=302555, class=SevenZip.Compression.LZMA.Encoder$Optimal@50000da3)
OBJ 500010f7 (sz=64, trace=302555, class=SevenZip.Compression.LZMA.Encoder$Optimal@50000da3)
OBJ 500010f8 (sz=64, trace=302555, class=SevenZip.Compression.LZMA.Encoder$Optimal@50000da3)
OBJ 500010f9 (sz=64, trace=302555, class=SevenZip.Compression.LZMA.Encoder$Optimal@50000da3)
OBJ 500010fa (sz=64, trace=302555, class=SevenZip.Compression.LZMA.Encoder$Optimal@50000da3)
OBJ 500010fb (sz=64, trace=302555, class=SevenZip.Compression.LZMA.Encoder$Optimal@50000da3)
OBJ 500010fc (sz=64, trace=302555, class=SevenZip.Compression.LZMA.Encoder$Optimal@50000da3)
OBJ 500010fd (sz=64, trace=302555, class=SevenZip.Compression.LZMA.Encoder$Optimal@50000da3)
OBJ 500010fe (sz=64, trace=302555, class=SevenZip.Compression.LZMA.Encoder$Optimal@50000da3)
OBJ 500010ff (sz=64, trace=302555, class=SevenZip.Compression.LZMA.Encoder$Optimal@50000da3)
OBJ 50001100 (sz=64, trace=302555, class=SevenZip.Compression.LZMA.Encoder$Optimal@50000da3)
OBJ 50001101 (sz=64, trace=302555, class=SevenZip.Compression.LZMA.Encoder$Optimal@50000da3)
OBJ 50001102 (sz=64, trace=302555, class=SevenZip.Compression.LZMA.Encoder$Optimal@50000da3)
OBJ 50001103 (sz=64, trace=302555, class=SevenZip.Compression.LZMA.Encoder$Optimal@50000da3)
OBJ 50001104 (sz=64, trace=302555, class=SevenZip.Compression.LZMA.Encoder$Optimal@50000da3)
OBJ 50001105 (sz=64, trace=302555, class=SevenZip.Compression.LZMA.Encoder$Optimal@50000da3)
OBJ 50001106 (sz=64, trace=302555, class=SevenZip.Compression.LZMA.Encoder$Optimal@50000da3)
OBJ 50001107 (sz=64, trace=302555, class=SevenZip.Compression.LZMA.Encoder$Optimal@50000da3)
OBJ 50001108 (sz=64, trace=302555, class=SevenZip.Compression.LZMA.Encoder$Optimal@50000da3)
OBJ 50001109 (sz=64, trace=302555, class=SevenZip.Compression.LZMA.Encoder$Optimal@50000da3)
OBJ 5000110a (sz=64, trace=302555, class=SevenZip.Compression.LZMA.Encoder$Optimal@50000da3)
OBJ 5000110b (sz=64, trace=302555, class=SevenZip.Compression.LZMA.Encoder$Optimal@50000da3)
OBJ 5000110c (sz=64, trace=302555, class=SevenZip.Compression.LZMA.Encoder$Optimal@50000da3)
OBJ 5000110d (sz=64, trace=302555, class=SevenZip.Compression.LZMA.Encoder$Optimal@50000da3)
OBJ 5000110e (sz=64, trace=302555, class=SevenZip.Compression.LZMA.Encoder$Optimal@50000da3)
OBJ 5000110f (sz=64, trace=302555, class=SevenZip.Compression.LZMA.Encoder$Optimal@50000da3)
OBJ 50001110 (sz=64, trace=302555, class=SevenZip.Compression.LZMA.Encoder$Optimal@50000da3)
OBJ 50001111 (sz=64, trace=302555, class=SevenZip.Compression.LZMA.Encoder$Optimal@50000da3)
OBJ 50001112 (sz=64, trace=302555, class=SevenZip.Compression.LZMA.Encoder$Optimal@50000da3)
OBJ 50001113 (sz=64, trace=302555, class=SevenZip.Compression.LZMA.Encoder$Optimal@50000da3)
OBJ 50001114 (sz=64, trace=302555, class=SevenZip.Compression.LZMA.Encoder$Optimal@50000da3)
OBJ 50001115 (sz=64, trace=302555, class=SevenZip.Compression.LZMA.Encoder$Optimal@50000da3)
OBJ 50001116 (sz=64, trace=302555, class=SevenZip.Compression.LZMA.Encoder$Optimal@50000da3)
OBJ 50001117 (sz=64, trace=302555, class=SevenZip.Compression.LZMA.Encoder$Optimal@50000da3)
OBJ 50001118 (sz=64, trace=302555, class=SevenZip.Compression.LZMA.Encoder$Optimal@50000da3)
OBJ 50001119 (sz=64, trace=302555, class=SevenZip.Compression.LZMA.Encoder$Optimal@50000da3)
ARR 5000111a (sz=80, trace=301027, nelems=0, elem type=char[])
OBJ 5000111b (sz=24, trace=301028, class=java.lang.String@50000096)
ARR 5000111c (sz=80, trace=301029, nelems=0, elem type=char[])
OBJ 5000111d (sz=24, trace=301030, class=java.lang.String@50000096)
ARR 5000111e (sz=120, trace=301031, nelems=0, elem type=char[])
ARR 5000111f (sz=168, trace=301032, nelems=0, elem type=byte[])
ARR 50001120 (sz=72, trace=301033, nelems=0, elem type=byte[])
OBJ 50001121 (sz=64, trace=302555, class=SevenZip.Compression.LZMA.Encoder$Optimal@50000da3)
OBJ 50001122 (sz=64, trace=302555, class=SevenZip.Compression.LZMA.Encoder$Optimal@50000da3)
OBJ 50001123 (sz=64, trace=302555, class=SevenZip.Compression.LZMA.Encoder$Optimal@50000da3)
OBJ 50001124 (sz=64, trace=302555, class=SevenZip.Compression.LZMA.Encoder$Optimal@50000da3)
OBJ 50001125 (sz=64, trace=302555, class=SevenZip.Compression.LZMA.Encoder$Optimal@50000da3)
OBJ 50001126 (sz=64, trace=302555, class=SevenZip.Compression.LZMA.Encoder$Optimal@50000da3)
OBJ 50001127 (sz=64, trace=302555, class=SevenZip.Compression.LZMA.Encoder$Optimal@50000da3)
OBJ 50001128 (sz=64, trace=302555, class=SevenZip.Compression.LZMA.Encoder$Optimal@50000da3)
OBJ 50001129 (sz=64, trace=302555, class=SevenZip.Compression.LZMA.Encoder$Optimal@50000da3)
OBJ 5000112a (sz=64, trace=302555, class=SevenZip.Compression.LZMA.Encoder$Optimal@50000da3)
OBJ 5000112b (sz=64, trace=302555, class=SevenZip.Compression.LZMA.Encoder$Optimal@50000da3)
OBJ 5000112c (sz=64, trace=302555, class=SevenZip.Compression.LZMA.Encoder$Optimal@50000da3)
OBJ 5000112d (sz=64, trace=302555, class=SevenZip.Compression.LZMA.Encoder$Optimal@50000da3)
OBJ 5000112e (sz=64, trace=302555, class=SevenZip.Compression.LZMA.Encoder$Optimal@50000da3)
OBJ 5000112f (sz=64, trace=302555, class=SevenZip.Compression.LZMA.Encoder$Optimal@50000da3)
OBJ 50001130 (sz=64, trace=302555, class=SevenZip.Compression.LZMA.Encoder$Optimal@50000da3)
OBJ 50001132 (sz=56, trace=301034, class=java.util.zip.ZipFile$ZipFileInputStream@500002ea)
	this$0		50000b3a
OBJ 50001133 (sz=40, trace=300148, class=java.lang.ref.Finalizer@50000107)
	referent	50001132
	queue		50001194
	next		50008db9
	prev		50001135
OBJ 50001134 (sz=56, trace=300156, class=java.util.zip.ZipFile$ZipFileInflaterInputStream@500002f4)
	in		50001132
	inf		50000b54
	buf		50001143
	singleByteBuf	50001138
	b		5000113d
	zfin		50001132
	this$0		50000b3a
OBJ 50001135 (sz=40, trace=300148, class=java.lang.ref.Finalizer@50000107)
	referent	50001134
	queue		50001194
	next		50001133
OBJ 50001137 (sz=16, trace=300480, class=java.lang.Object@500000a7)
ARR 50001138 (sz=1, trace=301035, nelems=1, elem type=byte[])
OBJ 50001139 (sz=40, trace=300022, class=java.util.concurrent.ConcurrentHashMap$Segment@50000140)
	sync		5000113a
	table		500067f7
OBJ 5000113a (sz=32, trace=300023, class=java.util.concurrent.locks.ReentrantLock$NonfairSync@5000003d)
OBJ 5000113b (sz=32, trace=300024, class=java.util.concurrent.ConcurrentHashMap$HashEntry@50000115)
	key		500014c9
	value		50001137
OBJ 5000113c (sz=16, trace=300481, class=java.lang.Object@500000a7)
ARR 5000113d (sz=512, trace=301036, nelems=512, elem type=byte[])
OBJ 5000113e (sz=40, trace=300022, class=java.util.concurrent.ConcurrentHashMap$Segment@50000140)
	sync		5000113f
	table		500067fb
OBJ 5000113f (sz=32, trace=300023, class=java.util.concurrent.locks.ReentrantLock$NonfairSync@5000003d)
OBJ 50001140 (sz=32, trace=300027, class=java.util.concurrent.ConcurrentHashMap$HashEntry@50000115)
	key		500014c9
	value		5000113c
OBJ 50001141 (sz=16, trace=300480, class=java.lang.Object@500000a7)
OBJ 50001142 (sz=32, trace=300024, class=java.util.concurrent.ConcurrentHashMap$HashEntry@50000115)
	key		5000152b
	value		50001141
ARR 50001143 (sz=1133, trace=301037, nelems=1133, elem type=byte[])
OBJ 50001144 (sz=16, trace=300481, class=java.lang.Object@500000a7)
OBJ 50001145 (sz=32, trace=300027, class=java.util.concurrent.ConcurrentHashMap$HashEntry@50000115)
	key		5000152b
	value		50001144
OBJ 50001146 (sz=40, trace=300160, class=java.util.WeakHashMap$Entry@50000038)
OBJ 50001147 (sz=16, trace=300480, class=java.lang.Object@500000a7)
OBJ 50001148 (sz=32, trace=300024, class=java.util.concurrent.ConcurrentHashMap$HashEntry@50000115)
	key		5000140b
	value		50001147
ARR 50001149 (sz=16, trace=300344, nelems=0, elem type=byte[])
OBJ 5000114a (sz=16, trace=300481, class=java.lang.Object@500000a7)
OBJ 5000114b (sz=32, trace=300027, class=java.util.concurrent.ConcurrentHashMap$HashEntry@50000115)
	key		5000140b
	value		5000114a
ARR 5000114c (sz=1040, trace=300345, nelems=0, elem type=byte[])
OBJ 5000114d (sz=16, trace=300480, class=java.lang.Object@500000a7)
ARR 5000114e (sz=1152, trace=300345, nelems=0, elem type=byte[])
OBJ 5000114f (sz=32, trace=300346, class=java.security.CodeSource@500000c0)
OBJ 50001150 (sz=16, trace=300481, class=java.lang.Object@500000a7)
OBJ 50001151 (sz=24, trace=300464, class=java.lang.String@50000096)
ARR 50001152 (sz=80, trace=300465, nelems=0, elem type=char[])
OBJ 50001153 (sz=16, trace=300480, class=java.lang.Object@500000a7)
OBJ 50001154 (sz=32, trace=300024, class=java.util.concurrent.ConcurrentHashMap$HashEntry@50000115)
	key		500014c7
	value		50001153
OBJ 50001155 (sz=24, trace=300469, class=java.lang.StringBuffer@5000005d)
OBJ 50001156 (sz=16, trace=300481, class=java.lang.Object@500000a7)
OBJ 50001157 (sz=32, trace=300027, class=java.util.concurrent.ConcurrentHashMap$HashEntry@50000115)
	key		500014c7
	value		50001156
ARR 50001158 (sz=144, trace=300470, nelems=0, elem type=char[])
OBJ 5000115a (sz=16, trace=300480, class=java.lang.Object@500000a7)
OBJ 5000115b (sz=24, trace=300471, class=java.lang.String@50000096)
OBJ 5000115c (sz=40, trace=300022, class=java.util.concurrent.ConcurrentHashMap$Segment@50000140)
	sync		5000115d
	table		50000c79
OBJ 5000115d (sz=32, trace=300023, class=java.util.concurrent.locks.ReentrantLock$NonfairSync@5000003d)
OBJ 5000115e (sz=32, trace=300024, class=java.util.concurrent.ConcurrentHashMap$HashEntry@50000115)
	key		5000146d
	value		5000115a
OBJ 5000115f (sz=16, trace=300481, class=java.lang.Object@500000a7)
ARR 50001160 (sz=144, trace=300051, nelems=0, elem type=char[])
OBJ 50001161 (sz=40, trace=300022, class=java.util.concurrent.ConcurrentHashMap$Segment@50000140)
	sync		50001162
	table		50000c81
OBJ 50001162 (sz=32, trace=300023, class=java.util.concurrent.locks.ReentrantLock$NonfairSync@5000003d)
OBJ 50001163 (sz=32, trace=300027, class=java.util.concurrent.ConcurrentHashMap$HashEntry@50000115)
	key		5000146d
	value		5000115f
OBJ 50001165 (sz=16, trace=300480, class=java.lang.Object@500000a7)
OBJ 50001167 (sz=40, trace=300022, class=java.util.concurrent.ConcurrentHashMap$Segment@50000140)
	sync		50001168
	table		50000c9f
OBJ 50001168 (sz=32, trace=300023, class=java.util.concurrent.locks.ReentrantLock$NonfairSync@5000003d)
OBJ 50001169 (sz=32, trace=300024, class=java.util.concurrent.ConcurrentHashMap$HashEntry@50000115)
	key		5000151b
	value		50001165
OBJ 5000116a (sz=16, trace=300481, class=java.lang.Object@500000a7)
OBJ 5000116b (sz=32, trace=302608, class=org.junit.runner.notification.RunNotifier$2@50001166)
OBJ 5000116c (sz=40, trace=300022, class=java.util.concurrent.ConcurrentHashMap$Segment@50000140)
	sync		5000116d
	table		50000ca7
OBJ 5000116d (sz=32, trace=300023, class=java.util.concurrent.locks.ReentrantLock$NonfairSync@5000003d)
OBJ 5000116e (sz=32, trace=300027, class=java.util.concurrent.ConcurrentHashMap$HashEntry@50000115)
	key		5000151b
	value		5000116a
OBJ 5000116f (sz=16, trace=300480, class=java.lang.Object@500000a7)
OBJ 50001170 (sz=24, trace=302609, class=java.util.ArrayList@5000004e)
ARR 50001171 (sz=56, trace=302610, nelems=0, elem type=java.lang.Object[]@500000a8)
OBJ 50001172 (sz=16, trace=300481, class=java.lang.Object@500000a7)
OBJ 50001173 (sz=24, trace=302611, class=java.util.ArrayList@5000004e)
ARR 50001174 (sz=56, trace=302612, nelems=0, elem type=java.lang.Object[]@500000a8)
OBJ 50001175 (sz=16, trace=300480, class=java.lang.Object@500000a7)
OBJ 50001176 (sz=32, trace=302613, class=java.util.ArrayList$Itr@50001c12)
OBJ 50001177 (sz=16, trace=300481, class=java.lang.Object@500000a7)
OBJ 50001178 (sz=24, trace=302614, class=java.lang.StringBuffer@5000005d)
OBJ 50001179 (sz=16, trace=300480, class=java.lang.Object@500000a7)
ARR 5000117a (sz=64, trace=302615, nelems=0, elem type=char[])
OBJ 5000117b (sz=40, trace=300022, class=java.util.concurrent.ConcurrentHashMap$Segment@50000140)
	sync		5000117c
	table		50008149
OBJ 5000117c (sz=32, trace=300023, class=java.util.concurrent.locks.ReentrantLock$NonfairSync@5000003d)
OBJ 5000117d (sz=32, trace=300024, class=java.util.concurrent.ConcurrentHashMap$HashEntry@50000115)
	key		5000143d
	value		50001179
OBJ 5000117e (sz=16, trace=300481, class=java.lang.Object@500000a7)
OBJ 5000117f (sz=24, trace=302616, class=java.lang.String@50000096)
OBJ 50001180 (sz=40, trace=300022, class=java.util.concurrent.ConcurrentHashMap$Segment@50000140)
	sync		50001181
	table		5000814c
OBJ 50001181 (sz=32, trace=300023, class=java.util.concurrent.locks.ReentrantLock$NonfairSync@5000003d)
OBJ 50001182 (sz=32, trace=300027, class=java.util.concurrent.ConcurrentHashMap$HashEntry@50000115)
	key		5000143d
	value		5000117e
OBJ 50001183 (sz=16, trace=300480, class=java.lang.Object@500000a7)
ARR 50001184 (sz=40, trace=302617, nelems=0, elem type=char[])
OBJ 50001185 (sz=48, trace=302246, class=java.nio.HeapCharBuffer@5000003c)
OBJ 50001186 (sz=16, trace=300481, class=java.lang.Object@500000a7)
ARR 50001187 (sz=24, trace=302618, nelems=0, elem type=char[])
OBJ 50001188 (sz=48, trace=302619, class=java.nio.HeapCharBuffer@5000003c)
OBJ 50001189 (sz=32, trace=302620, class=java.net.SocketException@50001b90)
OBJ 5000118b (sz=32, trace=302622, class=java.util.ArrayList$Itr@50001c12)
ARR 5000118d (sz=56, trace=302624, nelems=0, elem type=java.lang.Runnable[]@5000002f)
OBJ 5000118f (sz=16, trace=302626, class=java.lang.Shutdown$Lock@5000118e)
OBJ 50001190 (sz=16, trace=302627, class=java.lang.Shutdown$Lock@5000118e)
OBJ 50001191 (sz=104, trace=300000, class=java.lang.Thread@50000083)
	name		50002288
	contextClassLoader	5000119e
	blockerLock	50002287
OBJ 50001192 (sz=104, trace=300000, class=java.lang.Thread@50000083)
	name		50001ea0
	group		500011b7
	contextClassLoader	5000119e
	inheritedAccessControlContext	50001e9f
	blockerLock	50001e9e
OBJ 50001193 (sz=112, trace=300000, class=java.lang.ref.Finalizer$FinalizerThread@50000169)
	name		50001ea3
	group		500011b7
	inheritedAccessControlContext	50001ea2
	threadLocals	50000917
	blockerLock	50001ea1
OBJ 50001194 (sz=32, trace=300000, class=java.lang.ref.ReferenceQueue@50000117)
	lock		50001195
OBJ 50001195 (sz=16, trace=300000, class=java.lang.ref.ReferenceQueue$Lock@50000020)
OBJ 50001196 (sz=104, trace=300000, class=java.lang.ref.Reference$ReferenceHandler@500000c8)
	name		50001f27
	group		500011b7
	inheritedAccessControlContext	50001f26
	blockerLock	50001f25
OBJ 50001197 (sz=16, trace=300000, class=java.lang.ref.Reference$Lock@50000167)
OBJ 50001198 (sz=104, trace=300000, class=java.lang.Thread@50000083)
	name		50001f48
	group		500011b6
	contextClassLoader	5000119e
	inheritedAccessControlContext	50001f45
	threadLocals	50001f44
	blockerLock	50001f43
OBJ 50001199 (sz=16, trace=300000, class=java.lang.Runtime@50000145)
ARR 5000119a (sz=56, trace=300000, nelems=10, elem type=java.lang.String[]@50000097)
	[0]		50001741
	[1]		50001743
	[2]		50001745
	[3]		50001747
	[4]		50001749
	[5]		5000174b
	[6]		5000174d
	[7]		5000174f
	[8]		50001751
	[9]		50001753
OBJ 5000119b (sz=24, trace=300000, class=java.lang.String@50000096)
	value		5000132c
OBJ 5000119c (sz=32, trace=300000, class=java.lang.NullPointerException@500000cc)
OBJ 5000119d (sz=32, trace=300000, class=java.lang.ArithmeticException@50000127)
	detailMessage	500021ca
OBJ 5000119e (sz=80, trace=300000, class=sun.misc.Launcher$AppClassLoader@50000098)
	parent		500013d8
	parallelLockMap	500013d7
	package2certs	500013d6
	classes		500013d5
	defaultDomain	500013d4
	domains		500013d3
	packages	500013d2
	nativeLibraries	500013d1
	assertionLock	500013d0
	pdcache		500013cf
	ucp		500013ce
	acc		500013cd
	closeables	500013cc
OBJ 5000119f (sz=112, trace=300000, class=java.lang.Class@50000080)
OBJ 500011a0 (sz=112, trace=300000, class=java.lang.Class@50000080)
OBJ 500011a1 (sz=64, trace=302555, class=SevenZip.Compression.LZMA.Encoder$Optimal@50000da3)
OBJ 500011a2 (sz=112, trace=300000, class=java.lang.Class@50000080)
OBJ 500011a3 (sz=112, trace=300000, class=java.lang.Class@50000080)
OBJ 500011a4 (sz=112, trace=300000, class=java.lang.Class@50000080)
OBJ 500011a5 (sz=112, trace=300000, class=java.lang.Class@50000080)
OBJ 500011a6 (sz=112, trace=300000, class=java.lang.Class@50000080)
OBJ 500011a7 (sz=112, trace=300000, class=java.lang.Class@50000080)
OBJ 500011a8 (sz=112, trace=300000, class=java.lang.Class@50000080)
OBJ 500011a9 (sz=576, trace=300000, class=java.lang.Class@50000080)
ARR 500011aa (sz=0, trace=300000, nelems=0, elem type=byte[])
ARR 500011ab (sz=0, trace=300000, nelems=0, elem type=short[])
ARR 500011ac (sz=0, trace=300000, nelems=0, elem type=int[])
ARR 500011ad (sz=16, trace=300000, nelems=0, elem type=java.lang.Class[]@50000081)
OBJ 500011ae (sz=24, trace=300000, class=java.lang.String@50000096)
	value		500021a2
OBJ 500011af (sz=24, trace=300000, class=java.lang.String@50000096)
	value		500021ff
OBJ 500011b0 (sz=32, trace=300000, class=java.lang.OutOfMemoryError@500000c6)
	detailMessage	500021fb
OBJ 500011b1 (sz=32, trace=300000, class=java.lang.OutOfMemoryError@500000c6)
	detailMessage	500021f9
OBJ 500011b2 (sz=32, trace=300000, class=java.lang.OutOfMemoryError@500000c6)
	detailMessage	500021f7
OBJ 500011b3 (sz=32, trace=300000, class=java.lang.OutOfMemoryError@500000c6)
	detailMessage	500021d1
ARR 500011b4 (sz=32, trace=300000, nelems=4, elem type=java.lang.OutOfMemoryError[]@500000c7)
	[0]		500021cc
	[1]		500021cd
	[2]		500021ce
	[3]		500021d0
OBJ 500011b5 (sz=32, trace=300000, class=java.lang.VirtualMachineError@50000005)
OBJ 500011b6 (sz=48, trace=300000, class=java.lang.ThreadGroup@50000001)
	parent		500011b7
	name		50001e9b
	threads		50001e9a
	groups		500087e1
OBJ 500011b7 (sz=48, trace=300000, class=java.lang.ThreadGroup@50000001)
	name		50001713
	threads		50001e9d
	groups		50001e9c
OBJ 500011b8 (sz=32, trace=300000, class=java.lang.VirtualMachineError@50000005)
OBJ 500011b9 (sz=24, trace=300000, class=java.lang.String@50000096)
	value		500021c1
OBJ 500011ba (sz=24, trace=300000, class=java.lang.String@50000096)
	value		500021be
OBJ 500011bb (sz=24, trace=300000, class=java.lang.String@50000096)
	value		500021bc
OBJ 500011bc (sz=24, trace=300000, class=java.lang.String@50000096)
	value		500021bd
ARR 500011bd (sz=16, trace=300000, nelems=0, elem type=java.lang.Throwable[]@5000001c)
OBJ 500011be (sz=24, trace=300000, class=java.util.Collections$UnmodifiableRandomAccessList@50000101)
	c		500011c0
	list		500011c0
ARR 500011bf (sz=16, trace=300000, nelems=0, elem type=java.lang.StackTraceElement[]@5000000b)
OBJ 500011c0 (sz=24, trace=300000, class=java.util.ArrayList@5000004e)
	elementData	500011c1
ARR 500011c1 (sz=16, trace=300000, nelems=0, elem type=java.lang.Object[]@500000a8)
OBJ 500011c2 (sz=24, trace=300000, class=java.lang.String@50000096)
	value		500011dd
OBJ 500011c3 (sz=24, trace=300000, class=java.lang.String@50000096)
	value		500011dc
OBJ 500011c4 (sz=24, trace=300000, class=java.lang.String@50000096)
	value		500021b4
OBJ 500011c5 (sz=24, trace=300000, class=java.lang.String@50000096)
	value		500021b3
OBJ 500011c6 (sz=24, trace=300000, class=java.lang.String@50000096)
	value		500021b2
OBJ 500011c7 (sz=24, trace=300000, class=java.lang.String@50000096)
	value		500021af
OBJ 500011c8 (sz=24, trace=300000, class=java.lang.String@50000096)
	value		500021ad
OBJ 500011c9 (sz=24, trace=300000, class=java.lang.String@50000096)
	value		500016f1
OBJ 500011ca (sz=24, trace=300000, class=java.lang.String@50000096)
	value		500016d2
OBJ 500011cb (sz=24, trace=300000, class=java.lang.String@50000096)
	value		500021ac
OBJ 500011cc (sz=24, trace=300000, class=java.lang.String@50000096)
	value		500021ab
OBJ 500011cd (sz=24, trace=300000, class=java.lang.String@50000096)
	value		500011d0
OBJ 500011ce (sz=24, trace=300000, class=java.lang.RuntimePermission@50000111)
	name		500011cd
	path		500011cd
ARR 500011cf (sz=16, trace=300000, nelems=0, elem type=java.lang.StackTraceElement[]@5000000b)
ARR 500011d0 (sz=64, trace=300000, nelems=32, elem type=char[])
OBJ 500011d1 (sz=24, trace=300000, class=java.lang.String@50000096)
	value		500021aa
OBJ 500011d2 (sz=24, trace=300000, class=java.lang.String@50000096)
	value		500021a9
OBJ 500011d3 (sz=24, trace=300000, class=java.lang.String@50000096)
	value		500021a8
OBJ 500011d4 (sz=24, trace=300000, class=java.lang.String@50000096)
	value		500021a7
OBJ 500011d5 (sz=24, trace=300000, class=java.lang.String@50000096)
	value		500021a6
OBJ 500011d6 (sz=24, trace=300000, class=java.lang.String@50000096)
	value		500021a5
OBJ 500011d7 (sz=24, trace=300000, class=java.lang.String@50000096)
	value		50001ddb
OBJ 500011d8 (sz=24, trace=300000, class=java.lang.String@50000096)
	value		500021a1
OBJ 500011d9 (sz=16, trace=300000, class=java.lang.String$CaseInsensitiveComparator@50000070)
ARR 500011da (sz=16, trace=300000, nelems=0, elem type=java.io.ObjectStreamField[]@50000024)
OBJ 500011db (sz=24, trace=300000, class=java.lang.String@50000096)
	value		500011de
ARR 500011dc (sz=74, trace=300000, nelems=37, elem type=char[])
ARR 500011dd (sz=50, trace=300000, nelems=25, elem type=char[])
ARR 500011de (sz=2, trace=300000, nelems=1, elem type=char[])
OBJ 500011df (sz=24, trace=300000, class=java.lang.String@50000096)
	value		500021a0
OBJ 500011e0 (sz=24, trace=300000, class=java.lang.String@50000096)
	value		500020bd
OBJ 500011e1 (sz=24, trace=300000, class=java.lang.String@50000096)
	value		5000219f
OBJ 500011e2 (sz=24, trace=300000, class=java.lang.String@50000096)
	value		5000219e
OBJ 500011e3 (sz=24, trace=300000, class=java.lang.String@50000096)
	value		5000219d
OBJ 500011e4 (sz=24, trace=300000, class=java.lang.String@50000096)
	value		5000219c
OBJ 500011e5 (sz=24, trace=300000, class=java.lang.String@50000096)
	value		50002186
OBJ 500011e6 (sz=24, trace=300000, class=java.lang.String@50000096)
	value		50002182
OBJ 500011e7 (sz=24, trace=300000, class=java.lang.String@50000096)
	value		50002185
OBJ 500011e8 (sz=24, trace=300000, class=java.lang.String@50000096)
	value		50002184
OBJ 500011e9 (sz=24, trace=300000, class=java.lang.String@50000096)
	value		50002181
OBJ 500011ea (sz=24, trace=300000, class=java.lang.String@50000096)
	value		50002183
OBJ 500011eb (sz=24, trace=300000, class=java.lang.String@50000096)
	value		500020ef
OBJ 500011ec (sz=24, trace=300000, class=java.lang.String@50000096)
	value		50002117
OBJ 500011ed (sz=24, trace=300000, class=java.lang.String@50000096)
	value		5000219b
OBJ 500011ee (sz=24, trace=300000, class=java.lang.String@50000096)
	value		500020da
OBJ 500011ef (sz=24, trace=300000, class=java.lang.String@50000096)
	value		500020e2
OBJ 500011f0 (sz=24, trace=300000, class=java.lang.String@50000096)
	value		500020cf
OBJ 500011f1 (sz=24, trace=300000, class=java.lang.String@50000096)
	value		500020b8
OBJ 500011f2 (sz=24, trace=300000, class=java.lang.String@50000096)
	value		5000209a
OBJ 500011f3 (sz=24, trace=300000, class=java.lang.String@50000096)
	value		50002123
OBJ 500011f4 (sz=24, trace=300000, class=java.lang.String@50000096)
	value		5000209b
OBJ 500011f5 (sz=24, trace=300000, class=java.lang.String@50000096)
	value		500020db
OBJ 500011f6 (sz=24, trace=300000, class=java.lang.String@50000096)
	value		500020e3
OBJ 500011f7 (sz=24, trace=300000, class=java.lang.String@50000096)
	value		5000211f
OBJ 500011f8 (sz=24, trace=300000, class=java.lang.String@50000096)
	value		500020fb
OBJ 500011f9 (sz=24, trace=300000, class=java.lang.String@50000096)
	value		500020c8
OBJ 500011fa (sz=24, trace=300000, class=java.lang.String@50000096)
	value		500020be
OBJ 500011fb (sz=24, trace=300000, class=java.lang.String@50000096)
	value		5000210a
ARR 500011fc (sz=40, trace=300000, nelems=6, elem type=java.io.ObjectStreamField[]@50000024)
	[0]		5000217b
	[1]		5000217c
	[2]		5000217d
	[3]		5000217e
	[4]		5000217f
	[5]		50002180
OBJ 500011fd (sz=24, trace=300000, class=java.util.Locale@5000000f)
	baseLocale	500020bf
OBJ 500011fe (sz=24, trace=300000, class=java.util.Locale@5000000f)
	baseLocale	500020d7
OBJ 500011ff (sz=24, trace=300000, class=java.util.Locale@5000000f)
	baseLocale	5000210b
OBJ 50001200 (sz=24, trace=300000, class=java.util.Locale@5000000f)
	baseLocale	50002111
OBJ 50001201 (sz=24, trace=300000, class=java.util.Locale@5000000f)
	baseLocale	500020c9
OBJ 50001202 (sz=24, trace=300000, class=java.util.Locale@5000000f)
	baseLocale	50002099
OBJ 50001203 (sz=24, trace=300000, class=java.util.Locale@5000000f)
	baseLocale	50002124
OBJ 50001204 (sz=24, trace=300000, class=java.util.Locale@5000000f)
	baseLocale	500020fc
OBJ 50001205 (sz=24, trace=300000, class=java.util.Locale@5000000f)
	baseLocale	50002118
OBJ 50001206 (sz=24, trace=300000, class=java.util.Locale@5000000f)
	baseLocale	50002120
OBJ 50001207 (sz=24, trace=300000, class=java.util.Locale@5000000f)
	baseLocale	500020e9
OBJ 50001208 (sz=24, trace=300000, class=java.util.Locale@5000000f)
	baseLocale	500020dc
OBJ 50001209 (sz=24, trace=300000, class=java.util.Locale@5000000f)
	baseLocale	500020c2
OBJ 5000120a (sz=24, trace=300000, class=java.util.Locale@5000000f)
	baseLocale	500020b9
OBJ 5000120b (sz=24, trace=300000, class=java.util.Locale@5000000f)
	baseLocale	500020f0
OBJ 5000120c (sz=24, trace=300000, class=java.util.Locale@5000000f)
	baseLocale	500020d0
OBJ 5000120d (sz=24, trace=300000, class=java.util.Locale@5000000f)
	baseLocale	5000212a
OBJ 5000120e (sz=24, trace=300000, class=java.util.Locale@5000000f)
	baseLocale	5000210e
OBJ 5000120f (sz=24, trace=300000, class=java.util.Locale@5000000f)
	baseLocale	50002107
OBJ 50001210 (sz=24, trace=300000, class=java.util.Locale$Cache@500000ef)
	map		50001212
	queue		50001211
OBJ 50001211 (sz=32, trace=300000, class=java.lang.ref.ReferenceQueue@50000117)
	lock		50002130
OBJ 50001212 (sz=48, trace=300000, class=java.util.concurrent.ConcurrentHashMap@500000f3)
	segments	50001213
ARR 50001213 (sz=80, trace=300000, nelems=15, elem type=java.util.concurrent.ConcurrentHashMap$Segment[]@50000141)
	[0]		50001214
	[1]		50001215
	[3]		50001216
	[6]		50001217
	[7]		50001218
	[8]		50001219
	[9]		5000121a
	[10]		5000121b
	[12]		5000121c
	[13]		5000121d
	[14]		5000121e
OBJ 50001214 (sz=40, trace=300000, class=java.util.concurrent.ConcurrentHashMap$Segment@50000140)
	sync		50002171
	table		50002170
OBJ 50001215 (sz=40, trace=300000, class=java.util.concurrent.ConcurrentHashMap$Segment@50000140)
	sync		5000216c
	table		5000216b
OBJ 50001216 (sz=40, trace=300000, class=java.util.concurrent.ConcurrentHashMap$Segment@50000140)
	sync		50002164
	table		50002163
OBJ 50001217 (sz=40, trace=300000, class=java.util.concurrent.ConcurrentHashMap$Segment@50000140)
	sync		5000215c
	table		5000215b
OBJ 50001218 (sz=40, trace=300000, class=java.util.concurrent.ConcurrentHashMap$Segment@50000140)
	sync		50002157
	table		50002156
OBJ 50001219 (sz=40, trace=300000, class=java.util.concurrent.ConcurrentHashMap$Segment@50000140)
	sync		5000214f
	table		5000214e
OBJ 5000121a (sz=40, trace=300000, class=java.util.concurrent.ConcurrentHashMap$Segment@50000140)
	sync		5000214a
	table		50002149
OBJ 5000121b (sz=40, trace=300000, class=java.util.concurrent.ConcurrentHashMap$Segment@50000140)
	sync		5000213c
	table		5000213b
OBJ 5000121c (sz=40, trace=300000, class=java.util.concurrent.ConcurrentHashMap$Segment@50000140)
	sync		50002137
	table		50002136
OBJ 5000121d (sz=40, trace=300000, class=java.util.concurrent.ConcurrentHashMap$Segment@50000140)
	sync		50002132
	table		50002131
OBJ 5000121e (sz=40, trace=300000, class=java.util.concurrent.ConcurrentHashMap$Segment@50000140)
	sync		50001220
	table		5000121f
ARR 5000121f (sz=24, trace=300000, nelems=2, elem type=java.util.concurrent.ConcurrentHashMap$HashEntry[]@50000116)
	[1]		50002096
OBJ 50001220 (sz=32, trace=300000, class=java.util.concurrent.locks.ReentrantLock$NonfairSync@5000003d)
OBJ 50001221 (sz=24, trace=300000, class=java.lang.String@50000096)
	value		50002095
OBJ 50001222 (sz=24, trace=300000, class=java.lang.String@50000096)
	value		50002094
OBJ 50001223 (sz=24, trace=300000, class=java.lang.String@50000096)
	value		50002093
OBJ 50001224 (sz=24, trace=300000, class=java.lang.String@50000096)
	value		50002092
OBJ 50001225 (sz=24, trace=300000, class=java.lang.String@50000096)
	value		500013e9
OBJ 50001226 (sz=16, trace=300000, class=sun.misc.Unsafe@5000007c)
OBJ 50001227 (sz=24, trace=300000, class=java.lang.String@50000096)
	value		50001733
OBJ 50001228 (sz=24, trace=300000, class=java.lang.String@50000096)
	value		50001773
OBJ 50001229 (sz=24, trace=300000, class=java.lang.String@50000096)
	value		500017d6
OBJ 5000122a (sz=24, trace=300000, class=java.lang.String@50000096)
	value		50002091
OBJ 5000122b (sz=24, trace=300000, class=java.lang.String@50000096)
	value		5000208e
OBJ 5000122c (sz=16, trace=300000, class=sun.reflect.ReflectionFactory@500000ea)
ARR 5000122d (sz=16, trace=300000, nelems=0, elem type=java.io.ObjectStreamField[]@50000024)
OBJ 5000122e (sz=24, trace=300000, class=java.lang.String@50000096)
	value		50001231
OBJ 5000122f (sz=16, trace=300000, class=java.lang.reflect.ReflectAccess@500000e6)
OBJ 50001230 (sz=24, trace=300000, class=java.lang.RuntimePermission@50000111)
	name		5000122e
	path		5000122e
ARR 50001231 (sz=46, trace=300000, nelems=23, elem type=char[])
OBJ 50001232 (sz=24, trace=300000, class=java.lang.String@50000096)
	value		500017a3
OBJ 50001233 (sz=24, trace=300000, class=java.lang.String@50000096)
	value		500017a4
OBJ 50001234 (sz=24, trace=300000, class=java.lang.String@50000096)
	value		50001235
ARR 50001235 (sz=16, trace=300000, nelems=8, elem type=char[])
OBJ 50001236 (sz=24, trace=300000, class=java.lang.String@50000096)
	value		5000170d
OBJ 50001237 (sz=24, trace=300000, class=java.lang.String@50000096)
	value		50002089
OBJ 50001238 (sz=24, trace=300000, class=java.lang.String@50000096)
	value		5000170c
OBJ 50001239 (sz=24, trace=300000, class=java.lang.String@50000096)
	value		5000123a
ARR 5000123a (sz=18, trace=300000, nelems=9, elem type=char[])
OBJ 5000123b (sz=24, trace=300000, class=java.lang.String@50000096)
	value		5000123c
ARR 5000123c (sz=12, trace=300000, nelems=6, elem type=char[])
OBJ 5000123d (sz=24, trace=300000, class=java.lang.String@50000096)
	value		5000123e
ARR 5000123e (sz=10, trace=300000, nelems=5, elem type=char[])
OBJ 5000123f (sz=24, trace=300000, class=java.lang.String@50000096)
	value		50001250
OBJ 50001240 (sz=24, trace=300000, class=java.lang.String@50000096)
	value		5000124f
ARR 50001241 (sz=40, trace=300000, nelems=10, elem type=int[])
ARR 50001242 (sz=200, trace=300000, nelems=100, elem type=char[])
ARR 50001243 (sz=200, trace=300000, nelems=100, elem type=char[])
ARR 50001244 (sz=72, trace=300000, nelems=36, elem type=char[])
OBJ 50001245 (sz=24, trace=300000, class=java.lang.String@50000096)
	value		5000124e
OBJ 50001246 (sz=24, trace=300000, class=java.lang.String@50000096)
	value		5000124d
OBJ 50001247 (sz=24, trace=300000, class=java.lang.String@50000096)
	value		5000124c
ARR 50001248 (sz=512, trace=300000, nelems=256, elem type=char[])
ARR 50001249 (sz=1024, trace=300000, nelems=256, elem type=int[])
OBJ 5000124a (sz=16, trace=300000, class=java.lang.CharacterDataLatin1@50000066)
ARR 5000124b (sz=4, trace=300000, nelems=2, elem type=char[])
ARR 5000124c (sz=1024, trace=300000, nelems=512, elem type=char[])
ARR 5000124d (sz=512, trace=300000, nelems=256, elem type=char[])
ARR 5000124e (sz=8, trace=300000, nelems=4, elem type=char[])
ARR 5000124f (sz=6, trace=300000, nelems=3, elem type=char[])
ARR 50001250 (sz=8, trace=300000, nelems=4, elem type=char[])
OBJ 50001251 (sz=24, trace=300000, class=java.lang.String@50000096)
	value		50001252
ARR 50001252 (sz=10, trace=300000, nelems=5, elem type=char[])
OBJ 50001253 (sz=24, trace=300000, class=java.lang.String@50000096)
	value		50001254
ARR 50001254 (sz=8, trace=300000, nelems=4, elem type=char[])
OBJ 50001255 (sz=24, trace=300000, class=java.lang.String@50000096)
	value		50002088
OBJ 50001256 (sz=16, trace=300000, class=java.lang.Boolean@50000159)
OBJ 50001257 (sz=16, trace=300000, class=java.lang.Boolean@50000159)
OBJ 50001258 (sz=24, trace=300000, class=java.lang.String@50000096)
	value		50002087
OBJ 50001259 (sz=24, trace=300000, class=java.lang.String@50000096)
	value		50002086
OBJ 5000125a (sz=24, trace=300000, class=java.lang.String@50000096)
	value		50002085
OBJ 5000125b (sz=24, trace=300000, class=java.lang.String@50000096)
	value		50002084
OBJ 5000125c (sz=24, trace=300000, class=java.lang.String@50000096)
	value		50002083
OBJ 5000125d (sz=24, trace=300000, class=java.lang.String@50000096)
	value		50002082
OBJ 5000125e (sz=24, trace=300000, class=java.lang.String@50000096)
	value		50002081
OBJ 5000125f (sz=24, trace=300000, class=java.lang.String@50000096)
	value		50002080
OBJ 50001260 (sz=24, trace=300000, class=java.lang.String@50000096)
	value		50001f81
OBJ 50001261 (sz=24, trace=300000, class=java.lang.String@50000096)
	value		5000207f
OBJ 50001262 (sz=24, trace=300000, class=java.lang.String@50000096)
	value		50001321
OBJ 50001263 (sz=56, trace=300000, class=java.util.Properties@50000100)
	table		5000201f
	entrySet	5000201e
OBJ 50001264 (sz=32, trace=300000, class=java.io.PrintStream@5000012b)
	out		50002016
	textOut		50002010
	charOut		5000200f
OBJ 50001265 (sz=64, trace=302555, class=SevenZip.Compression.LZMA.Encoder$Optimal@50000da3)
OBJ 50001266 (sz=64, trace=302555, class=SevenZip.Compression.LZMA.Encoder$Optimal@50000da3)
OBJ 50001267 (sz=64, trace=302555, class=SevenZip.Compression.LZMA.Encoder$Optimal@50000da3)
OBJ 50001268 (sz=64, trace=302555, class=SevenZip.Compression.LZMA.Encoder$Optimal@50000da3)
OBJ 50001269 (sz=64, trace=302555, class=SevenZip.Compression.LZMA.Encoder$Optimal@50000da3)
OBJ 5000126a (sz=32, trace=300000, class=java.io.PrintStream@5000012b)
	out		50002007
	textOut		50002006
	charOut		50002005
OBJ 5000126b (sz=40, trace=300000, class=java.io.BufferedInputStream@5000012a)
	in		5000126d
	buf		5000126c
ARR 5000126c (sz=8192, trace=300000, nelems=8192, elem type=byte[])
OBJ 5000126d (sz=32, trace=300000, class=java.io.FileInputStream@50000015)
	fd		5000126f
	closeLock	5000126e
OBJ 5000126e (sz=16, trace=300000, class=java.lang.Object@500000a7)
OBJ 5000126f (sz=24, trace=300000, class=java.io.FileDescriptor@500000c9)
	useCount	50001270
OBJ 50001270 (sz=16, trace=300000, class=java.util.concurrent.atomic.AtomicInteger@500000eb)
OBJ 50001271 (sz=24, trace=300000, class=java.lang.String@50000096)
	value		50001272
ARR 50001272 (sz=10, trace=300000, nelems=5, elem type=char[])
OBJ 50001273 (sz=24, trace=300000, class=java.io.FileDescriptor@500000c9)
	useCount	50001276
OBJ 50001274 (sz=24, trace=300000, class=java.io.FileDescriptor@500000c9)
	useCount	50001275
OBJ 50001275 (sz=16, trace=300000, class=java.util.concurrent.atomic.AtomicInteger@500000eb)
OBJ 50001276 (sz=16, trace=300000, class=java.util.concurrent.atomic.AtomicInteger@500000eb)
OBJ 50001278 (sz=16, trace=300480, class=java.lang.Object@500000a7)
OBJ 50001279 (sz=16, trace=300000, class=java.security.ProtectionDomain$1@50000060)
OBJ 5000127a (sz=16, trace=300481, class=java.lang.Object@500000a7)
OBJ 5000127b (sz=16, trace=300000, class=java.security.ProtectionDomain$3@5000002c)
OBJ 5000127c (sz=16, trace=300000, class=java.io.FileDescriptor$1@500000e0)
OBJ 5000127d (sz=16, trace=300000, class=java.nio.Bits$1@5000013a)
OBJ 5000127e (sz=16, trace=300000, class=java.net.URLClassLoader$7@50000120)
OBJ 5000127f (sz=16, trace=300000, class=java.lang.System$2@50000051)
OBJ 50001280 (sz=24, trace=300000, class=java.lang.String@50000096)
	value		50002000
OBJ 50001281 (sz=24, trace=300000, class=java.lang.String@50000096)
	value		50001fff
OBJ 50001282 (sz=24, trace=300000, class=java.lang.String@50000096)
	value		50001ffe
OBJ 50001283 (sz=24, trace=300000, class=java.lang.String@50000096)
	value		50001ffd
OBJ 50001284 (sz=24, trace=300000, class=java.lang.String@50000096)
	value		50001291
OBJ 50001285 (sz=24, trace=300000, class=java.lang.String@50000096)
	value		500016e0
OBJ 50001286 (sz=24, trace=300000, class=java.lang.String@50000096)
	value		50001ffc
OBJ 50001287 (sz=24, trace=300000, class=java.lang.String@50000096)
	value		50001ffb
OBJ 50001288 (sz=24, trace=300000, class=java.lang.String@50000096)
	value		50001ffa
OBJ 50001289 (sz=24, trace=300000, class=java.lang.String@50000096)
	value		50001ff9
OBJ 5000128a (sz=24, trace=300000, class=java.lang.String@50000096)
	value		50001ff8
OBJ 5000128b (sz=24, trace=300000, class=java.lang.String@50000096)
	value		50001ff7
OBJ 5000128c (sz=24, trace=300000, class=java.lang.String@50000096)
	value		50001ff6
OBJ 5000128d (sz=24, trace=300000, class=java.lang.String@50000096)
	value		50001ff5
OBJ 5000128e (sz=24, trace=300000, class=java.lang.String@50000096)
	value		50001ff4
OBJ 5000128f (sz=24, trace=300000, class=java.lang.String@50000096)
	value		50001ff3
OBJ 50001290 (sz=24, trace=300000, class=java.lang.String@50000096)
	value		50001292
ARR 50001291 (sz=40, trace=300000, nelems=20, elem type=char[])
ARR 50001292 (sz=134, trace=300000, nelems=67, elem type=char[])
OBJ 50001293 (sz=24, trace=300000, class=java.lang.String@50000096)
	value		5000129b
OBJ 50001294 (sz=24, trace=300000, class=java.lang.String@50000096)
	value		5000129a
OBJ 50001295 (sz=24, trace=300000, class=java.lang.String@50000096)
	value		50001299
OBJ 50001296 (sz=24, trace=300000, class=java.lang.String@50000096)
	value		50001298
ARR 50001297 (sz=32, trace=300000, nelems=16, elem type=char[])
ARR 50001298 (sz=32, trace=300000, nelems=16, elem type=char[])
ARR 50001299 (sz=48, trace=300000, nelems=24, elem type=char[])
ARR 5000129a (sz=38, trace=300000, nelems=19, elem type=char[])
ARR 5000129b (sz=12, trace=300000, nelems=6, elem type=char[])
OBJ 5000129c (sz=24, trace=300000, class=java.lang.String@50000096)
	value		5000129e
OBJ 5000129d (sz=24, trace=300000, class=java.lang.String@50000096)
	value		5000129f
ARR 5000129e (sz=26, trace=300000, nelems=13, elem type=char[])
ARR 5000129f (sz=10, trace=300000, nelems=5, elem type=char[])
OBJ 500012a0 (sz=24, trace=300000, class=java.lang.String@50000096)
	value		500013ff
OBJ 500012a1 (sz=24, trace=300000, class=java.util.Collections$EmptyMap@50000027)
OBJ 500012a2 (sz=16, trace=300000, class=java.util.Collections$EmptyList@500000bf)
OBJ 500012a3 (sz=16, trace=300000, class=java.util.Collections$EmptySet@5000013b)
OBJ 500012a4 (sz=24, trace=300000, class=java.lang.String@50000096)
	value		50001ff2
OBJ 500012a5 (sz=24, trace=300000, class=java.lang.String@50000096)
	value		50001ff1
OBJ 500012a6 (sz=24, trace=300000, class=java.lang.String@50000096)
	value		50001ff0
OBJ 500012a7 (sz=24, trace=300000, class=java.lang.String@50000096)
	value		50001fef
OBJ 500012a8 (sz=24, trace=300000, class=java.lang.String@50000096)
	value		50001fee
OBJ 500012a9 (sz=24, trace=300000, class=java.lang.String@50000096)
	value		50001ea6
OBJ 500012aa (sz=24, trace=300000, class=java.lang.String@50000096)
	value		50001fed
OBJ 500012ab (sz=56, trace=300000, class=java.util.Properties@50000100)
	table		500012ac
ARR 500012ac (sz=400, trace=300000, nelems=89, elem type=java.util.Hashtable$Entry[]@50000048)
	[0]		500012ad
	[1]		500012ae
	[4]		500012af
	[9]		500012b0
	[11]		500012b1
	[13]		500012b2
	[16]		500012b3
	[17]		500012b4
	[18]		500012b5
	[19]		500012b6
	[21]		500012b7
	[22]		500012b8
	[24]		500012b9
	[26]		500012ba
	[27]		500012bb
	[33]		500012bc
	[38]		500012bd
	[39]		500012be
	[40]		500012bf
	[41]		500012c0
	[42]		500012c1
	[44]		500012c2
	[47]		500012c3
	[49]		500012c4
	[54]		500012c5
	[57]		500012c6
	[63]		500012c7
	[65]		500012c8
	[67]		500012c9
	[70]		500012ca
	[72]		500012cb
	[76]		500012cc
	[79]		500012cd
	[80]		500012ce
	[81]		500012cf
	[82]		500012d0
	[85]		500012d1
	[88]		500012d2
OBJ 500012ad (sz=32, trace=300000, class=java.util.Hashtable$Entry@50000047)
	key		500013bf
	value		500013be
OBJ 500012ae (sz=32, trace=300000, class=java.util.Hashtable$Entry@50000047)
	key		500013bb
	value		500013ba
OBJ 500012af (sz=32, trace=300000, class=java.util.Hashtable$Entry@50000047)
	key		500013b7
	value		500013b6
OBJ 500012b0 (sz=32, trace=300000, class=java.util.Hashtable$Entry@50000047)
	key		500013af
	value		500013ae
	next		500013ad
OBJ 500012b1 (sz=32, trace=300000, class=java.util.Hashtable$Entry@50000047)
	key		500013aa
	value		500013a9
OBJ 500012b2 (sz=32, trace=300000, class=java.util.Hashtable$Entry@50000047)
	key		500013a6
	value		500013a5
OBJ 500012b3 (sz=32, trace=300000, class=java.util.Hashtable$Entry@50000047)
	key		500013a2
	value		500013a1
OBJ 500012b4 (sz=32, trace=300000, class=java.util.Hashtable$Entry@50000047)
	key		5000139e
	value		5000139d
OBJ 500012b5 (sz=32, trace=300000, class=java.util.Hashtable$Entry@50000047)
	key		5000139a
	value		50001399
OBJ 500012b6 (sz=32, trace=300000, class=java.util.Hashtable$Entry@50000047)
	key		50001396
	value		50001395
OBJ 500012b7 (sz=32, trace=300000, class=java.util.Hashtable$Entry@50000047)
	key		5000138e
	value		5000138d
	next		5000138c
OBJ 500012b8 (sz=32, trace=300000, class=java.util.Hashtable$Entry@50000047)
	key		50001389
	value		50001388
OBJ 500012b9 (sz=32, trace=300000, class=java.util.Hashtable$Entry@50000047)
	key		50001381
	value		50001380
	next		5000137f
OBJ 500012ba (sz=32, trace=300000, class=java.util.Hashtable$Entry@50000047)
	key		50001374
	value		50001373
	next		50001372
OBJ 500012bb (sz=32, trace=300000, class=java.util.Hashtable$Entry@50000047)
	key		5000136f
	value		5000136e
OBJ 500012bc (sz=32, trace=300000, class=java.util.Hashtable$Entry@50000047)
	key		50001362
	value		50001361
	next		50001360
OBJ 500012bd (sz=32, trace=300000, class=java.util.Hashtable$Entry@50000047)
	key		50001354
	value		50001353
	next		50001352
OBJ 500012be (sz=32, trace=300000, class=java.util.Hashtable$Entry@50000047)
	key		5000134f
	value		5000134e
OBJ 500012bf (sz=32, trace=300000, class=java.util.Hashtable$Entry@50000047)
	key		5000134b
	value		5000134a
OBJ 500012c0 (sz=32, trace=300000, class=java.util.Hashtable$Entry@50000047)
	key		50001347
	value		50001346
OBJ 500012c1 (sz=32, trace=300000, class=java.util.Hashtable$Entry@50000047)
	key		50001343
	value		50001342
OBJ 500012c2 (sz=32, trace=300000, class=java.util.Hashtable$Entry@50000047)
	key		5000133f
	value		5000133e
OBJ 500012c3 (sz=32, trace=300000, class=java.util.Hashtable$Entry@50000047)
	key		5000133b
	value		5000133a
OBJ 500012c4 (sz=32, trace=300000, class=java.util.Hashtable$Entry@50000047)
	key		50001333
	value		50001332
	next		50001331
OBJ 500012c5 (sz=32, trace=300000, class=java.util.Hashtable$Entry@50000047)
	key		5000132e
	value		5000132d
OBJ 500012c6 (sz=32, trace=300000, class=java.util.Hashtable$Entry@50000047)
	key		5000132a
	value		5000119b
OBJ 500012c7 (sz=32, trace=300000, class=java.util.Hashtable$Entry@50000047)
	key		50001327
	value		50001326
OBJ 500012c8 (sz=32, trace=300000, class=java.util.Hashtable$Entry@50000047)
	key		50001323
	value		50001322
OBJ 500012c9 (sz=32, trace=300000, class=java.util.Hashtable$Entry@50000047)
	key		5000131c
	value		5000131b
	next		5000131a
OBJ 500012ca (sz=32, trace=300000, class=java.util.Hashtable$Entry@50000047)
	key		50001313
	value		50001312
	next		50001311
OBJ 500012cb (sz=32, trace=300000, class=java.util.Hashtable$Entry@50000047)
	key		5000130e
	value		5000130d
OBJ 500012cc (sz=32, trace=300000, class=java.util.Hashtable$Entry@50000047)
	key		50001306
	value		50001305
	next		50001304
OBJ 500012cd (sz=32, trace=300000, class=java.util.Hashtable$Entry@50000047)
	key		500012f8
	value		500012f7
	next		500012f6
OBJ 500012ce (sz=32, trace=300000, class=java.util.Hashtable$Entry@50000047)
	key		500012ef
	value		500012ee
	next		500012ed
OBJ 500012cf (sz=32, trace=300000, class=java.util.Hashtable$Entry@50000047)
	key		500012ea
	value		500012e9
OBJ 500012d0 (sz=32, trace=300000, class=java.util.Hashtable$Entry@50000047)
	key		500012e2
	value		500012e1
	next		500012e0
OBJ 500012d1 (sz=32, trace=300000, class=java.util.Hashtable$Entry@50000047)
	key		500012dd
	value		500012dc
OBJ 500012d2 (sz=32, trace=300000, class=java.util.Hashtable$Entry@50000047)
	key		500012d5
	value		500012d4
	next		500012d3
OBJ 500012d3 (sz=32, trace=300000, class=java.util.Hashtable$Entry@50000047)
	key		500012d9
	value		500012d8
OBJ 500012d4 (sz=24, trace=300000, class=java.lang.String@50000096)
	value		500012d7
OBJ 500012d5 (sz=24, trace=300000, class=java.lang.String@50000096)
	value		500012d6
ARR 500012d6 (sz=42, trace=300000, nelems=21, elem type=char[])
ARR 500012d7 (sz=142, trace=300000, nelems=71, elem type=char[])
OBJ 500012d8 (sz=24, trace=300000, class=java.lang.String@50000096)
	value		500012db
OBJ 500012d9 (sz=24, trace=300000, class=java.lang.String@50000096)
	value		500012da
ARR 500012da (sz=30, trace=300000, nelems=15, elem type=char[])
ARR 500012db (sz=18, trace=300000, nelems=9, elem type=char[])
OBJ 500012dc (sz=24, trace=300000, class=java.lang.String@50000096)
	value		500012df
OBJ 500012dd (sz=24, trace=300000, class=java.lang.String@50000096)
	value		500012de
ARR 500012de (sz=28, trace=300000, nelems=14, elem type=char[])
ARR 500012df (sz=10, trace=300000, nelems=5, elem type=char[])
OBJ 500012e0 (sz=32, trace=300000, class=java.util.Hashtable$Entry@50000047)
	key		500012e6
	value		500012e5
OBJ 500012e1 (sz=24, trace=300000, class=java.lang.String@50000096)
	value		500012e4
OBJ 500012e2 (sz=24, trace=300000, class=java.lang.String@50000096)
	value		500012e3
ARR 500012e3 (sz=28, trace=300000, nelems=14, elem type=char[])
ARR 500012e4 (sz=36, trace=300000, nelems=18, elem type=char[])
OBJ 500012e5 (sz=24, trace=300000, class=java.lang.String@50000096)
	value		500012e8
OBJ 500012e6 (sz=24, trace=300000, class=java.lang.String@50000096)
	value		500012e7
ARR 500012e7 (sz=30, trace=300000, nelems=15, elem type=char[])
ARR 500012e8 (sz=46, trace=300000, nelems=23, elem type=char[])
OBJ 500012e9 (sz=24, trace=300000, class=java.lang.String@50000096)
	value		500012ec
OBJ 500012ea (sz=24, trace=300000, class=java.lang.String@50000096)
	value		500012eb
ARR 500012eb (sz=28, trace=300000, nelems=14, elem type=char[])
ARR 500012ec (sz=2, trace=300000, nelems=1, elem type=char[])
OBJ 500012ed (sz=32, trace=300000, class=java.util.Hashtable$Entry@50000047)
	key		500012f3
	value		500012f2
OBJ 500012ee (sz=24, trace=300000, class=java.lang.String@50000096)
	value		500012f1
OBJ 500012ef (sz=24, trace=300000, class=java.lang.String@50000096)
	value		500012f0
ARR 500012f0 (sz=24, trace=300000, nelems=12, elem type=char[])
ARR 500012f1 (sz=66, trace=300000, nelems=33, elem type=char[])
OBJ 500012f2 (sz=24, trace=300000, class=java.lang.String@50000096)
	value		500012f5
OBJ 500012f3 (sz=24, trace=300000, class=java.lang.String@50000096)
	value		500012f4
ARR 500012f4 (sz=34, trace=300000, nelems=17, elem type=char[])
ARR 500012f5 (sz=12, trace=300000, nelems=6, elem type=char[])
OBJ 500012f6 (sz=32, trace=300000, class=java.util.Hashtable$Entry@50000047)
	key		500012fd
	value		500012fc
	next		500012fb
OBJ 500012f7 (sz=24, trace=300000, class=java.lang.String@50000096)
	value		500012fa
OBJ 500012f8 (sz=24, trace=300000, class=java.lang.String@50000096)
	value		500012f9
ARR 500012f9 (sz=24, trace=300000, nelems=12, elem type=char[])
ARR 500012fa (sz=4, trace=300000, nelems=2, elem type=char[])
OBJ 500012fb (sz=32, trace=300000, class=java.util.Hashtable$Entry@50000047)
	key		50001301
	value		50001300
OBJ 500012fc (sz=24, trace=300000, class=java.lang.String@50000096)
	value		500012ff
OBJ 500012fd (sz=24, trace=300000, class=java.lang.String@50000096)
	value		500012fe
ARR 500012fe (sz=34, trace=300000, nelems=17, elem type=char[])
ARR 500012ff (sz=24, trace=300000, nelems=12, elem type=char[])
OBJ 50001300 (sz=24, trace=300000, class=java.lang.String@50000096)
	value		50001303
OBJ 50001301 (sz=24, trace=300000, class=java.lang.String@50000096)
	value		50001302
ARR 50001302 (sz=36, trace=300000, nelems=18, elem type=char[])
ARR 50001303 (sz=14, trace=300000, nelems=7, elem type=char[])
OBJ 50001304 (sz=32, trace=300000, class=java.util.Hashtable$Entry@50000047)
	key		5000130a
	value		50001309
OBJ 50001305 (sz=24, trace=300000, class=java.lang.String@50000096)
	value		50001308
OBJ 50001306 (sz=24, trace=300000, class=java.lang.String@50000096)
	value		50001307
ARR 50001307 (sz=52, trace=300000, nelems=26, elem type=char[])
ARR 50001308 (sz=68, trace=300000, nelems=34, elem type=char[])
OBJ 50001309 (sz=24, trace=300000, class=java.lang.String@50000096)
	value		5000130c
OBJ 5000130a (sz=24, trace=300000, class=java.lang.String@50000096)
	value		5000130b
ARR 5000130b (sz=16, trace=300000, nelems=8, elem type=char[])
ARR 5000130c (sz=176, trace=300000, nelems=88, elem type=char[])
OBJ 5000130d (sz=24, trace=300000, class=java.lang.String@50000096)
	value		50001310
OBJ 5000130e (sz=24, trace=300000, class=java.lang.String@50000096)
	value		5000130f
ARR 5000130f (sz=40, trace=300000, nelems=20, elem type=char[])
ARR 50001310 (sz=56, trace=300000, nelems=28, elem type=char[])
OBJ 50001311 (sz=32, trace=300000, class=java.util.Hashtable$Entry@50000047)
	key		50001317
	value		50001316
OBJ 50001312 (sz=24, trace=300000, class=java.lang.String@50000096)
	value		50001315
OBJ 50001313 (sz=24, trace=300000, class=java.lang.String@50000096)
	value		50001314
ARR 50001314 (sz=36, trace=300000, nelems=18, elem type=char[])
ARR 50001315 (sz=160, trace=300000, nelems=80, elem type=char[])
OBJ 50001316 (sz=24, trace=300000, class=java.lang.String@50000096)
	value		50001319
OBJ 50001317 (sz=24, trace=300000, class=java.lang.String@50000096)
	value		50001318
ARR 50001318 (sz=14, trace=300000, nelems=7, elem type=char[])
ARR 50001319 (sz=12, trace=300000, nelems=6, elem type=char[])
OBJ 5000131a (sz=32, trace=300000, class=java.util.Hashtable$Entry@50000047)
	key		5000131f
	value		50001262
OBJ 5000131b (sz=24, trace=300000, class=java.lang.String@50000096)
	value		5000131e
OBJ 5000131c (sz=24, trace=300000, class=java.lang.String@50000096)
	value		5000131d
ARR 5000131d (sz=28, trace=300000, nelems=14, elem type=char[])
ARR 5000131e (sz=98, trace=300000, nelems=49, elem type=char[])
OBJ 5000131f (sz=24, trace=300000, class=java.lang.String@50000096)
	value		50001320
ARR 50001320 (sz=28, trace=300000, nelems=14, elem type=char[])
ARR 50001321 (sz=2, trace=300000, nelems=1, elem type=char[])
OBJ 50001322 (sz=24, trace=300000, class=java.lang.String@50000096)
	value		50001325
OBJ 50001323 (sz=24, trace=300000, class=java.lang.String@50000096)
	value		50001324
ARR 50001324 (sz=56, trace=300000, nelems=28, elem type=char[])
ARR 50001325 (sz=36, trace=300000, nelems=18, elem type=char[])
OBJ 50001326 (sz=24, trace=300000, class=java.lang.String@50000096)
	value		50001329
OBJ 50001327 (sz=24, trace=300000, class=java.lang.String@50000096)
	value		50001328
ARR 50001328 (sz=14, trace=300000, nelems=7, elem type=char[])
ARR 50001329 (sz=16, trace=300000, nelems=8, elem type=char[])
OBJ 5000132a (sz=24, trace=300000, class=java.lang.String@50000096)
	value		5000132b
ARR 5000132b (sz=32, trace=300000, nelems=16, elem type=char[])
ARR 5000132c (sz=16, trace=300000, nelems=8, elem type=char[])
OBJ 5000132d (sz=24, trace=300000, class=java.lang.String@50000096)
	value		50001330
OBJ 5000132e (sz=24, trace=300000, class=java.lang.String@50000096)
	value		5000132f
ARR 5000132f (sz=34, trace=300000, nelems=17, elem type=char[])
ARR 50001330 (sz=284, trace=300000, nelems=142, elem type=char[])
OBJ 50001331 (sz=32, trace=300000, class=java.util.Hashtable$Entry@50000047)
	key		50001337
	value		50001336
OBJ 50001332 (sz=24, trace=300000, class=java.lang.String@50000096)
	value		50001335
OBJ 50001333 (sz=24, trace=300000, class=java.lang.String@50000096)
	value		50001334
ARR 50001334 (sz=46, trace=300000, nelems=23, elem type=char[])
ARR 50001335 (sz=62, trace=300000, nelems=31, elem type=char[])
OBJ 50001336 (sz=24, trace=300000, class=java.lang.String@50000096)
	value		50001339
OBJ 50001337 (sz=24, trace=300000, class=java.lang.String@50000096)
	value		50001338
ARR 50001338 (sz=36, trace=300000, nelems=18, elem type=char[])
ARR 50001339 (sz=8, trace=300000, nelems=4, elem type=char[])
OBJ 5000133a (sz=24, trace=300000, class=java.lang.String@50000096)
	value		5000133d
OBJ 5000133b (sz=24, trace=300000, class=java.lang.String@50000096)
	value		5000133c
ARR 5000133c (sz=46, trace=300000, nelems=23, elem type=char[])
ARR 5000133d (sz=62, trace=300000, nelems=31, elem type=char[])
OBJ 5000133e (sz=24, trace=300000, class=java.lang.String@50000096)
	value		50001341
OBJ 5000133f (sz=24, trace=300000, class=java.lang.String@50000096)
	value		50001340
ARR 50001340 (sz=20, trace=300000, nelems=10, elem type=char[])
ARR 50001341 (sz=12, trace=300000, nelems=6, elem type=char[])
OBJ 50001342 (sz=24, trace=300000, class=java.lang.String@50000096)
	value		50001345
OBJ 50001343 (sz=24, trace=300000, class=java.lang.String@50000096)
	value		50001344
ARR 50001344 (sz=36, trace=300000, nelems=18, elem type=char[])
ARR 50001345 (sz=74, trace=300000, nelems=37, elem type=char[])
OBJ 50001346 (sz=24, trace=300000, class=java.lang.String@50000096)
	value		50001349
OBJ 50001347 (sz=24, trace=300000, class=java.lang.String@50000096)
	value		50001348
ARR 50001348 (sz=18, trace=300000, nelems=9, elem type=char[])
ARR 50001349 (sz=24, trace=300000, nelems=12, elem type=char[])
OBJ 5000134a (sz=24, trace=300000, class=java.lang.String@50000096)
	value		5000134d
OBJ 5000134b (sz=24, trace=300000, class=java.lang.String@50000096)
	value		5000134c
ARR 5000134c (sz=26, trace=300000, nelems=13, elem type=char[])
ARR 5000134d (sz=0, trace=300000, nelems=0, elem type=char[])
OBJ 5000134e (sz=24, trace=300000, class=java.lang.String@50000096)
	value		50001351
OBJ 5000134f (sz=24, trace=300000, class=java.lang.String@50000096)
	value		50001350
ARR 50001350 (sz=38, trace=300000, nelems=19, elem type=char[])
ARR 50001351 (sz=56, trace=300000, nelems=28, elem type=char[])
OBJ 50001352 (sz=32, trace=300000, class=java.util.Hashtable$Entry@50000047)
	key		5000135d
	value		50001357
OBJ 50001353 (sz=24, trace=300000, class=java.lang.String@50000096)
	value		50001356
OBJ 50001354 (sz=24, trace=300000, class=java.lang.String@50000096)
	value		50001355
ARR 50001355 (sz=26, trace=300000, nelems=13, elem type=char[])
ARR 50001356 (sz=10, trace=300000, nelems=5, elem type=char[])
OBJ 50001357 (sz=24, trace=300000, class=java.lang.String@50000096)
	value		5000135f
OBJ 50001358 (sz=64, trace=302555, class=SevenZip.Compression.LZMA.Encoder$Optimal@50000da3)
OBJ 50001359 (sz=64, trace=302555, class=SevenZip.Compression.LZMA.Encoder$Optimal@50000da3)
OBJ 5000135a (sz=64, trace=302555, class=SevenZip.Compression.LZMA.Encoder$Optimal@50000da3)
OBJ 5000135b (sz=64, trace=302555, class=SevenZip.Compression.LZMA.Encoder$Optimal@50000da3)
OBJ 5000135c (sz=64, trace=302555, class=SevenZip.Compression.LZMA.Encoder$Optimal@50000da3)
OBJ 5000135d (sz=24, trace=300000, class=java.lang.String@50000096)
	value		5000135e
ARR 5000135e (sz=52, trace=300000, nelems=26, elem type=char[])
ARR 5000135f (sz=6, trace=300000, nelems=3, elem type=char[])
OBJ 50001360 (sz=32, trace=300000, class=java.util.Hashtable$Entry@50000047)
	key		50001366
	value		50001365
OBJ 50001361 (sz=24, trace=300000, class=java.lang.String@50000096)
	value		50001364
OBJ 50001362 (sz=24, trace=300000, class=java.lang.String@50000096)
	value		50001363
ARR 50001363 (sz=18, trace=300000, nelems=9, elem type=char[])
ARR 50001364 (sz=10, trace=300000, nelems=5, elem type=char[])
OBJ 50001365 (sz=24, trace=300000, class=java.lang.String@50000096)
	value		5000136d
OBJ 50001366 (sz=24, trace=300000, class=java.lang.String@50000096)
	value		50001367
ARR 50001367 (sz=30, trace=300000, nelems=15, elem type=char[])
OBJ 50001369 (sz=16, trace=300480, class=java.lang.Object@500000a7)
OBJ 5000136a (sz=32, trace=300024, class=java.util.concurrent.ConcurrentHashMap$HashEntry@50000115)
	key		500014b7
	value		50001369
OBJ 5000136b (sz=16, trace=300481, class=java.lang.Object@500000a7)
OBJ 5000136c (sz=32, trace=300027, class=java.util.concurrent.ConcurrentHashMap$HashEntry@50000115)
	key		500014b7
	value		5000136b
ARR 5000136d (sz=1338, trace=300000, nelems=669, elem type=char[])
OBJ 5000136e (sz=24, trace=300000, class=java.lang.String@50000096)
	value		50001371
OBJ 5000136f (sz=24, trace=300000, class=java.lang.String@50000096)
	value		50001370
ARR 50001370 (sz=58, trace=300000, nelems=29, elem type=char[])
ARR 50001371 (sz=6, trace=300000, nelems=3, elem type=char[])
OBJ 50001372 (sz=32, trace=300000, class=java.util.Hashtable$Entry@50000047)
	key		50001378
	value		50001290
	next		50001377
OBJ 50001373 (sz=24, trace=300000, class=java.lang.String@50000096)
	value		50001376
OBJ 50001374 (sz=24, trace=300000, class=java.lang.String@50000096)
	value		50001375
ARR 50001375 (sz=38, trace=300000, nelems=19, elem type=char[])
ARR 50001376 (sz=4, trace=300000, nelems=2, elem type=char[])
OBJ 50001377 (sz=32, trace=300000, class=java.util.Hashtable$Entry@50000047)
	key		5000137c
	value		5000137b
OBJ 50001378 (sz=24, trace=300000, class=java.lang.String@50000096)
	value		50001379
ARR 50001379 (sz=18, trace=300000, nelems=9, elem type=char[])
OBJ 5000137a (sz=64, trace=302555, class=SevenZip.Compression.LZMA.Encoder$Optimal@50000da3)
OBJ 5000137b (sz=24, trace=300000, class=java.lang.String@50000096)
	value		5000137e
OBJ 5000137c (sz=24, trace=300000, class=java.lang.String@50000096)
	value		5000137d
ARR 5000137d (sz=32, trace=300000, nelems=16, elem type=char[])
ARR 5000137e (sz=534, trace=300000, nelems=267, elem type=char[])
OBJ 5000137f (sz=32, trace=300000, class=java.util.Hashtable$Entry@50000047)
	key		50001385
	value		50001384
OBJ 50001380 (sz=24, trace=300000, class=java.lang.String@50000096)
	value		50001383
OBJ 50001381 (sz=24, trace=300000, class=java.lang.String@50000096)
	value		50001382
ARR 50001382 (sz=50, trace=300000, nelems=25, elem type=char[])
ARR 50001383 (sz=36, trace=300000, nelems=18, elem type=char[])
OBJ 50001384 (sz=24, trace=300000, class=java.lang.String@50000096)
	value		50001387
OBJ 50001385 (sz=24, trace=300000, class=java.lang.String@50000096)
	value		50001386
ARR 50001386 (sz=26, trace=300000, nelems=13, elem type=char[])
ARR 50001387 (sz=4, trace=300000, nelems=2, elem type=char[])
OBJ 50001388 (sz=24, trace=300000, class=java.lang.String@50000096)
	value		5000138b
OBJ 50001389 (sz=24, trace=300000, class=java.lang.String@50000096)
	value		5000138a
ARR 5000138a (sz=22, trace=300000, nelems=11, elem type=char[])
ARR 5000138b (sz=54, trace=300000, nelems=27, elem type=char[])
OBJ 5000138c (sz=32, trace=300000, class=java.util.Hashtable$Entry@50000047)
	key		50001392
	value		50001391
OBJ 5000138d (sz=24, trace=300000, class=java.lang.String@50000096)
	value		50001390
OBJ 5000138e (sz=24, trace=300000, class=java.lang.String@50000096)
	value		5000138f
ARR 5000138f (sz=24, trace=300000, nelems=12, elem type=char[])
ARR 50001390 (sz=38, trace=300000, nelems=19, elem type=char[])
OBJ 50001391 (sz=24, trace=300000, class=java.lang.String@50000096)
	value		50001394
OBJ 50001392 (sz=24, trace=300000, class=java.lang.String@50000096)
	value		50001393
ARR 50001393 (sz=54, trace=300000, nelems=27, elem type=char[])
ARR 50001394 (sz=4, trace=300000, nelems=2, elem type=char[])
OBJ 50001395 (sz=24, trace=300000, class=java.lang.String@50000096)
	value		50001398
OBJ 50001396 (sz=24, trace=300000, class=java.lang.String@50000096)
	value		50001397
ARR 50001397 (sz=24, trace=300000, nelems=12, elem type=char[])
ARR 50001398 (sz=16, trace=300000, nelems=8, elem type=char[])
OBJ 50001399 (sz=24, trace=300000, class=java.lang.String@50000096)
	value		5000139c
OBJ 5000139a (sz=24, trace=300000, class=java.lang.String@50000096)
	value		5000139b
ARR 5000139b (sz=26, trace=300000, nelems=13, elem type=char[])
ARR 5000139c (sz=432, trace=300000, nelems=216, elem type=char[])
OBJ 5000139d (sz=24, trace=300000, class=java.lang.String@50000096)
	value		500013a0
OBJ 5000139e (sz=24, trace=300000, class=java.lang.String@50000096)
	value		5000139f
ARR 5000139f (sz=38, trace=300000, nelems=19, elem type=char[])
ARR 500013a0 (sz=1470, trace=300000, nelems=735, elem type=char[])
OBJ 500013a1 (sz=24, trace=300000, class=java.lang.String@50000096)
	value		500013a4
OBJ 500013a2 (sz=24, trace=300000, class=java.lang.String@50000096)
	value		500013a3
ARR 500013a3 (sz=22, trace=300000, nelems=11, elem type=char[])
ARR 500013a4 (sz=36, trace=300000, nelems=18, elem type=char[])
OBJ 500013a5 (sz=24, trace=300000, class=java.lang.String@50000096)
	value		500013a8
OBJ 500013a6 (sz=24, trace=300000, class=java.lang.String@50000096)
	value		500013a7
ARR 500013a7 (sz=28, trace=300000, nelems=14, elem type=char[])
ARR 500013a8 (sz=2, trace=300000, nelems=1, elem type=char[])
OBJ 500013a9 (sz=24, trace=300000, class=java.lang.String@50000096)
	value		500013ac
OBJ 500013aa (sz=24, trace=300000, class=java.lang.String@50000096)
	value		500013ab
ARR 500013ab (sz=38, trace=300000, nelems=19, elem type=char[])
ARR 500013ac (sz=70, trace=300000, nelems=35, elem type=char[])
OBJ 500013ad (sz=32, trace=300000, class=java.util.Hashtable$Entry@50000047)
	key		500013b3
	value		500013b2
OBJ 500013ae (sz=24, trace=300000, class=java.lang.String@50000096)
	value		500013b1
OBJ 500013af (sz=24, trace=300000, class=java.lang.String@50000096)
	value		500013b0
ARR 500013b0 (sz=28, trace=300000, nelems=14, elem type=char[])
ARR 500013b1 (sz=12, trace=300000, nelems=6, elem type=char[])
OBJ 500013b2 (sz=24, trace=300000, class=java.lang.String@50000096)
	value		500013b5
OBJ 500013b3 (sz=24, trace=300000, class=java.lang.String@50000096)
	value		500013b4
ARR 500013b4 (sz=46, trace=300000, nelems=23, elem type=char[])
ARR 500013b5 (sz=20, trace=300000, nelems=10, elem type=char[])
OBJ 500013b6 (sz=24, trace=300000, class=java.lang.String@50000096)
	value		500013b9
OBJ 500013b7 (sz=24, trace=300000, class=java.lang.String@50000096)
	value		500013b8
ARR 500013b8 (sz=36, trace=300000, nelems=18, elem type=char[])
ARR 500013b9 (sz=74, trace=300000, nelems=37, elem type=char[])
OBJ 500013ba (sz=24, trace=300000, class=java.lang.String@50000096)
	value		500013bd
OBJ 500013bb (sz=24, trace=300000, class=java.lang.String@50000096)
	value		500013bc
ARR 500013bc (sz=34, trace=300000, nelems=17, elem type=char[])
ARR 500013bd (sz=74, trace=300000, nelems=37, elem type=char[])
OBJ 500013be (sz=24, trace=300000, class=java.lang.String@50000096)
	value		500013c1
OBJ 500013bf (sz=24, trace=300000, class=java.lang.String@50000096)
	value		500013c0
ARR 500013c0 (sz=30, trace=300000, nelems=15, elem type=char[])
ARR 500013c1 (sz=0, trace=300000, nelems=0, elem type=char[])
ARR 500013c2 (sz=32, trace=300000, nelems=16, elem type=char[])
OBJ 500013c3 (sz=24, trace=300000, class=java.lang.String@50000096)
	value		50001fec
OBJ 500013c4 (sz=24, trace=300000, class=java.lang.String@50000096)
	value		50001fe9
OBJ 500013c5 (sz=24, trace=300000, class=java.lang.String@50000096)
	value		50001fe8
ARR 500013c6 (sz=24, trace=300000, nelems=1, elem type=java.lang.String[]@50000097)
	[0]		500012d4
ARR 500013c7 (sz=40, trace=300000, nelems=6, elem type=java.lang.String[]@50000097)
	[0]		50001fd1
	[1]		50001fd2
	[2]		50001fd3
	[3]		50001fd4
	[4]		50001fd5
	[5]		50001fd6
OBJ 500013c8 (sz=32, trace=300000, class=java.util.Stack@50000026)
	elementData	50001fd0
OBJ 500013c9 (sz=32, trace=300000, class=java.util.Vector@50000091)
	elementData	50001fcf
OBJ 500013ca (sz=32, trace=300000, class=java.util.Vector@50000091)
	elementData	50001fce
ARR 500013cb (sz=16, trace=300000, nelems=0, elem type=java.security.cert.Certificate[]@50000009)
OBJ 500013cc (sz=56, trace=300000, class=java.util.WeakHashMap@50000074)
	table		50001fcc
	queue		50001fcb
OBJ 500013cd (sz=32, trace=300000, class=java.security.AccessControlContext@50000011)
OBJ 500013ce (sz=40, trace=300000, class=sun.misc.URLClassPath@500000f6)
	path		50001fc5
	urls		50001fc4
	loaders		50001fc3
	lmap		50001fc2
	jarHandler	50001fc1
OBJ 500013cf (sz=56, trace=300000, class=java.util.HashMap@5000010b)
	table		50001fc0
OBJ 500013d0 (sz=16, trace=300000, class=java.lang.Object@500000a7)
OBJ 500013d1 (sz=32, trace=300000, class=java.util.Vector@50000091)
	elementData	50001fbf
OBJ 500013d2 (sz=56, trace=300000, class=java.util.HashMap@5000010b)
	table		50003c2a
OBJ 500013d3 (sz=24, trace=300000, class=java.util.Collections$SynchronizedSet@5000004f)
	c		50001fbb
	mutex		500013d3
OBJ 500013d4 (sz=40, trace=300000, class=java.security.ProtectionDomain@5000011f)
	codesource	50001fba
	classloader	5000119e
	principals	50001fb9
	key		50001fb8
OBJ 500013d5 (sz=32, trace=300000, class=java.util.Vector@50000091)
	elementData	500069c2
OBJ 500013d6 (sz=48, trace=300000, class=java.util.concurrent.ConcurrentHashMap@500000f3)
	segments	50001e90
OBJ 500013d7 (sz=48, trace=300000, class=java.util.concurrent.ConcurrentHashMap@500000f3)
	segments	50001e8d
OBJ 500013d8 (sz=80, trace=300000, class=sun.misc.Launcher$ExtClassLoader@5000002d)
	parallelLockMap	500013e4
	package2certs	500013e3
	classes		500013e2
	defaultDomain	500013e1
	domains		500013e0
	packages	500013df
	nativeLibraries	500013de
	assertionLock	500013dd
	pdcache		500013dc
	ucp		500013db
	acc		500013da
	closeables	500013d9
OBJ 500013d9 (sz=56, trace=300000, class=java.util.WeakHashMap@50000074)
	table		50001e3d
	queue		50001e3c
OBJ 500013da (sz=32, trace=300000, class=java.security.AccessControlContext@50000011)
OBJ 500013db (sz=40, trace=300000, class=sun.misc.URLClassPath@500000f6)
	path		50001823
	urls		50001822
	loaders		50001821
	lmap		50001820
	jarHandler	5000181f
OBJ 500013dc (sz=56, trace=300000, class=java.util.HashMap@5000010b)
	table		5000181e
OBJ 500013dd (sz=16, trace=300000, class=java.lang.Object@500000a7)
OBJ 500013de (sz=32, trace=300000, class=java.util.Vector@50000091)
	elementData	5000181d
OBJ 500013df (sz=56, trace=300000, class=java.util.HashMap@5000010b)
	table		5000181c
OBJ 500013e0 (sz=24, trace=300000, class=java.util.Collections$SynchronizedSet@5000004f)
	c		50001819
	mutex		500013e0
OBJ 500013e1 (sz=40, trace=300000, class=java.security.ProtectionDomain@5000011f)
	codesource	500015ac
	classloader	500013d8
	principals	500015ab
	key		500015aa
OBJ 500013e2 (sz=32, trace=300000, class=java.util.Vector@50000091)
	elementData	50001594
OBJ 500013e3 (sz=48, trace=300000, class=java.util.concurrent.ConcurrentHashMap@500000f3)
	segments	50001590
OBJ 500013e4 (sz=48, trace=300000, class=java.util.concurrent.ConcurrentHashMap@500000f3)
	segments	500013e5
ARR 500013e5 (sz=80, trace=300000, nelems=16, elem type=java.util.concurrent.ConcurrentHashMap$Segment[]@50000141)
	[0]		500013e6
	[1]		50000f1b
	[2]		50000dfe
	[3]		50000f0d
	[4]		5000116c
	[5]		5000102d
	[6]		5000019a
	[7]		50001c5d
	[8]		5000113e
	[9]		50001019
	[10]		50000e0a
	[11]		50001161
	[12]		50001180
	[13]		50000f03
	[14]		50001041
	[15]		50001037
OBJ 500013e6 (sz=40, trace=300000, class=java.util.concurrent.ConcurrentHashMap$Segment@50000140)
	sync		5000157d
	table		500052ea
OBJ 500013e7 (sz=24, trace=300000, class=java.lang.String@50000096)
	value		500013e8
ARR 500013e8 (sz=54, trace=300000, nelems=27, elem type=char[])
ARR 500013e9 (sz=8, trace=300000, nelems=4, elem type=char[])
OBJ 500013ea (sz=24, trace=300000, class=java.lang.String@50000096)
	value		500013eb
ARR 500013eb (sz=48, trace=300000, nelems=24, elem type=char[])
OBJ 500013ec (sz=24, trace=300000, class=java.lang.String@50000096)
	value		500013ed
ARR 500013ed (sz=114, trace=300000, nelems=57, elem type=char[])
OBJ 500013ee (sz=24, trace=300000, class=java.lang.String@50000096)
	value		500013ef
ARR 500013ef (sz=66, trace=300000, nelems=33, elem type=char[])
OBJ 500013f0 (sz=24, trace=300000, class=java.lang.String@50000096)
	value		500013f1
ARR 500013f1 (sz=34, trace=300000, nelems=17, elem type=char[])
OBJ 500013f2 (sz=24, trace=300000, class=java.lang.String@50000096)
	value		500013f3
ARR 500013f3 (sz=32, trace=300000, nelems=16, elem type=char[])
OBJ 500013f4 (sz=24, trace=300000, class=java.lang.String@50000096)
	value		500013f5
ARR 500013f5 (sz=88, trace=300000, nelems=44, elem type=char[])
OBJ 500013f6 (sz=24, trace=300000, class=java.lang.String@50000096)
	value		500013f7
ARR 500013f7 (sz=50, trace=300000, nelems=25, elem type=char[])
OBJ 500013f8 (sz=24, trace=300000, class=java.lang.String@50000096)
	value		50001400
OBJ 500013f9 (sz=24, trace=300000, class=java.lang.String@50000096)
	value		500013fe
OBJ 500013fa (sz=24, trace=300000, class=java.lang.String@50000096)
	value		500013fd
OBJ 500013fb (sz=24, trace=300000, class=java.lang.String@50000096)
	value		500013fc
ARR 500013fc (sz=56, trace=300000, nelems=28, elem type=char[])
ARR 500013fd (sz=22, trace=300000, nelems=11, elem type=char[])
ARR 500013fe (sz=24, trace=300000, nelems=12, elem type=char[])
ARR 500013ff (sz=16, trace=300000, nelems=8, elem type=char[])
ARR 50001400 (sz=16, trace=300000, nelems=8, elem type=char[])
OBJ 50001401 (sz=24, trace=300000, class=java.lang.String@50000096)
	value		50001402
ARR 50001402 (sz=62, trace=300000, nelems=31, elem type=char[])
OBJ 50001403 (sz=24, trace=300000, class=java.lang.String@50000096)
	value		50001404
ARR 50001404 (sz=64, trace=300000, nelems=32, elem type=char[])
OBJ 50001405 (sz=24, trace=300000, class=java.lang.String@50000096)
	value		50001406
ARR 50001406 (sz=70, trace=300000, nelems=35, elem type=char[])
OBJ 50001407 (sz=24, trace=300000, class=java.lang.String@50000096)
	value		50001408
ARR 50001408 (sz=102, trace=300000, nelems=51, elem type=char[])
OBJ 50001409 (sz=24, trace=300000, class=java.lang.String@50000096)
	value		5000140a
ARR 5000140a (sz=90, trace=300000, nelems=45, elem type=char[])
OBJ 5000140b (sz=24, trace=300000, class=java.lang.String@50000096)
	value		5000140c
ARR 5000140c (sz=32, trace=300000, nelems=16, elem type=char[])
OBJ 5000140d (sz=24, trace=300000, class=java.lang.String@50000096)
	value		5000140e
ARR 5000140e (sz=92, trace=300000, nelems=46, elem type=char[])
OBJ 5000140f (sz=24, trace=300000, class=java.lang.String@50000096)
	value		50001410
ARR 50001410 (sz=78, trace=300000, nelems=39, elem type=char[])
OBJ 50001411 (sz=24, trace=300000, class=java.lang.String@50000096)
	value		50001412
ARR 50001412 (sz=64, trace=300000, nelems=32, elem type=char[])
OBJ 50001413 (sz=24, trace=300000, class=java.lang.String@50000096)
	value		50001414
ARR 50001414 (sz=42, trace=300000, nelems=21, elem type=char[])
OBJ 50001415 (sz=24, trace=300000, class=java.lang.String@50000096)
	value		50001416
ARR 50001416 (sz=60, trace=300000, nelems=30, elem type=char[])
OBJ 50001417 (sz=24, trace=300000, class=java.lang.String@50000096)
	value		50001418
ARR 50001418 (sz=104, trace=300000, nelems=52, elem type=char[])
OBJ 50001419 (sz=24, trace=300000, class=java.lang.String@50000096)
	value		5000141a
ARR 5000141a (sz=40, trace=300000, nelems=20, elem type=char[])
OBJ 5000141b (sz=24, trace=300000, class=java.lang.String@50000096)
	value		5000141c
ARR 5000141c (sz=100, trace=300000, nelems=50, elem type=char[])
OBJ 5000141d (sz=24, trace=300000, class=java.lang.String@50000096)
	value		5000141e
ARR 5000141e (sz=48, trace=300000, nelems=24, elem type=char[])
OBJ 5000141f (sz=24, trace=300000, class=java.lang.String@50000096)
	value		50001420
ARR 50001420 (sz=46, trace=300000, nelems=23, elem type=char[])
OBJ 50001421 (sz=24, trace=300000, class=java.lang.String@50000096)
	value		50001422
ARR 50001422 (sz=114, trace=300000, nelems=57, elem type=char[])
OBJ 50001423 (sz=64, trace=302555, class=SevenZip.Compression.LZMA.Encoder$Optimal@50000da3)
OBJ 50001424 (sz=24, trace=300000, class=java.lang.String@50000096)
	value		50001425
ARR 50001425 (sz=32, trace=300000, nelems=16, elem type=char[])
OBJ 50001426 (sz=24, trace=300000, class=java.lang.String@50000096)
	value		50001427
ARR 50001427 (sz=76, trace=300000, nelems=38, elem type=char[])
OBJ 50001428 (sz=24, trace=300000, class=java.lang.String@50000096)
	value		50001429
ARR 50001429 (sz=38, trace=300000, nelems=19, elem type=char[])
OBJ 5000142a (sz=24, trace=300000, class=java.lang.String@50000096)
	value		5000142b
ARR 5000142b (sz=98, trace=300000, nelems=49, elem type=char[])
OBJ 5000142c (sz=24, trace=300000, class=java.lang.String@50000096)
	value		5000142d
ARR 5000142d (sz=92, trace=300000, nelems=46, elem type=char[])
OBJ 5000142e (sz=24, trace=300000, class=java.lang.String@50000096)
	value		5000142f
ARR 5000142f (sz=126, trace=300000, nelems=63, elem type=char[])
OBJ 50001430 (sz=24, trace=300000, class=java.lang.String@50000096)
	value		50001431
ARR 50001431 (sz=60, trace=300000, nelems=30, elem type=char[])
OBJ 50001432 (sz=24, trace=300000, class=java.lang.String@50000096)
	value		50001433
ARR 50001433 (sz=118, trace=300000, nelems=59, elem type=char[])
OBJ 50001434 (sz=24, trace=300000, class=java.lang.String@50000096)
	value		50001435
ARR 50001435 (sz=102, trace=300000, nelems=51, elem type=char[])
OBJ 50001436 (sz=24, trace=300000, class=java.lang.String@50000096)
	value		50001437
ARR 50001437 (sz=46, trace=300000, nelems=23, elem type=char[])
OBJ 50001438 (sz=24, trace=300000, class=java.lang.String@50000096)
	value		50001439
ARR 50001439 (sz=108, trace=300000, nelems=54, elem type=char[])
OBJ 5000143a (sz=64, trace=302555, class=SevenZip.Compression.LZMA.Encoder$Optimal@50000da3)
OBJ 5000143b (sz=24, trace=300000, class=java.lang.String@50000096)
	value		5000143c
ARR 5000143c (sz=80, trace=300000, nelems=40, elem type=char[])
OBJ 5000143d (sz=24, trace=300000, class=java.lang.String@50000096)
	value		5000143e
ARR 5000143e (sz=44, trace=300000, nelems=22, elem type=char[])
OBJ 5000143f (sz=24, trace=300000, class=java.lang.String@50000096)
	value		50001440
ARR 50001440 (sz=48, trace=300000, nelems=24, elem type=char[])
OBJ 50001441 (sz=24, trace=300000, class=java.lang.String@50000096)
	value		50001442
ARR 50001442 (sz=38, trace=300000, nelems=19, elem type=char[])
OBJ 50001443 (sz=24, trace=300000, class=java.lang.String@50000096)
	value		50001444
ARR 50001444 (sz=80, trace=300000, nelems=40, elem type=char[])
OBJ 50001445 (sz=24, trace=300000, class=java.lang.String@50000096)
	value		50001446
ARR 50001446 (sz=102, trace=300000, nelems=51, elem type=char[])
OBJ 50001447 (sz=24, trace=300000, class=java.lang.String@50000096)
	value		50001448
ARR 50001448 (sz=82, trace=300000, nelems=41, elem type=char[])
OBJ 50001449 (sz=24, trace=300000, class=java.lang.String@50000096)
	value		5000144a
ARR 5000144a (sz=84, trace=300000, nelems=42, elem type=char[])
OBJ 5000144b (sz=64, trace=302555, class=SevenZip.Compression.LZMA.Encoder$Optimal@50000da3)
OBJ 5000144c (sz=64, trace=302555, class=SevenZip.Compression.LZMA.Encoder$Optimal@50000da3)
OBJ 5000144d (sz=64, trace=302555, class=SevenZip.Compression.LZMA.Encoder$Optimal@50000da3)
OBJ 5000144e (sz=64, trace=302555, class=SevenZip.Compression.LZMA.Encoder$Optimal@50000da3)
OBJ 5000144f (sz=64, trace=302555, class=SevenZip.Compression.LZMA.Encoder$Optimal@50000da3)
OBJ 50001450 (sz=24, trace=300000, class=java.lang.String@50000096)
	value		50001451
ARR 50001451 (sz=76, trace=300000, nelems=38, elem type=char[])
OBJ 50001452 (sz=24, trace=300000, class=java.lang.String@50000096)
	value		50001453
ARR 50001453 (sz=76, trace=300000, nelems=38, elem type=char[])
OBJ 50001454 (sz=24, trace=300000, class=java.lang.String@50000096)
	value		50001455
ARR 50001455 (sz=104, trace=300000, nelems=52, elem type=char[])
OBJ 50001456 (sz=24, trace=300000, class=java.lang.String@50000096)
	value		50001457
ARR 50001457 (sz=46, trace=300000, nelems=23, elem type=char[])
OBJ 50001458 (sz=24, trace=300000, class=java.lang.String@50000096)
	value		50001459
ARR 50001459 (sz=86, trace=300000, nelems=43, elem type=char[])
OBJ 5000145a (sz=24, trace=300000, class=java.lang.String@50000096)
	value		5000145d
OBJ 5000145c (sz=16, trace=300480, class=java.lang.Object@500000a7)
ARR 5000145d (sz=66, trace=300000, nelems=33, elem type=char[])
OBJ 5000145e (sz=16, trace=300481, class=java.lang.Object@500000a7)
OBJ 5000145f (sz=24, trace=300000, class=java.lang.String@50000096)
	value		50001460
ARR 50001460 (sz=86, trace=300000, nelems=43, elem type=char[])
OBJ 50001461 (sz=24, trace=300000, class=java.lang.String@50000096)
	value		50001462
ARR 50001462 (sz=126, trace=300000, nelems=63, elem type=char[])
OBJ 50001463 (sz=24, trace=300000, class=java.lang.String@50000096)
	value		50001464
ARR 50001464 (sz=52, trace=300000, nelems=26, elem type=char[])
OBJ 50001465 (sz=24, trace=300000, class=java.lang.String@50000096)
	value		50001466
ARR 50001466 (sz=48, trace=300000, nelems=24, elem type=char[])
OBJ 50001467 (sz=24, trace=300000, class=java.lang.String@50000096)
	value		50001468
ARR 50001468 (sz=54, trace=300000, nelems=27, elem type=char[])
OBJ 50001469 (sz=24, trace=300000, class=java.lang.String@50000096)
	value		5000146a
ARR 5000146a (sz=52, trace=300000, nelems=26, elem type=char[])
OBJ 5000146b (sz=24, trace=300000, class=java.lang.String@50000096)
	value		5000146c
ARR 5000146c (sz=28, trace=300000, nelems=14, elem type=char[])
OBJ 5000146d (sz=24, trace=300000, class=java.lang.String@50000096)
	value		5000146e
ARR 5000146e (sz=72, trace=300000, nelems=36, elem type=char[])
OBJ 5000146f (sz=24, trace=300000, class=java.lang.String@50000096)
	value		50001470
ARR 50001470 (sz=116, trace=300000, nelems=58, elem type=char[])
OBJ 50001471 (sz=24, trace=300000, class=java.lang.String@50000096)
	value		50001472
ARR 50001472 (sz=126, trace=300000, nelems=63, elem type=char[])
OBJ 50001473 (sz=24, trace=300000, class=java.lang.String@50000096)
	value		50001474
ARR 50001474 (sz=94, trace=300000, nelems=47, elem type=char[])
OBJ 50001475 (sz=24, trace=300000, class=java.lang.String@50000096)
	value		50001477
OBJ 50001476 (sz=64, trace=302555, class=SevenZip.Compression.LZMA.Encoder$Optimal@50000da3)
ARR 50001477 (sz=44, trace=300000, nelems=22, elem type=char[])
OBJ 50001478 (sz=24, trace=300000, class=java.lang.String@50000096)
	value		50001479
ARR 50001479 (sz=80, trace=300000, nelems=40, elem type=char[])
OBJ 5000147a (sz=64, trace=302555, class=SevenZip.Compression.LZMA.Encoder$Optimal@50000da3)
OBJ 5000147b (sz=24, trace=300000, class=java.lang.String@50000096)
	value		5000147c
ARR 5000147c (sz=26, trace=300000, nelems=13, elem type=char[])
OBJ 5000147d (sz=24, trace=300000, class=java.lang.String@50000096)
	value		5000147e
ARR 5000147e (sz=50, trace=300000, nelems=25, elem type=char[])
OBJ 5000147f (sz=24, trace=300000, class=java.lang.String@50000096)
	value		50001480
ARR 50001480 (sz=76, trace=300000, nelems=38, elem type=char[])
OBJ 50001481 (sz=24, trace=300000, class=java.lang.String@50000096)
	value		50001482
ARR 50001482 (sz=116, trace=300000, nelems=58, elem type=char[])
OBJ 50001483 (sz=24, trace=300000, class=java.lang.String@50000096)
	value		50001484
ARR 50001484 (sz=108, trace=300000, nelems=54, elem type=char[])
OBJ 50001485 (sz=24, trace=300000, class=java.lang.String@50000096)
	value		50001486
ARR 50001486 (sz=38, trace=300000, nelems=19, elem type=char[])
OBJ 50001487 (sz=24, trace=300000, class=java.lang.String@50000096)
	value		50001488
ARR 50001488 (sz=42, trace=300000, nelems=21, elem type=char[])
OBJ 50001489 (sz=24, trace=300000, class=java.lang.String@50000096)
	value		5000148a
ARR 5000148a (sz=82, trace=300000, nelems=41, elem type=char[])
OBJ 5000148b (sz=24, trace=300000, class=java.lang.String@50000096)
	value		5000148c
ARR 5000148c (sz=42, trace=300000, nelems=21, elem type=char[])
OBJ 5000148d (sz=24, trace=300000, class=java.lang.String@50000096)
	value		5000148e
ARR 5000148e (sz=46, trace=300000, nelems=23, elem type=char[])
OBJ 5000148f (sz=24, trace=300000, class=java.lang.String@50000096)
	value		50001490
ARR 50001490 (sz=64, trace=300000, nelems=32, elem type=char[])
OBJ 50001491 (sz=24, trace=300000, class=java.lang.String@50000096)
	value		50001492
ARR 50001492 (sz=30, trace=300000, nelems=15, elem type=char[])
OBJ 50001493 (sz=24, trace=300000, class=java.lang.String@50000096)
	value		50001494
ARR 50001494 (sz=60, trace=300000, nelems=30, elem type=char[])
OBJ 50001495 (sz=24, trace=300000, class=java.lang.String@50000096)
	value		50001496
ARR 50001496 (sz=108, trace=300000, nelems=54, elem type=char[])
OBJ 50001497 (sz=24, trace=300000, class=java.lang.String@50000096)
	value		50001498
ARR 50001498 (sz=32, trace=300000, nelems=16, elem type=char[])
OBJ 50001499 (sz=24, trace=300000, class=java.lang.String@50000096)
	value		5000149a
ARR 5000149a (sz=32, trace=300000, nelems=16, elem type=char[])
OBJ 5000149b (sz=24, trace=300000, class=java.lang.String@50000096)
	value		5000149c
ARR 5000149c (sz=102, trace=300000, nelems=51, elem type=char[])
OBJ 5000149d (sz=24, trace=300000, class=java.lang.String@50000096)
	value		5000149e
ARR 5000149e (sz=28, trace=300000, nelems=14, elem type=char[])
OBJ 5000149f (sz=24, trace=300000, class=java.lang.String@50000096)
	value		500014a0
ARR 500014a0 (sz=48, trace=300000, nelems=24, elem type=char[])
OBJ 500014a1 (sz=24, trace=300000, class=java.lang.String@50000096)
	value		500014a2
ARR 500014a2 (sz=60, trace=300000, nelems=30, elem type=char[])
OBJ 500014a3 (sz=24, trace=300000, class=java.lang.String@50000096)
	value		500014a4
ARR 500014a4 (sz=66, trace=300000, nelems=33, elem type=char[])
OBJ 500014a5 (sz=24, trace=300000, class=java.lang.String@50000096)
	value		500014a6
ARR 500014a6 (sz=62, trace=300000, nelems=31, elem type=char[])
OBJ 500014a7 (sz=24, trace=300000, class=java.lang.String@50000096)
	value		500014a8
ARR 500014a8 (sz=28, trace=300000, nelems=14, elem type=char[])
OBJ 500014a9 (sz=24, trace=300000, class=java.lang.String@50000096)
	value		500014aa
ARR 500014aa (sz=104, trace=300000, nelems=52, elem type=char[])
OBJ 500014ab (sz=24, trace=300000, class=java.lang.String@50000096)
	value		500014ac
ARR 500014ac (sz=38, trace=300000, nelems=19, elem type=char[])
OBJ 500014ad (sz=24, trace=300000, class=java.lang.String@50000096)
	value		500014ae
ARR 500014ae (sz=62, trace=300000, nelems=31, elem type=char[])
OBJ 500014af (sz=24, trace=300000, class=java.lang.String@50000096)
	value		500014b0
ARR 500014b0 (sz=28, trace=300000, nelems=14, elem type=char[])
OBJ 500014b1 (sz=24, trace=300000, class=java.lang.String@50000096)
	value		500014b2
ARR 500014b2 (sz=82, trace=300000, nelems=41, elem type=char[])
OBJ 500014b3 (sz=24, trace=300000, class=java.lang.String@50000096)
	value		500014b4
ARR 500014b4 (sz=44, trace=300000, nelems=22, elem type=char[])
OBJ 500014b5 (sz=24, trace=300000, class=java.lang.String@50000096)
	value		500014b6
ARR 500014b6 (sz=38, trace=300000, nelems=19, elem type=char[])
OBJ 500014b7 (sz=24, trace=300000, class=java.lang.String@50000096)
	value		500014b8
ARR 500014b8 (sz=134, trace=300000, nelems=67, elem type=char[])
OBJ 500014b9 (sz=24, trace=300000, class=java.lang.String@50000096)
	value		500014ba
ARR 500014ba (sz=98, trace=300000, nelems=49, elem type=char[])
OBJ 500014bb (sz=24, trace=300000, class=java.lang.String@50000096)
	value		500014bc
ARR 500014bc (sz=78, trace=300000, nelems=39, elem type=char[])
OBJ 500014bd (sz=24, trace=300000, class=java.lang.String@50000096)
	value		500014be
ARR 500014be (sz=40, trace=300000, nelems=20, elem type=char[])
OBJ 500014bf (sz=24, trace=300000, class=java.lang.String@50000096)
	value		500014c0
ARR 500014c0 (sz=92, trace=300000, nelems=46, elem type=char[])
OBJ 500014c1 (sz=24, trace=300000, class=java.lang.String@50000096)
	value		500014c2
ARR 500014c2 (sz=46, trace=300000, nelems=23, elem type=char[])
OBJ 500014c3 (sz=24, trace=300000, class=java.lang.String@50000096)
	value		500014c4
ARR 500014c4 (sz=94, trace=300000, nelems=47, elem type=char[])
OBJ 500014c5 (sz=24, trace=300000, class=java.lang.String@50000096)
	value		500014c6
ARR 500014c6 (sz=30, trace=300000, nelems=15, elem type=char[])
OBJ 500014c7 (sz=24, trace=300000, class=java.lang.String@50000096)
	value		500014c8
ARR 500014c8 (sz=40, trace=300000, nelems=20, elem type=char[])
OBJ 500014c9 (sz=24, trace=300000, class=java.lang.String@50000096)
	value		500014ca
ARR 500014ca (sz=68, trace=300000, nelems=34, elem type=char[])
OBJ 500014cb (sz=24, trace=300000, class=java.lang.String@50000096)
	value		500014cc
ARR 500014cc (sz=36, trace=300000, nelems=18, elem type=char[])
OBJ 500014cd (sz=24, trace=300000, class=java.lang.String@50000096)
	value		500014ce
ARR 500014ce (sz=64, trace=300000, nelems=32, elem type=char[])
OBJ 500014cf (sz=24, trace=300000, class=java.lang.String@50000096)
	value		500014d0
ARR 500014d0 (sz=78, trace=300000, nelems=39, elem type=char[])
OBJ 500014d1 (sz=24, trace=300000, class=java.lang.String@50000096)
	value		500014d2
ARR 500014d2 (sz=52, trace=300000, nelems=26, elem type=char[])
OBJ 500014d3 (sz=24, trace=300000, class=java.lang.String@50000096)
	value		500014d4
ARR 500014d4 (sz=64, trace=300000, nelems=32, elem type=char[])
OBJ 500014d5 (sz=24, trace=300000, class=java.lang.String@50000096)
	value		500014d6
ARR 500014d6 (sz=28, trace=300000, nelems=14, elem type=char[])
OBJ 500014d7 (sz=24, trace=300000, class=java.lang.String@50000096)
	value		500014d8
ARR 500014d8 (sz=44, trace=300000, nelems=22, elem type=char[])
OBJ 500014d9 (sz=24, trace=300000, class=java.lang.String@50000096)
	value		500014da
ARR 500014da (sz=26, trace=300000, nelems=13, elem type=char[])
OBJ 500014db (sz=24, trace=300000, class=java.lang.String@50000096)
	value		500014dc
ARR 500014dc (sz=40, trace=300000, nelems=20, elem type=char[])
OBJ 500014dd (sz=24, trace=300000, class=java.lang.String@50000096)
	value		500014de
ARR 500014de (sz=72, trace=300000, nelems=36, elem type=char[])
OBJ 500014df (sz=24, trace=300000, class=java.lang.String@50000096)
	value		500014e0
ARR 500014e0 (sz=44, trace=300000, nelems=22, elem type=char[])
OBJ 500014e1 (sz=24, trace=300000, class=java.lang.String@50000096)
	value		500014e2
ARR 500014e2 (sz=96, trace=300000, nelems=48, elem type=char[])
OBJ 500014e3 (sz=24, trace=300000, class=java.lang.String@50000096)
	value		500014e4
ARR 500014e4 (sz=72, trace=300000, nelems=36, elem type=char[])
OBJ 500014e5 (sz=24, trace=300000, class=java.lang.String@50000096)
	value		500014e6
ARR 500014e6 (sz=52, trace=300000, nelems=26, elem type=char[])
OBJ 500014e7 (sz=24, trace=300000, class=java.lang.String@50000096)
	value		500014e8
ARR 500014e8 (sz=48, trace=300000, nelems=24, elem type=char[])
OBJ 500014e9 (sz=24, trace=300000, class=java.lang.String@50000096)
	value		500014ea
ARR 500014ea (sz=52, trace=300000, nelems=26, elem type=char[])
OBJ 500014eb (sz=24, trace=300000, class=java.lang.String@50000096)
	value		500014ec
ARR 500014ec (sz=60, trace=300000, nelems=30, elem type=char[])
OBJ 500014ed (sz=24, trace=300000, class=java.lang.String@50000096)
	value		500014ee
ARR 500014ee (sz=120, trace=300000, nelems=60, elem type=char[])
OBJ 500014ef (sz=24, trace=300000, class=java.lang.String@50000096)
	value		500014f0
ARR 500014f0 (sz=102, trace=300000, nelems=51, elem type=char[])
OBJ 500014f1 (sz=24, trace=300000, class=java.lang.String@50000096)
	value		500014f2
ARR 500014f2 (sz=78, trace=300000, nelems=39, elem type=char[])
OBJ 500014f3 (sz=24, trace=300000, class=java.lang.String@50000096)
	value		500014f4
ARR 500014f4 (sz=54, trace=300000, nelems=27, elem type=char[])
OBJ 500014f5 (sz=24, trace=300000, class=java.lang.String@50000096)
	value		500014f6
ARR 500014f6 (sz=92, trace=300000, nelems=46, elem type=char[])
OBJ 500014f7 (sz=24, trace=300000, class=java.lang.String@50000096)
	value		500014f8
ARR 500014f8 (sz=54, trace=300000, nelems=27, elem type=char[])
OBJ 500014f9 (sz=24, trace=300000, class=java.lang.String@50000096)
	value		500014fa
ARR 500014fa (sz=78, trace=300000, nelems=39, elem type=char[])
OBJ 500014fb (sz=24, trace=300000, class=java.lang.String@50000096)
	value		500014fc
ARR 500014fc (sz=38, trace=300000, nelems=19, elem type=char[])
OBJ 500014fd (sz=24, trace=300000, class=java.lang.String@50000096)
	value		500014fe
ARR 500014fe (sz=64, trace=300000, nelems=32, elem type=char[])
OBJ 500014ff (sz=24, trace=300000, class=java.lang.String@50000096)
	value		50001500
ARR 50001500 (sz=84, trace=300000, nelems=42, elem type=char[])
OBJ 50001501 (sz=24, trace=300000, class=java.lang.String@50000096)
	value		50001502
ARR 50001502 (sz=56, trace=300000, nelems=28, elem type=char[])
OBJ 50001503 (sz=24, trace=300000, class=java.lang.String@50000096)
	value		50001504
ARR 50001504 (sz=28, trace=300000, nelems=14, elem type=char[])
OBJ 50001505 (sz=24, trace=300000, class=java.lang.String@50000096)
	value		50001506
ARR 50001506 (sz=88, trace=300000, nelems=44, elem type=char[])
OBJ 50001507 (sz=24, trace=300000, class=java.lang.String@50000096)
	value		50001508
ARR 50001508 (sz=106, trace=300000, nelems=53, elem type=char[])
OBJ 50001509 (sz=24, trace=300000, class=java.lang.String@50000096)
	value		5000150a
ARR 5000150a (sz=32, trace=300000, nelems=16, elem type=char[])
OBJ 5000150b (sz=24, trace=300000, class=java.lang.String@50000096)
	value		5000150c
ARR 5000150c (sz=34, trace=300000, nelems=17, elem type=char[])
OBJ 5000150d (sz=24, trace=300000, class=java.lang.String@50000096)
	value		5000150e
ARR 5000150e (sz=32, trace=300000, nelems=16, elem type=char[])
OBJ 5000150f (sz=24, trace=300000, class=java.lang.String@50000096)
	value		50001510
ARR 50001510 (sz=66, trace=300000, nelems=33, elem type=char[])
OBJ 50001511 (sz=24, trace=300000, class=java.lang.String@50000096)
	value		50001512
ARR 50001512 (sz=110, trace=300000, nelems=55, elem type=char[])
OBJ 50001513 (sz=24, trace=300000, class=java.lang.String@50000096)
	value		50001514
ARR 50001514 (sz=106, trace=300000, nelems=53, elem type=char[])
OBJ 50001515 (sz=24, trace=300000, class=java.lang.String@50000096)
	value		50001516
ARR 50001516 (sz=36, trace=300000, nelems=18, elem type=char[])
OBJ 50001517 (sz=24, trace=300000, class=java.lang.String@50000096)
	value		50001518
ARR 50001518 (sz=82, trace=300000, nelems=41, elem type=char[])
OBJ 50001519 (sz=24, trace=300000, class=java.lang.String@50000096)
	value		5000151a
ARR 5000151a (sz=58, trace=300000, nelems=29, elem type=char[])
OBJ 5000151b (sz=24, trace=300000, class=java.lang.String@50000096)
	value		5000151c
ARR 5000151c (sz=40, trace=300000, nelems=20, elem type=char[])
OBJ 5000151d (sz=24, trace=300000, class=java.lang.String@50000096)
	value		5000151e
ARR 5000151e (sz=86, trace=300000, nelems=43, elem type=char[])
OBJ 5000151f (sz=24, trace=300000, class=java.lang.String@50000096)
	value		50001520
ARR 50001520 (sz=36, trace=300000, nelems=18, elem type=char[])
OBJ 50001521 (sz=24, trace=300000, class=java.lang.String@50000096)
	value		50001522
ARR 50001522 (sz=30, trace=300000, nelems=15, elem type=char[])
OBJ 50001523 (sz=24, trace=300000, class=java.lang.String@50000096)
	value		50001524
ARR 50001524 (sz=86, trace=300000, nelems=43, elem type=char[])
OBJ 50001525 (sz=24, trace=300000, class=java.lang.String@50000096)
	value		50001526
ARR 50001526 (sz=48, trace=300000, nelems=24, elem type=char[])
OBJ 50001527 (sz=24, trace=300000, class=java.lang.String@50000096)
	value		50001528
ARR 50001528 (sz=102, trace=300000, nelems=51, elem type=char[])
OBJ 50001529 (sz=24, trace=300000, class=java.lang.String@50000096)
	value		5000152a
ARR 5000152a (sz=96, trace=300000, nelems=48, elem type=char[])
OBJ 5000152b (sz=24, trace=300000, class=java.lang.String@50000096)
	value		5000152c
ARR 5000152c (sz=32, trace=300000, nelems=16, elem type=char[])
OBJ 5000152d (sz=24, trace=300000, class=java.lang.String@50000096)
	value		5000152e
ARR 5000152e (sz=86, trace=300000, nelems=43, elem type=char[])
OBJ 5000152f (sz=24, trace=300000, class=java.lang.String@50000096)
	value		50001530
ARR 50001530 (sz=120, trace=300000, nelems=60, elem type=char[])
OBJ 50001531 (sz=24, trace=300000, class=java.lang.String@50000096)
	value		50001532
ARR 50001532 (sz=116, trace=300000, nelems=58, elem type=char[])
OBJ 50001533 (sz=24, trace=300000, class=java.lang.String@50000096)
	value		50001534
ARR 50001534 (sz=28, trace=300000, nelems=14, elem type=char[])
OBJ 50001535 (sz=24, trace=300000, class=java.lang.String@50000096)
	value		50001536
ARR 50001536 (sz=64, trace=300000, nelems=32, elem type=char[])
OBJ 50001537 (sz=24, trace=300000, class=java.lang.String@50000096)
	value		50001538
ARR 50001538 (sz=34, trace=300000, nelems=17, elem type=char[])
OBJ 50001539 (sz=24, trace=300000, class=java.lang.String@50000096)
	value		5000153a
ARR 5000153a (sz=84, trace=300000, nelems=42, elem type=char[])
OBJ 5000153b (sz=24, trace=300000, class=java.lang.String@50000096)
	value		50001541
OBJ 5000153c (sz=64, trace=302555, class=SevenZip.Compression.LZMA.Encoder$Optimal@50000da3)
OBJ 5000153d (sz=64, trace=302555, class=SevenZip.Compression.LZMA.Encoder$Optimal@50000da3)
OBJ 5000153e (sz=64, trace=302555, class=SevenZip.Compression.LZMA.Encoder$Optimal@50000da3)
OBJ 5000153f (sz=64, trace=302555, class=SevenZip.Compression.LZMA.Encoder$Optimal@50000da3)
OBJ 50001540 (sz=64, trace=302555, class=SevenZip.Compression.LZMA.Encoder$Optimal@50000da3)
ARR 50001541 (sz=64, trace=300000, nelems=32, elem type=char[])
OBJ 50001542 (sz=24, trace=300000, class=java.lang.String@50000096)
	value		50001543
ARR 50001543 (sz=28, trace=300000, nelems=14, elem type=char[])
OBJ 50001544 (sz=24, trace=300000, class=java.lang.String@50000096)
	value		50001545
ARR 50001545 (sz=48, trace=300000, nelems=24, elem type=char[])
OBJ 50001546 (sz=24, trace=300000, class=java.lang.String@50000096)
	value		50001547
ARR 50001547 (sz=40, trace=300000, nelems=20, elem type=char[])
OBJ 50001548 (sz=24, trace=300000, class=java.lang.String@50000096)
	value		50001549
ARR 50001549 (sz=32, trace=300000, nelems=16, elem type=char[])
OBJ 5000154a (sz=24, trace=300000, class=java.lang.String@50000096)
	value		5000154b
ARR 5000154b (sz=38, trace=300000, nelems=19, elem type=char[])
OBJ 5000154c (sz=24, trace=300000, class=java.lang.String@50000096)
	value		50001550
OBJ 5000154e (sz=16, trace=300480, class=java.lang.Object@500000a7)
OBJ 5000154f (sz=32, trace=300024, class=java.util.concurrent.ConcurrentHashMap$HashEntry@50000115)
	key		50001445
	value		5000154e
ARR 50001550 (sz=110, trace=300000, nelems=55, elem type=char[])
OBJ 50001551 (sz=16, trace=300481, class=java.lang.Object@500000a7)
OBJ 50001552 (sz=32, trace=300027, class=java.util.concurrent.ConcurrentHashMap$HashEntry@50000115)
	key		50001445
	value		50001551
OBJ 50001553 (sz=24, trace=300000, class=java.lang.String@50000096)
	value		50001554
ARR 50001554 (sz=66, trace=300000, nelems=33, elem type=char[])
OBJ 50001555 (sz=24, trace=300000, class=java.lang.String@50000096)
	value		50001556
ARR 50001556 (sz=94, trace=300000, nelems=47, elem type=char[])
OBJ 50001557 (sz=24, trace=300000, class=java.lang.String@50000096)
	value		50001558
ARR 50001558 (sz=40, trace=300000, nelems=20, elem type=char[])
OBJ 50001559 (sz=24, trace=300000, class=java.lang.String@50000096)
	value		5000155a
ARR 5000155a (sz=74, trace=300000, nelems=37, elem type=char[])
OBJ 5000155b (sz=24, trace=300000, class=java.lang.String@50000096)
	value		5000155c
ARR 5000155c (sz=34, trace=300000, nelems=17, elem type=char[])
OBJ 5000155d (sz=24, trace=300000, class=java.lang.String@50000096)
	value		5000155e
ARR 5000155e (sz=78, trace=300000, nelems=39, elem type=char[])
OBJ 5000155f (sz=24, trace=300000, class=java.lang.String@50000096)
	value		50001560
ARR 50001560 (sz=82, trace=300000, nelems=41, elem type=char[])
OBJ 50001561 (sz=24, trace=300000, class=java.lang.String@50000096)
	value		50001562
ARR 50001562 (sz=86, trace=300000, nelems=43, elem type=char[])
OBJ 50001563 (sz=24, trace=300000, class=java.lang.String@50000096)
	value		50001564
ARR 50001564 (sz=124, trace=300000, nelems=62, elem type=char[])
OBJ 50001565 (sz=24, trace=300000, class=java.lang.String@50000096)
	value		50001566
ARR 50001566 (sz=46, trace=300000, nelems=23, elem type=char[])
OBJ 50001567 (sz=24, trace=300000, class=java.lang.String@50000096)
	value		50001568
ARR 50001568 (sz=54, trace=300000, nelems=27, elem type=char[])
OBJ 50001569 (sz=24, trace=300000, class=java.lang.String@50000096)
	value		5000156a
ARR 5000156a (sz=62, trace=300000, nelems=31, elem type=char[])
OBJ 5000156b (sz=24, trace=300000, class=java.lang.String@50000096)
	value		5000156c
ARR 5000156c (sz=38, trace=300000, nelems=19, elem type=char[])
OBJ 5000156d (sz=24, trace=300000, class=java.lang.String@50000096)
	value		5000156e
ARR 5000156e (sz=110, trace=300000, nelems=55, elem type=char[])
OBJ 5000156f (sz=24, trace=300000, class=java.lang.String@50000096)
	value		50001570
ARR 50001570 (sz=102, trace=300000, nelems=51, elem type=char[])
OBJ 50001571 (sz=24, trace=300000, class=java.lang.String@50000096)
	value		50001572
ARR 50001572 (sz=134, trace=300000, nelems=67, elem type=char[])
OBJ 50001573 (sz=24, trace=300000, class=java.lang.String@50000096)
	value		50001574
ARR 50001574 (sz=82, trace=300000, nelems=41, elem type=char[])
OBJ 50001575 (sz=24, trace=300000, class=java.lang.String@50000096)
	value		50001576
ARR 50001576 (sz=30, trace=300000, nelems=15, elem type=char[])
OBJ 50001577 (sz=24, trace=300000, class=java.lang.String@50000096)
	value		50001578
ARR 50001578 (sz=60, trace=300000, nelems=30, elem type=char[])
OBJ 50001579 (sz=24, trace=300000, class=java.lang.String@50000096)
	value		5000157a
ARR 5000157a (sz=64, trace=300000, nelems=32, elem type=char[])
OBJ 5000157b (sz=24, trace=300000, class=java.lang.String@50000096)
	value		5000157c
ARR 5000157c (sz=58, trace=300000, nelems=29, elem type=char[])
OBJ 5000157d (sz=32, trace=300000, class=java.util.concurrent.locks.ReentrantLock$NonfairSync@5000003d)
OBJ 5000157e (sz=24, trace=300000, class=java.lang.String@50000096)
	value		5000157f
ARR 5000157f (sz=56, trace=300000, nelems=28, elem type=char[])
OBJ 50001580 (sz=24, trace=300000, class=java.lang.String@50000096)
	value		50001581
ARR 50001581 (sz=48, trace=300000, nelems=24, elem type=char[])
OBJ 50001582 (sz=24, trace=300000, class=java.lang.String@50000096)
	value		50001583
ARR 50001583 (sz=82, trace=300000, nelems=41, elem type=char[])
OBJ 50001584 (sz=24, trace=300000, class=java.lang.String@50000096)
	value		50001585
ARR 50001585 (sz=92, trace=300000, nelems=46, elem type=char[])
OBJ 50001586 (sz=24, trace=300000, class=java.lang.String@50000096)
	value		50001587
ARR 50001587 (sz=82, trace=300000, nelems=41, elem type=char[])
OBJ 50001588 (sz=24, trace=300000, class=java.lang.String@50000096)
	value		50001589
ARR 50001589 (sz=42, trace=300000, nelems=21, elem type=char[])
OBJ 5000158a (sz=24, trace=300000, class=java.lang.String@50000096)
	value		5000158b
ARR 5000158b (sz=38, trace=300000, nelems=19, elem type=char[])
OBJ 5000158c (sz=24, trace=300000, class=java.lang.String@50000096)
	value		5000158d
ARR 5000158d (sz=28, trace=300000, nelems=14, elem type=char[])
OBJ 5000158e (sz=24, trace=300000, class=java.lang.String@50000096)
	value		5000158f
ARR 5000158f (sz=84, trace=300000, nelems=42, elem type=char[])
ARR 50001590 (sz=80, trace=300000, nelems=1, elem type=java.util.concurrent.ConcurrentHashMap$Segment[]@50000141)
	[0]		50001591
OBJ 50001591 (sz=40, trace=300000, class=java.util.concurrent.ConcurrentHashMap$Segment@50000140)
	sync		50001593
	table		50001592
ARR 50001592 (sz=24, trace=300000, nelems=0, elem type=java.util.concurrent.ConcurrentHashMap$HashEntry[]@50000116)
OBJ 50001593 (sz=32, trace=300000, class=java.util.concurrent.locks.ReentrantLock$NonfairSync@5000003d)
ARR 50001594 (sz=56, trace=300000, nelems=0, elem type=java.lang.Object[]@500000a8)
OBJ 50001595 (sz=32, trace=300000, class=java.util.Random@50000044)
	seed		50001596
OBJ 50001596 (sz=24, trace=300000, class=java.util.concurrent.atomic.AtomicLong@50000053)
OBJ 50001597 (sz=24, trace=300000, class=java.lang.String@50000096)
	value		500015a6
OBJ 50001598 (sz=24, trace=300000, class=java.lang.String@50000096)
	value		500015a3
OBJ 50001599 (sz=24, trace=300000, class=java.lang.String@50000096)
	value		500015a0
ARR 5000159a (sz=32, trace=300000, nelems=3, elem type=java.io.ObjectStreamField[]@50000024)
	[0]		5000159c
	[1]		5000159d
	[2]		5000159e
OBJ 5000159b (sz=24, trace=300000, class=java.util.concurrent.atomic.AtomicLong@50000053)
OBJ 5000159c (sz=40, trace=300000, class=java.io.ObjectStreamField@50000023)
	name		50001597
	signature	500015a5
	type		500011a6
OBJ 5000159d (sz=40, trace=300000, class=java.io.ObjectStreamField@50000023)
	name		50001598
	signature	500015a2
	type		500011a2
OBJ 5000159e (sz=40, trace=300000, class=java.io.ObjectStreamField@50000023)
	name		50001599
	signature	5000159f
	type		500011a4
OBJ 5000159f (sz=24, trace=300000, class=java.lang.String@50000096)
	value		500015a1
ARR 500015a0 (sz=40, trace=300000, nelems=20, elem type=char[])
ARR 500015a1 (sz=2, trace=300000, nelems=1, elem type=char[])
OBJ 500015a2 (sz=24, trace=300000, class=java.lang.String@50000096)
	value		500015a4
ARR 500015a3 (sz=32, trace=300000, nelems=16, elem type=char[])
ARR 500015a4 (sz=2, trace=300000, nelems=1, elem type=char[])
OBJ 500015a5 (sz=24, trace=300000, class=java.lang.String@50000096)
	value		500015a7
ARR 500015a6 (sz=8, trace=300000, nelems=4, elem type=char[])
ARR 500015a7 (sz=2, trace=300000, nelems=1, elem type=char[])
OBJ 500015a8 (sz=24, trace=300000, class=java.lang.String@50000096)
	value		500015a9
ARR 500015a9 (sz=70, trace=300000, nelems=35, elem type=char[])
OBJ 500015aa (sz=16, trace=300000, class=java.security.ProtectionDomain$Key@500000f2)
	this$0		500013e1
ARR 500015ab (sz=16, trace=300000, nelems=0, elem type=java.security.Principal[]@50000106)
OBJ 500015ac (sz=32, trace=300000, class=java.security.CodeSource@500000c0)
OBJ 500015ad (sz=24, trace=300000, class=java.lang.String@50000096)
	value		50001818
OBJ 500015ae (sz=24, trace=300000, class=java.lang.String@50000096)
	value		500016df
OBJ 500015af (sz=24, trace=300000, class=java.lang.String@50000096)
	value		500015b7
OBJ 500015b0 (sz=24, trace=300000, class=java.lang.String@50000096)
	value		50001817
OBJ 500015b1 (sz=24, trace=300000, class=java.lang.String@50000096)
	value		50001815
OBJ 500015b2 (sz=24, trace=300000, class=java.lang.String@50000096)
	value		50001813
OBJ 500015b3 (sz=24, trace=300000, class=java.lang.String@50000096)
	value		50001816
OBJ 500015b4 (sz=24, trace=300000, class=java.lang.String@50000096)
	value		50001814
OBJ 500015b5 (sz=16, trace=300000, class=java.lang.Object@500000a7)
OBJ 500015b6 (sz=56, trace=300000, class=java.util.Hashtable@5000012e)
	table		500015b8
ARR 500015b7 (sz=52, trace=300000, nelems=26, elem type=char[])
ARR 500015b8 (sz=64, trace=300000, nelems=7, elem type=java.util.Hashtable$Entry[]@50000048)
	[6]		500015b9
OBJ 500015b9 (sz=32, trace=300000, class=java.util.Hashtable$Entry@50000047)
	key		500015bb
	value		500015ba
OBJ 500015ba (sz=16, trace=300000, class=sun.net.www.protocol.file.Handler@50000149)
OBJ 500015bb (sz=24, trace=300000, class=java.lang.String@50000096)
	value		500015bc
ARR 500015bc (sz=8, trace=300000, nelems=4, elem type=char[])
OBJ 500015bd (sz=24, trace=300000, class=java.lang.String@50000096)
	value		50001812
OBJ 500015be (sz=24, trace=300000, class=java.lang.String@50000096)
	value		500016f9
OBJ 500015bf (sz=24, trace=300000, class=java.lang.String@50000096)
	value		500016f8
OBJ 500015c0 (sz=24, trace=300000, class=java.lang.String@50000096)
	value		500016f7
OBJ 500015c1 (sz=24, trace=300000, class=java.lang.String@50000096)
	value		500016f6
OBJ 500015c2 (sz=24, trace=300000, class=java.lang.String@50000096)
	value		500016f5
OBJ 500015c3 (sz=24, trace=300000, class=java.lang.String@50000096)
	value		500016f4
OBJ 500015c4 (sz=24, trace=300000, class=java.lang.String@50000096)
	value		500016f3
OBJ 500015c5 (sz=24, trace=300000, class=java.lang.String@50000096)
	value		500016f2
OBJ 500015c6 (sz=24, trace=300000, class=java.lang.String@50000096)
	value		500016f0
OBJ 500015c7 (sz=24, trace=300000, class=java.lang.String@50000096)
	value		500016ef
OBJ 500015c8 (sz=24, trace=300000, class=java.lang.String@50000096)
	value		500016ee
OBJ 500015c9 (sz=24, trace=300000, class=java.lang.String@50000096)
	value		500016ed
OBJ 500015ca (sz=24, trace=300000, class=java.lang.String@50000096)
	value		500016ec
OBJ 500015cb (sz=24, trace=300000, class=java.lang.String@50000096)
	value		500016eb
OBJ 500015cc (sz=24, trace=300000, class=java.lang.String@50000096)
	value		500016ea
OBJ 500015cd (sz=24, trace=300000, class=java.lang.String@50000096)
	value		500016e9
OBJ 500015ce (sz=24, trace=300000, class=java.lang.String@50000096)
	value		500016e8
OBJ 500015cf (sz=24, trace=300000, class=java.lang.String@50000096)
	value		500016e7
OBJ 500015d0 (sz=24, trace=300000, class=java.lang.String@50000096)
	value		500016e6
OBJ 500015d1 (sz=24, trace=300000, class=java.lang.String@50000096)
	value		500016e5
ARR 500015d2 (sz=32, trace=300000, nelems=16, elem type=char[])
OBJ 500015d3 (sz=24, trace=300000, class=java.util.BitSet@500000b9)
	words		500015d4
ARR 500015d4 (sz=32, trace=300000, nelems=4, elem type=long[])
OBJ 500015d5 (sz=24, trace=300000, class=java.lang.String@50000096)
	value		500015d9
ARR 500015d6 (sz=24, trace=300000, nelems=1, elem type=java.io.ObjectStreamField[]@50000024)
	[0]		500015d7
OBJ 500015d7 (sz=40, trace=300000, class=java.io.ObjectStreamField@50000023)
	name		500015d5
	signature	500015d8
	type		50000172
OBJ 500015d8 (sz=24, trace=300000, class=java.lang.String@50000096)
	value		500015da
ARR 500015d9 (sz=8, trace=300000, nelems=4, elem type=char[])
ARR 500015da (sz=4, trace=300000, nelems=2, elem type=char[])
OBJ 500015db (sz=24, trace=300000, class=java.lang.String@50000096)
	value		500016e4
OBJ 500015dc (sz=24, trace=300000, class=java.lang.String@50000096)
	value		500016e3
OBJ 500015dd (sz=32, trace=300000, class=java.io.UnixFileSystem@50000087)
	javaHome	50001290
	cache		500015df
	javaHomePrefixCache	500015de
OBJ 500015de (sz=40, trace=300000, class=java.io.ExpiringCache@50000033)
	map		500016bb
OBJ 500015df (sz=40, trace=300000, class=java.io.ExpiringCache@50000033)
	map		500015e0
OBJ 500015e0 (sz=64, trace=300000, class=java.io.ExpiringCache$1@50000165)
	table		500015e2
	header		500015e1
	this$0		500015df
OBJ 500015e1 (sz=40, trace=300000, class=java.util.LinkedHashMap$Entry@5000010e)
	before		50008bc4
	after		5000165c
ARR 500015e2 (sz=272, trace=300000, nelems=62, elem type=java.util.HashMap$Entry[]@5000009f)
	[0]		500015e3
	[1]		5000197d
	[3]		500015e4
	[4]		500015e5
	[7]		500015e6
	[8]		500015e7
	[9]		500015e8
	[11]		500015e9
	[12]		5000865d
	[13]		50008b43
	[14]		50008b0b
	[15]		500015ea
	[16]		500015eb
	[17]		500015ec
	[18]		500015ed
	[21]		50008b7b
	[22]		50008b27
	[25]		500015ee
	[26]		500015ef
	[27]		500015f0
	[28]		50001f2b
	[30]		500015f1
	[32]		500015f2
	[34]		50001b22
	[38]		500015f3
	[39]		50001bc2
	[40]		50000cb8
	[41]		5000896d
	[43]		500015f4
	[44]		500015f5
	[47]		50008aef
	[50]		50008bb3
	[51]		50008bc4
	[53]		500015f6
	[54]		500015f7
	[55]		50008b5f
	[56]		500015f8
	[58]		500015f9
	[61]		50008b97
OBJ 500015e3 (sz=40, trace=300000, class=java.util.LinkedHashMap$Entry@5000010e)
	key		500016a2
	value		500016a1
	before		500015ef
	after		500015f8
OBJ 500015e4 (sz=40, trace=300000, class=java.util.LinkedHashMap$Entry@5000010e)
	key		50001698
	value		50001697
	before		5000168c
	after		500015ef
OBJ 500015e5 (sz=40, trace=300000, class=java.util.LinkedHashMap$Entry@5000010e)
	key		50001618
	value		50001617
	before		50001616
	after		500015f4
OBJ 500015e6 (sz=40, trace=300000, class=java.util.LinkedHashMap$Entry@5000010e)
	key		50001683
	value		50001682
	before		500015f9
	after		500015f2
OBJ 500015e7 (sz=40, trace=300000, class=java.util.LinkedHashMap$Entry@5000010e)
	key		50001679
	value		50001678
	before		500015eb
	after		500015fb
OBJ 500015e8 (sz=40, trace=300000, class=java.util.LinkedHashMap$Entry@5000010e)
	key		5000166f
	value		5000166e
	before		500015f5
	after		500015eb
OBJ 500015e9 (sz=40, trace=300000, class=java.util.LinkedHashMap$Entry@5000010e)
	key		5000164d
	value		5000164c
	before		500015ee
	after		5000163c
OBJ 500015ea (sz=40, trace=300000, class=java.util.LinkedHashMap$Entry@5000010e)
	key		5000162e
	value		5000162d
	before		500015f7
	after		50001622
OBJ 500015eb (sz=40, trace=300000, class=java.util.LinkedHashMap$Entry@5000010e)
	key		50001674
	value		50001673
	next		50001616
	before		500015e8
	after		500015e7
OBJ 500015ec (sz=40, trace=300000, class=java.util.LinkedHashMap$Entry@5000010e)
	key		5000163e
	value		5000163d
	before		5000163c
	after		500015f7
OBJ 500015ed (sz=40, trace=300000, class=java.util.LinkedHashMap$Entry@5000010e)
	key		500016ac
	value		500016ab
	next		5000168c
	before		500015f8
	after		500015f6
OBJ 500015ee (sz=40, trace=300000, class=java.util.LinkedHashMap$Entry@5000010e)
	key		50001652
	value		50001651
	before		500015f0
	after		500015e9
OBJ 500015ef (sz=40, trace=300000, class=java.util.LinkedHashMap$Entry@5000010e)
	key		5000169d
	value		5000169c
	next		5000163c
	before		500015e4
	after		500015e3
OBJ 500015f0 (sz=40, trace=300000, class=java.util.LinkedHashMap$Entry@5000010e)
	key		50001658
	value		50001657
	before		50001656
	after		500015ee
OBJ 500015f1 (sz=40, trace=300000, class=java.util.LinkedHashMap$Entry@5000010e)
	key		5000168e
	value		5000168d
	before		500015f2
	after		5000168c
OBJ 500015f2 (sz=40, trace=300000, class=java.util.LinkedHashMap$Entry@5000010e)
	key		50001688
	value		50001687
	next		50001622
	before		500015e6
	after		500015f1
OBJ 500015f3 (sz=40, trace=300000, class=java.util.LinkedHashMap$Entry@5000010e)
	key		5000160d
	value		5000160c
	before		500015f4
	after		50001601
OBJ 500015f4 (sz=40, trace=300000, class=java.util.LinkedHashMap$Entry@5000010e)
	key		50001612
	value		50001611
	before		500015e5
	after		500015f3
OBJ 500015f5 (sz=40, trace=300000, class=java.util.LinkedHashMap$Entry@5000010e)
	key		5000166a
	value		50001669
	before		50001601
	after		500015e8
OBJ 500015f6 (sz=40, trace=300000, class=java.util.LinkedHashMap$Entry@5000010e)
	key		500016b2
	value		500016b1
	before		500015ed
	after		500016b0
OBJ 500015f7 (sz=40, trace=300000, class=java.util.LinkedHashMap$Entry@5000010e)
	key		50001638
	value		50001637
	before		500015ec
	after		500015ea
OBJ 500015f8 (sz=40, trace=300000, class=java.util.LinkedHashMap$Entry@5000010e)
	key		500016a7
	value		500016a6
	before		500015e3
	after		500015ed
OBJ 500015f9 (sz=40, trace=300000, class=java.util.LinkedHashMap$Entry@5000010e)
	key		5000167e
	value		5000167d
	before		500015fa
	after		500015e6
OBJ 500015fa (sz=40, trace=300000, class=java.util.LinkedHashMap$Entry@5000010e)
	key		500015fd
	value		500015fc
	next		500015fb
	before		500015fb
	after		500015f9
OBJ 500015fb (sz=40, trace=300000, class=java.util.LinkedHashMap$Entry@5000010e)
	key		50001603
	value		50001602
	next		50001601
	before		500015e7
	after		500015fa
OBJ 500015fc (sz=24, trace=300000, class=java.io.ExpiringCache$Entry@5000008b)
	val		500015ff
OBJ 500015fd (sz=24, trace=300000, class=java.lang.String@50000096)
	value		500015fe
ARR 500015fe (sz=102, trace=300000, nelems=51, elem type=char[])
OBJ 500015ff (sz=24, trace=300000, class=java.lang.String@50000096)
	value		50001600
ARR 50001600 (sz=102, trace=300000, nelems=51, elem type=char[])
OBJ 50001601 (sz=40, trace=300000, class=java.util.LinkedHashMap$Entry@5000010e)
	key		50001608
	value		50001607
	before		500015f3
	after		500015f5
OBJ 50001602 (sz=24, trace=300000, class=java.io.ExpiringCache$Entry@5000008b)
	val		50001605
OBJ 50001603 (sz=24, trace=300000, class=java.lang.String@50000096)
	value		50001604
ARR 50001604 (sz=102, trace=300000, nelems=51, elem type=char[])
OBJ 50001605 (sz=24, trace=300000, class=java.lang.String@50000096)
	value		50001606
ARR 50001606 (sz=102, trace=300000, nelems=51, elem type=char[])
OBJ 50001607 (sz=24, trace=300000, class=java.io.ExpiringCache$Entry@5000008b)
	val		5000160a
OBJ 50001608 (sz=24, trace=300000, class=java.lang.String@50000096)
	value		50001609
ARR 50001609 (sz=118, trace=300000, nelems=59, elem type=char[])
OBJ 5000160a (sz=24, trace=300000, class=java.lang.String@50000096)
	value		5000160b
ARR 5000160b (sz=118, trace=300000, nelems=59, elem type=char[])
OBJ 5000160c (sz=24, trace=300000, class=java.io.ExpiringCache$Entry@5000008b)
	val		5000160f
OBJ 5000160d (sz=24, trace=300000, class=java.lang.String@50000096)
	value		5000160e
ARR 5000160e (sz=88, trace=300000, nelems=44, elem type=char[])
OBJ 5000160f (sz=24, trace=300000, class=java.lang.String@50000096)
	value		50001610
ARR 50001610 (sz=88, trace=300000, nelems=44, elem type=char[])
OBJ 50001611 (sz=24, trace=300000, class=java.io.ExpiringCache$Entry@5000008b)
	val		50001614
OBJ 50001612 (sz=24, trace=300000, class=java.lang.String@50000096)
	value		50001613
ARR 50001613 (sz=90, trace=300000, nelems=45, elem type=char[])
OBJ 50001614 (sz=24, trace=300000, class=java.lang.String@50000096)
	value		50001615
ARR 50001615 (sz=90, trace=300000, nelems=45, elem type=char[])
OBJ 50001616 (sz=40, trace=300000, class=java.util.LinkedHashMap$Entry@5000010e)
	key		5000161e
	value		5000161d
	before		5000161c
	after		500015e5
OBJ 50001617 (sz=24, trace=300000, class=java.io.ExpiringCache$Entry@5000008b)
	val		5000161a
OBJ 50001618 (sz=24, trace=300000, class=java.lang.String@50000096)
	value		50001619
ARR 50001619 (sz=88, trace=300000, nelems=44, elem type=char[])
OBJ 5000161a (sz=24, trace=300000, class=java.lang.String@50000096)
	value		5000161b
ARR 5000161b (sz=88, trace=300000, nelems=44, elem type=char[])
OBJ 5000161c (sz=40, trace=300000, class=java.util.LinkedHashMap$Entry@5000010e)
	key		50001624
	value		50001623
	before		50001622
	after		50001616
OBJ 5000161d (sz=24, trace=300000, class=java.io.ExpiringCache$Entry@5000008b)
	val		50001620
OBJ 5000161e (sz=24, trace=300000, class=java.lang.String@50000096)
	value		5000161f
ARR 5000161f (sz=86, trace=300000, nelems=43, elem type=char[])
OBJ 50001620 (sz=24, trace=300000, class=java.lang.String@50000096)
	value		50001621
ARR 50001621 (sz=86, trace=300000, nelems=43, elem type=char[])
OBJ 50001622 (sz=40, trace=300000, class=java.util.LinkedHashMap$Entry@5000010e)
	key		50001629
	value		50001628
	before		500015ea
	after		5000161c
OBJ 50001623 (sz=24, trace=300000, class=java.io.ExpiringCache$Entry@5000008b)
	val		50001626
OBJ 50001624 (sz=24, trace=300000, class=java.lang.String@50000096)
	value		50001625
ARR 50001625 (sz=88, trace=300000, nelems=44, elem type=char[])
OBJ 50001626 (sz=24, trace=300000, class=java.lang.String@50000096)
	value		50001627
ARR 50001627 (sz=88, trace=300000, nelems=44, elem type=char[])
OBJ 50001628 (sz=24, trace=300000, class=java.io.ExpiringCache$Entry@5000008b)
	val		5000162b
OBJ 50001629 (sz=24, trace=300000, class=java.lang.String@50000096)
	value		5000162a
ARR 5000162a (sz=84, trace=300000, nelems=42, elem type=char[])
OBJ 5000162b (sz=24, trace=300000, class=java.lang.String@50000096)
	value		5000162c
ARR 5000162c (sz=84, trace=300000, nelems=42, elem type=char[])
OBJ 5000162d (sz=24, trace=300000, class=java.io.ExpiringCache$Entry@5000008b)
	val		50001635
OBJ 5000162e (sz=24, trace=300000, class=java.lang.String@50000096)
	value		5000162f
ARR 5000162f (sz=106, trace=300000, nelems=53, elem type=char[])
OBJ 50001630 (sz=64, trace=302555, class=SevenZip.Compression.LZMA.Encoder$Optimal@50000da3)
OBJ 50001631 (sz=64, trace=302555, class=SevenZip.Compression.LZMA.Encoder$Optimal@50000da3)
OBJ 50001632 (sz=64, trace=302555, class=SevenZip.Compression.LZMA.Encoder$Optimal@50000da3)
OBJ 50001633 (sz=64, trace=302555, class=SevenZip.Compression.LZMA.Encoder$Optimal@50000da3)
OBJ 50001634 (sz=64, trace=302555, class=SevenZip.Compression.LZMA.Encoder$Optimal@50000da3)
OBJ 50001635 (sz=24, trace=300000, class=java.lang.String@50000096)
	value		50001636
ARR 50001636 (sz=106, trace=300000, nelems=53, elem type=char[])
OBJ 50001637 (sz=24, trace=300000, class=java.io.ExpiringCache$Entry@5000008b)
	val		5000163a
OBJ 50001638 (sz=24, trace=300000, class=java.lang.String@50000096)
	value		50001639
ARR 50001639 (sz=170, trace=300000, nelems=85, elem type=char[])
OBJ 5000163a (sz=24, trace=300000, class=java.lang.String@50000096)
	value		5000163b
ARR 5000163b (sz=170, trace=300000, nelems=85, elem type=char[])
OBJ 5000163c (sz=40, trace=300000, class=java.util.LinkedHashMap$Entry@5000010e)
	key		50001648
	value		50001647
	before		500015e9
	after		500015ec
OBJ 5000163d (sz=24, trace=300000, class=java.io.ExpiringCache$Entry@5000008b)
	val		50001640
OBJ 5000163e (sz=24, trace=300000, class=java.lang.String@50000096)
	value		5000163f
ARR 5000163f (sz=178, trace=300000, nelems=89, elem type=char[])
OBJ 50001640 (sz=24, trace=300000, class=java.lang.String@50000096)
	value		50001644
OBJ 50001642 (sz=16, trace=300480, class=java.lang.Object@500000a7)
OBJ 50001643 (sz=32, trace=300024, class=java.util.concurrent.ConcurrentHashMap$HashEntry@50000115)
	key		50001513
	value		50001642
ARR 50001644 (sz=178, trace=300000, nelems=89, elem type=char[])
OBJ 50001645 (sz=16, trace=300481, class=java.lang.Object@500000a7)
OBJ 50001646 (sz=32, trace=300027, class=java.util.concurrent.ConcurrentHashMap$HashEntry@50000115)
	key		50001513
	value		50001645
OBJ 50001647 (sz=24, trace=300000, class=java.io.ExpiringCache$Entry@5000008b)
	val		5000164a
OBJ 50001648 (sz=24, trace=300000, class=java.lang.String@50000096)
	value		50001649
ARR 50001649 (sz=190, trace=300000, nelems=95, elem type=char[])
OBJ 5000164a (sz=24, trace=300000, class=java.lang.String@50000096)
	value		5000164b
ARR 5000164b (sz=190, trace=300000, nelems=95, elem type=char[])
OBJ 5000164c (sz=24, trace=300000, class=java.io.ExpiringCache$Entry@5000008b)
	val		5000164f
OBJ 5000164d (sz=24, trace=300000, class=java.lang.String@50000096)
	value		5000164e
ARR 5000164e (sz=170, trace=300000, nelems=85, elem type=char[])
OBJ 5000164f (sz=24, trace=300000, class=java.lang.String@50000096)
	value		50001650
ARR 50001650 (sz=170, trace=300000, nelems=85, elem type=char[])
OBJ 50001651 (sz=24, trace=300000, class=java.io.ExpiringCache$Entry@5000008b)
	val		50001654
OBJ 50001652 (sz=24, trace=300000, class=java.lang.String@50000096)
	value		50001653
ARR 50001653 (sz=180, trace=300000, nelems=90, elem type=char[])
OBJ 50001654 (sz=24, trace=300000, class=java.lang.String@50000096)
	value		50001655
ARR 50001655 (sz=180, trace=300000, nelems=90, elem type=char[])
OBJ 50001656 (sz=40, trace=300000, class=java.util.LinkedHashMap$Entry@5000010e)
	key		5000165e
	value		5000165d
	before		5000165c
	after		500015f0
OBJ 50001657 (sz=24, trace=300000, class=java.io.ExpiringCache$Entry@5000008b)
	val		5000165a
OBJ 50001658 (sz=24, trace=300000, class=java.lang.String@50000096)
	value		50001659
ARR 50001659 (sz=170, trace=300000, nelems=85, elem type=char[])
OBJ 5000165a (sz=24, trace=300000, class=java.lang.String@50000096)
	value		5000165b
ARR 5000165b (sz=170, trace=300000, nelems=85, elem type=char[])
OBJ 5000165c (sz=40, trace=300000, class=java.util.LinkedHashMap$Entry@5000010e)
	key		50001663
	value		50001662
	before		500015e1
	after		50001656
OBJ 5000165d (sz=24, trace=300000, class=java.io.ExpiringCache$Entry@5000008b)
	val		50001660
OBJ 5000165e (sz=24, trace=300000, class=java.lang.String@50000096)
	value		5000165f
ARR 5000165f (sz=150, trace=300000, nelems=75, elem type=char[])
OBJ 50001660 (sz=24, trace=300000, class=java.lang.String@50000096)
	value		50001661
ARR 50001661 (sz=150, trace=300000, nelems=75, elem type=char[])
OBJ 50001662 (sz=24, trace=300000, class=java.io.ExpiringCache$Entry@5000008b)
	val		50001665
OBJ 50001663 (sz=24, trace=300000, class=java.lang.String@50000096)
	value		50001664
ARR 50001664 (sz=168, trace=300000, nelems=84, elem type=char[])
OBJ 50001665 (sz=24, trace=300000, class=java.lang.String@50000096)
	value		50001666
ARR 50001666 (sz=168, trace=300000, nelems=84, elem type=char[])
OBJ 50001667 (sz=32, trace=300000, class=java.util.Random@50000044)
	seed		50001668
OBJ 50001668 (sz=24, trace=300000, class=java.util.concurrent.atomic.AtomicLong@50000053)
OBJ 50001669 (sz=24, trace=300000, class=java.io.ExpiringCache$Entry@5000008b)
	val		5000166c
OBJ 5000166a (sz=24, trace=300000, class=java.lang.String@50000096)
	value		5000166b
ARR 5000166b (sz=90, trace=300000, nelems=45, elem type=char[])
OBJ 5000166c (sz=24, trace=300000, class=java.lang.String@50000096)
	value		5000166d
ARR 5000166d (sz=90, trace=300000, nelems=45, elem type=char[])
OBJ 5000166e (sz=24, trace=300000, class=java.io.ExpiringCache$Entry@5000008b)
	val		50001671
OBJ 5000166f (sz=24, trace=300000, class=java.lang.String@50000096)
	value		50001670
ARR 50001670 (sz=100, trace=300000, nelems=50, elem type=char[])
OBJ 50001671 (sz=24, trace=300000, class=java.lang.String@50000096)
	value		50001672
ARR 50001672 (sz=100, trace=300000, nelems=50, elem type=char[])
OBJ 50001673 (sz=24, trace=300000, class=java.io.ExpiringCache$Entry@5000008b)
	val		50001676
OBJ 50001674 (sz=24, trace=300000, class=java.lang.String@50000096)
	value		50001675
ARR 50001675 (sz=100, trace=300000, nelems=50, elem type=char[])
OBJ 50001676 (sz=24, trace=300000, class=java.lang.String@50000096)
	value		50001677
ARR 50001677 (sz=100, trace=300000, nelems=50, elem type=char[])
OBJ 50001678 (sz=24, trace=300000, class=java.io.ExpiringCache$Entry@5000008b)
	val		5000167b
OBJ 50001679 (sz=24, trace=300000, class=java.lang.String@50000096)
	value		5000167a
ARR 5000167a (sz=100, trace=300000, nelems=50, elem type=char[])
OBJ 5000167b (sz=24, trace=300000, class=java.lang.String@50000096)
	value		5000167c
ARR 5000167c (sz=100, trace=300000, nelems=50, elem type=char[])
OBJ 5000167d (sz=24, trace=300000, class=java.io.ExpiringCache$Entry@5000008b)
	val		50001680
OBJ 5000167e (sz=24, trace=300000, class=java.lang.String@50000096)
	value		5000167f
ARR 5000167f (sz=92, trace=300000, nelems=46, elem type=char[])
OBJ 50001680 (sz=24, trace=300000, class=java.lang.String@50000096)
	value		50001681
ARR 50001681 (sz=92, trace=300000, nelems=46, elem type=char[])
OBJ 50001682 (sz=24, trace=300000, class=java.io.ExpiringCache$Entry@5000008b)
	val		50001685
OBJ 50001683 (sz=24, trace=300000, class=java.lang.String@50000096)
	value		50001684
ARR 50001684 (sz=84, trace=300000, nelems=42, elem type=char[])
OBJ 50001685 (sz=24, trace=300000, class=java.lang.String@50000096)
	value		50001686
ARR 50001686 (sz=84, trace=300000, nelems=42, elem type=char[])
OBJ 50001687 (sz=24, trace=300000, class=java.io.ExpiringCache$Entry@5000008b)
	val		5000168a
OBJ 50001688 (sz=24, trace=300000, class=java.lang.String@50000096)
	value		50001689
ARR 50001689 (sz=86, trace=300000, nelems=43, elem type=char[])
OBJ 5000168a (sz=24, trace=300000, class=java.lang.String@50000096)
	value		5000168b
ARR 5000168b (sz=86, trace=300000, nelems=43, elem type=char[])
OBJ 5000168c (sz=40, trace=300000, class=java.util.LinkedHashMap$Entry@5000010e)
	key		50001693
	value		50001692
	before		500015f1
	after		500015e4
OBJ 5000168d (sz=24, trace=300000, class=java.io.ExpiringCache$Entry@5000008b)
	val		50001690
OBJ 5000168e (sz=24, trace=300000, class=java.lang.String@50000096)
	value		5000168f
ARR 5000168f (sz=62, trace=300000, nelems=31, elem type=char[])
OBJ 50001690 (sz=24, trace=300000, class=java.lang.String@50000096)
	value		50001691
ARR 50001691 (sz=62, trace=300000, nelems=31, elem type=char[])
OBJ 50001692 (sz=24, trace=300000, class=java.io.ExpiringCache$Entry@5000008b)
	val		50001695
OBJ 50001693 (sz=24, trace=300000, class=java.lang.String@50000096)
	value		50001694
ARR 50001694 (sz=216, trace=300000, nelems=108, elem type=char[])
OBJ 50001695 (sz=24, trace=300000, class=java.lang.String@50000096)
	value		50001696
ARR 50001696 (sz=216, trace=300000, nelems=108, elem type=char[])
OBJ 50001697 (sz=24, trace=300000, class=java.io.ExpiringCache$Entry@5000008b)
	val		5000169a
OBJ 50001698 (sz=24, trace=300000, class=java.lang.String@50000096)
	value		50001699
ARR 50001699 (sz=206, trace=300000, nelems=103, elem type=char[])
OBJ 5000169a (sz=24, trace=300000, class=java.lang.String@50000096)
	value		5000169b
ARR 5000169b (sz=206, trace=300000, nelems=103, elem type=char[])
OBJ 5000169c (sz=24, trace=300000, class=java.io.ExpiringCache$Entry@5000008b)
	val		5000169f
OBJ 5000169d (sz=24, trace=300000, class=java.lang.String@50000096)
	value		5000169e
ARR 5000169e (sz=162, trace=300000, nelems=81, elem type=char[])
OBJ 5000169f (sz=24, trace=300000, class=java.lang.String@50000096)
	value		500016a0
ARR 500016a0 (sz=162, trace=300000, nelems=81, elem type=char[])
OBJ 500016a1 (sz=24, trace=300000, class=java.io.ExpiringCache$Entry@5000008b)
	val		500016a4
OBJ 500016a2 (sz=24, trace=300000, class=java.lang.String@50000096)
	value		500016a3
ARR 500016a3 (sz=118, trace=300000, nelems=59, elem type=char[])
OBJ 500016a4 (sz=24, trace=300000, class=java.lang.String@50000096)
	value		500016a5
ARR 500016a5 (sz=118, trace=300000, nelems=59, elem type=char[])
OBJ 500016a6 (sz=24, trace=300000, class=java.io.ExpiringCache$Entry@5000008b)
	val		500016a9
OBJ 500016a7 (sz=24, trace=300000, class=java.lang.String@50000096)
	value		500016a8
ARR 500016a8 (sz=160, trace=300000, nelems=80, elem type=char[])
OBJ 500016a9 (sz=24, trace=300000, class=java.lang.String@50000096)
	value		500016aa
ARR 500016aa (sz=160, trace=300000, nelems=80, elem type=char[])
OBJ 500016ab (sz=24, trace=300000, class=java.io.ExpiringCache$Entry@5000008b)
	val		500016ae
OBJ 500016ac (sz=24, trace=300000, class=java.lang.String@50000096)
	value		500016ad
ARR 500016ad (sz=182, trace=300000, nelems=91, elem type=char[])
OBJ 500016ae (sz=24, trace=300000, class=java.lang.String@50000096)
	value		500016af
ARR 500016af (sz=182, trace=300000, nelems=91, elem type=char[])
OBJ 500016b0 (sz=40, trace=300000, class=java.util.LinkedHashMap$Entry@5000010e)
	key		500016b7
	value		500016b6
	before		500015f6
	after		50000cb8
OBJ 500016b1 (sz=24, trace=300000, class=java.io.ExpiringCache$Entry@5000008b)
	val		500016b4
OBJ 500016b2 (sz=24, trace=300000, class=java.lang.String@50000096)
	value		500016b3
ARR 500016b3 (sz=138, trace=300000, nelems=69, elem type=char[])
OBJ 500016b4 (sz=24, trace=300000, class=java.lang.String@50000096)
	value		500016b5
ARR 500016b5 (sz=138, trace=300000, nelems=69, elem type=char[])
OBJ 500016b6 (sz=24, trace=300000, class=java.io.ExpiringCache$Entry@5000008b)
	val		500016b9
OBJ 500016b7 (sz=24, trace=300000, class=java.lang.String@50000096)
	value		500016b8
ARR 500016b8 (sz=138, trace=300000, nelems=69, elem type=char[])
OBJ 500016b9 (sz=24, trace=300000, class=java.lang.String@50000096)
	value		500016ba
ARR 500016ba (sz=138, trace=300000, nelems=69, elem type=char[])
OBJ 500016bb (sz=64, trace=300000, class=java.io.ExpiringCache$1@50000165)
	table		500016bd
	header		500016bc
	this$0		500015de
OBJ 500016bc (sz=40, trace=300000, class=java.util.LinkedHashMap$Entry@5000010e)
	before		500016bf
	after		500016be
ARR 500016bd (sz=80, trace=300000, nelems=13, elem type=java.util.HashMap$Entry[]@5000009f)
	[9]		500016be
	[12]		500016bf
OBJ 500016be (sz=40, trace=300000, class=java.util.LinkedHashMap$Entry@5000010e)
	key		500016c6
	value		500016c5
	before		500016bc
	after		500016bf
OBJ 500016bf (sz=40, trace=300000, class=java.util.LinkedHashMap$Entry@5000010e)
	key		500016c1
	value		500016c0
	before		500016be
	after		500016bc
OBJ 500016c0 (sz=24, trace=300000, class=java.io.ExpiringCache$Entry@5000008b)
	val		500016c3
OBJ 500016c1 (sz=24, trace=300000, class=java.lang.String@50000096)
	value		500016c2
ARR 500016c2 (sz=150, trace=300000, nelems=75, elem type=char[])
OBJ 500016c3 (sz=24, trace=300000, class=java.lang.String@50000096)
	value		500016c4
ARR 500016c4 (sz=150, trace=300000, nelems=75, elem type=char[])
OBJ 500016c5 (sz=24, trace=300000, class=java.io.ExpiringCache$Entry@5000008b)
	val		500016c8
OBJ 500016c6 (sz=24, trace=300000, class=java.lang.String@50000096)
	value		500016c7
ARR 500016c7 (sz=142, trace=300000, nelems=71, elem type=char[])
OBJ 500016c8 (sz=24, trace=300000, class=java.lang.String@50000096)
	value		500016c9
ARR 500016c9 (sz=142, trace=300000, nelems=71, elem type=char[])
OBJ 500016ca (sz=24, trace=300000, class=java.lang.String@50000096)
	value		500016e2
OBJ 500016cb (sz=24, trace=300000, class=java.lang.String@50000096)
	value		500016e1
OBJ 500016cc (sz=24, trace=300000, class=java.lang.String@50000096)
	value		500016d1
OBJ 500016cd (sz=24, trace=300000, class=java.lang.String@50000096)
	value		500016d0
OBJ 500016ce (sz=24, trace=300000, class=java.lang.String@50000096)
	value		500016cf
ARR 500016cf (sz=52, trace=300000, nelems=26, elem type=char[])
ARR 500016d0 (sz=42, trace=300000, nelems=21, elem type=char[])
ARR 500016d1 (sz=16, trace=300000, nelems=8, elem type=char[])
ARR 500016d2 (sz=0, trace=300000, nelems=0, elem type=char[])
OBJ 500016d3 (sz=24, trace=300000, class=java.lang.String@50000096)
	value		500016db
OBJ 500016d4 (sz=24, trace=300000, class=java.lang.String@50000096)
	value		500016d9
ARR 500016d5 (sz=32, trace=300000, nelems=3, elem type=java.io.ObjectStreamField[]@50000024)
	[0]		500016d6
	[1]		500016d7
	[2]		500016d8
OBJ 500016d6 (sz=40, trace=300000, class=java.io.ObjectStreamField@50000023)
	name		50001271
	signature	500016dd
	type		5000016f
OBJ 500016d7 (sz=40, trace=300000, class=java.io.ObjectStreamField@50000023)
	name		500016d3
	signature	500016da
	type		5000119f
OBJ 500016d8 (sz=40, trace=300000, class=java.io.ObjectStreamField@50000023)
	name		500016d4
	signature	5000159f
	type		500011a4
ARR 500016d9 (sz=12, trace=300000, nelems=6, elem type=char[])
OBJ 500016da (sz=24, trace=300000, class=java.lang.String@50000096)
	value		500016dc
ARR 500016db (sz=10, trace=300000, nelems=5, elem type=char[])
ARR 500016dc (sz=2, trace=300000, nelems=1, elem type=char[])
OBJ 500016dd (sz=24, trace=300000, class=java.lang.String@50000096)
	value		500016de
ARR 500016de (sz=4, trace=300000, nelems=2, elem type=char[])
ARR 500016df (sz=2, trace=300000, nelems=1, elem type=char[])
ARR 500016e0 (sz=18, trace=300000, nelems=9, elem type=char[])
ARR 500016e1 (sz=28, trace=300000, nelems=14, elem type=char[])
ARR 500016e2 (sz=28, trace=300000, nelems=14, elem type=char[])
ARR 500016e3 (sz=2, trace=300000, nelems=1, elem type=char[])
ARR 500016e4 (sz=2, trace=300000, nelems=1, elem type=char[])
ARR 500016e5 (sz=10, trace=300000, nelems=5, elem type=char[])
ARR 500016e6 (sz=16, trace=300000, nelems=8, elem type=char[])
ARR 500016e7 (sz=14, trace=300000, nelems=7, elem type=char[])
ARR 500016e8 (sz=4, trace=300000, nelems=2, elem type=char[])
ARR 500016e9 (sz=14, trace=300000, nelems=7, elem type=char[])
ARR 500016ea (sz=2, trace=300000, nelems=1, elem type=char[])
ARR 500016eb (sz=24, trace=300000, nelems=12, elem type=char[])
ARR 500016ec (sz=18, trace=300000, nelems=9, elem type=char[])
ARR 500016ed (sz=58, trace=300000, nelems=29, elem type=char[])
ARR 500016ee (sz=2, trace=300000, nelems=1, elem type=char[])
ARR 500016ef (sz=4, trace=300000, nelems=2, elem type=char[])
ARR 500016f0 (sz=2, trace=300000, nelems=1, elem type=char[])
ARR 500016f1 (sz=2, trace=300000, nelems=1, elem type=char[])
ARR 500016f2 (sz=6, trace=300000, nelems=3, elem type=char[])
ARR 500016f3 (sz=6, trace=300000, nelems=3, elem type=char[])
ARR 500016f4 (sz=4, trace=300000, nelems=2, elem type=char[])
ARR 500016f5 (sz=6, trace=300000, nelems=3, elem type=char[])
ARR 500016f6 (sz=6, trace=300000, nelems=3, elem type=char[])
ARR 500016f7 (sz=8, trace=300000, nelems=4, elem type=char[])
ARR 500016f8 (sz=82, trace=300000, nelems=41, elem type=char[])
ARR 500016f9 (sz=10, trace=300000, nelems=5, elem type=char[])
OBJ 500016fa (sz=24, trace=300000, class=java.lang.String@50000096)
	value		500016fb
ARR 500016fb (sz=4, trace=300000, nelems=2, elem type=char[])
OBJ 500016fc (sz=24, trace=300000, class=java.lang.String@50000096)
	value		5000170f
OBJ 500016fd (sz=24, trace=300000, class=java.lang.String@50000096)
	value		5000170a
OBJ 500016fe (sz=24, trace=300000, class=java.lang.String@50000096)
	value		50001702
OBJ 500016ff (sz=24, trace=300000, class=java.lang.String@50000096)
	value		50001703
OBJ 50001700 (sz=24, trace=300000, class=java.lang.String@50000096)
	value		50001704
OBJ 50001701 (sz=24, trace=300000, class=java.lang.String@50000096)
	value		50001705
ARR 50001702 (sz=28, trace=300000, nelems=14, elem type=char[])
ARR 50001703 (sz=24, trace=300000, nelems=12, elem type=char[])
ARR 50001704 (sz=20, trace=300000, nelems=10, elem type=char[])
ARR 50001705 (sz=26, trace=300000, nelems=13, elem type=char[])
OBJ 50001706 (sz=24, trace=300000, class=java.lang.String@50000096)
	value		50001709
OBJ 50001707 (sz=24, trace=300000, class=java.lang.String@50000096)
	value		50001708
ARR 50001708 (sz=38, trace=300000, nelems=19, elem type=char[])
ARR 50001709 (sz=50, trace=300000, nelems=25, elem type=char[])
ARR 5000170a (sz=8, trace=300000, nelems=4, elem type=char[])
OBJ 5000170b (sz=24, trace=300000, class=java.lang.String@50000096)
	value		5000170e
ARR 5000170c (sz=22, trace=300000, nelems=11, elem type=char[])
ARR 5000170d (sz=2, trace=300000, nelems=1, elem type=char[])
ARR 5000170e (sz=26, trace=300000, nelems=13, elem type=char[])
ARR 5000170f (sz=6, trace=300000, nelems=3, elem type=char[])
OBJ 50001710 (sz=16, trace=300000, class=java.lang.ThreadLocal@5000008d)
OBJ 50001711 (sz=16, trace=300000, class=java.util.concurrent.atomic.AtomicInteger@500000eb)
OBJ 50001712 (sz=24, trace=300000, class=java.lang.String@50000096)
	value		50001719
OBJ 50001713 (sz=24, trace=300000, class=java.lang.String@50000096)
	value		50001714
ARR 50001714 (sz=12, trace=300000, nelems=6, elem type=char[])
OBJ 50001715 (sz=32, trace=300000, class=java.lang.ref.ReferenceQueue$Null@5000015a)
	lock		50001718
OBJ 50001716 (sz=32, trace=300000, class=java.lang.ref.ReferenceQueue$Null@5000015a)
	lock		50001717
OBJ 50001717 (sz=16, trace=300000, class=java.lang.ref.ReferenceQueue$Lock@50000020)
OBJ 50001718 (sz=16, trace=300000, class=java.lang.ref.ReferenceQueue$Lock@50000020)
ARR 50001719 (sz=34, trace=300000, nelems=17, elem type=char[])
OBJ 5000171a (sz=24, trace=300000, class=java.lang.String@50000096)
	value		50001811
OBJ 5000171b (sz=32, trace=300000, class=java.util.concurrent.atomic.AtomicReferenceFieldUpdater$AtomicReferenceFieldUpdaterImpl@500000ae)
	tclass		5000012a
	vclass		5000016e
OBJ 5000171c (sz=24, trace=300000, class=java.lang.String@50000096)
	value		5000180e
OBJ 5000171d (sz=24, trace=300000, class=java.lang.String@50000096)
	value		5000180d
OBJ 5000171e (sz=24, trace=300000, class=java.lang.String@50000096)
	value		5000180c
OBJ 5000171f (sz=64, trace=302555, class=SevenZip.Compression.LZMA.Encoder$Optimal@50000da3)
OBJ 50001720 (sz=24, trace=300000, class=java.lang.String@50000096)
	value		5000172d
OBJ 50001721 (sz=24, trace=300000, class=java.lang.String@50000096)
	value		5000172c
OBJ 50001722 (sz=24, trace=300000, class=java.lang.String@50000096)
	value		5000172f
OBJ 50001723 (sz=56, trace=300000, class=java.util.HashMap@5000010b)
	table		50001730
OBJ 50001724 (sz=64, trace=302555, class=SevenZip.Compression.LZMA.Encoder$Optimal@50000da3)
OBJ 50001725 (sz=64, trace=302555, class=SevenZip.Compression.LZMA.Encoder$Optimal@50000da3)
OBJ 50001726 (sz=64, trace=302555, class=SevenZip.Compression.LZMA.Encoder$Optimal@50000da3)
OBJ 50001727 (sz=64, trace=302555, class=SevenZip.Compression.LZMA.Encoder$Optimal@50000da3)
OBJ 50001728 (sz=64, trace=302555, class=SevenZip.Compression.LZMA.Encoder$Optimal@50000da3)
OBJ 50001729 (sz=24, trace=300000, class=java.lang.String@50000096)
	value		5000172a
ARR 5000172a (sz=30, trace=300000, nelems=15, elem type=char[])
ARR 5000172b (sz=24, trace=300000, nelems=2, elem type=java.lang.String[]@50000097)
	[0]		50001720
	[1]		50001721
ARR 5000172c (sz=30, trace=300000, nelems=15, elem type=char[])
ARR 5000172d (sz=28, trace=300000, nelems=14, elem type=char[])
ARR 5000172e (sz=24, trace=300000, nelems=1, elem type=java.lang.String[]@50000097)
	[0]		50001722
ARR 5000172f (sz=16, trace=300000, nelems=8, elem type=char[])
ARR 50001730 (sz=80, trace=300000, nelems=1, elem type=java.util.HashMap$Entry[]@5000009f)
	[0]		50001731
OBJ 50001731 (sz=32, trace=300000, class=java.util.HashMap$Entry@5000009e)
	key		5000007c
	value		50001732
ARR 50001732 (sz=24, trace=300000, nelems=1, elem type=java.lang.String[]@50000097)
	[0]		50001227
ARR 50001733 (sz=18, trace=300000, nelems=9, elem type=char[])
OBJ 50001734 (sz=24, trace=300000, class=java.lang.String@50000096)
	value		50001738
OBJ 50001736 (sz=16, trace=300480, class=java.lang.Object@500000a7)
OBJ 50001737 (sz=24, trace=300000, class=java.lang.reflect.ReflectPermission@50000075)
	name		50001734
	path		50001734
ARR 50001738 (sz=40, trace=300000, nelems=20, elem type=char[])
OBJ 50001739 (sz=32, trace=300486, class=java.util.concurrent.ConcurrentHashMap$HashEntry@50000115)
	key		5000152f
	value		5000145c
OBJ 5000173a (sz=16, trace=300481, class=java.lang.Object@500000a7)
OBJ 5000173b (sz=24, trace=300000, class=java.lang.String@50000096)
	value		5000180b
OBJ 5000173c (sz=24, trace=300000, class=java.lang.String@50000096)
	value		5000175e
OBJ 5000173d (sz=32, trace=300486, class=java.util.concurrent.ConcurrentHashMap$HashEntry@50000115)
	key		5000152f
	value		5000145e
OBJ 5000173e (sz=40, trace=300487, class=java.lang.ref.SoftReference@50000118)
OBJ 5000173f (sz=24, trace=300000, class=java.lang.String@50000096)
	value		5000175f
OBJ 50001741 (sz=24, trace=300018, class=java.lang.String@50000096)
	value		50001742
ARR 50001742 (sz=16, trace=300019, nelems=8, elem type=char[])
OBJ 50001743 (sz=24, trace=300018, class=java.lang.String@50000096)
	value		50001744
ARR 50001744 (sz=2, trace=300019, nelems=1, elem type=char[])
OBJ 50001745 (sz=24, trace=300018, class=java.lang.String@50000096)
	value		50001746
ARR 50001746 (sz=10, trace=300019, nelems=5, elem type=char[])
OBJ 50001747 (sz=24, trace=300018, class=java.lang.String@50000096)
	value		50001748
ARR 50001748 (sz=10, trace=300019, nelems=5, elem type=char[])
OBJ 50001749 (sz=24, trace=300018, class=java.lang.String@50000096)
	value		5000174a
ARR 5000174a (sz=32, trace=300019, nelems=16, elem type=char[])
OBJ 5000174b (sz=24, trace=300018, class=java.lang.String@50000096)
	value		5000174c
ARR 5000174c (sz=110, trace=300019, nelems=55, elem type=char[])
OBJ 5000174d (sz=24, trace=300018, class=java.lang.String@50000096)
	value		5000174e
ARR 5000174e (sz=34, trace=300019, nelems=17, elem type=char[])
OBJ 5000174f (sz=24, trace=300018, class=java.lang.String@50000096)
	value		50001750
ARR 50001750 (sz=60, trace=300019, nelems=30, elem type=char[])
OBJ 50001751 (sz=24, trace=300018, class=java.lang.String@50000096)
	value		50001752
ARR 50001752 (sz=22, trace=300019, nelems=11, elem type=char[])
OBJ 50001753 (sz=24, trace=300018, class=java.lang.String@50000096)
	value		50001754
ARR 50001754 (sz=110, trace=300019, nelems=55, elem type=char[])
OBJ 50001755 (sz=80, trace=300490, class=org.eclipse.jdt.internal.junit.runner.RemoteTestRunner@50000efa)
	fTestClassNames	50001aab
	fExecution	50001e66
	fVersion	50001743
	fHost		500011ca
	fRerunRequests	50001756
	fReaderThread	50001d68
	fIds		5000184a
	fLoader		50001a9f
	fSender		50001755
OBJ 50001756 (sz=32, trace=300491, class=java.util.Vector@50000091)
	elementData	50001757
ARR 50001757 (sz=56, trace=300492, nelems=0, elem type=java.lang.Object[]@500000a8)
OBJ 50001758 (sz=16, trace=300493, class=java.lang.Object@500000a7)
OBJ 50001759 (sz=32, trace=300024, class=java.util.concurrent.ConcurrentHashMap$HashEntry@50000115)
	key		500014c3
	value		50001758
OBJ 5000175a (sz=16, trace=300494, class=java.lang.Object@500000a7)
OBJ 5000175b (sz=32, trace=300027, class=java.util.concurrent.ConcurrentHashMap$HashEntry@50000115)
	key		500014c3
	value		5000175a
OBJ 5000175c (sz=16, trace=300000, class=java.nio.ByteOrder@50000032)
	name		5000173f
OBJ 5000175d (sz=16, trace=300000, class=java.nio.ByteOrder@50000032)
	name		5000173c
ARR 5000175e (sz=20, trace=300000, nelems=10, elem type=char[])
ARR 5000175f (sz=26, trace=300000, nelems=13, elem type=char[])
OBJ 50001760 (sz=24, trace=300000, class=java.lang.String@50000096)
	value		50001769
OBJ 50001761 (sz=24, trace=300000, class=java.lang.String@50000096)
	value		50001768
OBJ 50001762 (sz=24, trace=300000, class=java.lang.String@50000096)
	value		50001767
OBJ 50001763 (sz=24, trace=300000, class=java.lang.String@50000096)
	value		50001766
OBJ 50001764 (sz=24, trace=300000, class=java.lang.String@50000096)
	value		50001765
ARR 50001765 (sz=12, trace=300000, nelems=6, elem type=char[])
ARR 50001766 (sz=10, trace=300000, nelems=5, elem type=char[])
ARR 50001767 (sz=6, trace=300000, nelems=3, elem type=char[])
ARR 50001768 (sz=8, trace=300000, nelems=4, elem type=char[])
ARR 50001769 (sz=14, trace=300000, nelems=7, elem type=char[])
OBJ 5000176a (sz=24, trace=300000, class=java.lang.String@50000096)
	value		5000176d
OBJ 5000176b (sz=24, trace=300000, class=java.lang.String@50000096)
	value		5000176e
OBJ 5000176c (sz=24, trace=300000, class=java.lang.String@50000096)
	value		5000176f
ARR 5000176d (sz=12, trace=300000, nelems=6, elem type=char[])
ARR 5000176e (sz=10, trace=300000, nelems=5, elem type=char[])
ARR 5000176f (sz=14, trace=300000, nelems=7, elem type=char[])
OBJ 50001770 (sz=24, trace=300000, class=java.lang.String@50000096)
	value		5000180a
OBJ 50001771 (sz=24, trace=300000, class=java.lang.String@50000096)
	value		50001809
OBJ 50001772 (sz=24, trace=300000, class=java.lang.String@50000096)
	value		500017d4
ARR 50001773 (sz=2, trace=300000, nelems=1, elem type=char[])
OBJ 50001774 (sz=24, trace=300000, class=java.lang.String@50000096)
	value		50001807
OBJ 50001775 (sz=24, trace=300000, class=java.lang.String@50000096)
	value		5000177b
OBJ 50001776 (sz=32, trace=300000, class=java.util.Collections$SynchronizedMap@500000c3)
	m		500017b3
	mutex		50001776
OBJ 50001777 (sz=16, trace=300000, class=java.lang.Object@500000a7)
OBJ 50001778 (sz=16, trace=300000, class=java.lang.Object@500000a7)
OBJ 50001779 (sz=56, trace=300000, class=java.util.WeakHashMap@50000074)
	table		5000177d
	queue		5000177c
ARR 5000177a (sz=24, trace=300000, nelems=1, elem type=java.lang.Class[]@50000081)
	[0]		5000014e
ARR 5000177b (sz=12, trace=300000, nelems=6, elem type=char[])
OBJ 5000177c (sz=32, trace=300000, class=java.lang.ref.ReferenceQueue@50000117)
	lock		5000177f
ARR 5000177d (sz=80, trace=300000, nelems=16, elem type=java.util.WeakHashMap$Entry[]@50000039)
	[2]		500063f0
	[15]		50005653
OBJ 5000177e (sz=16, trace=300000, class=java.lang.Object@500000a7)
OBJ 5000177f (sz=16, trace=300000, class=java.lang.ref.ReferenceQueue$Lock@50000020)
OBJ 50001780 (sz=24, trace=300000, class=java.lang.String@50000096)
	value		50001781
ARR 50001781 (sz=62, trace=300000, nelems=31, elem type=char[])
OBJ 50001782 (sz=24, trace=300000, class=java.lang.String@50000096)
	value		50001795
OBJ 50001783 (sz=24, trace=300000, class=java.lang.String@50000096)
	value		50001789
OBJ 50001784 (sz=24, trace=300000, class=java.lang.String@50000096)
	value		5000178c
OBJ 50001785 (sz=24, trace=300000, class=java.lang.String@50000096)
	value		50001790
OBJ 50001786 (sz=24, trace=300000, class=java.lang.String@50000096)
	value		50001794
OBJ 50001787 (sz=80, trace=300000, class=java.lang.reflect.Method@50000040)
	clazz		500000a7
	name		50001783
	returnType	500011a4
	parameterTypes	50001788
	exceptionTypes	500011ad
ARR 50001788 (sz=24, trace=300000, nelems=1, elem type=java.lang.Class[]@50000081)
	[0]		500000a7
ARR 50001789 (sz=12, trace=300000, nelems=6, elem type=char[])
OBJ 5000178a (sz=80, trace=300000, class=java.lang.reflect.Method@50000040)
	clazz		500000a7
	name		50001784
	returnType	5000119f
	parameterTypes	5000178b
	exceptionTypes	500011ad
ARR 5000178b (sz=16, trace=300000, nelems=0, elem type=java.lang.Class[]@50000081)
ARR 5000178c (sz=16, trace=300000, nelems=8, elem type=char[])
OBJ 5000178d (sz=80, trace=300000, class=java.lang.reflect.Method@50000040)
	clazz		50003a6c
	name		50001785
	returnType	50000080
	parameterTypes	5000178f
	exceptionTypes	500011ad
	signature	5000178e
OBJ 5000178e (sz=24, trace=300000, class=java.lang.String@50000096)
	value		50001791
ARR 5000178f (sz=16, trace=300000, nelems=0, elem type=java.lang.Class[]@50000081)
ARR 50001790 (sz=28, trace=300000, nelems=14, elem type=char[])
ARR 50001791 (sz=110, trace=300000, nelems=55, elem type=char[])
OBJ 50001792 (sz=80, trace=300000, class=java.lang.reflect.Method@50000040)
	clazz		500000a7
	name		50001786
	returnType	50000096
	parameterTypes	50001793
	exceptionTypes	500011ad
ARR 50001793 (sz=16, trace=300000, nelems=0, elem type=java.lang.Class[]@50000081)
ARR 50001794 (sz=16, trace=300000, nelems=8, elem type=char[])
ARR 50001795 (sz=32, trace=300000, nelems=16, elem type=char[])
OBJ 50001796 (sz=24, trace=300000, class=java.lang.String@50000096)
	value		50001797
ARR 50001797 (sz=60, trace=300000, nelems=30, elem type=char[])
OBJ 50001798 (sz=80, trace=300000, class=java.lang.reflect.Method@50000040)
	clazz		500055cb
	name		50001271
	returnType	500053c3
	parameterTypes	50001799
	exceptionTypes	500011ad
ARR 50001799 (sz=16, trace=300000, nelems=0, elem type=java.lang.Class[]@50000081)
OBJ 5000179a (sz=24, trace=300000, class=java.lang.String@50000096)
	value		5000179b
ARR 5000179b (sz=54, trace=300000, nelems=27, elem type=char[])
OBJ 5000179c (sz=80, trace=300000, class=java.lang.reflect.Method@50000040)
	clazz		50005ad0
	name		50001271
	returnType	50005f2b
	parameterTypes	5000179d
	exceptionTypes	500011ad
ARR 5000179d (sz=16, trace=300000, nelems=0, elem type=java.lang.Class[]@50000081)
OBJ 5000179e (sz=24, trace=300000, class=java.lang.String@50000096)
	value		5000179f
ARR 5000179f (sz=32, trace=300000, nelems=16, elem type=char[])
OBJ 500017a0 (sz=64, trace=300000, class=java.net.URL@50000071)
	protocol	500015bb
	host		500011ca
	file		500017a1
	authority	500011ca
	path		500017a1
	handler		500015ba
OBJ 500017a1 (sz=24, trace=300000, class=java.lang.String@50000096)
	value		500017a2
ARR 500017a2 (sz=118, trace=300000, nelems=59, elem type=char[])
ARR 500017a3 (sz=12, trace=300000, nelems=6, elem type=char[])
ARR 500017a4 (sz=14, trace=300000, nelems=7, elem type=char[])
OBJ 500017a5 (sz=24, trace=300000, class=java.lang.String@50000096)
	value		500017a6
ARR 500017a6 (sz=28, trace=300000, nelems=14, elem type=char[])
OBJ 500017a7 (sz=24, trace=300000, class=java.lang.String@50000096)
	value		500017ad
OBJ 500017a8 (sz=24, trace=300000, class=java.lang.String@50000096)
	value		500017b2
OBJ 500017a9 (sz=80, trace=300000, class=java.lang.reflect.Method@50000040)
	clazz		500053b9
	name		500017a7
	returnType	50000080
	parameterTypes	500017ac
	exceptionTypes	500011ad
	signature	500017ab
	annotationDefault	500017aa
ARR 500017aa (sz=3, trace=300000, nelems=3, elem type=byte[])
OBJ 500017ab (sz=24, trace=300000, class=java.lang.String@50000096)
	value		500017ae
ARR 500017ac (sz=16, trace=300000, nelems=0, elem type=java.lang.Class[]@50000081)
ARR 500017ad (sz=16, trace=300000, nelems=8, elem type=char[])
ARR 500017ae (sz=86, trace=300000, nelems=43, elem type=char[])
OBJ 500017af (sz=80, trace=300000, class=java.lang.reflect.Method@50000040)
	clazz		500053b9
	name		500017a8
	returnType	500011a6
	parameterTypes	500017b1
	exceptionTypes	500011ad
	annotationDefault	500017b0
ARR 500017b0 (sz=3, trace=300000, nelems=3, elem type=byte[])
ARR 500017b1 (sz=16, trace=300000, nelems=0, elem type=java.lang.Class[]@50000081)
ARR 500017b2 (sz=14, trace=300000, nelems=7, elem type=char[])
OBJ 500017b3 (sz=56, trace=300000, class=java.util.WeakHashMap@50000074)
	table		500017b5
	queue		500017b4
OBJ 500017b4 (sz=32, trace=300000, class=java.lang.ref.ReferenceQueue@50000117)
	lock		500017b6
ARR 500017b5 (sz=80, trace=300000, nelems=14, elem type=java.util.WeakHashMap$Entry[]@50000039)
	[2]		500062c4
	[5]		50006e0f
	[8]		50005a94
	[11]		50005e5f
	[13]		500067ee
OBJ 500017b6 (sz=16, trace=300000, class=java.lang.ref.ReferenceQueue$Lock@50000020)
OBJ 500017b7 (sz=24, trace=300000, class=java.lang.String@50000096)
	value		500017f2
OBJ 500017b8 (sz=24, trace=300000, class=java.lang.String@50000096)
	value		500017cb
OBJ 500017b9 (sz=24, trace=300000, class=java.lang.String@50000096)
	value		500017e7
OBJ 500017ba (sz=24, trace=300000, class=java.lang.String@50000096)
	value		500017e6
OBJ 500017bb (sz=24, trace=300000, class=java.lang.String@50000096)
	value		500017e5
OBJ 500017bc (sz=24, trace=300000, class=java.lang.String@50000096)
	value		500017e4
OBJ 500017bd (sz=24, trace=300000, class=java.lang.String@50000096)
	value		500017e3
OBJ 500017be (sz=24, trace=300000, class=java.lang.String@50000096)
	value		500017e2
OBJ 500017bf (sz=24, trace=300000, class=java.lang.String@50000096)
	value		500017e1
OBJ 500017c0 (sz=24, trace=300000, class=java.lang.String@50000096)
	value		500017e0
OBJ 500017c1 (sz=24, trace=300000, class=java.lang.String@50000096)
	value		500017df
OBJ 500017c2 (sz=24, trace=300000, class=java.lang.String@50000096)
	value		500017de
OBJ 500017c3 (sz=24, trace=300000, class=java.lang.String@50000096)
	value		500017dd
OBJ 500017c4 (sz=24, trace=300000, class=java.lang.String@50000096)
	value		500017dc
OBJ 500017c5 (sz=24, trace=300000, class=java.lang.String@50000096)
	value		500017db
OBJ 500017c6 (sz=24, trace=300000, class=java.lang.String@50000096)
	value		500017da
OBJ 500017c7 (sz=24, trace=300000, class=java.lang.String@50000096)
	value		500017d9
OBJ 500017c8 (sz=24, trace=300000, class=java.lang.String@50000096)
	value		500017d8
OBJ 500017c9 (sz=24, trace=300000, class=java.lang.String@50000096)
	value		500017d7
OBJ 500017ca (sz=24, trace=300000, class=java.lang.String@50000096)
	value		500017cc
ARR 500017cb (sz=46, trace=300000, nelems=23, elem type=char[])
ARR 500017cc (sz=2, trace=300000, nelems=1, elem type=char[])
OBJ 500017cd (sz=24, trace=300000, class=java.lang.String@50000096)
	value		500017ce
ARR 500017ce (sz=8, trace=300000, nelems=4, elem type=char[])
OBJ 500017cf (sz=24, trace=300000, class=java.lang.String@50000096)
	value		500017d5
OBJ 500017d0 (sz=24, trace=300000, class=java.lang.String@50000096)
	value		500017d3
OBJ 500017d1 (sz=24, trace=300000, class=java.lang.String@50000096)
	value		500017d2
ARR 500017d2 (sz=4, trace=300000, nelems=2, elem type=char[])
ARR 500017d3 (sz=10, trace=300000, nelems=5, elem type=char[])
ARR 500017d4 (sz=2, trace=300000, nelems=1, elem type=char[])
ARR 500017d5 (sz=4, trace=300000, nelems=2, elem type=char[])
ARR 500017d6 (sz=2, trace=300000, nelems=1, elem type=char[])
ARR 500017d7 (sz=84, trace=300000, nelems=42, elem type=char[])
ARR 500017d8 (sz=2, trace=300000, nelems=1, elem type=char[])
ARR 500017d9 (sz=74, trace=300000, nelems=37, elem type=char[])
ARR 500017da (sz=14, trace=300000, nelems=7, elem type=char[])
ARR 500017db (sz=30, trace=300000, nelems=15, elem type=char[])
ARR 500017dc (sz=60, trace=300000, nelems=30, elem type=char[])
ARR 500017dd (sz=64, trace=300000, nelems=32, elem type=char[])
ARR 500017de (sz=42, trace=300000, nelems=21, elem type=char[])
ARR 500017df (sz=40, trace=300000, nelems=20, elem type=char[])
ARR 500017e0 (sz=20, trace=300000, nelems=10, elem type=char[])
ARR 500017e1 (sz=38, trace=300000, nelems=19, elem type=char[])
ARR 500017e2 (sz=54, trace=300000, nelems=27, elem type=char[])
ARR 500017e3 (sz=62, trace=300000, nelems=31, elem type=char[])
ARR 500017e4 (sz=6, trace=300000, nelems=3, elem type=char[])
ARR 500017e5 (sz=16, trace=300000, nelems=8, elem type=char[])
ARR 500017e6 (sz=80, trace=300000, nelems=40, elem type=char[])
ARR 500017e7 (sz=12, trace=300000, nelems=6, elem type=char[])
OBJ 500017e8 (sz=24, trace=300000, class=java.lang.String@50000096)
	value		500017ef
OBJ 500017e9 (sz=24, trace=300000, class=java.lang.String@50000096)
	value		500017ee
OBJ 500017ea (sz=24, trace=300000, class=java.lang.String@50000096)
	value		500017ed
OBJ 500017eb (sz=24, trace=300000, class=java.lang.String@50000096)
	value		500017ec
ARR 500017ec (sz=12, trace=300000, nelems=6, elem type=char[])
ARR 500017ed (sz=50, trace=300000, nelems=25, elem type=char[])
ARR 500017ee (sz=20, trace=300000, nelems=10, elem type=char[])
ARR 500017ef (sz=8, trace=300000, nelems=4, elem type=char[])
OBJ 500017f0 (sz=24, trace=300000, class=java.lang.String@50000096)
	value		500017f1
ARR 500017f1 (sz=46, trace=300000, nelems=23, elem type=char[])
ARR 500017f2 (sz=52, trace=300000, nelems=26, elem type=char[])
OBJ 500017f3 (sz=24, trace=300000, class=java.lang.String@50000096)
	value		50001806
OBJ 500017f4 (sz=24, trace=300000, class=java.lang.String@50000096)
	value		50001805
OBJ 500017f5 (sz=24, trace=300000, class=java.lang.String@50000096)
	value		50001804
OBJ 500017f6 (sz=24, trace=300000, class=java.lang.String@50000096)
	value		50001803
OBJ 500017f7 (sz=24, trace=300000, class=java.lang.String@50000096)
	value		50001802
OBJ 500017f8 (sz=24, trace=300000, class=java.lang.String@50000096)
	value		50001801
OBJ 500017f9 (sz=24, trace=300000, class=java.lang.String@50000096)
	value		50001800
OBJ 500017fa (sz=24, trace=300000, class=java.lang.String@50000096)
	value		500017ff
OBJ 500017fb (sz=24, trace=300000, class=java.lang.String@50000096)
	value		500017fe
OBJ 500017fc (sz=24, trace=300000, class=java.lang.String@50000096)
	value		500017fd
ARR 500017fd (sz=128, trace=300000, nelems=64, elem type=char[])
ARR 500017fe (sz=18, trace=300000, nelems=9, elem type=char[])
ARR 500017ff (sz=48, trace=300000, nelems=24, elem type=char[])
ARR 50001800 (sz=92, trace=300000, nelems=46, elem type=char[])
ARR 50001801 (sz=166, trace=300000, nelems=83, elem type=char[])
ARR 50001802 (sz=12, trace=300000, nelems=6, elem type=char[])
ARR 50001803 (sz=70, trace=300000, nelems=35, elem type=char[])
ARR 50001804 (sz=32, trace=300000, nelems=16, elem type=char[])
ARR 50001805 (sz=74, trace=300000, nelems=37, elem type=char[])
ARR 50001806 (sz=2, trace=300000, nelems=1, elem type=char[])
ARR 50001807 (sz=28, trace=300000, nelems=14, elem type=char[])
OBJ 50001808 (sz=16, trace=300000, class=java.lang.Object@500000a7)
ARR 50001809 (sz=2, trace=300000, nelems=1, elem type=char[])
ARR 5000180a (sz=18, trace=300000, nelems=9, elem type=char[])
ARR 5000180b (sz=16, trace=300000, nelems=8, elem type=char[])
ARR 5000180c (sz=14, trace=300000, nelems=7, elem type=char[])
ARR 5000180d (sz=12, trace=300000, nelems=6, elem type=char[])
ARR 5000180e (sz=14, trace=300000, nelems=7, elem type=char[])
OBJ 5000180f (sz=24, trace=300000, class=java.lang.String@50000096)
	value		50001810
ARR 50001810 (sz=26, trace=300000, nelems=13, elem type=char[])
ARR 50001811 (sz=6, trace=300000, nelems=3, elem type=char[])
ARR 50001812 (sz=18, trace=300000, nelems=9, elem type=char[])
ARR 50001813 (sz=12, trace=300000, nelems=6, elem type=char[])
ARR 50001814 (sz=60, trace=300000, nelems=30, elem type=char[])
ARR 50001815 (sz=40, trace=300000, nelems=20, elem type=char[])
ARR 50001816 (sz=16, trace=300000, nelems=8, elem type=char[])
ARR 50001817 (sz=2, trace=300000, nelems=1, elem type=char[])
ARR 50001818 (sz=8, trace=300000, nelems=4, elem type=char[])
OBJ 50001819 (sz=16, trace=300000, class=java.util.HashSet@50000042)
	map		5000181a
OBJ 5000181a (sz=56, trace=300000, class=java.util.HashMap@5000010b)
	table		5000181b
ARR 5000181b (sz=80, trace=300000, nelems=0, elem type=java.util.HashMap$Entry[]@5000009f)
ARR 5000181c (sz=80, trace=300000, nelems=0, elem type=java.util.HashMap$Entry[]@5000009f)
ARR 5000181d (sz=56, trace=300000, nelems=0, elem type=java.lang.Object[]@500000a8)
ARR 5000181e (sz=80, trace=300000, nelems=0, elem type=java.util.HashMap$Entry[]@5000009f)
OBJ 5000181f (sz=16, trace=300000, class=sun.net.www.protocol.jar.Handler@50000079)
OBJ 50001820 (sz=56, trace=300000, class=java.util.HashMap@5000010b)
	table		5000090a
OBJ 50001821 (sz=24, trace=300000, class=java.util.ArrayList@5000004e)
	elementData	500009ce
OBJ 50001822 (sz=32, trace=300000, class=java.util.Stack@50000026)
	elementData	5000187c
OBJ 50001823 (sz=24, trace=300000, class=java.util.ArrayList@5000004e)
	elementData	50001824
ARR 50001824 (sz=152, trace=300000, nelems=24, elem type=java.lang.Object[]@500000a8)
	[0]		50001825
	[1]		50001826
	[2]		50001827
	[3]		50001828
	[4]		50001829
	[5]		5000182a
	[6]		5000182b
	[7]		5000182c
	[8]		5000182d
	[9]		5000182e
	[10]		5000182f
	[11]		50001830
	[12]		50001831
	[13]		50001832
	[14]		50001833
	[15]		50001834
	[16]		50001835
	[17]		50001836
	[18]		50001837
	[19]		5000183d
	[20]		5000183e
	[21]		5000183f
	[22]		50001840
	[23]		50001841
OBJ 50001825 (sz=64, trace=300000, class=java.net.URL@50000071)
	protocol	500015bb
	host		500011ca
	file		5000187a
	authority	500011ca
	path		5000187a
	handler		500015ba
OBJ 50001826 (sz=64, trace=300000, class=java.net.URL@50000071)
	protocol	500015bb
	host		500011ca
	file		50001878
	authority	500011ca
	path		50001878
	handler		500015ba
OBJ 50001827 (sz=64, trace=300000, class=java.net.URL@50000071)
	protocol	500015bb
	host		500011ca
	file		50001876
	authority	500011ca
	path		50001876
	handler		500015ba
OBJ 50001828 (sz=64, trace=300000, class=java.net.URL@50000071)
	protocol	500015bb
	host		500011ca
	file		50001874
	authority	500011ca
	path		50001874
	handler		500015ba
OBJ 50001829 (sz=64, trace=300000, class=java.net.URL@50000071)
	protocol	500015bb
	host		500011ca
	file		50001872
	authority	500011ca
	path		50001872
	handler		500015ba
OBJ 5000182a (sz=64, trace=300000, class=java.net.URL@50000071)
	protocol	500015bb
	host		500011ca
	file		50001870
	authority	500011ca
	path		50001870
	handler		500015ba
OBJ 5000182b (sz=64, trace=300000, class=java.net.URL@50000071)
	protocol	500015bb
	host		500011ca
	file		5000186e
	authority	500011ca
	path		5000186e
	handler		500015ba
OBJ 5000182c (sz=64, trace=300000, class=java.net.URL@50000071)
	protocol	500015bb
	host		500011ca
	file		5000186c
	authority	500011ca
	path		5000186c
	handler		500015ba
OBJ 5000182d (sz=64, trace=300000, class=java.net.URL@50000071)
	protocol	500015bb
	host		500011ca
	file		5000186a
	authority	500011ca
	path		5000186a
	handler		500015ba
OBJ 5000182e (sz=64, trace=300000, class=java.net.URL@50000071)
	protocol	500015bb
	host		500011ca
	file		50001868
	authority	500011ca
	path		50001868
	handler		500015ba
OBJ 5000182f (sz=64, trace=300000, class=java.net.URL@50000071)
	protocol	500015bb
	host		500011ca
	file		50001866
	authority	500011ca
	path		50001866
	handler		500015ba
OBJ 50001830 (sz=64, trace=300000, class=java.net.URL@50000071)
	protocol	500015bb
	host		500011ca
	file		50001864
	authority	500011ca
	path		50001864
	handler		500015ba
OBJ 50001831 (sz=64, trace=300000, class=java.net.URL@50000071)
	protocol	500015bb
	host		500011ca
	file		50001862
	authority	500011ca
	path		50001862
	handler		500015ba
OBJ 50001832 (sz=64, trace=300000, class=java.net.URL@50000071)
	protocol	500015bb
	host		500011ca
	file		50001860
	authority	500011ca
	path		50001860
	handler		500015ba
OBJ 50001833 (sz=64, trace=300000, class=java.net.URL@50000071)
	protocol	500015bb
	host		500011ca
	file		5000185e
	authority	500011ca
	path		5000185e
	handler		500015ba
OBJ 50001834 (sz=64, trace=300000, class=java.net.URL@50000071)
	protocol	500015bb
	host		500011ca
	file		5000185c
	authority	500011ca
	path		5000185c
	handler		500015ba
OBJ 50001835 (sz=64, trace=300000, class=java.net.URL@50000071)
	protocol	500015bb
	host		500011ca
	file		5000185a
	authority	500011ca
	path		5000185a
	handler		500015ba
OBJ 50001836 (sz=64, trace=300000, class=java.net.URL@50000071)
	protocol	500015bb
	host		500011ca
	file		50001858
	authority	500011ca
	path		50001858
	handler		500015ba
OBJ 50001837 (sz=64, trace=300000, class=java.net.URL@50000071)
	protocol	500015bb
	host		500011ca
	file		50001856
	authority	500011ca
	path		50001856
	handler		500015ba
OBJ 50001838 (sz=64, trace=302555, class=SevenZip.Compression.LZMA.Encoder$Optimal@50000da3)
OBJ 50001839 (sz=64, trace=302555, class=SevenZip.Compression.LZMA.Encoder$Optimal@50000da3)
OBJ 5000183a (sz=64, trace=302555, class=SevenZip.Compression.LZMA.Encoder$Optimal@50000da3)
OBJ 5000183b (sz=64, trace=302555, class=SevenZip.Compression.LZMA.Encoder$Optimal@50000da3)
OBJ 5000183c (sz=64, trace=302555, class=SevenZip.Compression.LZMA.Encoder$Optimal@50000da3)
OBJ 5000183d (sz=64, trace=300000, class=java.net.URL@50000071)
	protocol	500015bb
	host		500011ca
	file		5000184e
	authority	500011ca
	path		5000184e
	handler		500015ba
OBJ 5000183e (sz=64, trace=300000, class=java.net.URL@50000071)
	protocol	500015bb
	host		500011ca
	file		50001848
	authority	500011ca
	path		50001848
	handler		500015ba
OBJ 5000183f (sz=64, trace=300000, class=java.net.URL@50000071)
	protocol	500015bb
	host		500011ca
	file		50001846
	authority	500011ca
	path		50001846
	handler		500015ba
OBJ 50001840 (sz=64, trace=300000, class=java.net.URL@50000071)
	protocol	500015bb
	host		500011ca
	file		50001844
	authority	500011ca
	path		50001844
	handler		500015ba
OBJ 50001841 (sz=64, trace=300000, class=java.net.URL@50000071)
	protocol	500015bb
	host		500011ca
	file		50001842
	authority	500011ca
	path		50001842
	handler		500015ba
OBJ 50001842 (sz=24, trace=300000, class=java.lang.String@50000096)
	value		50001843
ARR 50001843 (sz=62, trace=300000, nelems=31, elem type=char[])
OBJ 50001844 (sz=24, trace=300000, class=java.lang.String@50000096)
	value		50001845
ARR 50001845 (sz=86, trace=300000, nelems=43, elem type=char[])
OBJ 50001846 (sz=24, trace=300000, class=java.lang.String@50000096)
	value		50001847
ARR 50001847 (sz=84, trace=300000, nelems=42, elem type=char[])
OBJ 50001848 (sz=24, trace=300000, class=java.lang.String@50000096)
	value		5000184c
OBJ 5000184a (sz=24, trace=300496, class=org.eclipse.jdt.internal.junit.runner.TestIdMap@50001849)
	fIdMap		5000184f
OBJ 5000184b (sz=16, trace=300497, class=java.lang.Object@500000a7)
ARR 5000184c (sz=92, trace=300000, nelems=46, elem type=char[])
OBJ 5000184d (sz=16, trace=300498, class=java.lang.Object@500000a7)
OBJ 5000184e (sz=24, trace=300000, class=java.lang.String@50000096)
	value		50001855
OBJ 5000184f (sz=56, trace=300499, class=java.util.HashMap@5000010b)
	table		50001850
ARR 50001850 (sz=80, trace=300500, nelems=11, elem type=java.util.HashMap$Entry[]@5000009f)
	[1]		5000784b
	[3]		5000783b
	[8]		50007869
	[10]		5000785a
OBJ 50001851 (sz=16, trace=300501, class=java.lang.Object@500000a7)
OBJ 50001852 (sz=64, trace=302555, class=SevenZip.Compression.LZMA.Encoder$Optimal@50000da3)
OBJ 50001853 (sz=16, trace=300502, class=java.lang.Object@500000a7)
OBJ 50001854 (sz=64, trace=302555, class=SevenZip.Compression.LZMA.Encoder$Optimal@50000da3)
ARR 50001855 (sz=102, trace=300000, nelems=51, elem type=char[])
OBJ 50001856 (sz=24, trace=300000, class=java.lang.String@50000096)
	value		50001857
ARR 50001857 (sz=102, trace=300000, nelems=51, elem type=char[])
OBJ 50001858 (sz=24, trace=300000, class=java.lang.String@50000096)
	value		50001859
ARR 50001859 (sz=100, trace=300000, nelems=50, elem type=char[])
OBJ 5000185a (sz=24, trace=300000, class=java.lang.String@50000096)
	value		5000185b
ARR 5000185b (sz=100, trace=300000, nelems=50, elem type=char[])
OBJ 5000185c (sz=24, trace=300000, class=java.lang.String@50000096)
	value		5000185d
ARR 5000185d (sz=100, trace=300000, nelems=50, elem type=char[])
OBJ 5000185e (sz=24, trace=300000, class=java.lang.String@50000096)
	value		5000185f
ARR 5000185f (sz=90, trace=300000, nelems=45, elem type=char[])
OBJ 50001860 (sz=24, trace=300000, class=java.lang.String@50000096)
	value		50001861
ARR 50001861 (sz=118, trace=300000, nelems=59, elem type=char[])
OBJ 50001862 (sz=24, trace=300000, class=java.lang.String@50000096)
	value		50001863
ARR 50001863 (sz=88, trace=300000, nelems=44, elem type=char[])
OBJ 50001864 (sz=24, trace=300000, class=java.lang.String@50000096)
	value		50001865
ARR 50001865 (sz=90, trace=300000, nelems=45, elem type=char[])
OBJ 50001866 (sz=24, trace=300000, class=java.lang.String@50000096)
	value		50001867
ARR 50001867 (sz=88, trace=300000, nelems=44, elem type=char[])
OBJ 50001868 (sz=24, trace=300000, class=java.lang.String@50000096)
	value		50001869
ARR 50001869 (sz=86, trace=300000, nelems=43, elem type=char[])
OBJ 5000186a (sz=24, trace=300000, class=java.lang.String@50000096)
	value		5000186b
ARR 5000186b (sz=88, trace=300000, nelems=44, elem type=char[])
OBJ 5000186c (sz=24, trace=300000, class=java.lang.String@50000096)
	value		5000186d
ARR 5000186d (sz=84, trace=300000, nelems=42, elem type=char[])
OBJ 5000186e (sz=24, trace=300000, class=java.lang.String@50000096)
	value		5000186f
ARR 5000186f (sz=106, trace=300000, nelems=53, elem type=char[])
OBJ 50001870 (sz=24, trace=300000, class=java.lang.String@50000096)
	value		50001871
ARR 50001871 (sz=170, trace=300000, nelems=85, elem type=char[])
OBJ 50001872 (sz=24, trace=300000, class=java.lang.String@50000096)
	value		50001873
ARR 50001873 (sz=178, trace=300000, nelems=89, elem type=char[])
OBJ 50001874 (sz=24, trace=300000, class=java.lang.String@50000096)
	value		50001875
ARR 50001875 (sz=190, trace=300000, nelems=95, elem type=char[])
OBJ 50001876 (sz=24, trace=300000, class=java.lang.String@50000096)
	value		50001877
ARR 50001877 (sz=170, trace=300000, nelems=85, elem type=char[])
OBJ 50001878 (sz=24, trace=300000, class=java.lang.String@50000096)
	value		50001879
ARR 50001879 (sz=180, trace=300000, nelems=90, elem type=char[])
OBJ 5000187a (sz=24, trace=300000, class=java.lang.String@50000096)
	value		5000187b
ARR 5000187b (sz=170, trace=300000, nelems=85, elem type=char[])
ARR 5000187c (sz=176, trace=300000, nelems=0, elem type=java.lang.Object[]@500000a8)
OBJ 5000187d (sz=24, trace=300000, class=java.lang.String@50000096)
	value		5000187e
ARR 5000187e (sz=6, trace=300000, nelems=3, elem type=char[])
OBJ 5000187f (sz=16, trace=300545, class=java.lang.Object@500000a7)
OBJ 50001880 (sz=24, trace=300000, class=java.lang.String@50000096)
	value		50001884
OBJ 50001881 (sz=64, trace=302555, class=SevenZip.Compression.LZMA.Encoder$Optimal@50000da3)
OBJ 50001882 (sz=16, trace=300546, class=java.lang.Object@500000a7)
OBJ 50001883 (sz=24, trace=300000, class=java.lang.String@50000096)
	value		50001885
ARR 50001884 (sz=4, trace=300000, nelems=2, elem type=char[])
ARR 50001885 (sz=8, trace=300000, nelems=4, elem type=char[])
OBJ 50001886 (sz=24, trace=300000, class=sun.nio.cs.UTF_8@500000dc)
	name		500015be
	aliases		50001887
ARR 50001887 (sz=24, trace=300000, nelems=2, elem type=java.lang.String[]@50000097)
	[0]		50001888
	[1]		50001889
OBJ 50001888 (sz=24, trace=300000, class=java.lang.String@50000096)
	value		5000188b
OBJ 50001889 (sz=24, trace=300000, class=java.lang.String@50000096)
	value		5000188a
ARR 5000188a (sz=34, trace=300000, nelems=17, elem type=char[])
ARR 5000188b (sz=8, trace=300000, nelems=4, elem type=char[])
OBJ 5000188c (sz=24, trace=300000, class=java.lang.String@50000096)
	value		50001daf
OBJ 5000188d (sz=24, trace=300000, class=java.lang.String@50000096)
	value		500019c4
OBJ 5000188e (sz=24, trace=300000, class=java.lang.String@50000096)
	value		500019c3
OBJ 5000188f (sz=24, trace=300000, class=java.lang.String@50000096)
	value		500019c2
OBJ 50001890 (sz=24, trace=300000, class=java.lang.String@50000096)
	value		500019c1
OBJ 50001891 (sz=24, trace=300000, class=java.lang.String@50000096)
	value		500019c0
OBJ 50001892 (sz=24, trace=300000, class=java.lang.String@50000096)
	value		500019bf
OBJ 50001893 (sz=24, trace=300000, class=java.lang.String@50000096)
	value		500019be
OBJ 50001894 (sz=24, trace=300000, class=java.lang.String@50000096)
	value		500019bd
OBJ 50001895 (sz=24, trace=300000, class=java.lang.String@50000096)
	value		500019bc
OBJ 50001896 (sz=24, trace=300000, class=java.lang.String@50000096)
	value		500019bb
OBJ 50001897 (sz=24, trace=300000, class=java.lang.String@50000096)
	value		500019ba
OBJ 50001898 (sz=24, trace=300000, class=java.lang.String@50000096)
	value		500019b9
OBJ 50001899 (sz=24, trace=300000, class=java.lang.String@50000096)
	value		500019b8
OBJ 5000189a (sz=24, trace=300000, class=java.lang.String@50000096)
	value		500019b7
OBJ 5000189b (sz=24, trace=300000, class=java.lang.String@50000096)
	value		500019c8
OBJ 5000189c (sz=24, trace=300000, class=java.lang.String@50000096)
	value		500019c7
OBJ 5000189d (sz=24, trace=300000, class=java.lang.String@50000096)
	value		500019c6
OBJ 5000189e (sz=24, trace=300000, class=java.lang.String@50000096)
	value		500019c5
OBJ 5000189f (sz=24, trace=300000, class=java.lang.String@50000096)
	value		500019cc
OBJ 500018a0 (sz=24, trace=300000, class=java.lang.String@50000096)
	value		500019cb
OBJ 500018a1 (sz=24, trace=300000, class=java.lang.String@50000096)
	value		500019ca
OBJ 500018a2 (sz=24, trace=300000, class=java.lang.String@50000096)
	value		500019c9
OBJ 500018a3 (sz=24, trace=300000, class=java.lang.String@50000096)
	value		500019cf
OBJ 500018a4 (sz=24, trace=300000, class=java.lang.String@50000096)
	value		500019ce
OBJ 500018a5 (sz=24, trace=300000, class=java.lang.String@50000096)
	value		500019cd
OBJ 500018a6 (sz=24, trace=300000, class=java.lang.String@50000096)
	value		500019d0
OBJ 500018a7 (sz=24, trace=300000, class=java.lang.String@50000096)
	value		500019d2
OBJ 500018a8 (sz=24, trace=300000, class=java.lang.String@50000096)
	value		500019d1
OBJ 500018a9 (sz=24, trace=300000, class=java.lang.String@50000096)
	value		500019d4
OBJ 500018aa (sz=24, trace=300000, class=java.lang.String@50000096)
	value		500019d3
OBJ 500018ab (sz=24, trace=300000, class=java.lang.String@50000096)
	value		500019d6
OBJ 500018ac (sz=24, trace=300000, class=java.lang.String@50000096)
	value		500019d5
OBJ 500018ad (sz=24, trace=300000, class=java.lang.String@50000096)
	value		500019d8
OBJ 500018ae (sz=24, trace=300000, class=java.lang.String@50000096)
	value		500019d7
OBJ 500018af (sz=24, trace=300000, class=java.lang.String@50000096)
	value		500019da
OBJ 500018b0 (sz=24, trace=300000, class=java.lang.String@50000096)
	value		500019d9
OBJ 500018b1 (sz=24, trace=300000, class=java.lang.String@50000096)
	value		500019e8
OBJ 500018b2 (sz=24, trace=300000, class=java.lang.String@50000096)
	value		500019e7
OBJ 500018b3 (sz=24, trace=300000, class=java.lang.String@50000096)
	value		500019e6
OBJ 500018b4 (sz=24, trace=300000, class=java.lang.String@50000096)
	value		500019e5
OBJ 500018b5 (sz=24, trace=300000, class=java.lang.String@50000096)
	value		500019e4
OBJ 500018b6 (sz=24, trace=300000, class=java.lang.String@50000096)
	value		500019e3
OBJ 500018b7 (sz=24, trace=300000, class=java.lang.String@50000096)
	value		500019e2
OBJ 500018b8 (sz=24, trace=300000, class=java.lang.String@50000096)
	value		500019e1
OBJ 500018b9 (sz=24, trace=300000, class=java.lang.String@50000096)
	value		500019e0
OBJ 500018ba (sz=24, trace=300000, class=java.lang.String@50000096)
	value		500019df
OBJ 500018bb (sz=24, trace=300000, class=java.lang.String@50000096)
	value		500019de
OBJ 500018bc (sz=24, trace=300000, class=java.lang.String@50000096)
	value		500019dd
OBJ 500018bd (sz=24, trace=300000, class=java.lang.String@50000096)
	value		500019dc
OBJ 500018be (sz=24, trace=300000, class=java.lang.String@50000096)
	value		500019db
OBJ 500018bf (sz=24, trace=300000, class=java.lang.String@50000096)
	value		500019f5
OBJ 500018c0 (sz=24, trace=300000, class=java.lang.String@50000096)
	value		500019f4
OBJ 500018c1 (sz=24, trace=300000, class=java.lang.String@50000096)
	value		500019f3
OBJ 500018c2 (sz=24, trace=300000, class=java.lang.String@50000096)
	value		500019f2
OBJ 500018c3 (sz=24, trace=300000, class=java.lang.String@50000096)
	value		500019f1
OBJ 500018c4 (sz=24, trace=300000, class=java.lang.String@50000096)
	value		500019f0
OBJ 500018c5 (sz=24, trace=300000, class=java.lang.String@50000096)
	value		500019ef
OBJ 500018c6 (sz=24, trace=300000, class=java.lang.String@50000096)
	value		500019ee
OBJ 500018c7 (sz=24, trace=300000, class=java.lang.String@50000096)
	value		500019ed
OBJ 500018c8 (sz=24, trace=300000, class=java.lang.String@50000096)
	value		500019ec
OBJ 500018c9 (sz=24, trace=300000, class=java.lang.String@50000096)
	value		500019eb
OBJ 500018ca (sz=24, trace=300000, class=java.lang.String@50000096)
	value		500019ea
OBJ 500018cb (sz=24, trace=300000, class=java.lang.String@50000096)
	value		500019e9
OBJ 500018cc (sz=24, trace=300000, class=java.lang.String@50000096)
	value		50001a02
OBJ 500018cd (sz=24, trace=300000, class=java.lang.String@50000096)
	value		50001a01
OBJ 500018ce (sz=24, trace=300000, class=java.lang.String@50000096)
	value		50001a00
OBJ 500018cf (sz=24, trace=300000, class=java.lang.String@50000096)
	value		500019ff
OBJ 500018d0 (sz=24, trace=300000, class=java.lang.String@50000096)
	value		500019fe
OBJ 500018d1 (sz=24, trace=300000, class=java.lang.String@50000096)
	value		500019fd
OBJ 500018d2 (sz=24, trace=300000, class=java.lang.String@50000096)
	value		500019fc
OBJ 500018d3 (sz=24, trace=300000, class=java.lang.String@50000096)
	value		500019fb
OBJ 500018d4 (sz=24, trace=300000, class=java.lang.String@50000096)
	value		500019fa
OBJ 500018d5 (sz=24, trace=300000, class=java.lang.String@50000096)
	value		500019f9
OBJ 500018d6 (sz=24, trace=300000, class=java.lang.String@50000096)
	value		500019f8
OBJ 500018d7 (sz=24, trace=300000, class=java.lang.String@50000096)
	value		500019f7
OBJ 500018d8 (sz=24, trace=300000, class=java.lang.String@50000096)
	value		500019f6
OBJ 500018d9 (sz=24, trace=300000, class=java.lang.String@50000096)
	value		50001a0e
OBJ 500018da (sz=24, trace=300000, class=java.lang.String@50000096)
	value		50001a0d
OBJ 500018db (sz=24, trace=300000, class=java.lang.String@50000096)
	value		50001a0c
OBJ 500018dc (sz=24, trace=300000, class=java.lang.String@50000096)
	value		50001a0b
OBJ 500018dd (sz=24, trace=300000, class=java.lang.String@50000096)
	value		50001a0a
OBJ 500018de (sz=24, trace=300000, class=java.lang.String@50000096)
	value		50001a09
OBJ 500018df (sz=24, trace=300000, class=java.lang.String@50000096)
	value		50001a08
OBJ 500018e0 (sz=24, trace=300000, class=java.lang.String@50000096)
	value		50001a07
OBJ 500018e1 (sz=24, trace=300000, class=java.lang.String@50000096)
	value		50001a06
OBJ 500018e2 (sz=24, trace=300000, class=java.lang.String@50000096)
	value		50001a05
OBJ 500018e3 (sz=24, trace=300000, class=java.lang.String@50000096)
	value		50001a04
OBJ 500018e4 (sz=24, trace=300000, class=java.lang.String@50000096)
	value		50001a03
OBJ 500018e5 (sz=24, trace=300000, class=java.lang.String@50000096)
	value		50001a1e
OBJ 500018e6 (sz=24, trace=300000, class=java.lang.String@50000096)
	value		50001a1d
OBJ 500018e7 (sz=24, trace=300000, class=java.lang.String@50000096)
	value		50001a1c
OBJ 500018e8 (sz=24, trace=300000, class=java.lang.String@50000096)
	value		50001a1b
OBJ 500018e9 (sz=24, trace=300000, class=java.lang.String@50000096)
	value		50001a1a
OBJ 500018ea (sz=24, trace=300000, class=java.lang.String@50000096)
	value		50001a19
OBJ 500018eb (sz=24, trace=300000, class=java.lang.String@50000096)
	value		50001a18
OBJ 500018ec (sz=24, trace=300000, class=java.lang.String@50000096)
	value		50001a17
OBJ 500018ed (sz=24, trace=300000, class=java.lang.String@50000096)
	value		50001a16
OBJ 500018ee (sz=24, trace=300000, class=java.lang.String@50000096)
	value		50001a15
OBJ 500018ef (sz=24, trace=300000, class=java.lang.String@50000096)
	value		50001a14
OBJ 500018f0 (sz=24, trace=300000, class=java.lang.String@50000096)
	value		50001a13
OBJ 500018f1 (sz=24, trace=300000, class=java.lang.String@50000096)
	value		50001a12
OBJ 500018f2 (sz=24, trace=300000, class=java.lang.String@50000096)
	value		50001a11
OBJ 500018f3 (sz=24, trace=300000, class=java.lang.String@50000096)
	value		50001a10
OBJ 500018f4 (sz=24, trace=300000, class=java.lang.String@50000096)
	value		50001a0f
OBJ 500018f5 (sz=24, trace=300000, class=java.lang.String@50000096)
	value		50001a2b
OBJ 500018f6 (sz=24, trace=300000, class=java.lang.String@50000096)
	value		50001a2a
OBJ 500018f7 (sz=24, trace=300000, class=java.lang.String@50000096)
	value		50001a29
OBJ 500018f8 (sz=24, trace=300000, class=java.lang.String@50000096)
	value		50001a28
OBJ 500018f9 (sz=24, trace=300000, class=java.lang.String@50000096)
	value		50001a27
OBJ 500018fa (sz=24, trace=300000, class=java.lang.String@50000096)
	value		50001a26
OBJ 500018fb (sz=24, trace=300000, class=java.lang.String@50000096)
	value		50001a25
OBJ 500018fc (sz=24, trace=300000, class=java.lang.String@50000096)
	value		50001a24
OBJ 500018fd (sz=24, trace=300000, class=java.lang.String@50000096)
	value		50001a23
OBJ 500018fe (sz=24, trace=300000, class=java.lang.String@50000096)
	value		50001a22
OBJ 500018ff (sz=24, trace=300000, class=java.lang.String@50000096)
	value		50001a21
OBJ 50001900 (sz=24, trace=300000, class=java.lang.String@50000096)
	value		50001a20
OBJ 50001901 (sz=24, trace=300000, class=java.lang.String@50000096)
	value		50001a1f
OBJ 50001902 (sz=24, trace=300000, class=java.lang.String@50000096)
	value		50001a2f
OBJ 50001903 (sz=24, trace=300000, class=java.lang.String@50000096)
	value		50001a2e
OBJ 50001904 (sz=24, trace=300000, class=java.lang.String@50000096)
	value		50001a2d
OBJ 50001905 (sz=24, trace=300000, class=java.lang.String@50000096)
	value		50001a2c
OBJ 50001906 (sz=24, trace=300000, class=java.lang.String@50000096)
	value		50001a3e
OBJ 50001907 (sz=24, trace=300000, class=java.lang.String@50000096)
	value		50001a3d
OBJ 50001908 (sz=24, trace=300000, class=java.lang.String@50000096)
	value		50001a3c
OBJ 50001909 (sz=24, trace=300000, class=java.lang.String@50000096)
	value		50001a3b
OBJ 5000190a (sz=24, trace=300000, class=java.lang.String@50000096)
	value		50001a3a
OBJ 5000190b (sz=24, trace=300000, class=java.lang.String@50000096)
	value		50001a39
OBJ 5000190c (sz=24, trace=300000, class=java.lang.String@50000096)
	value		50001a38
OBJ 5000190d (sz=24, trace=300000, class=java.lang.String@50000096)
	value		50001a37
OBJ 5000190e (sz=24, trace=300000, class=java.lang.String@50000096)
	value		50001a36
OBJ 5000190f (sz=24, trace=300000, class=java.lang.String@50000096)
	value		50001a35
OBJ 50001910 (sz=24, trace=300000, class=java.lang.String@50000096)
	value		50001a34
OBJ 50001911 (sz=24, trace=300000, class=java.lang.String@50000096)
	value		50001a33
OBJ 50001912 (sz=24, trace=300000, class=java.lang.String@50000096)
	value		50001a32
OBJ 50001913 (sz=24, trace=300000, class=java.lang.String@50000096)
	value		50001a31
OBJ 50001914 (sz=24, trace=300000, class=java.lang.String@50000096)
	value		50001a30
OBJ 50001915 (sz=24, trace=300000, class=java.lang.String@50000096)
	value		50001a41
OBJ 50001916 (sz=24, trace=300000, class=java.lang.String@50000096)
	value		50001a40
OBJ 50001917 (sz=24, trace=300000, class=java.lang.String@50000096)
	value		50001a3f
OBJ 50001918 (sz=24, trace=300000, class=java.lang.String@50000096)
	value		50001a42
OBJ 50001919 (sz=24, trace=300000, class=java.lang.String@50000096)
	value		50001a44
OBJ 5000191a (sz=24, trace=300000, class=java.lang.String@50000096)
	value		50001a43
OBJ 5000191b (sz=24, trace=300000, class=java.lang.String@50000096)
	value		50001a47
OBJ 5000191c (sz=24, trace=300000, class=java.lang.String@50000096)
	value		50001a46
OBJ 5000191d (sz=24, trace=300000, class=java.lang.String@50000096)
	value		50001a45
OBJ 5000191e (sz=24, trace=300000, class=java.lang.String@50000096)
	value		50001a49
OBJ 5000191f (sz=24, trace=300000, class=java.lang.String@50000096)
	value		50001a48
OBJ 50001920 (sz=24, trace=300000, class=java.lang.String@50000096)
	value		50001a4b
OBJ 50001921 (sz=24, trace=300000, class=java.lang.String@50000096)
	value		50001a4a
OBJ 50001922 (sz=24, trace=300000, class=java.lang.String@50000096)
	value		50001a4d
OBJ 50001923 (sz=24, trace=300000, class=java.lang.String@50000096)
	value		50001a4c
OBJ 50001924 (sz=24, trace=300000, class=java.lang.String@50000096)
	value		50001a4f
OBJ 50001925 (sz=24, trace=300000, class=java.lang.String@50000096)
	value		50001a4e
OBJ 50001926 (sz=24, trace=300000, class=java.lang.String@50000096)
	value		50001a55
OBJ 50001927 (sz=24, trace=300000, class=java.lang.String@50000096)
	value		50001a54
OBJ 50001928 (sz=24, trace=300000, class=java.lang.String@50000096)
	value		50001a53
OBJ 50001929 (sz=24, trace=300000, class=java.lang.String@50000096)
	value		50001a52
OBJ 5000192a (sz=24, trace=300000, class=java.lang.String@50000096)
	value		50001a51
OBJ 5000192b (sz=24, trace=300000, class=java.lang.String@50000096)
	value		50001a50
OBJ 5000192c (sz=24, trace=300000, class=java.lang.String@50000096)
	value		50001a59
OBJ 5000192d (sz=24, trace=300000, class=java.lang.String@50000096)
	value		50001a58
OBJ 5000192e (sz=24, trace=300000, class=java.lang.String@50000096)
	value		50001a57
OBJ 5000192f (sz=24, trace=300000, class=java.lang.String@50000096)
	value		50001a56
OBJ 50001930 (sz=24, trace=300000, class=java.lang.String@50000096)
	value		50001a5d
OBJ 50001931 (sz=24, trace=300000, class=java.lang.String@50000096)
	value		50001a5c
OBJ 50001932 (sz=24, trace=300000, class=java.lang.String@50000096)
	value		50001a5b
OBJ 50001933 (sz=24, trace=300000, class=java.lang.String@50000096)
	value		50001a5a
OBJ 50001934 (sz=24, trace=300000, class=java.lang.String@50000096)
	value		50001a62
OBJ 50001935 (sz=24, trace=300000, class=java.lang.String@50000096)
	value		50001a61
OBJ 50001936 (sz=24, trace=300000, class=java.lang.String@50000096)
	value		50001a60
OBJ 50001937 (sz=24, trace=300000, class=java.lang.String@50000096)
	value		50001a5f
OBJ 50001938 (sz=24, trace=300000, class=java.lang.String@50000096)
	value		50001a5e
OBJ 50001939 (sz=24, trace=300000, class=java.lang.String@50000096)
	value		50001a67
OBJ 5000193a (sz=24, trace=300000, class=java.lang.String@50000096)
	value		50001a66
OBJ 5000193b (sz=24, trace=300000, class=java.lang.String@50000096)
	value		50001a65
OBJ 5000193c (sz=24, trace=300000, class=java.lang.String@50000096)
	value		50001a64
OBJ 5000193d (sz=24, trace=300000, class=java.lang.String@50000096)
	value		50001a63
OBJ 5000193e (sz=24, trace=300000, class=java.lang.String@50000096)
	value		50001a6c
OBJ 5000193f (sz=24, trace=300000, class=java.lang.String@50000096)
	value		50001a6b
OBJ 50001940 (sz=24, trace=300000, class=java.lang.String@50000096)
	value		50001a6a
OBJ 50001941 (sz=24, trace=300318, class=java.lang.String@50000096)
	value		50001942
ARR 50001942 (sz=76, trace=300319, nelems=38, elem type=char[])
OBJ 50001943 (sz=24, trace=300000, class=java.lang.String@50000096)
	value		50001a69
OBJ 50001944 (sz=24, trace=300000, class=java.lang.String@50000096)
	value		50001a68
OBJ 50001945 (sz=24, trace=300000, class=java.lang.String@50000096)
	value		50001a71
OBJ 50001946 (sz=24, trace=300000, class=java.lang.String@50000096)
	value		50001a70
OBJ 50001947 (sz=24, trace=300000, class=java.lang.String@50000096)
	value		50001a6f
OBJ 50001948 (sz=24, trace=300000, class=java.lang.String@50000096)
	value		50001a6e
OBJ 50001949 (sz=24, trace=300000, class=java.lang.String@50000096)
	value		50001a6d
OBJ 5000194a (sz=24, trace=300000, class=java.lang.String@50000096)
	value		50001a76
OBJ 5000194b (sz=56, trace=300335, class=java.lang.Package@50000c4c)
	pkgName		50001941
	loader		5000119e
OBJ 5000194c (sz=32, trace=300336, class=java.util.HashMap$Entry@5000009e)
	key		50001941
	value		5000194b
OBJ 5000194d (sz=64, trace=302555, class=SevenZip.Compression.LZMA.Encoder$Optimal@50000da3)
OBJ 5000194e (sz=64, trace=302555, class=SevenZip.Compression.LZMA.Encoder$Optimal@50000da3)
OBJ 5000194f (sz=64, trace=302555, class=SevenZip.Compression.LZMA.Encoder$Optimal@50000da3)
OBJ 50001950 (sz=64, trace=302555, class=SevenZip.Compression.LZMA.Encoder$Optimal@50000da3)
OBJ 50001951 (sz=64, trace=302555, class=SevenZip.Compression.LZMA.Encoder$Optimal@50000da3)
OBJ 50001952 (sz=24, trace=300000, class=java.lang.String@50000096)
	value		50001a75
OBJ 50001953 (sz=24, trace=300000, class=java.lang.String@50000096)
	value		50001a74
OBJ 50001954 (sz=24, trace=300000, class=java.lang.String@50000096)
	value		50001a73
OBJ 50001955 (sz=24, trace=300000, class=java.lang.String@50000096)
	value		50001a72
OBJ 50001956 (sz=24, trace=300000, class=java.lang.String@50000096)
	value		50001a7c
OBJ 50001957 (sz=24, trace=300000, class=java.lang.String@50000096)
	value		50001a7b
OBJ 50001958 (sz=32, trace=300346, class=java.security.CodeSource@500000c0)
	location	50001f71
OBJ 50001959 (sz=32, trace=300372, class=java.security.Permissions@50000c6d)
	permsMap	5000195a
OBJ 5000195a (sz=56, trace=300373, class=java.util.HashMap@5000010b)
	table		5000195b
ARR 5000195b (sz=80, trace=300374, nelems=13, elem type=java.util.HashMap$Entry[]@5000009f)
	[7]		50001983
	[12]		50001988
OBJ 5000195c (sz=24, trace=300000, class=java.lang.String@50000096)
	value		50001a7a
OBJ 5000195d (sz=24, trace=300000, class=java.lang.String@50000096)
	value		50001a79
OBJ 5000195e (sz=24, trace=300000, class=java.lang.String@50000096)
	value		50001a78
OBJ 5000195f (sz=24, trace=300000, class=java.lang.String@50000096)
	value		50001a77
OBJ 50001960 (sz=24, trace=300000, class=java.lang.String@50000096)
	value		50001a81
OBJ 50001961 (sz=24, trace=300000, class=java.lang.String@50000096)
	value		50001a80
OBJ 50001962 (sz=24, trace=300000, class=java.lang.String@50000096)
	value		50001a7f
OBJ 50001963 (sz=24, trace=300000, class=java.lang.String@50000096)
	value		50001a7e
OBJ 50001964 (sz=24, trace=300000, class=java.lang.String@50000096)
	value		50001a7d
OBJ 50001965 (sz=24, trace=300000, class=java.lang.String@50000096)
	value		50001a85
OBJ 50001966 (sz=24, trace=300000, class=java.lang.String@50000096)
	value		50001a84
OBJ 50001967 (sz=24, trace=300000, class=java.lang.String@50000096)
	value		50001a83
OBJ 50001968 (sz=24, trace=300000, class=java.lang.String@50000096)
	value		50001a82
ARR 50001969 (sz=32, trace=300000, nelems=4, elem type=java.lang.String[]@50000097)
	[0]		50001965
	[1]		50001966
	[2]		50001967
	[3]		50001968
ARR 5000196a (sz=40, trace=300000, nelems=5, elem type=java.lang.String[]@50000097)
	[0]		50001960
	[1]		50001961
	[2]		50001962
	[3]		50001963
	[4]		50001964
ARR 5000196b (sz=40, trace=300000, nelems=6, elem type=java.lang.String[]@50000097)
	[0]		50001956
	[1]		50001957
	[2]		5000195c
	[3]		5000195d
	[4]		5000195e
	[5]		5000195f
ARR 5000196c (sz=40, trace=300000, nelems=5, elem type=java.lang.String[]@50000097)
	[0]		5000194a
	[1]		50001952
	[2]		50001953
	[3]		50001954
	[4]		50001955
ARR 5000196d (sz=40, trace=300000, nelems=5, elem type=java.lang.String[]@50000097)
	[0]		50001945
	[1]		50001946
	[2]		50001947
	[3]		50001948
	[4]		50001949
ARR 5000196e (sz=40, trace=300000, nelems=5, elem type=java.lang.String[]@50000097)
	[0]		5000193e
	[1]		5000193f
	[2]		50001940
	[3]		50001943
	[4]		50001944
ARR 5000196f (sz=40, trace=300000, nelems=5, elem type=java.lang.String[]@50000097)
	[0]		50001939
	[1]		5000193a
	[2]		5000193b
	[3]		5000193c
	[4]		5000193d
ARR 50001970 (sz=40, trace=300000, nelems=5, elem type=java.lang.String[]@50000097)
	[0]		50001934
	[1]		50001935
	[2]		50001936
	[3]		50001937
	[4]		50001938
ARR 50001971 (sz=32, trace=300000, nelems=4, elem type=java.lang.String[]@50000097)
	[0]		50001930
	[1]		50001931
	[2]		50001932
	[3]		50001933
ARR 50001972 (sz=32, trace=300000, nelems=4, elem type=java.lang.String[]@50000097)
	[0]		5000192c
	[1]		5000192d
	[2]		5000192e
	[3]		5000192f
ARR 50001973 (sz=40, trace=300000, nelems=6, elem type=java.lang.String[]@50000097)
	[0]		50001926
	[1]		50001927
	[2]		50001928
	[3]		50001929
	[4]		5000192a
	[5]		5000192b
OBJ 50001974 (sz=24, trace=300403, class=java.lang.String@50000096)
	value		50001975
ARR 50001975 (sz=142, trace=300404, nelems=71, elem type=char[])
OBJ 50001976 (sz=32, trace=300405, class=java.io.FilePermission@50000ca0)
	name		50001974
	cpath		5000197e
ARR 50001977 (sz=24, trace=300000, nelems=2, elem type=java.lang.String[]@50000097)
	[0]		50001924
	[1]		50001925
ARR 50001978 (sz=24, trace=300000, nelems=2, elem type=java.lang.String[]@50000097)
	[0]		50001922
	[1]		50001923
ARR 50001979 (sz=24, trace=300000, nelems=2, elem type=java.lang.String[]@50000097)
	[0]		50001920
	[1]		50001921
OBJ 5000197a (sz=24, trace=300408, class=java.lang.String@50000096)
	value		5000197b
ARR 5000197b (sz=142, trace=300409, nelems=71, elem type=char[])
OBJ 5000197c (sz=24, trace=300410, class=java.io.ExpiringCache$Entry@5000008b)
	val		5000197a
OBJ 5000197d (sz=40, trace=300411, class=java.util.LinkedHashMap$Entry@5000010e)
	key		50001974
	value		5000197c
	next		5000165c
	before		50000cb8
	after		50001b22
OBJ 5000197e (sz=24, trace=300412, class=java.lang.String@50000096)
	value		5000197f
ARR 5000197f (sz=140, trace=300413, nelems=70, elem type=char[])
OBJ 50001980 (sz=24, trace=300425, class=java.io.FilePermissionCollection@50000cbb)
	perms		50001981
OBJ 50001981 (sz=24, trace=300426, class=java.util.ArrayList@5000004e)
	elementData	50001982
ARR 50001982 (sz=56, trace=300427, nelems=1, elem type=java.lang.Object[]@500000a8)
	[0]		50001976
OBJ 50001983 (sz=32, trace=300428, class=java.util.HashMap$Entry@5000009e)
	key		50000ca0
	value		50001980
OBJ 50001984 (sz=24, trace=300431, class=java.lang.RuntimePermission@50000111)
	name		50001232
	path		50001233
OBJ 50001985 (sz=32, trace=300456, class=java.security.BasicPermissionCollection@50000cd1)
	perms		50001986
	permClass	50000111
OBJ 50001986 (sz=56, trace=300457, class=java.util.HashMap@5000010b)
	table		50001987
ARR 50001987 (sz=80, trace=300458, nelems=14, elem type=java.util.HashMap$Entry[]@5000009f)
	[13]		50001989
OBJ 50001988 (sz=32, trace=300428, class=java.util.HashMap$Entry@5000009e)
	key		50000111
	value		50001985
OBJ 50001989 (sz=32, trace=300459, class=java.util.HashMap$Entry@5000009e)
	key		50001234
	value		50001984
OBJ 5000198a (sz=40, trace=300460, class=java.security.ProtectionDomain@5000011f)
	codesource	50001958
	classloader	5000119e
	principals	5000198c
	permissions	50001959
	key		5000198b
OBJ 5000198b (sz=16, trace=300461, class=java.security.ProtectionDomain$Key@500000f2)
	this$0		5000198a
ARR 5000198c (sz=16, trace=300462, nelems=0, elem type=java.security.Principal[]@50000106)
OBJ 5000198d (sz=32, trace=300463, class=java.util.HashMap$Entry@5000009e)
	key		50001958
	value		5000198a
OBJ 5000198e (sz=24, trace=300464, class=java.lang.String@50000096)
	value		5000198f
ARR 5000198f (sz=76, trace=300465, nelems=38, elem type=char[])
ARR 50001990 (sz=24, trace=300466, nelems=1, elem type=java.util.concurrent.ConcurrentHashMap$HashEntry[]@50000116)
	[0]		50001993
OBJ 50001991 (sz=40, trace=300467, class=java.util.concurrent.ConcurrentHashMap$Segment@50000140)
	sync		50001992
	table		50001990
OBJ 50001992 (sz=32, trace=300023, class=java.util.concurrent.locks.ReentrantLock$NonfairSync@5000003d)
OBJ 50001993 (sz=32, trace=300468, class=java.util.concurrent.ConcurrentHashMap$HashEntry@50000115)
	key		5000198e
	value		500013cb
ARR 50001994 (sz=24, trace=300000, nelems=2, elem type=java.lang.String[]@50000097)
	[0]		5000191e
	[1]		5000191f
ARR 50001995 (sz=32, trace=300000, nelems=3, elem type=java.lang.String[]@50000097)
	[0]		5000191b
	[1]		5000191c
	[2]		5000191d
ARR 50001996 (sz=24, trace=300000, nelems=2, elem type=java.lang.String[]@50000097)
	[0]		50001919
	[1]		5000191a
ARR 50001997 (sz=24, trace=300000, nelems=1, elem type=java.lang.String[]@50000097)
	[0]		50001918
OBJ 50001998 (sz=32, trace=300477, class=java.util.HashMap$Entry@5000009e)
	key		5000198a
	value		50001808
OBJ 5000199a (sz=16, trace=300545, class=java.lang.Object@500000a7)
ARR 5000199b (sz=32, trace=300000, nelems=3, elem type=java.lang.String[]@50000097)
	[0]		50001915
	[1]		50001916
	[2]		50001917
OBJ 5000199c (sz=16, trace=300546, class=java.lang.Object@500000a7)
ARR 5000199d (sz=80, trace=300000, nelems=15, elem type=java.lang.String[]@50000097)
	[0]		50001906
	[1]		50001907
	[2]		50001908
	[3]		50001909
	[4]		5000190a
	[5]		5000190b
	[6]		5000190c
	[7]		5000190d
	[8]		5000190e
	[9]		5000190f
	[10]		50001910
	[11]		50001911
	[12]		50001912
	[13]		50001913
	[14]		50001914
OBJ 5000199f (sz=16, trace=300545, class=java.lang.Object@500000a7)
ARR 500019a0 (sz=32, trace=300000, nelems=4, elem type=java.lang.String[]@50000097)
	[0]		50001902
	[1]		50001903
	[2]		50001904
	[3]		50001905
OBJ 500019a1 (sz=16, trace=300546, class=java.lang.Object@500000a7)
ARR 500019a2 (sz=72, trace=300000, nelems=13, elem type=java.lang.String[]@50000097)
	[0]		500018f5
	[1]		500018f6
	[2]		500018f7
	[3]		500018f8
	[4]		500018f9
	[5]		500018fa
	[6]		500018fb
	[7]		500018fc
	[8]		500018fd
	[9]		500018fe
	[10]		500018ff
	[11]		50001900
	[12]		50001901
OBJ 500019a4 (sz=16, trace=300545, class=java.lang.Object@500000a7)
ARR 500019a5 (sz=80, trace=300000, nelems=16, elem type=java.lang.String[]@50000097)
	[0]		500018e5
	[1]		500018e6
	[2]		500018e7
	[3]		500018e8
	[4]		500018e9
	[5]		500018ea
	[6]		500018eb
	[7]		500018ec
	[8]		500018ed
	[9]		500018ee
	[10]		500018ef
	[11]		500018f0
	[12]		500018f1
	[13]		500018f2
	[14]		500018f3
	[15]		500018f4
ARR 500019a6 (sz=64, trace=300000, nelems=12, elem type=java.lang.String[]@50000097)
	[0]		500018d9
	[1]		500018da
	[2]		500018db
	[3]		500018dc
	[4]		500018dd
	[5]		500018de
	[6]		500018df
	[7]		500018e0
	[8]		500018e1
	[9]		500018e2
	[10]		500018e3
	[11]		500018e4
OBJ 500019a7 (sz=32, trace=300486, class=java.util.concurrent.ConcurrentHashMap$HashEntry@50000115)
	key		50001401
	value		5000199a
OBJ 500019a8 (sz=16, trace=300546, class=java.lang.Object@500000a7)
ARR 500019a9 (sz=72, trace=300000, nelems=13, elem type=java.lang.String[]@50000097)
	[0]		500018cc
	[1]		500018cd
	[2]		500018ce
	[3]		500018cf
	[4]		500018d0
	[5]		500018d1
	[6]		500018d2
	[7]		500018d3
	[8]		500018d4
	[9]		500018d5
	[10]		500018d6
	[11]		500018d7
	[12]		500018d8
ARR 500019aa (sz=72, trace=300000, nelems=13, elem type=java.lang.String[]@50000097)
	[0]		500018bf
	[1]		500018c0
	[2]		500018c1
	[3]		500018c2
	[4]		500018c3
	[5]		500018c4
	[6]		500018c5
	[7]		500018c6
	[8]		500018c7
	[9]		500018c8
	[10]		500018c9
	[11]		500018ca
	[12]		500018cb
OBJ 500019ab (sz=32, trace=300486, class=java.util.concurrent.ConcurrentHashMap$HashEntry@50000115)
	key		50001401
	value		5000199c
ARR 500019ac (sz=72, trace=300000, nelems=14, elem type=java.lang.String[]@50000097)
	[0]		500018b1
	[1]		500018b2
	[2]		500018b3
	[3]		500018b4
	[4]		500018b5
	[5]		500018b6
	[6]		500018b7
	[7]		500018b8
	[8]		500018b9
	[9]		500018ba
	[10]		500018bb
	[11]		500018bc
	[12]		500018bd
	[13]		500018be
ARR 500019ad (sz=24, trace=300000, nelems=2, elem type=java.lang.String[]@50000097)
	[0]		500018af
	[1]		500018b0
ARR 500019ae (sz=24, trace=300000, nelems=2, elem type=java.lang.String[]@50000097)
	[0]		500018ad
	[1]		500018ae
ARR 500019af (sz=24, trace=300000, nelems=2, elem type=java.lang.String[]@50000097)
	[0]		500018ab
	[1]		500018ac
ARR 500019b0 (sz=24, trace=300000, nelems=2, elem type=java.lang.String[]@50000097)
	[0]		500018a9
	[1]		500018aa
ARR 500019b1 (sz=24, trace=300000, nelems=2, elem type=java.lang.String[]@50000097)
	[0]		500018a7
	[1]		500018a8
ARR 500019b2 (sz=24, trace=300000, nelems=1, elem type=java.lang.String[]@50000097)
	[0]		500018a6
ARR 500019b3 (sz=32, trace=300000, nelems=3, elem type=java.lang.String[]@50000097)
	[0]		500018a3
	[1]		500018a4
	[2]		500018a5
ARR 500019b4 (sz=32, trace=300000, nelems=4, elem type=java.lang.String[]@50000097)
	[0]		5000189f
	[1]		500018a0
	[2]		500018a1
	[3]		500018a2
ARR 500019b5 (sz=32, trace=300000, nelems=4, elem type=java.lang.String[]@50000097)
	[0]		5000189b
	[1]		5000189c
	[2]		5000189d
	[3]		5000189e
ARR 500019b6 (sz=72, trace=300000, nelems=14, elem type=java.lang.String[]@50000097)
	[0]		5000188d
	[1]		5000188e
	[2]		5000188f
	[3]		50001890
	[4]		50001891
	[5]		50001892
	[6]		50001893
	[7]		50001894
	[8]		50001895
	[9]		50001896
	[10]		50001897
	[11]		50001898
	[12]		50001899
	[13]		5000189a
ARR 500019b7 (sz=12, trace=300000, nelems=6, elem type=char[])
ARR 500019b8 (sz=28, trace=300000, nelems=14, elem type=char[])
ARR 500019b9 (sz=32, trace=300000, nelems=16, elem type=char[])
ARR 500019ba (sz=6, trace=300000, nelems=3, elem type=char[])
ARR 500019bb (sz=14, trace=300000, nelems=7, elem type=char[])
ARR 500019bc (sz=14, trace=300000, nelems=7, elem type=char[])
ARR 500019bd (sz=10, trace=300000, nelems=5, elem type=char[])
ARR 500019be (sz=12, trace=300000, nelems=6, elem type=char[])
ARR 500019bf (sz=4, trace=300000, nelems=2, elem type=char[])
ARR 500019c0 (sz=18, trace=300000, nelems=9, elem type=char[])
ARR 500019c1 (sz=10, trace=300000, nelems=5, elem type=char[])
ARR 500019c2 (sz=32, trace=300000, nelems=16, elem type=char[])
ARR 500019c3 (sz=28, trace=300000, nelems=14, elem type=char[])
ARR 500019c4 (sz=16, trace=300000, nelems=8, elem type=char[])
ARR 500019c5 (sz=20, trace=300000, nelems=10, elem type=char[])
ARR 500019c6 (sz=14, trace=300000, nelems=7, elem type=char[])
ARR 500019c7 (sz=10, trace=300000, nelems=5, elem type=char[])
ARR 500019c8 (sz=12, trace=300000, nelems=6, elem type=char[])
ARR 500019c9 (sz=36, trace=300000, nelems=18, elem type=char[])
ARR 500019ca (sz=20, trace=300000, nelems=10, elem type=char[])
ARR 500019cb (sz=30, trace=300000, nelems=15, elem type=char[])
ARR 500019cc (sz=16, trace=300000, nelems=8, elem type=char[])
ARR 500019cd (sz=42, trace=300000, nelems=21, elem type=char[])
ARR 500019ce (sz=20, trace=300000, nelems=10, elem type=char[])
ARR 500019cf (sz=16, trace=300000, nelems=8, elem type=char[])
ARR 500019d0 (sz=26, trace=300000, nelems=13, elem type=char[])
ARR 500019d1 (sz=10, trace=300000, nelems=5, elem type=char[])
ARR 500019d2 (sz=12, trace=300000, nelems=6, elem type=char[])
ARR 500019d3 (sz=20, trace=300000, nelems=10, elem type=char[])
ARR 500019d4 (sz=16, trace=300000, nelems=8, elem type=char[])
ARR 500019d5 (sz=20, trace=300000, nelems=10, elem type=char[])
ARR 500019d6 (sz=16, trace=300000, nelems=8, elem type=char[])
ARR 500019d7 (sz=24, trace=300000, nelems=12, elem type=char[])
ARR 500019d8 (sz=24, trace=300000, nelems=12, elem type=char[])
ARR 500019d9 (sz=24, trace=300000, nelems=12, elem type=char[])
ARR 500019da (sz=24, trace=300000, nelems=12, elem type=char[])
ARR 500019db (sz=18, trace=300000, nelems=9, elem type=char[])
ARR 500019dc (sz=12, trace=300000, nelems=6, elem type=char[])
ARR 500019dd (sz=20, trace=300000, nelems=10, elem type=char[])
ARR 500019de (sz=30, trace=300000, nelems=15, elem type=char[])
ARR 500019df (sz=18, trace=300000, nelems=9, elem type=char[])
ARR 500019e0 (sz=14, trace=300000, nelems=7, elem type=char[])
ARR 500019e1 (sz=6, trace=300000, nelems=3, elem type=char[])
ARR 500019e2 (sz=22, trace=300000, nelems=11, elem type=char[])
ARR 500019e3 (sz=10, trace=300000, nelems=5, elem type=char[])
ARR 500019e4 (sz=12, trace=300000, nelems=6, elem type=char[])
ARR 500019e5 (sz=4, trace=300000, nelems=2, elem type=char[])
ARR 500019e6 (sz=12, trace=300000, nelems=6, elem type=char[])
ARR 500019e7 (sz=20, trace=300000, nelems=10, elem type=char[])
ARR 500019e8 (sz=20, trace=300000, nelems=10, elem type=char[])
ARR 500019e9 (sz=22, trace=300000, nelems=11, elem type=char[])
ARR 500019ea (sz=6, trace=300000, nelems=3, elem type=char[])
ARR 500019eb (sz=10, trace=300000, nelems=5, elem type=char[])
ARR 500019ec (sz=14, trace=300000, nelems=7, elem type=char[])
ARR 500019ed (sz=12, trace=300000, nelems=6, elem type=char[])
ARR 500019ee (sz=4, trace=300000, nelems=2, elem type=char[])
ARR 500019ef (sz=12, trace=300000, nelems=6, elem type=char[])
ARR 500019f0 (sz=18, trace=300000, nelems=9, elem type=char[])
ARR 500019f1 (sz=30, trace=300000, nelems=15, elem type=char[])
ARR 500019f2 (sz=20, trace=300000, nelems=10, elem type=char[])
ARR 500019f3 (sz=20, trace=300000, nelems=10, elem type=char[])
ARR 500019f4 (sz=12, trace=300000, nelems=6, elem type=char[])
ARR 500019f5 (sz=18, trace=300000, nelems=9, elem type=char[])
ARR 500019f6 (sz=22, trace=300000, nelems=11, elem type=char[])
ARR 500019f7 (sz=6, trace=300000, nelems=3, elem type=char[])
ARR 500019f8 (sz=10, trace=300000, nelems=5, elem type=char[])
ARR 500019f9 (sz=14, trace=300000, nelems=7, elem type=char[])
ARR 500019fa (sz=12, trace=300000, nelems=6, elem type=char[])
ARR 500019fb (sz=4, trace=300000, nelems=2, elem type=char[])
ARR 500019fc (sz=12, trace=300000, nelems=6, elem type=char[])
ARR 500019fd (sz=30, trace=300000, nelems=15, elem type=char[])
ARR 500019fe (sz=20, trace=300000, nelems=10, elem type=char[])
ARR 500019ff (sz=20, trace=300000, nelems=10, elem type=char[])
ARR 50001a00 (sz=12, trace=300000, nelems=6, elem type=char[])
ARR 50001a01 (sz=18, trace=300000, nelems=9, elem type=char[])
ARR 50001a02 (sz=18, trace=300000, nelems=9, elem type=char[])
ARR 50001a03 (sz=36, trace=300000, nelems=18, elem type=char[])
ARR 50001a04 (sz=6, trace=300000, nelems=3, elem type=char[])
ARR 50001a05 (sz=10, trace=300000, nelems=5, elem type=char[])
ARR 50001a06 (sz=14, trace=300000, nelems=7, elem type=char[])
ARR 50001a07 (sz=12, trace=300000, nelems=6, elem type=char[])
ARR 50001a08 (sz=16, trace=300000, nelems=8, elem type=char[])
ARR 50001a09 (sz=18, trace=300000, nelems=9, elem type=char[])
ARR 50001a0a (sz=30, trace=300000, nelems=15, elem type=char[])
ARR 50001a0b (sz=20, trace=300000, nelems=10, elem type=char[])
ARR 50001a0c (sz=20, trace=300000, nelems=10, elem type=char[])
ARR 50001a0d (sz=12, trace=300000, nelems=6, elem type=char[])
ARR 50001a0e (sz=18, trace=300000, nelems=9, elem type=char[])
ARR 50001a0f (sz=18, trace=300000, nelems=9, elem type=char[])
ARR 50001a10 (sz=10, trace=300000, nelems=5, elem type=char[])
ARR 50001a11 (sz=6, trace=300000, nelems=3, elem type=char[])
ARR 50001a12 (sz=14, trace=300000, nelems=7, elem type=char[])
ARR 50001a13 (sz=12, trace=300000, nelems=6, elem type=char[])
ARR 50001a14 (sz=24, trace=300000, nelems=12, elem type=char[])
ARR 50001a15 (sz=30, trace=300000, nelems=15, elem type=char[])
ARR 50001a16 (sz=12, trace=300000, nelems=6, elem type=char[])
ARR 50001a17 (sz=10, trace=300000, nelems=5, elem type=char[])
ARR 50001a18 (sz=16, trace=300000, nelems=8, elem type=char[])
ARR 50001a19 (sz=16, trace=300000, nelems=8, elem type=char[])
ARR 50001a1a (sz=30, trace=300000, nelems=15, elem type=char[])
ARR 50001a1b (sz=20, trace=300000, nelems=10, elem type=char[])
ARR 50001a1c (sz=20, trace=300000, nelems=10, elem type=char[])
ARR 50001a1d (sz=12, trace=300000, nelems=6, elem type=char[])
ARR 50001a1e (sz=18, trace=300000, nelems=9, elem type=char[])
ARR 50001a1f (sz=22, trace=300000, nelems=11, elem type=char[])
ARR 50001a20 (sz=10, trace=300000, nelems=5, elem type=char[])
ARR 50001a21 (sz=6, trace=300000, nelems=3, elem type=char[])
ARR 50001a22 (sz=14, trace=300000, nelems=7, elem type=char[])
ARR 50001a23 (sz=12, trace=300000, nelems=6, elem type=char[])
ARR 50001a24 (sz=4, trace=300000, nelems=2, elem type=char[])
ARR 50001a25 (sz=12, trace=300000, nelems=6, elem type=char[])
ARR 50001a26 (sz=18, trace=300000, nelems=9, elem type=char[])
ARR 50001a27 (sz=30, trace=300000, nelems=15, elem type=char[])
ARR 50001a28 (sz=20, trace=300000, nelems=10, elem type=char[])
ARR 50001a29 (sz=20, trace=300000, nelems=10, elem type=char[])
ARR 50001a2a (sz=12, trace=300000, nelems=6, elem type=char[])
ARR 50001a2b (sz=18, trace=300000, nelems=9, elem type=char[])
ARR 50001a2c (sz=20, trace=300000, nelems=10, elem type=char[])
ARR 50001a2d (sz=22, trace=300000, nelems=11, elem type=char[])
ARR 50001a2e (sz=14, trace=300000, nelems=7, elem type=char[])
ARR 50001a2f (sz=20, trace=300000, nelems=10, elem type=char[])
ARR 50001a30 (sz=30, trace=300000, nelems=15, elem type=char[])
ARR 50001a31 (sz=22, trace=300000, nelems=11, elem type=char[])
ARR 50001a32 (sz=22, trace=300000, nelems=11, elem type=char[])
ARR 50001a33 (sz=4, trace=300000, nelems=2, elem type=char[])
ARR 50001a34 (sz=12, trace=300000, nelems=6, elem type=char[])
ARR 50001a35 (sz=12, trace=300000, nelems=6, elem type=char[])
ARR 50001a36 (sz=6, trace=300000, nelems=3, elem type=char[])
ARR 50001a37 (sz=10, trace=300000, nelems=5, elem type=char[])
ARR 50001a38 (sz=14, trace=300000, nelems=7, elem type=char[])
ARR 50001a39 (sz=12, trace=300000, nelems=6, elem type=char[])
ARR 50001a3a (sz=20, trace=300000, nelems=10, elem type=char[])
ARR 50001a3b (sz=20, trace=300000, nelems=10, elem type=char[])
ARR 50001a3c (sz=22, trace=300000, nelems=11, elem type=char[])
ARR 50001a3d (sz=14, trace=300000, nelems=7, elem type=char[])
ARR 50001a3e (sz=22, trace=300000, nelems=11, elem type=char[])
ARR 50001a3f (sz=14, trace=300000, nelems=7, elem type=char[])
ARR 50001a40 (sz=8, trace=300000, nelems=4, elem type=char[])
ARR 50001a41 (sz=12, trace=300000, nelems=6, elem type=char[])
ARR 50001a42 (sz=12, trace=300000, nelems=6, elem type=char[])
ARR 50001a43 (sz=12, trace=300000, nelems=6, elem type=char[])
ARR 50001a44 (sz=12, trace=300000, nelems=6, elem type=char[])
ARR 50001a45 (sz=18, trace=300000, nelems=9, elem type=char[])
ARR 50001a46 (sz=12, trace=300000, nelems=6, elem type=char[])
ARR 50001a47 (sz=12, trace=300000, nelems=6, elem type=char[])
ARR 50001a48 (sz=12, trace=300000, nelems=6, elem type=char[])
ARR 50001a49 (sz=12, trace=300000, nelems=6, elem type=char[])
ARR 50001a4a (sz=12, trace=300000, nelems=6, elem type=char[])
ARR 50001a4b (sz=12, trace=300000, nelems=6, elem type=char[])
ARR 50001a4c (sz=12, trace=300000, nelems=6, elem type=char[])
ARR 50001a4d (sz=12, trace=300000, nelems=6, elem type=char[])
ARR 50001a4e (sz=12, trace=300000, nelems=6, elem type=char[])
ARR 50001a4f (sz=12, trace=300000, nelems=6, elem type=char[])
ARR 50001a50 (sz=22, trace=300000, nelems=11, elem type=char[])
ARR 50001a51 (sz=32, trace=300000, nelems=16, elem type=char[])
ARR 50001a52 (sz=6, trace=300000, nelems=3, elem type=char[])
ARR 50001a53 (sz=14, trace=300000, nelems=7, elem type=char[])
ARR 50001a54 (sz=12, trace=300000, nelems=6, elem type=char[])
ARR 50001a55 (sz=10, trace=300000, nelems=5, elem type=char[])
ARR 50001a56 (sz=6, trace=300000, nelems=3, elem type=char[])
ARR 50001a57 (sz=14, trace=300000, nelems=7, elem type=char[])
ARR 50001a58 (sz=12, trace=300000, nelems=6, elem type=char[])
ARR 50001a59 (sz=10, trace=300000, nelems=5, elem type=char[])
ARR 50001a5a (sz=6, trace=300000, nelems=3, elem type=char[])
ARR 50001a5b (sz=14, trace=300000, nelems=7, elem type=char[])
ARR 50001a5c (sz=12, trace=300000, nelems=6, elem type=char[])
ARR 50001a5d (sz=10, trace=300000, nelems=5, elem type=char[])
ARR 50001a5e (sz=38, trace=300000, nelems=19, elem type=char[])
ARR 50001a5f (sz=6, trace=300000, nelems=3, elem type=char[])
ARR 50001a60 (sz=12, trace=300000, nelems=6, elem type=char[])
ARR 50001a61 (sz=14, trace=300000, nelems=7, elem type=char[])
ARR 50001a62 (sz=10, trace=300000, nelems=5, elem type=char[])
ARR 50001a63 (sz=16, trace=300000, nelems=8, elem type=char[])
ARR 50001a64 (sz=6, trace=300000, nelems=3, elem type=char[])
ARR 50001a65 (sz=14, trace=300000, nelems=7, elem type=char[])
ARR 50001a66 (sz=12, trace=300000, nelems=6, elem type=char[])
ARR 50001a67 (sz=10, trace=300000, nelems=5, elem type=char[])
ARR 50001a68 (sz=16, trace=300000, nelems=8, elem type=char[])
ARR 50001a69 (sz=6, trace=300000, nelems=3, elem type=char[])
ARR 50001a6a (sz=12, trace=300000, nelems=6, elem type=char[])
ARR 50001a6b (sz=14, trace=300000, nelems=7, elem type=char[])
ARR 50001a6c (sz=10, trace=300000, nelems=5, elem type=char[])
ARR 50001a6d (sz=16, trace=300000, nelems=8, elem type=char[])
ARR 50001a6e (sz=6, trace=300000, nelems=3, elem type=char[])
ARR 50001a6f (sz=14, trace=300000, nelems=7, elem type=char[])
ARR 50001a70 (sz=12, trace=300000, nelems=6, elem type=char[])
ARR 50001a71 (sz=10, trace=300000, nelems=5, elem type=char[])
ARR 50001a72 (sz=48, trace=300000, nelems=24, elem type=char[])
ARR 50001a73 (sz=6, trace=300000, nelems=3, elem type=char[])
ARR 50001a74 (sz=14, trace=300000, nelems=7, elem type=char[])
ARR 50001a75 (sz=20, trace=300000, nelems=10, elem type=char[])
ARR 50001a76 (sz=10, trace=300000, nelems=5, elem type=char[])
ARR 50001a77 (sz=36, trace=300000, nelems=18, elem type=char[])
ARR 50001a78 (sz=16, trace=300000, nelems=8, elem type=char[])
ARR 50001a79 (sz=6, trace=300000, nelems=3, elem type=char[])
ARR 50001a7a (sz=14, trace=300000, nelems=7, elem type=char[])
ARR 50001a7b (sz=12, trace=300000, nelems=6, elem type=char[])
ARR 50001a7c (sz=10, trace=300000, nelems=5, elem type=char[])
ARR 50001a7d (sz=16, trace=300000, nelems=8, elem type=char[])
ARR 50001a7e (sz=6, trace=300000, nelems=3, elem type=char[])
ARR 50001a7f (sz=14, trace=300000, nelems=7, elem type=char[])
ARR 50001a80 (sz=12, trace=300000, nelems=6, elem type=char[])
ARR 50001a81 (sz=10, trace=300000, nelems=5, elem type=char[])
ARR 50001a82 (sz=6, trace=300000, nelems=3, elem type=char[])
ARR 50001a83 (sz=14, trace=300000, nelems=7, elem type=char[])
ARR 50001a84 (sz=12, trace=300000, nelems=6, elem type=char[])
ARR 50001a85 (sz=10, trace=300000, nelems=5, elem type=char[])
OBJ 50001a86 (sz=24, trace=300000, class=java.lang.String@50000096)
	value		50001ae8
OBJ 50001a87 (sz=24, trace=300000, class=java.lang.String@50000096)
	value		50001d9c
OBJ 50001a88 (sz=64, trace=302555, class=SevenZip.Compression.LZMA.Encoder$Optimal@50000da3)
OBJ 50001a89 (sz=64, trace=302555, class=SevenZip.Compression.LZMA.Encoder$Optimal@50000da3)
OBJ 50001a8a (sz=64, trace=302555, class=SevenZip.Compression.LZMA.Encoder$Optimal@50000da3)
OBJ 50001a8b (sz=64, trace=302555, class=SevenZip.Compression.LZMA.Encoder$Optimal@50000da3)
OBJ 50001a8c (sz=64, trace=302555, class=SevenZip.Compression.LZMA.Encoder$Optimal@50000da3)
OBJ 50001a8d (sz=24, trace=300000, class=java.lang.String@50000096)
	value		50001db2
OBJ 50001a8e (sz=24, trace=300000, class=java.lang.String@50000096)
	value		50001db1
OBJ 50001a8f (sz=24, trace=300000, class=java.lang.String@50000096)
	value		50001db0
OBJ 50001a90 (sz=16, trace=300000, class=java.lang.Object@500000a7)
OBJ 50001a91 (sz=16, trace=300000, class=java.lang.ThreadLocal@5000008d)
OBJ 50001a92 (sz=32, trace=300000, class=sun.nio.cs.StandardCharsets@5000007d)
	classMap	50001a95
	aliasMap	50001a94
	cache		50001a93
	packagePrefix	5000188c
OBJ 50001a93 (sz=40, trace=300000, class=sun.nio.cs.StandardCharsets$Cache@5000012c)
	ht		50001d7e
OBJ 50001a94 (sz=40, trace=300000, class=sun.nio.cs.StandardCharsets$Aliases@50000133)
	ht		50001b86
OBJ 50001a95 (sz=40, trace=300000, class=sun.nio.cs.StandardCharsets$Classes@50000013)
	ht		50001a96
ARR 50001a96 (sz=144, trace=300000, nelems=32, elem type=java.lang.Object[]@500000a8)
	[0]		50001a97
	[2]		50001a99
	[3]		50001a9c
	[4]		50001aa0
	[5]		50001aa1
	[6]		50001aa2
	[7]		50001aa3
	[8]		50001aa4
	[9]		50001aa6
	[10]		50001aa7
	[11]		50001aa9
	[12]		50001aaa
	[14]		50001aac
	[15]		50001aad
	[16]		50001aae
	[17]		50001aaf
	[18]		50001ab0
	[19]		50001ab1
	[22]		50001ab2
	[24]		50001ab3
	[28]		50001ab4
	[29]		50001ab5
	[31]		50001ab6
ARR 50001a97 (sz=24, trace=300000, nelems=2, elem type=java.lang.Object[]@500000a8)
	[0]		50001957
	[1]		50001b84
ARR 50001a99 (sz=32, trace=300000, nelems=3, elem type=java.lang.Object[]@500000a8)
	[0]		50001961
	[1]		50001b71
	[2]		50001b75
OBJ 50001a9a (sz=40, trace=300086, class=java.lang.ref.SoftReference@50000118)
OBJ 50001a9b (sz=72, trace=300087, class=java.lang.reflect.Constructor@5000006e)
ARR 50001a9c (sz=32, trace=300000, nelems=3, elem type=java.lang.Object[]@500000a8)
	[0]		50001b65
	[1]		50001b66
	[2]		50001b67
OBJ 50001a9d (sz=24, trace=300089, class=sun.reflect.NativeConstructorAccessorImpl@50000123)
OBJ 50001a9e (sz=16, trace=300090, class=sun.reflect.DelegatingConstructorAccessorImpl@500000a5)
OBJ 50001a9f (sz=16, trace=300550, class=org.eclipse.jdt.internal.junit4.runner.JUnit4TestLoader@50001999)
ARR 50001aa0 (sz=32, trace=300000, nelems=3, elem type=java.lang.Object[]@500000a8)
	[0]		50001b58
	[1]		50001b59
	[2]		50001b5a
ARR 50001aa1 (sz=32, trace=300000, nelems=3, elem type=java.lang.Object[]@500000a8)
	[0]		50001b4a
	[1]		50001b4b
	[2]		50001b4c
ARR 50001aa2 (sz=24, trace=300000, nelems=2, elem type=java.lang.Object[]@500000a8)
	[0]		50001b3d
	[1]		50001b40
ARR 50001aa3 (sz=24, trace=300000, nelems=2, elem type=java.lang.Object[]@500000a8)
	[0]		50001b3b
	[1]		5000189f
ARR 50001aa4 (sz=32, trace=300000, nelems=3, elem type=java.lang.Object[]@500000a8)
	[0]		50001b1c
	[1]		50001b1d
	[2]		50001b1e
OBJ 50001aa5 (sz=16, trace=300553, class=java.lang.Object@500000a7)
ARR 50001aa6 (sz=32, trace=300000, nelems=3, elem type=java.lang.Object[]@500000a8)
	[0]		50001b11
	[1]		50001b12
	[2]		50001b13
ARR 50001aa7 (sz=24, trace=300000, nelems=2, elem type=java.lang.Object[]@500000a8)
	[0]		50001b0d
	[1]		50001b0e
OBJ 50001aa8 (sz=16, trace=300554, class=java.lang.Object@500000a7)
ARR 50001aa9 (sz=32, trace=300000, nelems=3, elem type=java.lang.Object[]@500000a8)
	[0]		50001b03
	[1]		50001b05
	[2]		50001b06
ARR 50001aaa (sz=24, trace=300000, nelems=2, elem type=java.lang.Object[]@500000a8)
	[0]		50001afc
	[1]		50001afd
ARR 50001aab (sz=24, trace=300555, nelems=1, elem type=java.lang.String[]@50000097)
	[0]		50001753
ARR 50001aac (sz=24, trace=300000, nelems=2, elem type=java.lang.Object[]@500000a8)
	[0]		50001af5
	[1]		50001af6
ARR 50001aad (sz=24, trace=300000, nelems=2, elem type=java.lang.Object[]@500000a8)
	[0]		50001936
	[1]		50001af3
ARR 50001aae (sz=32, trace=300000, nelems=3, elem type=java.lang.Object[]@500000a8)
	[0]		5000193a
	[1]		50001aee
	[2]		50001aef
ARR 50001aaf (sz=32, trace=300000, nelems=3, elem type=java.lang.Object[]@500000a8)
	[0]		50001ae4
	[1]		50001ae5
	[2]		50001ae6
ARR 50001ab0 (sz=32, trace=300000, nelems=3, elem type=java.lang.Object[]@500000a8)
	[0]		50001940
	[1]		50001ad1
	[2]		50001ad2
ARR 50001ab1 (sz=32, trace=300000, nelems=3, elem type=java.lang.Object[]@500000a8)
	[0]		50001ac7
	[1]		50001ac8
	[2]		50001ac9
ARR 50001ab2 (sz=24, trace=300000, nelems=2, elem type=java.lang.Object[]@500000a8)
	[0]		50001ac3
	[1]		50001ac4
ARR 50001ab3 (sz=24, trace=300000, nelems=2, elem type=java.lang.Object[]@500000a8)
	[0]		50001ac1
	[1]		500018af
ARR 50001ab4 (sz=24, trace=300000, nelems=2, elem type=java.lang.Object[]@500000a8)
	[0]		50001abd
	[1]		50001abe
ARR 50001ab5 (sz=24, trace=300000, nelems=2, elem type=java.lang.Object[]@500000a8)
	[0]		50001ab9
	[1]		50001aba
ARR 50001ab6 (sz=24, trace=300000, nelems=2, elem type=java.lang.Object[]@500000a8)
	[0]		50001ab7
	[1]		500018a9
OBJ 50001ab7 (sz=24, trace=300000, class=java.lang.String@50000096)
	value		50001ab8
ARR 50001ab8 (sz=16, trace=300000, nelems=8, elem type=char[])
OBJ 50001ab9 (sz=24, trace=300000, class=java.lang.String@50000096)
	value		50001abc
OBJ 50001aba (sz=24, trace=300000, class=java.lang.String@50000096)
	value		50001abb
ARR 50001abb (sz=12, trace=300000, nelems=6, elem type=char[])
ARR 50001abc (sz=12, trace=300000, nelems=6, elem type=char[])
OBJ 50001abd (sz=24, trace=300000, class=java.lang.String@50000096)
	value		50001ac0
OBJ 50001abe (sz=24, trace=300000, class=java.lang.String@50000096)
	value		50001abf
ARR 50001abf (sz=12, trace=300000, nelems=6, elem type=char[])
ARR 50001ac0 (sz=12, trace=300000, nelems=6, elem type=char[])
OBJ 50001ac1 (sz=24, trace=300000, class=java.lang.String@50000096)
	value		50001ac2
ARR 50001ac2 (sz=28, trace=300000, nelems=14, elem type=char[])
OBJ 50001ac3 (sz=24, trace=300000, class=java.lang.String@50000096)
	value		50001ac6
OBJ 50001ac4 (sz=24, trace=300000, class=java.lang.String@50000096)
	value		50001ac5
ARR 50001ac5 (sz=24, trace=300000, nelems=12, elem type=char[])
ARR 50001ac6 (sz=28, trace=300000, nelems=14, elem type=char[])
OBJ 50001ac7 (sz=24, trace=300000, class=java.lang.String@50000096)
	value		50001ad0
OBJ 50001ac8 (sz=24, trace=300000, class=java.lang.String@50000096)
	value		50001acf
ARR 50001ac9 (sz=32, trace=300000, nelems=3, elem type=java.lang.Object[]@500000a8)
	[0]		50001946
	[1]		50001aca
	[2]		50001acb
OBJ 50001aca (sz=24, trace=300000, class=java.lang.String@50000096)
	value		50001ace
ARR 50001acb (sz=24, trace=300000, nelems=2, elem type=java.lang.Object[]@500000a8)
	[0]		50001acc
	[1]		500018ad
OBJ 50001acc (sz=24, trace=300000, class=java.lang.String@50000096)
	value		50001acd
ARR 50001acd (sz=28, trace=300000, nelems=14, elem type=char[])
ARR 50001ace (sz=12, trace=300000, nelems=6, elem type=char[])
ARR 50001acf (sz=12, trace=300000, nelems=6, elem type=char[])
ARR 50001ad0 (sz=16, trace=300000, nelems=8, elem type=char[])
OBJ 50001ad1 (sz=24, trace=300000, class=java.lang.String@50000096)
	value		50001ae3
ARR 50001ad2 (sz=32, trace=300000, nelems=3, elem type=java.lang.Object[]@500000a8)
	[0]		50001927
	[1]		50001ad3
	[2]		50001ad4
OBJ 50001ad3 (sz=24, trace=300000, class=java.lang.String@50000096)
	value		50001ae2
ARR 50001ad4 (sz=24, trace=300000, nelems=2, elem type=java.lang.Object[]@500000a8)
	[0]		50001ad5
	[1]		50001adf
OBJ 50001ad5 (sz=24, trace=300000, class=java.lang.String@50000096)
	value		50001ae1
OBJ 50001ad6 (sz=16, trace=300556, class=java.lang.Object@500000a7)
OBJ 50001ad7 (sz=32, trace=300024, class=java.util.concurrent.ConcurrentHashMap$HashEntry@50000115)
	key		50001575
	value		50001ad6
OBJ 50001ad8 (sz=16, trace=300557, class=java.lang.Object@500000a7)
OBJ 50001ad9 (sz=32, trace=300027, class=java.util.concurrent.ConcurrentHashMap$HashEntry@50000115)
	key		50001575
	value		50001ad8
ARR 50001add (sz=32, trace=300559, nelems=3, elem type=java.io.ObjectStreamField[]@50000024)
	[0]		50001ade
	[1]		50001aec
	[2]		50001af9
OBJ 50001ade (sz=40, trace=300560, class=java.io.ObjectStreamField@50000023)
	name		50001ec7
	signature	50001eb7
	type		50000096
OBJ 50001adf (sz=24, trace=300000, class=java.lang.String@50000096)
	value		50001ae0
ARR 50001ae0 (sz=22, trace=300000, nelems=11, elem type=char[])
ARR 50001ae1 (sz=22, trace=300000, nelems=11, elem type=char[])
ARR 50001ae2 (sz=12, trace=300000, nelems=6, elem type=char[])
ARR 50001ae3 (sz=12, trace=300000, nelems=6, elem type=char[])
OBJ 50001ae4 (sz=24, trace=300000, class=java.lang.String@50000096)
	value		50001aed
OBJ 50001ae5 (sz=24, trace=300000, class=java.lang.String@50000096)
	value		50001aea
ARR 50001ae6 (sz=24, trace=300000, nelems=2, elem type=java.lang.Object[]@500000a8)
	[0]		50001ae7
	[1]		50001a86
OBJ 50001ae7 (sz=24, trace=300000, class=java.lang.String@50000096)
	value		50001ae9
ARR 50001ae8 (sz=16, trace=300000, nelems=8, elem type=char[])
ARR 50001ae9 (sz=16, trace=300000, nelems=8, elem type=char[])
ARR 50001aea (sz=22, trace=300000, nelems=11, elem type=char[])
OBJ 50001aec (sz=40, trace=300570, class=java.io.ObjectStreamField@50000023)
	name		50001ec8
	signature	50001af7
	type		50001aeb
ARR 50001aed (sz=22, trace=300000, nelems=11, elem type=char[])
OBJ 50001aee (sz=24, trace=300000, class=java.lang.String@50000096)
	value		50001af2
ARR 50001aef (sz=24, trace=300000, nelems=2, elem type=java.lang.Object[]@500000a8)
	[0]		50001931
	[1]		50001af0
OBJ 50001af0 (sz=24, trace=300000, class=java.lang.String@50000096)
	value		50001af1
ARR 50001af1 (sz=12, trace=300000, nelems=6, elem type=char[])
ARR 50001af2 (sz=12, trace=300000, nelems=6, elem type=char[])
OBJ 50001af3 (sz=24, trace=300000, class=java.lang.String@50000096)
	value		50001af4
ARR 50001af4 (sz=12, trace=300000, nelems=6, elem type=char[])
OBJ 50001af5 (sz=24, trace=300000, class=java.lang.String@50000096)
	value		50001afb
OBJ 50001af6 (sz=24, trace=300000, class=java.lang.String@50000096)
	value		50001afa
OBJ 50001af7 (sz=24, trace=300578, class=java.lang.String@50000096)
	value		50001af8
ARR 50001af8 (sz=44, trace=300361, nelems=22, elem type=char[])
OBJ 50001af9 (sz=40, trace=300579, class=java.io.ObjectStreamField@50000023)
	name		50001ec9
	signature	500016da
	type		5000119f
ARR 50001afa (sz=12, trace=300000, nelems=6, elem type=char[])
ARR 50001afb (sz=16, trace=300000, nelems=8, elem type=char[])
OBJ 50001afc (sz=24, trace=300000, class=java.lang.String@50000096)
	value		50001b01
OBJ 50001afd (sz=24, trace=300000, class=java.lang.String@50000096)
	value		50001b00
OBJ 50001aff (sz=40, trace=300584, class=java.lang.ref.SoftReference@50000118)
ARR 50001b00 (sz=20, trace=300000, nelems=10, elem type=char[])
ARR 50001b01 (sz=20, trace=300000, nelems=10, elem type=char[])
OBJ 50001b03 (sz=24, trace=300000, class=java.lang.String@50000096)
	value		50001b0c
OBJ 50001b05 (sz=24, trace=300000, class=java.lang.String@50000096)
	value		50001b0b
ARR 50001b06 (sz=24, trace=300000, nelems=2, elem type=java.lang.Object[]@500000a8)
	[0]		50001b07
	[1]		50001b08
OBJ 50001b07 (sz=24, trace=300000, class=java.lang.String@50000096)
	value		50001b0a
OBJ 50001b08 (sz=24, trace=300000, class=java.lang.String@50000096)
	value		50001b09
ARR 50001b09 (sz=20, trace=300000, nelems=10, elem type=char[])
ARR 50001b0a (sz=20, trace=300000, nelems=10, elem type=char[])
ARR 50001b0b (sz=12, trace=300000, nelems=6, elem type=char[])
ARR 50001b0c (sz=16, trace=300000, nelems=8, elem type=char[])
OBJ 50001b0d (sz=24, trace=300000, class=java.lang.String@50000096)
	value		50001b10
OBJ 50001b0e (sz=24, trace=300000, class=java.lang.String@50000096)
	value		50001b0f
ARR 50001b0f (sz=20, trace=300000, nelems=10, elem type=char[])
ARR 50001b10 (sz=20, trace=300000, nelems=10, elem type=char[])
OBJ 50001b11 (sz=24, trace=300000, class=java.lang.String@50000096)
	value		50001b1b
OBJ 50001b12 (sz=24, trace=300000, class=java.lang.String@50000096)
	value		50001b18
ARR 50001b13 (sz=24, trace=300000, nelems=2, elem type=java.lang.Object[]@500000a8)
	[0]		50001b14
	[1]		50001b15
OBJ 50001b14 (sz=24, trace=300000, class=java.lang.String@50000096)
	value		50001b17
OBJ 50001b15 (sz=24, trace=300000, class=java.lang.String@50000096)
	value		50001b16
ARR 50001b16 (sz=10, trace=300000, nelems=5, elem type=char[])
ARR 50001b17 (sz=10, trace=300000, nelems=5, elem type=char[])
ARR 50001b18 (sz=20, trace=300000, nelems=10, elem type=char[])
OBJ 50001b19 (sz=24, trace=300606, class=java.lang.String@50000096)
	value		50001b1a
ARR 50001b1a (sz=168, trace=300607, nelems=84, elem type=char[])
ARR 50001b1b (sz=20, trace=300000, nelems=10, elem type=char[])
OBJ 50001b1c (sz=24, trace=300000, class=java.lang.String@50000096)
	value		50001b3a
OBJ 50001b1d (sz=24, trace=300000, class=java.lang.String@50000096)
	value		50001b39
ARR 50001b1e (sz=24, trace=300000, nelems=2, elem type=java.lang.Object[]@500000a8)
	[0]		50001b25
	[1]		500018bc
OBJ 50001b1f (sz=24, trace=300612, class=java.lang.String@50000096)
	value		50001b20
ARR 50001b20 (sz=168, trace=300613, nelems=84, elem type=char[])
OBJ 50001b21 (sz=24, trace=300614, class=java.io.ExpiringCache$Entry@5000008b)
	val		50001b19
OBJ 50001b22 (sz=40, trace=300411, class=java.util.LinkedHashMap$Entry@5000010e)
	key		50001b1f
	value		50001b21
	next		500016b0
	before		5000197d
	after		50001bc2
OBJ 50001b23 (sz=32, trace=300615, class=java.lang.ClassLoader$NativeLibrary@5000007b)
	fromClass	50001b04
	name		50001b19
OBJ 50001b24 (sz=40, trace=300616, class=java.lang.ref.Finalizer@50000107)
	referent	50001b23
	queue		50001194
	next		50000bdd
	prev		50001b8b
OBJ 50001b25 (sz=24, trace=300000, class=java.lang.String@50000096)
	value		50001b38
OBJ 50001b29 (sz=24, trace=300621, class=java.net.InetAddress$Cache$Type@50001b28)
	name		50001eb1
OBJ 50001b2a (sz=24, trace=300622, class=java.net.InetAddress$Cache$Type@50001b28)
	name		50001eb3
ARR 50001b2c (sz=24, trace=300623, nelems=2, elem type=java.net.InetAddress$Cache$Type[]@50001b2b)
	[0]		50001b29
	[1]		50001b2a
OBJ 50001b2d (sz=24, trace=300624, class=java.net.InetAddress$Cache@50001b27)
	cache		50001b2e
	type		50001b29
OBJ 50001b2e (sz=64, trace=300625, class=java.util.LinkedHashMap@500000f9)
	table		50001b2f
	header		50001b30
ARR 50001b2f (sz=80, trace=300626, nelems=0, elem type=java.util.HashMap$Entry[]@5000009f)
OBJ 50001b30 (sz=40, trace=300627, class=java.util.LinkedHashMap$Entry@5000010e)
	before		50001b30
	after		50001b30
OBJ 50001b31 (sz=24, trace=300628, class=java.net.InetAddress$Cache@50001b27)
	cache		50001b32
	type		50001b2a
OBJ 50001b32 (sz=64, trace=300629, class=java.util.LinkedHashMap@500000f9)
	table		50001b33
	header		50001b34
ARR 50001b33 (sz=80, trace=300630, nelems=0, elem type=java.util.HashMap$Entry[]@5000009f)
OBJ 50001b34 (sz=40, trace=300627, class=java.util.LinkedHashMap$Entry@5000010e)
	before		50001b34
	after		50001b34
OBJ 50001b35 (sz=56, trace=300631, class=java.util.HashMap@5000010b)
	table		50001b36
ARR 50001b36 (sz=80, trace=300632, nelems=0, elem type=java.util.HashMap$Entry[]@5000009f)
ARR 50001b38 (sz=20, trace=300000, nelems=10, elem type=char[])
ARR 50001b39 (sz=20, trace=300000, nelems=10, elem type=char[])
ARR 50001b3a (sz=20, trace=300000, nelems=10, elem type=char[])
OBJ 50001b3b (sz=24, trace=300000, class=java.lang.String@50000096)
	value		50001b3c
ARR 50001b3c (sz=16, trace=300000, nelems=8, elem type=char[])
OBJ 50001b3d (sz=24, trace=300000, class=java.lang.String@50000096)
	value		50001b49
OBJ 50001b40 (sz=24, trace=300000, class=java.lang.String@50000096)
	value		50001b43
OBJ 50001b41 (sz=40, trace=300086, class=java.lang.ref.SoftReference@50000118)
OBJ 50001b42 (sz=72, trace=300087, class=java.lang.reflect.Constructor@5000006e)
ARR 50001b43 (sz=12, trace=300000, nelems=6, elem type=char[])
OBJ 50001b44 (sz=24, trace=300089, class=sun.reflect.NativeConstructorAccessorImpl@50000123)
OBJ 50001b45 (sz=16, trace=300090, class=sun.reflect.DelegatingConstructorAccessorImpl@500000a5)
OBJ 50001b46 (sz=24, trace=300643, class=java.net.Inet6AddressImpl@50001b3f)
	loopbackAddress	50001b73
OBJ 50001b47 (sz=24, trace=300644, class=java.util.ArrayList@5000004e)
	elementData	50001b48
ARR 50001b48 (sz=56, trace=300645, nelems=1, elem type=java.lang.Object[]@500000a8)
	[0]		50001b51
ARR 50001b49 (sz=24, trace=300000, nelems=12, elem type=char[])
OBJ 50001b4a (sz=24, trace=300000, class=java.lang.String@50000096)
	value		50001b57
OBJ 50001b4b (sz=24, trace=300000, class=java.lang.String@50000096)
	value		50001b54
ARR 50001b4c (sz=24, trace=300000, nelems=2, elem type=java.lang.Object[]@500000a8)
	[0]		50001b4d
	[1]		5000189b
OBJ 50001b4d (sz=24, trace=300000, class=java.lang.String@50000096)
	value		50001b4e
ARR 50001b4e (sz=12, trace=300000, nelems=6, elem type=char[])
OBJ 50001b51 (sz=16, trace=300653, class=java.net.InetAddress$1@50001b50)
OBJ 50001b52 (sz=16, trace=300654, class=java.lang.Object@500000a7)
OBJ 50001b53 (sz=40, trace=300655, class=java.lang.ref.SoftReference@50000118)
ARR 50001b54 (sz=12, trace=300000, nelems=6, elem type=char[])
ARR 50001b55 (sz=32, trace=300656, nelems=3, elem type=java.io.ObjectStreamField[]@50000024)
	[0]		50001b56
	[1]		50001b63
	[2]		50001b68
OBJ 50001b56 (sz=40, trace=300657, class=java.io.ObjectStreamField@50000023)
	name		50001eaa
	signature	50001eb7
	type		50000096
ARR 50001b57 (sz=24, trace=300000, nelems=12, elem type=char[])
OBJ 50001b58 (sz=24, trace=300000, class=java.lang.String@50000096)
	value		50001b64
OBJ 50001b59 (sz=24, trace=300000, class=java.lang.String@50000096)
	value		50001b62
ARR 50001b5a (sz=32, trace=300000, nelems=3, elem type=java.lang.Object[]@500000a8)
	[0]		50001b5b
	[1]		50001b5c
	[2]		50001b5d
OBJ 50001b5b (sz=24, trace=300000, class=java.lang.String@50000096)
	value		50001b61
OBJ 50001b5c (sz=24, trace=300000, class=java.lang.String@50000096)
	value		50001b60
ARR 50001b5d (sz=24, trace=300000, nelems=2, elem type=java.lang.Object[]@500000a8)
	[0]		50001b5e
	[1]		500018ab
OBJ 50001b5e (sz=24, trace=300000, class=java.lang.String@50000096)
	value		50001b5f
ARR 50001b5f (sz=16, trace=300000, nelems=8, elem type=char[])
ARR 50001b60 (sz=12, trace=300000, nelems=6, elem type=char[])
ARR 50001b61 (sz=24, trace=300000, nelems=12, elem type=char[])
ARR 50001b62 (sz=12, trace=300000, nelems=6, elem type=char[])
OBJ 50001b63 (sz=40, trace=300666, class=java.io.ObjectStreamField@50000023)
	name		50001eab
	signature	500016da
	type		5000119f
ARR 50001b64 (sz=24, trace=300000, nelems=12, elem type=char[])
OBJ 50001b65 (sz=24, trace=300000, class=java.lang.String@50000096)
	value		50001b70
OBJ 50001b66 (sz=24, trace=300000, class=java.lang.String@50000096)
	value		50001b6e
ARR 50001b67 (sz=24, trace=300000, nelems=2, elem type=java.lang.Object[]@500000a8)
	[0]		50001b69
	[1]		50001b6a
OBJ 50001b68 (sz=40, trace=300670, class=java.io.ObjectStreamField@50000023)
	name		50001eac
	signature	500016da
	type		5000119f
OBJ 50001b69 (sz=24, trace=300000, class=java.lang.String@50000096)
	value		50001b6c
OBJ 50001b6a (sz=24, trace=300000, class=java.lang.String@50000096)
	value		50001b6b
ARR 50001b6b (sz=12, trace=300000, nelems=6, elem type=char[])
ARR 50001b6c (sz=24, trace=300000, nelems=12, elem type=char[])
ARR 50001b6e (sz=12, trace=300000, nelems=6, elem type=char[])
ARR 50001b70 (sz=24, trace=300000, nelems=12, elem type=char[])
OBJ 50001b71 (sz=24, trace=300000, class=java.lang.String@50000096)
	value		50001b83
OBJ 50001b73 (sz=24, trace=300679, class=java.net.Inet4Address@50001b72)
	holder		50001b74
OBJ 50001b74 (sz=24, trace=300680, class=java.net.InetAddress$InetAddressHolder@50001b26)
	hostName	500015bd
ARR 50001b75 (sz=32, trace=300000, nelems=3, elem type=java.lang.Object[]@500000a8)
	[0]		50001b7e
	[1]		500018a7
	[2]		50001b7f
OBJ 50001b76 (sz=32, trace=300682, class=java.net.Socket@50001ada)
	closeLock	50001b77
	impl		50001b8a
OBJ 50001b77 (sz=16, trace=300683, class=java.lang.Object@500000a7)
OBJ 50001b7e (sz=24, trace=300000, class=java.lang.String@50000096)
	value		50001b82
ARR 50001b7f (sz=24, trace=300000, nelems=2, elem type=java.lang.Object[]@500000a8)
	[0]		50001b80
	[1]		500018a3
OBJ 50001b80 (sz=24, trace=300000, class=java.lang.String@50000096)
	value		50001b81
ARR 50001b81 (sz=16, trace=300000, nelems=8, elem type=char[])
ARR 50001b82 (sz=12, trace=300000, nelems=6, elem type=char[])
ARR 50001b83 (sz=12, trace=300000, nelems=6, elem type=char[])
OBJ 50001b84 (sz=24, trace=300000, class=java.lang.String@50000096)
	value		50001b85
ARR 50001b85 (sz=12, trace=300000, nelems=6, elem type=char[])
ARR 50001b86 (sz=4112, trace=300000, nelems=1016, elem type=java.lang.Object[]@500000a8)
	[1]		50001b87
	[2]		50001b88
	[3]		50001b89
	[5]		50001b92
	[6]		50001b9d
	[10]		50001ba2
	[19]		50001ba3
	[24]		50001ba4
	[25]		50001ba5
	[26]		50001ba6
	[28]		50001ba7
	[29]		50001ba8
	[55]		50001ba9
	[58]		50001baa
	[86]		50001bab
	[87]		50001bac
	[89]		50001bad
	[90]		50001bae
	[92]		50001baf
	[94]		50001bb0
	[95]		50001bb1
	[96]		50001bb2
	[106]		50001bb3
	[121]		50001bb4
	[125]		50001bb5
	[134]		50001bb6
	[137]		50001bb7
	[141]		50001bb8
	[143]		50001bbb
	[144]		50001bbc
	[170]		50001bbd
	[173]		50001bbe
	[177]		50001bc3
	[192]		50001bc9
	[199]		50001bca
	[205]		50001bcb
	[211]		50001bcd
	[213]		50001bce
	[216]		50001bcf
	[218]		50001bd0
	[219]		50001be0
	[225]		50001be3
	[244]		50001bea
	[248]		50001beb
	[253]		50001bec
	[254]		50001bed
	[259]		50001bee
	[269]		50001bef
	[277]		50001bf0
	[280]		50001bf1
	[283]		50001bf2
	[284]		50001bf3
	[286]		50001bf5
	[287]		50001bf6
	[289]		50001bf7
	[291]		50001bf8
	[294]		50001bf9
	[296]		50001bfa
	[297]		50001bfb
	[305]		50001bfc
	[307]		50001bfd
	[312]		50001bfe
	[321]		50001bff
	[323]		50001c00
	[324]		50001c01
	[325]		50001c02
	[326]		50001c03
	[327]		50001c05
	[328]		50001c06
	[329]		50001c07
	[331]		50001c08
	[333]		50001c09
	[334]		50001c13
	[336]		50001c18
	[339]		50001c1a
	[341]		50001c1b
	[345]		50001c1c
	[350]		50001c1d
	[353]		50001c1e
	[358]		50001c1f
	[359]		50001c20
	[363]		50001c21
	[364]		50001c22
	[378]		50001c23
	[385]		50001c24
	[391]		50001c25
	[392]		50001c2e
	[405]		50001c2f
	[406]		50001c30
	[408]		50001c31
	[421]		50001c32
	[428]		50001c33
	[429]		50001c34
	[430]		50001c35
	[432]		50001c36
	[433]		50001c37
	[436]		50001c38
	[437]		50001c39
	[438]		50001c3b
	[443]		50001c42
	[456]		50001c48
	[473]		50001c49
	[479]		50001c4a
	[481]		50001c4b
	[484]		50001c53
	[486]		50001c55
	[487]		50001c57
	[502]		50001c5c
	[506]		50001c61
	[508]		50001c6e
	[511]		50001c72
	[512]		50001c74
	[513]		50001c75
	[514]		50001c76
	[516]		50001c77
	[520]		50001c78
	[523]		50001c79
	[524]		50001c7a
	[533]		50001c7b
	[537]		50001c7c
	[539]		50001c7d
	[543]		50001c7e
	[545]		50001c7f
	[563]		50001c80
	[572]		50001c81
	[573]		50001c82
	[577]		50001c83
	[582]		50001c84
	[583]		50001c85
	[588]		50001c86
	[593]		50001c87
	[598]		50001c88
	[609]		50001c89
	[617]		50001c8a
	[618]		50001c8b
	[619]		50001c8c
	[620]		50001c8d
	[621]		50001c8e
	[624]		50001c8f
	[628]		50001c90
	[632]		50001c91
	[634]		50001c93
	[635]		50001c94
	[636]		50001c95
	[654]		50001c96
	[669]		50001c97
	[670]		50001c98
	[671]		50001c99
	[676]		50001c9a
	[679]		50001c9b
	[686]		50001c9c
	[703]		50001c9d
	[710]		50001c9e
	[712]		50001c9f
	[732]		50001ca0
	[733]		50001ca1
	[768]		50001ca2
	[774]		50001ca3
	[781]		50001ca4
	[782]		50001ca5
	[783]		50001ca6
	[784]		50001ca7
	[785]		50001ca8
	[787]		50001ca9
	[789]		50001caa
	[813]		50001cab
	[818]		50001cac
	[832]		50001cad
	[834]		50001cae
	[835]		50001caf
	[836]		50001cb0
	[837]		50001cb1
	[838]		50001cb2
	[840]		50001cb3
	[842]		50001cb4
	[843]		50001cb5
	[846]		50001cb6
	[849]		50001cb7
	[881]		50001cb8
	[896]		50001cb9
	[909]		50001cba
	[910]		50001cbb
	[911]		50001cbc
	[912]		50001cbd
	[925]		50001cbe
	[934]		50001cbf
	[937]		50001cc0
	[944]		50001cc1
	[957]		50001cc2
	[993]		50001cc3
	[1009]		50001cc4
	[1015]		50001cc5
ARR 50001b87 (sz=24, trace=300000, nelems=2, elem type=java.lang.Object[]@500000a8)
	[0]		50001d7c
	[1]		50001ad5
ARR 50001b88 (sz=24, trace=300000, nelems=2, elem type=java.lang.Object[]@500000a8)
	[0]		50001d7a
	[1]		50001b25
ARR 50001b89 (sz=24, trace=300000, nelems=2, elem type=java.lang.Object[]@500000a8)
	[0]		50001d78
	[1]		50001b1c
OBJ 50001b8a (sz=112, trace=300686, class=java.net.SocksSocketImpl@50001b7d)
	socket		50001b76
	address		50001b73
	socketInputStream	50001c63
	fdLock		50001b8c
	resetLock	50001b8d
OBJ 50001b8b (sz=40, trace=300687, class=java.lang.ref.Finalizer@50000107)
	referent	50001b8a
	queue		50001194
	next		50001b24
	prev		50008cae
OBJ 50001b8c (sz=16, trace=300688, class=java.lang.Object@500000a7)
OBJ 50001b8d (sz=16, trace=300689, class=java.lang.Object@500000a7)
OBJ 50001b8e (sz=24, trace=300690, class=java.io.FileDescriptor@500000c9)
	useCount	50001b8f
OBJ 50001b8f (sz=16, trace=300691, class=java.util.concurrent.atomic.AtomicInteger@500000eb)
ARR 50001b92 (sz=24, trace=300000, nelems=2, elem type=java.lang.Object[]@500000a8)
	[0]		50001d76
	[1]		50001b11
ARR 50001b96 (sz=40, trace=300697, nelems=5, elem type=java.lang.String[][]@50001b95)
	[0]		50001b97
	[1]		50001b98
	[2]		50001b99
	[3]		50001b9a
	[4]		50001b9b
ARR 50001b97 (sz=32, trace=300698, nelems=4, elem type=java.lang.String[]@50000097)
	[0]		50001ee5
	[1]		50001ee9
	[2]		50001eea
	[3]		50001eeb
ARR 50001b98 (sz=32, trace=300699, nelems=4, elem type=java.lang.String[]@50000097)
	[0]		50001ee6
	[1]		50001eec
	[2]		50001eea
	[3]		50001eeb
ARR 50001b99 (sz=40, trace=300700, nelems=5, elem type=java.lang.String[]@50000097)
	[0]		50001ee7
	[1]		50001eed
	[2]		50001eee
	[3]		50001eea
	[4]		50001eeb
ARR 50001b9a (sz=32, trace=300701, nelems=3, elem type=java.lang.String[]@50000097)
	[0]		500015b2
	[1]		50001ef1
	[2]		50001eeb
ARR 50001b9b (sz=24, trace=300702, nelems=2, elem type=java.lang.String[]@50000097)
	[0]		50001ee8
	[1]		50001eeb
ARR 50001b9d (sz=24, trace=300000, nelems=2, elem type=java.lang.Object[]@500000a8)
	[0]		50001d70
	[1]		50001afc
OBJ 50001b9f (sz=56, trace=300706, class=java.util.Properties@50000100)
	table		50001ba0
ARR 50001ba0 (sz=64, trace=300707, nelems=5, elem type=java.util.Hashtable$Entry[]@50000048)
	[2]		50001bdf
	[4]		50001bda
ARR 50001ba2 (sz=24, trace=300000, nelems=2, elem type=java.lang.Object[]@500000a8)
	[0]		50001d62
	[1]		50001ad5
ARR 50001ba3 (sz=24, trace=300000, nelems=2, elem type=java.lang.Object[]@500000a8)
	[0]		50001d60
	[1]		50001ac3
ARR 50001ba4 (sz=24, trace=300000, nelems=2, elem type=java.lang.Object[]@500000a8)
	[0]		50001d5e
	[1]		50001ae7
ARR 50001ba5 (sz=24, trace=300000, nelems=2, elem type=java.lang.Object[]@500000a8)
	[0]		50001d5c
	[1]		50001b07
ARR 50001ba6 (sz=24, trace=300000, nelems=2, elem type=java.lang.Object[]@500000a8)
	[0]		500018ca
	[1]		50001b1c
ARR 50001ba7 (sz=24, trace=300000, nelems=2, elem type=java.lang.Object[]@500000a8)
	[0]		500018d7
	[1]		50001b11
ARR 50001ba8 (sz=24, trace=300000, nelems=2, elem type=java.lang.Object[]@500000a8)
	[0]		500018e3
	[1]		50001b0d
ARR 50001ba9 (sz=24, trace=300000, nelems=2, elem type=java.lang.Object[]@500000a8)
	[0]		500018ff
	[1]		50001afc
ARR 50001baa (sz=24, trace=300000, nelems=2, elem type=java.lang.Object[]@500000a8)
	[0]		5000190e
	[1]		50001ad5
ARR 50001bab (sz=32, trace=300000, nelems=3, elem type=java.lang.Object[]@500000a8)
	[0]		50001d59
	[1]		50001b0d
	[2]		50001d5a
ARR 50001bac (sz=24, trace=300000, nelems=2, elem type=java.lang.Object[]@500000a8)
	[0]		500018c0
	[1]		50001b1c
ARR 50001bad (sz=24, trace=300000, nelems=2, elem type=java.lang.Object[]@500000a8)
	[0]		500018ce
	[1]		50001b11
ARR 50001bae (sz=32, trace=300000, nelems=3, elem type=java.lang.Object[]@500000a8)
	[0]		500018f2
	[1]		50001b07
	[2]		50001d58
ARR 50001baf (sz=24, trace=300000, nelems=2, elem type=java.lang.Object[]@500000a8)
	[0]		500018e6
	[1]		50001b07
ARR 50001bb0 (sz=24, trace=300000, nelems=2, elem type=java.lang.Object[]@500000a8)
	[0]		500018f6
	[1]		50001afc
ARR 50001bb1 (sz=24, trace=300000, nelems=2, elem type=java.lang.Object[]@500000a8)
	[0]		50001d51
	[1]		50001b25
ARR 50001bb2 (sz=24, trace=300000, nelems=2, elem type=java.lang.Object[]@500000a8)
	[0]		500018b8
	[1]		50001b25
ARR 50001bb3 (sz=24, trace=300000, nelems=2, elem type=java.lang.Object[]@500000a8)
	[0]		50001889
	[1]		50001b14
ARR 50001bb4 (sz=24, trace=300000, nelems=2, elem type=java.lang.Object[]@500000a8)
	[0]		50001d4f
	[1]		50001b80
ARR 50001bb5 (sz=24, trace=300000, nelems=2, elem type=java.lang.Object[]@500000a8)
	[0]		50001d4d
	[1]		50001b07
ARR 50001bb6 (sz=24, trace=300000, nelems=2, elem type=java.lang.Object[]@500000a8)
	[0]		50001915
	[1]		50001abd
ARR 50001bb7 (sz=24, trace=300000, nelems=2, elem type=java.lang.Object[]@500000a8)
	[0]		50001918
	[1]		50001ab9
ARR 50001bb8 (sz=24, trace=300000, nelems=2, elem type=java.lang.Object[]@500000a8)
	[0]		500018c9
	[1]		50001b1c
OBJ 50001bb9 (sz=24, trace=300725, class=java.lang.String@50000096)
	value		50001bba
ARR 50001bba (sz=172, trace=300726, nelems=86, elem type=char[])
ARR 50001bbb (sz=24, trace=300000, nelems=2, elem type=java.lang.Object[]@500000a8)
	[0]		500018d6
	[1]		50001b11
ARR 50001bbc (sz=24, trace=300000, nelems=2, elem type=java.lang.Object[]@500000a8)
	[0]		500018e2
	[1]		50001b0d
ARR 50001bbd (sz=24, trace=300000, nelems=2, elem type=java.lang.Object[]@500000a8)
	[0]		50001900
	[1]		50001afc
ARR 50001bbe (sz=24, trace=300000, nelems=2, elem type=java.lang.Object[]@500000a8)
	[0]		5000190d
	[1]		50001ad5
OBJ 50001bbf (sz=24, trace=300729, class=java.lang.String@50000096)
	value		50001bc0
ARR 50001bc0 (sz=172, trace=300730, nelems=86, elem type=char[])
OBJ 50001bc1 (sz=24, trace=300731, class=java.io.ExpiringCache$Entry@5000008b)
	val		50001bb9
OBJ 50001bc2 (sz=40, trace=300411, class=java.util.LinkedHashMap$Entry@5000010e)
	key		50001bbf
	value		50001bc1
	next		5000161c
	before		50001b22
	after		50001f2b
ARR 50001bc3 (sz=24, trace=300000, nelems=2, elem type=java.lang.Object[]@500000a8)
	[0]		50001d4b
	[1]		50001acc
OBJ 50001bc4 (sz=64, trace=302555, class=SevenZip.Compression.LZMA.Encoder$Optimal@50000da3)
OBJ 50001bc5 (sz=64, trace=302555, class=SevenZip.Compression.LZMA.Encoder$Optimal@50000da3)
OBJ 50001bc6 (sz=64, trace=302555, class=SevenZip.Compression.LZMA.Encoder$Optimal@50000da3)
OBJ 50001bc7 (sz=64, trace=302555, class=SevenZip.Compression.LZMA.Encoder$Optimal@50000da3)
OBJ 50001bc8 (sz=64, trace=302555, class=SevenZip.Compression.LZMA.Encoder$Optimal@50000da3)
ARR 50001bc9 (sz=24, trace=300000, nelems=2, elem type=java.lang.Object[]@500000a8)
	[0]		50001d49
	[1]		50001b3b
ARR 50001bca (sz=32, trace=300000, nelems=3, elem type=java.lang.Object[]@500000a8)
	[0]		5000192a
	[1]		50001927
	[2]		50001d48
ARR 50001bcb (sz=24, trace=300000, nelems=2, elem type=java.lang.Object[]@500000a8)
	[0]		500018f3
	[1]		50001b07
ARR 50001bcd (sz=32, trace=300000, nelems=3, elem type=java.lang.Object[]@500000a8)
	[0]		50001937
	[1]		50001936
	[2]		50001d47
ARR 50001bce (sz=24, trace=300000, nelems=2, elem type=java.lang.Object[]@500000a8)
	[0]		5000193c
	[1]		5000193a
ARR 50001bcf (sz=24, trace=300000, nelems=2, elem type=java.lang.Object[]@500000a8)
	[0]		50001943
	[1]		50001940
ARR 50001bd0 (sz=32, trace=300000, nelems=3, elem type=java.lang.Object[]@500000a8)
	[0]		50001948
	[1]		50001946
	[2]		50001d46
OBJ 50001bd1 (sz=24, trace=300745, class=java.lang.String@50000096)
	value		50001bd2
ARR 50001bd2 (sz=50, trace=300746, nelems=25, elem type=char[])
OBJ 50001bd3 (sz=24, trace=300747, class=java.lang.String@50000096)
	value		50001bd4
ARR 50001bd4 (sz=10, trace=300748, nelems=5, elem type=char[])
OBJ 50001bd5 (sz=32, trace=300749, class=java.util.Hashtable$Entry@50000047)
	key		50001bd1
	value		50001bd3
OBJ 50001bd6 (sz=24, trace=300745, class=java.lang.String@50000096)
	value		50001bd7
ARR 50001bd7 (sz=36, trace=300746, nelems=18, elem type=char[])
OBJ 50001bd8 (sz=24, trace=300747, class=java.lang.String@50000096)
	value		50001bd9
ARR 50001bd9 (sz=42, trace=300748, nelems=21, elem type=char[])
OBJ 50001bda (sz=32, trace=300749, class=java.util.Hashtable$Entry@50000047)
	key		50001bd6
	value		50001bd8
OBJ 50001bdb (sz=24, trace=300745, class=java.lang.String@50000096)
	value		50001bdc
ARR 50001bdc (sz=34, trace=300746, nelems=17, elem type=char[])
OBJ 50001bdd (sz=24, trace=300747, class=java.lang.String@50000096)
	value		50001bde
ARR 50001bde (sz=42, trace=300748, nelems=21, elem type=char[])
OBJ 50001bdf (sz=32, trace=300749, class=java.util.Hashtable$Entry@50000047)
	key		50001bdb
	value		50001bdd
	next		50001bd5
ARR 50001be0 (sz=32, trace=300000, nelems=3, elem type=java.lang.Object[]@500000a8)
	[0]		50001954
	[1]		50001ac7
	[2]		50001d45
OBJ 50001be1 (sz=40, trace=300086, class=java.lang.ref.SoftReference@50000118)
OBJ 50001be2 (sz=72, trace=300087, class=java.lang.reflect.Constructor@5000006e)
ARR 50001be3 (sz=24, trace=300000, nelems=2, elem type=java.lang.Object[]@500000a8)
	[0]		50001d43
	[1]		50001ae7
OBJ 50001be4 (sz=24, trace=300089, class=sun.reflect.NativeConstructorAccessorImpl@50000123)
OBJ 50001be5 (sz=16, trace=300090, class=sun.reflect.DelegatingConstructorAccessorImpl@500000a5)
OBJ 50001be6 (sz=16, trace=300752, class=sun.net.spi.DefaultProxySelector@50001b94)
ARR 50001be9 (sz=32, trace=300755, nelems=16, elem type=char[])
ARR 50001bea (sz=24, trace=300000, nelems=2, elem type=java.lang.Object[]@500000a8)
	[0]		5000195d
	[1]		50001957
ARR 50001beb (sz=24, trace=300000, nelems=2, elem type=java.lang.Object[]@500000a8)
	[0]		50001963
	[1]		50001961
ARR 50001bec (sz=24, trace=300000, nelems=2, elem type=java.lang.Object[]@500000a8)
	[0]		50001d41
	[1]		50001b5e
ARR 50001bed (sz=24, trace=300000, nelems=2, elem type=java.lang.Object[]@500000a8)
	[0]		50001d3f
	[1]		50001b1c
ARR 50001bee (sz=24, trace=300000, nelems=2, elem type=java.lang.Object[]@500000a8)
	[0]		50001d3d
	[1]		50001b4d
ARR 50001bef (sz=24, trace=300000, nelems=2, elem type=java.lang.Object[]@500000a8)
	[0]		50001d3b
	[1]		50001ad5
ARR 50001bf0 (sz=24, trace=300000, nelems=2, elem type=java.lang.Object[]@500000a8)
	[0]		50001968
	[1]		50001b03
ARR 50001bf1 (sz=24, trace=300000, nelems=2, elem type=java.lang.Object[]@500000a8)
	[0]		50001d39
	[1]		50001b80
ARR 50001bf2 (sz=24, trace=300000, nelems=2, elem type=java.lang.Object[]@500000a8)
	[0]		50001d37
	[1]		50001b25
ARR 50001bf3 (sz=24, trace=300000, nelems=2, elem type=java.lang.Object[]@500000a8)
	[0]		500018bf
	[1]		50001b1c
ARR 50001bf5 (sz=24, trace=300000, nelems=2, elem type=java.lang.Object[]@500000a8)
	[0]		500018cc
	[1]		50001b11
ARR 50001bf6 (sz=24, trace=300000, nelems=2, elem type=java.lang.Object[]@500000a8)
	[0]		500018d9
	[1]		50001b0d
ARR 50001bf7 (sz=24, trace=300000, nelems=2, elem type=java.lang.Object[]@500000a8)
	[0]		500018e5
	[1]		50001b07
ARR 50001bf8 (sz=24, trace=300000, nelems=2, elem type=java.lang.Object[]@500000a8)
	[0]		500018f5
	[1]		50001afc
ARR 50001bf9 (sz=24, trace=300000, nelems=2, elem type=java.lang.Object[]@500000a8)
	[0]		500018c7
	[1]		50001b1c
ARR 50001bfa (sz=24, trace=300000, nelems=2, elem type=java.lang.Object[]@500000a8)
	[0]		500018d4
	[1]		50001b11
ARR 50001bfb (sz=24, trace=300000, nelems=2, elem type=java.lang.Object[]@500000a8)
	[0]		500018e0
	[1]		50001b0d
ARR 50001bfc (sz=24, trace=300000, nelems=2, elem type=java.lang.Object[]@500000a8)
	[0]		50001904
	[1]		50001ae4
ARR 50001bfd (sz=24, trace=300000, nelems=2, elem type=java.lang.Object[]@500000a8)
	[0]		50001d35
	[1]		50001ad5
ARR 50001bfe (sz=32, trace=300000, nelems=3, elem type=java.lang.Object[]@500000a8)
	[0]		500018ed
	[1]		50001b07
	[2]		50001d34
ARR 50001bff (sz=24, trace=300000, nelems=2, elem type=java.lang.Object[]@500000a8)
	[0]		500018c8
	[1]		50001b1c
ARR 50001c00 (sz=32, trace=300000, nelems=3, elem type=java.lang.Object[]@500000a8)
	[0]		500018fd
	[1]		50001afc
	[2]		50001d33
ARR 50001c01 (sz=24, trace=300000, nelems=2, elem type=java.lang.Object[]@500000a8)
	[0]		500018e1
	[1]		50001b0d
ARR 50001c02 (sz=24, trace=300000, nelems=2, elem type=java.lang.Object[]@500000a8)
	[0]		500018b4
	[1]		50001b25
ARR 50001c03 (sz=32, trace=300000, nelems=3, elem type=java.lang.Object[]@500000a8)
	[0]		50001934
	[1]		50001936
	[2]		50001d2f
ARR 50001c05 (sz=24, trace=300000, nelems=2, elem type=java.lang.Object[]@500000a8)
	[0]		500018df
	[1]		50001b0d
ARR 50001c06 (sz=32, trace=300000, nelems=3, elem type=java.lang.Object[]@500000a8)
	[0]		50001939
	[1]		5000193a
	[2]		50001d2e
ARR 50001c07 (sz=24, trace=300000, nelems=2, elem type=java.lang.Object[]@500000a8)
	[0]		500018fc
	[1]		50001afc
ARR 50001c08 (sz=24, trace=300000, nelems=2, elem type=java.lang.Object[]@500000a8)
	[0]		5000193e
	[1]		50001940
ARR 50001c09 (sz=32, trace=300000, nelems=3, elem type=java.lang.Object[]@500000a8)
	[0]		50001945
	[1]		50001946
	[2]		50001d2b
OBJ 50001c0b (sz=24, trace=300789, class=java.net.Proxy@50001c0a)
	type		50001c0d
OBJ 50001c0d (sz=24, trace=300791, class=java.net.Proxy$Type@50001c0c)
	name		50001ecd
OBJ 50001c0e (sz=24, trace=300792, class=java.net.Proxy$Type@50001c0c)
	name		50001ecf
OBJ 50001c0f (sz=24, trace=300793, class=java.net.Proxy$Type@50001c0c)
	name		50001ed0
ARR 50001c11 (sz=32, trace=300794, nelems=3, elem type=java.net.Proxy$Type[]@50001c10)
	[0]		50001c0d
	[1]		50001c0e
	[2]		50001c0f
ARR 50001c13 (sz=32, trace=300000, nelems=3, elem type=java.lang.Object[]@500000a8)
	[0]		5000194a
	[1]		50001ac7
	[2]		50001d2a
OBJ 50001c17 (sz=24, trace=300799, class=sun.net.sdp.SdpProvider@50001c16)
ARR 50001c18 (sz=24, trace=300000, nelems=2, elem type=java.lang.Object[]@500000a8)
	[0]		50001d28
	[1]		50001b25
ARR 50001c1a (sz=24, trace=300000, nelems=2, elem type=java.lang.Object[]@500000a8)
	[0]		50001916
	[1]		50001abd
ARR 50001c1b (sz=24, trace=300000, nelems=2, elem type=java.lang.Object[]@500000a8)
	[0]		50001933
	[1]		50001931
ARR 50001c1c (sz=24, trace=300000, nelems=2, elem type=java.lang.Object[]@500000a8)
	[0]		50001d26
	[1]		50001afc
ARR 50001c1d (sz=24, trace=300000, nelems=2, elem type=java.lang.Object[]@500000a8)
	[0]		500018fe
	[1]		50001afc
ARR 50001c1e (sz=24, trace=300000, nelems=2, elem type=java.lang.Object[]@500000a8)
	[0]		50001d24
	[1]		50001ad5
ARR 50001c1f (sz=24, trace=300000, nelems=2, elem type=java.lang.Object[]@500000a8)
	[0]		500018f0
	[1]		50001b07
ARR 50001c20 (sz=24, trace=300000, nelems=2, elem type=java.lang.Object[]@500000a8)
	[0]		50001956
	[1]		50001957
ARR 50001c21 (sz=24, trace=300000, nelems=2, elem type=java.lang.Object[]@500000a8)
	[0]		50001960
	[1]		50001961
ARR 50001c22 (sz=24, trace=300000, nelems=2, elem type=java.lang.Object[]@500000a8)
	[0]		50001d22
	[1]		50001b25
ARR 50001c23 (sz=24, trace=300000, nelems=2, elem type=java.lang.Object[]@500000a8)
	[0]		50001d20
	[1]		50001ae7
ARR 50001c24 (sz=24, trace=300000, nelems=2, elem type=java.lang.Object[]@500000a8)
	[0]		500018f1
	[1]		50001b07
ARR 50001c25 (sz=24, trace=300000, nelems=2, elem type=java.lang.Object[]@500000a8)
	[0]		50001d1e
	[1]		50001b25
OBJ 50001c28 (sz=48, trace=300805, class=java.net.NetworkInterface@50001c19)
	name		50002204
	displayName	50002204
	addrs		50002203
	bindings	50002202
	childs		50002201
OBJ 50001c29 (sz=24, trace=300806, class=java.net.Inet4Address@50001b72)
	holder		50001c2a
OBJ 50001c2a (sz=24, trace=300807, class=java.net.InetAddress$InetAddressHolder@50001b26)
OBJ 50001c2b (sz=24, trace=300808, class=java.net.InterfaceAddress@50001c26)
	address		50001c29
	broadcast	50001c2c
OBJ 50001c2c (sz=24, trace=300806, class=java.net.Inet4Address@50001b72)
	holder		50001c2d
OBJ 50001c2d (sz=24, trace=300807, class=java.net.InetAddress$InetAddressHolder@50001b26)
ARR 50001c2e (sz=24, trace=300000, nelems=2, elem type=java.lang.Object[]@500000a8)
	[0]		50001965
	[1]		50001b03
ARR 50001c2f (sz=24, trace=300000, nelems=2, elem type=java.lang.Object[]@500000a8)
	[0]		500018b1
	[1]		50001b25
ARR 50001c30 (sz=24, trace=300000, nelems=2, elem type=java.lang.Object[]@500000a8)
	[0]		500018c1
	[1]		50001b1c
ARR 50001c31 (sz=24, trace=300000, nelems=2, elem type=java.lang.Object[]@500000a8)
	[0]		50001929
	[1]		50001927
ARR 50001c32 (sz=24, trace=300000, nelems=2, elem type=java.lang.Object[]@500000a8)
	[0]		50001ad5
	[1]		50001ad5
ARR 50001c33 (sz=24, trace=300000, nelems=2, elem type=java.lang.Object[]@500000a8)
	[0]		50001d1c
	[1]		50001ad5
ARR 50001c34 (sz=24, trace=300000, nelems=2, elem type=java.lang.Object[]@500000a8)
	[0]		500018b3
	[1]		50001b25
ARR 50001c35 (sz=24, trace=300000, nelems=2, elem type=java.lang.Object[]@500000a8)
	[0]		500018c5
	[1]		50001b1c
ARR 50001c36 (sz=24, trace=300000, nelems=2, elem type=java.lang.Object[]@500000a8)
	[0]		500018d2
	[1]		50001b11
ARR 50001c37 (sz=24, trace=300000, nelems=2, elem type=java.lang.Object[]@500000a8)
	[0]		500018fb
	[1]		50001afc
ARR 50001c38 (sz=24, trace=300000, nelems=2, elem type=java.lang.Object[]@500000a8)
	[0]		500018cf
	[1]		50001b11
ARR 50001c39 (sz=24, trace=300000, nelems=2, elem type=java.lang.Object[]@500000a8)
	[0]		50001d1a
	[1]		50001ad5
ARR 50001c3b (sz=24, trace=300000, nelems=2, elem type=java.lang.Object[]@500000a8)
	[0]		50001d18
	[1]		50001ae7
OBJ 50001c3c (sz=16, trace=300814, class=java.lang.Object@500000a7)
OBJ 50001c3d (sz=32, trace=300024, class=java.util.concurrent.ConcurrentHashMap$HashEntry@50000115)
	key		50001441
	value		50001c3c
OBJ 50001c3e (sz=16, trace=300815, class=java.lang.Object@500000a7)
OBJ 50001c3f (sz=32, trace=300027, class=java.util.concurrent.ConcurrentHashMap$HashEntry@50000115)
	key		50001441
	value		50001c3e
ARR 50001c42 (sz=24, trace=300000, nelems=2, elem type=java.lang.Object[]@500000a8)
	[0]		50001d16
	[1]		50001ac1
OBJ 50001c44 (sz=48, trace=300819, class=java.net.SocketOutputStream@50001c43)
OBJ 50001c45 (sz=16, trace=300820, class=java.lang.Object@500000a7)
ARR 50001c46 (sz=24, trace=300821, nelems=0, elem type=byte[])
OBJ 50001c47 (sz=32, trace=300822, class=java.io.OutputStreamWriter@500000cd)
ARR 50001c48 (sz=24, trace=300000, nelems=2, elem type=java.lang.Object[]@500000a8)
	[0]		50001930
	[1]		50001931
ARR 50001c49 (sz=24, trace=300000, nelems=2, elem type=java.lang.Object[]@500000a8)
	[0]		500018e7
	[1]		50001b07
ARR 50001c4a (sz=24, trace=300000, nelems=2, elem type=java.lang.Object[]@500000a8)
	[0]		50001936
	[1]		50001936
ARR 50001c4b (sz=24, trace=300000, nelems=2, elem type=java.lang.Object[]@500000a8)
	[0]		5000193a
	[1]		5000193a
ARR 50001c4c (sz=24, trace=300824, nelems=0, elem type=byte[])
OBJ 50001c4d (sz=48, trace=300825, class=sun.nio.cs.UTF_8$Encoder@50000016)
OBJ 50001c4e (sz=56, trace=300826, class=sun.nio.cs.StreamEncoder@50000058)
ARR 50001c4f (sz=8208, trace=300827, nelems=0, elem type=byte[])
OBJ 50001c50 (sz=48, trace=300828, class=java.nio.HeapByteBuffer@50000046)
OBJ 50001c51 (sz=48, trace=300829, class=java.io.BufferedWriter@500000c1)
ARR 50001c52 (sz=16400, trace=300830, nelems=0, elem type=char[])
ARR 50001c53 (sz=24, trace=300000, nelems=2, elem type=java.lang.Object[]@500000a8)
	[0]		50001940
	[1]		50001940
OBJ 50001c54 (sz=48, trace=300832, class=java.io.PrintWriter@50001c40)
ARR 50001c55 (sz=24, trace=300000, nelems=2, elem type=java.lang.Object[]@500000a8)
	[0]		50001946
	[1]		50001946
OBJ 50001c56 (sz=16, trace=300834, class=java.lang.Object@500000a7)
ARR 50001c57 (sz=24, trace=300000, nelems=2, elem type=java.lang.Object[]@500000a8)
	[0]		5000192d
	[1]		50001af5
OBJ 50001c58 (sz=40, trace=300022, class=java.util.concurrent.ConcurrentHashMap$Segment@50000140)
	sync		50001c59
	table		5000708c
OBJ 50001c59 (sz=32, trace=300023, class=java.util.concurrent.locks.ReentrantLock$NonfairSync@5000003d)
OBJ 50001c5a (sz=32, trace=300024, class=java.util.concurrent.ConcurrentHashMap$HashEntry@50000115)
	key		500014d7
	value		50001c56
OBJ 50001c5b (sz=16, trace=300835, class=java.lang.Object@500000a7)
ARR 50001c5c (sz=24, trace=300000, nelems=2, elem type=java.lang.Object[]@500000a8)
	[0]		50001d14
	[1]		50001b80
OBJ 50001c5d (sz=40, trace=300022, class=java.util.concurrent.ConcurrentHashMap$Segment@50000140)
	sync		50001c5e
	table		50007091
OBJ 50001c5e (sz=32, trace=300023, class=java.util.concurrent.locks.ReentrantLock$NonfairSync@5000003d)
OBJ 50001c5f (sz=32, trace=300027, class=java.util.concurrent.ConcurrentHashMap$HashEntry@50000115)
	key		500014d7
	value		50001c5b
ARR 50001c61 (sz=24, trace=300000, nelems=2, elem type=java.lang.Object[]@500000a8)
	[0]		50001935
	[1]		50001936
OBJ 50001c63 (sz=48, trace=300839, class=java.net.SocketInputStream@50001c62)
	fd		50001b8e
	closeLock	50001c64
	impl		50001b8a
	socket		50001b76
OBJ 50001c64 (sz=16, trace=300840, class=java.lang.Object@500000a7)
OBJ 50001c65 (sz=24, trace=300841, class=java.io.InputStreamReader@5000009b)
OBJ 50001c66 (sz=40, trace=300169, class=sun.nio.cs.UTF_8$Decoder@50000094)
OBJ 50001c67 (sz=48, trace=300842, class=sun.nio.cs.StreamDecoder@5000008f)
ARR 50001c68 (sz=8208, trace=300171, nelems=0, elem type=byte[])
OBJ 50001c69 (sz=48, trace=300172, class=java.nio.HeapByteBuffer@50000046)
OBJ 50001c6a (sz=48, trace=300843, class=java.io.BufferedReader@5000000d)
ARR 50001c6b (sz=16400, trace=300844, nelems=0, elem type=char[])
OBJ 50001c6c (sz=16, trace=300845, class=java.lang.Object@500000a7)
OBJ 50001c6d (sz=32, trace=300024, class=java.util.concurrent.ConcurrentHashMap$HashEntry@50000115)
	key		50001571
	value		50001c6c
ARR 50001c6e (sz=24, trace=300000, nelems=2, elem type=java.lang.Object[]@500000a8)
	[0]		5000193b
	[1]		5000193a
OBJ 50001c6f (sz=32, trace=300486, class=java.util.concurrent.ConcurrentHashMap$HashEntry@50000115)
	key		50001579
	value		50001aa5
OBJ 50001c70 (sz=16, trace=300846, class=java.lang.Object@500000a7)
OBJ 50001c71 (sz=32, trace=300027, class=java.util.concurrent.ConcurrentHashMap$HashEntry@50000115)
	key		50001571
	value		50001c70
ARR 50001c72 (sz=24, trace=300000, nelems=2, elem type=java.lang.Object[]@500000a8)
	[0]		5000193f
	[1]		50001940
OBJ 50001c73 (sz=32, trace=300486, class=java.util.concurrent.ConcurrentHashMap$HashEntry@50000115)
	key		50001579
	value		50001aa8
ARR 50001c74 (sz=24, trace=300000, nelems=2, elem type=java.lang.Object[]@500000a8)
	[0]		50001957
	[1]		50001957
ARR 50001c75 (sz=24, trace=300000, nelems=2, elem type=java.lang.Object[]@500000a8)
	[0]		50001947
	[1]		50001946
ARR 50001c76 (sz=24, trace=300000, nelems=2, elem type=java.lang.Object[]@500000a8)
	[0]		5000192e
	[1]		50001af5
ARR 50001c77 (sz=24, trace=300000, nelems=2, elem type=java.lang.Object[]@500000a8)
	[0]		50001961
	[1]		50001961
ARR 50001c78 (sz=24, trace=300000, nelems=2, elem type=java.lang.Object[]@500000a8)
	[0]		50001d12
	[1]		50001b3b
ARR 50001c79 (sz=24, trace=300000, nelems=2, elem type=java.lang.Object[]@500000a8)
	[0]		50001926
	[1]		50001927
ARR 50001c7a (sz=24, trace=300000, nelems=2, elem type=java.lang.Object[]@500000a8)
	[0]		5000189c
	[1]		50001b4d
ARR 50001c7b (sz=24, trace=300000, nelems=2, elem type=java.lang.Object[]@500000a8)
	[0]		500018db
	[1]		50001b0d
ARR 50001c7c (sz=24, trace=300000, nelems=2, elem type=java.lang.Object[]@500000a8)
	[0]		500018f7
	[1]		50001afc
ARR 50001c7d (sz=24, trace=300000, nelems=2, elem type=java.lang.Object[]@500000a8)
	[0]		5000195c
	[1]		50001957
ARR 50001c7e (sz=24, trace=300000, nelems=2, elem type=java.lang.Object[]@500000a8)
	[0]		50001962
	[1]		50001961
ARR 50001c7f (sz=24, trace=300000, nelems=2, elem type=java.lang.Object[]@500000a8)
	[0]		50001966
	[1]		50001b03
ARR 50001c80 (sz=24, trace=300000, nelems=2, elem type=java.lang.Object[]@500000a8)
	[0]		50001d10
	[1]		50001ab7
ARR 50001c81 (sz=24, trace=300000, nelems=2, elem type=java.lang.Object[]@500000a8)
	[0]		50001967
	[1]		50001b03
ARR 50001c82 (sz=24, trace=300000, nelems=2, elem type=java.lang.Object[]@500000a8)
	[0]		50001d0e
	[1]		50001b11
ARR 50001c83 (sz=24, trace=300000, nelems=2, elem type=java.lang.Object[]@500000a8)
	[0]		50001896
	[1]		50001ae7
ARR 50001c84 (sz=24, trace=300000, nelems=2, elem type=java.lang.Object[]@500000a8)
	[0]		50001d0c
	[1]		50001b7e
ARR 50001c85 (sz=24, trace=300000, nelems=2, elem type=java.lang.Object[]@500000a8)
	[0]		50001d0a
	[1]		50001ac7
ARR 50001c86 (sz=24, trace=300000, nelems=2, elem type=java.lang.Object[]@500000a8)
	[0]		50001d08
	[1]		50001b07
ARR 50001c87 (sz=24, trace=300000, nelems=2, elem type=java.lang.Object[]@500000a8)
	[0]		50001d06
	[1]		50001b07
ARR 50001c88 (sz=24, trace=300000, nelems=2, elem type=java.lang.Object[]@500000a8)
	[0]		50001d04
	[1]		50001946
ARR 50001c89 (sz=24, trace=300000, nelems=2, elem type=java.lang.Object[]@500000a8)
	[0]		50001931
	[1]		50001931
ARR 50001c8a (sz=24, trace=300000, nelems=2, elem type=java.lang.Object[]@500000a8)
	[0]		50001919
	[1]		50001b69
ARR 50001c8b (sz=24, trace=300000, nelems=2, elem type=java.lang.Object[]@500000a8)
	[0]		5000191b
	[1]		50001b65
ARR 50001c8c (sz=24, trace=300000, nelems=2, elem type=java.lang.Object[]@500000a8)
	[0]		5000191e
	[1]		50001b5b
ARR 50001c8d (sz=24, trace=300000, nelems=2, elem type=java.lang.Object[]@500000a8)
	[0]		50001920
	[1]		50001b58
ARR 50001c8e (sz=24, trace=300000, nelems=2, elem type=java.lang.Object[]@500000a8)
	[0]		50001922
	[1]		50001b4a
ARR 50001c8f (sz=32, trace=300000, nelems=3, elem type=java.lang.Object[]@500000a8)
	[0]		50001d01
	[1]		50001957
	[2]		50001d02
ARR 50001c90 (sz=24, trace=300000, nelems=2, elem type=java.lang.Object[]@500000a8)
	[0]		50001cff
	[1]		50001961
ARR 50001c91 (sz=24, trace=300000, nelems=2, elem type=java.lang.Object[]@500000a8)
	[0]		50001902
	[1]		50001ae4
OBJ 50001c92 (sz=64, trace=302555, class=SevenZip.Compression.LZMA.Encoder$Optimal@50000da3)
ARR 50001c93 (sz=32, trace=300000, nelems=3, elem type=java.lang.Object[]@500000a8)
	[0]		50001cfa
	[1]		50001ad5
	[2]		50001cfb
ARR 50001c94 (sz=24, trace=300000, nelems=2, elem type=java.lang.Object[]@500000a8)
	[0]		50001cf8
	[1]		50001ac1
ARR 50001c95 (sz=24, trace=300000, nelems=2, elem type=java.lang.Object[]@500000a8)
	[0]		50001932
	[1]		50001931
ARR 50001c96 (sz=24, trace=300000, nelems=2, elem type=java.lang.Object[]@500000a8)
	[0]		50001953
	[1]		50001ac7
ARR 50001c97 (sz=24, trace=300000, nelems=2, elem type=java.lang.Object[]@500000a8)
	[0]		50001903
	[1]		50001ae4
ARR 50001c98 (sz=24, trace=300000, nelems=2, elem type=java.lang.Object[]@500000a8)
	[0]		50001892
	[1]		50001ae7
ARR 50001c99 (sz=24, trace=300000, nelems=2, elem type=java.lang.Object[]@500000a8)
	[0]		50001907
	[1]		50001ad5
ARR 50001c9a (sz=24, trace=300000, nelems=2, elem type=java.lang.Object[]@500000a8)
	[0]		50001927
	[1]		50001927
ARR 50001c9b (sz=24, trace=300000, nelems=2, elem type=java.lang.Object[]@500000a8)
	[0]		50001894
	[1]		50001ae7
ARR 50001c9c (sz=24, trace=300000, nelems=2, elem type=java.lang.Object[]@500000a8)
	[0]		50001cf6
	[1]		50001b3b
ARR 50001c9d (sz=24, trace=300000, nelems=2, elem type=java.lang.Object[]@500000a8)
	[0]		50001928
	[1]		50001927
ARR 50001c9e (sz=24, trace=300000, nelems=2, elem type=java.lang.Object[]@500000a8)
	[0]		50001cf4
	[1]		50001ae4
ARR 50001c9f (sz=24, trace=300000, nelems=2, elem type=java.lang.Object[]@500000a8)
	[0]		50001cf2
	[1]		50001ad5
ARR 50001ca0 (sz=24, trace=300000, nelems=2, elem type=java.lang.Object[]@500000a8)
	[0]		50001cf0
	[1]		50001b0d
ARR 50001ca1 (sz=24, trace=300000, nelems=2, elem type=java.lang.Object[]@500000a8)
	[0]		5000189d
	[1]		50001b4d
ARR 50001ca2 (sz=24, trace=300000, nelems=2, elem type=java.lang.Object[]@500000a8)
	[0]		500018ec
	[1]		50001b07
ARR 50001ca3 (sz=24, trace=300000, nelems=2, elem type=java.lang.Object[]@500000a8)
	[0]		5000189a
	[1]		50001ae7
ARR 50001ca4 (sz=24, trace=300000, nelems=2, elem type=java.lang.Object[]@500000a8)
	[0]		50001cee
	[1]		50001b25
ARR 50001ca5 (sz=24, trace=300000, nelems=2, elem type=java.lang.Object[]@500000a8)
	[0]		50001cec
	[1]		50001b1c
ARR 50001ca6 (sz=24, trace=300000, nelems=2, elem type=java.lang.Object[]@500000a8)
	[0]		50001917
	[1]		50001abd
ARR 50001ca7 (sz=24, trace=300000, nelems=2, elem type=java.lang.Object[]@500000a8)
	[0]		500018cd
	[1]		50001b11
ARR 50001ca8 (sz=24, trace=300000, nelems=2, elem type=java.lang.Object[]@500000a8)
	[0]		50001cea
	[1]		50001b0d
ARR 50001ca9 (sz=24, trace=300000, nelems=2, elem type=java.lang.Object[]@500000a8)
	[0]		500018f4
	[1]		50001b07
ARR 50001caa (sz=24, trace=300000, nelems=2, elem type=java.lang.Object[]@500000a8)
	[0]		50001ce8
	[1]		50001afc
ARR 50001cab (sz=24, trace=300000, nelems=2, elem type=java.lang.Object[]@500000a8)
	[0]		50001952
	[1]		50001ac7
ARR 50001cac (sz=24, trace=300000, nelems=2, elem type=java.lang.Object[]@500000a8)
	[0]		5000195f
	[1]		50001957
ARR 50001cad (sz=24, trace=300000, nelems=2, elem type=java.lang.Object[]@500000a8)
	[0]		50001ce6
	[1]		50001ae7
ARR 50001cae (sz=24, trace=300000, nelems=2, elem type=java.lang.Object[]@500000a8)
	[0]		50001ce4
	[1]		50001b25
ARR 50001caf (sz=32, trace=300000, nelems=3, elem type=java.lang.Object[]@500000a8)
	[0]		50001cdf
	[1]		50001b1c
	[2]		50001ce0
ARR 50001cb0 (sz=24, trace=300000, nelems=2, elem type=java.lang.Object[]@500000a8)
	[0]		500018ef
	[1]		50001b07
ARR 50001cb1 (sz=24, trace=300000, nelems=2, elem type=java.lang.Object[]@500000a8)
	[0]		50001cdd
	[1]		50001b11
ARR 50001cb2 (sz=24, trace=300000, nelems=2, elem type=java.lang.Object[]@500000a8)
	[0]		50001cdb
	[1]		50001b0d
ARR 50001cb3 (sz=32, trace=300000, nelems=3, elem type=java.lang.Object[]@500000a8)
	[0]		50001cd6
	[1]		5000193a
	[2]		50001cd7
ARR 50001cb4 (sz=24, trace=300000, nelems=2, elem type=java.lang.Object[]@500000a8)
	[0]		50001cd4
	[1]		50001afc
ARR 50001cb5 (sz=24, trace=300000, nelems=2, elem type=java.lang.Object[]@500000a8)
	[0]		50001944
	[1]		50001940
ARR 50001cb6 (sz=24, trace=300000, nelems=2, elem type=java.lang.Object[]@500000a8)
	[0]		5000192b
	[1]		50001927
ARR 50001cb7 (sz=24, trace=300000, nelems=2, elem type=java.lang.Object[]@500000a8)
	[0]		50001cd2
	[1]		50001ae7
ARR 50001cb8 (sz=24, trace=300000, nelems=2, elem type=java.lang.Object[]@500000a8)
	[0]		50001cd0
	[1]		50001b14
ARR 50001cb9 (sz=24, trace=300000, nelems=2, elem type=java.lang.Object[]@500000a8)
	[0]		50001898
	[1]		50001ae7
ARR 50001cba (sz=24, trace=300000, nelems=2, elem type=java.lang.Object[]@500000a8)
	[0]		5000191a
	[1]		50001b69
ARR 50001cbb (sz=24, trace=300000, nelems=2, elem type=java.lang.Object[]@500000a8)
	[0]		5000191c
	[1]		50001b65
ARR 50001cbc (sz=24, trace=300000, nelems=2, elem type=java.lang.Object[]@500000a8)
	[0]		5000191f
	[1]		50001b5b
ARR 50001cbd (sz=24, trace=300000, nelems=2, elem type=java.lang.Object[]@500000a8)
	[0]		50001921
	[1]		50001b58
ARR 50001cbe (sz=24, trace=300000, nelems=2, elem type=java.lang.Object[]@500000a8)
	[0]		50001cce
	[1]		50001ae7
ARR 50001cbf (sz=24, trace=300000, nelems=2, elem type=java.lang.Object[]@500000a8)
	[0]		50001923
	[1]		50001b4a
ARR 50001cc0 (sz=24, trace=300000, nelems=2, elem type=java.lang.Object[]@500000a8)
	[0]		50001925
	[1]		50001b3d
ARR 50001cc1 (sz=24, trace=300000, nelems=2, elem type=java.lang.Object[]@500000a8)
	[0]		50001ccc
	[1]		50001ab7
ARR 50001cc2 (sz=24, trace=300000, nelems=2, elem type=java.lang.Object[]@500000a8)
	[0]		50001cca
	[1]		50001b4d
ARR 50001cc3 (sz=24, trace=300000, nelems=2, elem type=java.lang.Object[]@500000a8)
	[0]		50001938
	[1]		50001936
ARR 50001cc4 (sz=24, trace=300000, nelems=2, elem type=java.lang.Object[]@500000a8)
	[0]		50001cc8
	[1]		50001acc
ARR 50001cc5 (sz=24, trace=300000, nelems=2, elem type=java.lang.Object[]@500000a8)
	[0]		50001cc6
	[1]		50001b7e
OBJ 50001cc6 (sz=24, trace=300000, class=java.lang.String@50000096)
	value		50001cc7
ARR 50001cc7 (sz=12, trace=300000, nelems=6, elem type=char[])
OBJ 50001cc8 (sz=24, trace=300000, class=java.lang.String@50000096)
	value		50001cc9
ARR 50001cc9 (sz=24, trace=300000, nelems=12, elem type=char[])
OBJ 50001cca (sz=24, trace=300000, class=java.lang.String@50000096)
	value		50001ccb
ARR 50001ccb (sz=12, trace=300000, nelems=6, elem type=char[])
OBJ 50001ccc (sz=24, trace=300000, class=java.lang.String@50000096)
	value		50001ccd
ARR 50001ccd (sz=16, trace=300000, nelems=8, elem type=char[])
OBJ 50001cce (sz=24, trace=300000, class=java.lang.String@50000096)
	value		50001ccf
ARR 50001ccf (sz=32, trace=300000, nelems=16, elem type=char[])
OBJ 50001cd0 (sz=24, trace=300000, class=java.lang.String@50000096)
	value		50001cd1
ARR 50001cd1 (sz=8, trace=300000, nelems=4, elem type=char[])
OBJ 50001cd2 (sz=24, trace=300000, class=java.lang.String@50000096)
	value		50001cd3
ARR 50001cd3 (sz=10, trace=300000, nelems=5, elem type=char[])
OBJ 50001cd4 (sz=24, trace=300000, class=java.lang.String@50000096)
	value		50001cd5
ARR 50001cd5 (sz=20, trace=300000, nelems=10, elem type=char[])
OBJ 50001cd6 (sz=24, trace=300000, class=java.lang.String@50000096)
	value		50001cda
ARR 50001cd7 (sz=24, trace=300000, nelems=2, elem type=java.lang.Object[]@500000a8)
	[0]		50001cd8
	[1]		50001b07
OBJ 50001cd8 (sz=24, trace=300000, class=java.lang.String@50000096)
	value		50001cd9
ARR 50001cd9 (sz=20, trace=300000, nelems=10, elem type=char[])
ARR 50001cda (sz=16, trace=300000, nelems=8, elem type=char[])
OBJ 50001cdb (sz=24, trace=300000, class=java.lang.String@50000096)
	value		50001cdc
ARR 50001cdc (sz=20, trace=300000, nelems=10, elem type=char[])
OBJ 50001cdd (sz=24, trace=300000, class=java.lang.String@50000096)
	value		50001cde
ARR 50001cde (sz=20, trace=300000, nelems=10, elem type=char[])
OBJ 50001cdf (sz=24, trace=300000, class=java.lang.String@50000096)
	value		50001ce3
ARR 50001ce0 (sz=24, trace=300000, nelems=2, elem type=java.lang.Object[]@500000a8)
	[0]		50001ce1
	[1]		50001b3b
OBJ 50001ce1 (sz=24, trace=300000, class=java.lang.String@50000096)
	value		50001ce2
ARR 50001ce2 (sz=20, trace=300000, nelems=10, elem type=char[])
ARR 50001ce3 (sz=20, trace=300000, nelems=10, elem type=char[])
OBJ 50001ce4 (sz=24, trace=300000, class=java.lang.String@50000096)
	value		50001ce5
ARR 50001ce5 (sz=20, trace=300000, nelems=10, elem type=char[])
OBJ 50001ce6 (sz=24, trace=300000, class=java.lang.String@50000096)
	value		50001ce7
ARR 50001ce7 (sz=12, trace=300000, nelems=6, elem type=char[])
OBJ 50001ce8 (sz=24, trace=300000, class=java.lang.String@50000096)
	value		50001ce9
ARR 50001ce9 (sz=18, trace=300000, nelems=9, elem type=char[])
OBJ 50001cea (sz=24, trace=300000, class=java.lang.String@50000096)
	value		50001ceb
ARR 50001ceb (sz=18, trace=300000, nelems=9, elem type=char[])
OBJ 50001cec (sz=24, trace=300000, class=java.lang.String@50000096)
	value		50001ced
ARR 50001ced (sz=18, trace=300000, nelems=9, elem type=char[])
OBJ 50001cee (sz=24, trace=300000, class=java.lang.String@50000096)
	value		50001cef
ARR 50001cef (sz=18, trace=300000, nelems=9, elem type=char[])
OBJ 50001cf0 (sz=24, trace=300000, class=java.lang.String@50000096)
	value		50001cf1
ARR 50001cf1 (sz=30, trace=300000, nelems=15, elem type=char[])
OBJ 50001cf2 (sz=24, trace=300000, class=java.lang.String@50000096)
	value		50001cf3
ARR 50001cf3 (sz=20, trace=300000, nelems=10, elem type=char[])
OBJ 50001cf4 (sz=24, trace=300000, class=java.lang.String@50000096)
	value		50001cf5
ARR 50001cf5 (sz=20, trace=300000, nelems=10, elem type=char[])
OBJ 50001cf6 (sz=24, trace=300000, class=java.lang.String@50000096)
	value		50001cf7
ARR 50001cf7 (sz=30, trace=300000, nelems=15, elem type=char[])
OBJ 50001cf8 (sz=24, trace=300000, class=java.lang.String@50000096)
	value		50001cf9
ARR 50001cf9 (sz=24, trace=300000, nelems=12, elem type=char[])
OBJ 50001cfa (sz=24, trace=300000, class=java.lang.String@50000096)
	value		50001cfe
ARR 50001cfb (sz=24, trace=300000, nelems=2, elem type=java.lang.Object[]@500000a8)
	[0]		50001cfc
	[1]		50001b5e
OBJ 50001cfc (sz=24, trace=300000, class=java.lang.String@50000096)
	value		50001cfd
ARR 50001cfd (sz=16, trace=300000, nelems=8, elem type=char[])
ARR 50001cfe (sz=20, trace=300000, nelems=10, elem type=char[])
OBJ 50001cff (sz=24, trace=300000, class=java.lang.String@50000096)
	value		50001d00
ARR 50001d00 (sz=16, trace=300000, nelems=8, elem type=char[])
OBJ 50001d01 (sz=24, trace=300000, class=java.lang.String@50000096)
	value		50001d03
ARR 50001d02 (sz=24, trace=300000, nelems=2, elem type=java.lang.Object[]@500000a8)
	[0]		50001924
	[1]		50001b3d
ARR 50001d03 (sz=16, trace=300000, nelems=8, elem type=char[])
OBJ 50001d04 (sz=24, trace=300000, class=java.lang.String@50000096)
	value		50001d05
ARR 50001d05 (sz=16, trace=300000, nelems=8, elem type=char[])
OBJ 50001d06 (sz=24, trace=300000, class=java.lang.String@50000096)
	value		50001d07
ARR 50001d07 (sz=30, trace=300000, nelems=15, elem type=char[])
OBJ 50001d08 (sz=24, trace=300000, class=java.lang.String@50000096)
	value		50001d09
ARR 50001d09 (sz=16, trace=300000, nelems=8, elem type=char[])
OBJ 50001d0a (sz=24, trace=300000, class=java.lang.String@50000096)
	value		50001d0b
ARR 50001d0b (sz=48, trace=300000, nelems=24, elem type=char[])
OBJ 50001d0c (sz=24, trace=300000, class=java.lang.String@50000096)
	value		50001d0d
ARR 50001d0d (sz=10, trace=300000, nelems=5, elem type=char[])
OBJ 50001d0e (sz=24, trace=300000, class=java.lang.String@50000096)
	value		50001d0f
ARR 50001d0f (sz=30, trace=300000, nelems=15, elem type=char[])
OBJ 50001d10 (sz=24, trace=300000, class=java.lang.String@50000096)
	value		50001d11
ARR 50001d11 (sz=20, trace=300000, nelems=10, elem type=char[])
OBJ 50001d12 (sz=24, trace=300000, class=java.lang.String@50000096)
	value		50001d13
ARR 50001d13 (sz=36, trace=300000, nelems=18, elem type=char[])
OBJ 50001d14 (sz=24, trace=300000, class=java.lang.String@50000096)
	value		50001d15
ARR 50001d15 (sz=16, trace=300000, nelems=8, elem type=char[])
OBJ 50001d16 (sz=24, trace=300000, class=java.lang.String@50000096)
	value		50001d17
ARR 50001d17 (sz=24, trace=300000, nelems=12, elem type=char[])
OBJ 50001d18 (sz=24, trace=300000, class=java.lang.String@50000096)
	value		50001d19
ARR 50001d19 (sz=28, trace=300000, nelems=14, elem type=char[])
OBJ 50001d1a (sz=24, trace=300000, class=java.lang.String@50000096)
	value		50001d1b
ARR 50001d1b (sz=12, trace=300000, nelems=6, elem type=char[])
OBJ 50001d1c (sz=24, trace=300000, class=java.lang.String@50000096)
	value		50001d1d
ARR 50001d1d (sz=12, trace=300000, nelems=6, elem type=char[])
OBJ 50001d1e (sz=24, trace=300000, class=java.lang.String@50000096)
	value		50001d1f
ARR 50001d1f (sz=14, trace=300000, nelems=7, elem type=char[])
OBJ 50001d20 (sz=24, trace=300000, class=java.lang.String@50000096)
	value		50001d21
ARR 50001d21 (sz=28, trace=300000, nelems=14, elem type=char[])
OBJ 50001d22 (sz=24, trace=300000, class=java.lang.String@50000096)
	value		50001d23
ARR 50001d23 (sz=12, trace=300000, nelems=6, elem type=char[])
OBJ 50001d24 (sz=24, trace=300000, class=java.lang.String@50000096)
	value		50001d25
ARR 50001d25 (sz=14, trace=300000, nelems=7, elem type=char[])
OBJ 50001d26 (sz=24, trace=300000, class=java.lang.String@50000096)
	value		50001d27
ARR 50001d27 (sz=30, trace=300000, nelems=15, elem type=char[])
OBJ 50001d28 (sz=24, trace=300000, class=java.lang.String@50000096)
	value		50001d29
ARR 50001d29 (sz=20, trace=300000, nelems=10, elem type=char[])
ARR 50001d2a (sz=24, trace=300000, nelems=2, elem type=java.lang.Object[]@500000a8)
	[0]		5000192c
	[1]		50001af5
ARR 50001d2b (sz=24, trace=300000, nelems=2, elem type=java.lang.Object[]@500000a8)
	[0]		50001d2c
	[1]		50001ad5
OBJ 50001d2c (sz=24, trace=300000, class=java.lang.String@50000096)
	value		50001d2d
ARR 50001d2d (sz=4, trace=300000, nelems=2, elem type=char[])
ARR 50001d2e (sz=24, trace=300000, nelems=2, elem type=java.lang.Object[]@500000a8)
	[0]		500018d3
	[1]		50001b11
ARR 50001d2f (sz=32, trace=300000, nelems=3, elem type=java.lang.Object[]@500000a8)
	[0]		50001d30
	[1]		50001ad5
	[2]		50001d31
OBJ 50001d30 (sz=24, trace=300000, class=java.lang.String@50000096)
	value		50001d32
ARR 50001d31 (sz=24, trace=300000, nelems=2, elem type=java.lang.Object[]@500000a8)
	[0]		500018c6
	[1]		50001b1c
ARR 50001d32 (sz=12, trace=300000, nelems=6, elem type=char[])
ARR 50001d33 (sz=24, trace=300000, nelems=2, elem type=java.lang.Object[]@500000a8)
	[0]		500018d5
	[1]		50001b11
ARR 50001d34 (sz=24, trace=300000, nelems=2, elem type=java.lang.Object[]@500000a8)
	[0]		50001897
	[1]		50001ae7
OBJ 50001d35 (sz=24, trace=300000, class=java.lang.String@50000096)
	value		50001d36
ARR 50001d36 (sz=22, trace=300000, nelems=11, elem type=char[])
OBJ 50001d37 (sz=24, trace=300000, class=java.lang.String@50000096)
	value		50001d38
ARR 50001d38 (sz=18, trace=300000, nelems=9, elem type=char[])
OBJ 50001d39 (sz=24, trace=300000, class=java.lang.String@50000096)
	value		50001d3a
ARR 50001d3a (sz=42, trace=300000, nelems=21, elem type=char[])
OBJ 50001d3b (sz=24, trace=300000, class=java.lang.String@50000096)
	value		50001d3c
ARR 50001d3c (sz=30, trace=300000, nelems=15, elem type=char[])
OBJ 50001d3d (sz=24, trace=300000, class=java.lang.String@50000096)
	value		50001d3e
ARR 50001d3e (sz=20, trace=300000, nelems=10, elem type=char[])
OBJ 50001d3f (sz=24, trace=300000, class=java.lang.String@50000096)
	value		50001d40
ARR 50001d40 (sz=30, trace=300000, nelems=15, elem type=char[])
OBJ 50001d41 (sz=24, trace=300000, class=java.lang.String@50000096)
	value		50001d42
ARR 50001d42 (sz=20, trace=300000, nelems=10, elem type=char[])
OBJ 50001d43 (sz=24, trace=300000, class=java.lang.String@50000096)
	value		50001d44
ARR 50001d44 (sz=14, trace=300000, nelems=7, elem type=char[])
ARR 50001d45 (sz=24, trace=300000, nelems=2, elem type=java.lang.Object[]@500000a8)
	[0]		5000192f
	[1]		50001af5
ARR 50001d46 (sz=24, trace=300000, nelems=2, elem type=java.lang.Object[]@500000a8)
	[0]		5000188d
	[1]		50001ae7
ARR 50001d47 (sz=24, trace=300000, nelems=2, elem type=java.lang.Object[]@500000a8)
	[0]		500018b6
	[1]		50001b25
ARR 50001d48 (sz=24, trace=300000, nelems=2, elem type=java.lang.Object[]@500000a8)
	[0]		5000191d
	[1]		50001b65
OBJ 50001d49 (sz=24, trace=300000, class=java.lang.String@50000096)
	value		50001d4a
ARR 50001d4a (sz=16, trace=300000, nelems=8, elem type=char[])
OBJ 50001d4b (sz=24, trace=300000, class=java.lang.String@50000096)
	value		50001d4c
ARR 50001d4c (sz=24, trace=300000, nelems=12, elem type=char[])
OBJ 50001d4d (sz=24, trace=300000, class=java.lang.String@50000096)
	value		50001d4e
ARR 50001d4e (sz=16, trace=300000, nelems=8, elem type=char[])
OBJ 50001d4f (sz=24, trace=300000, class=java.lang.String@50000096)
	value		50001d50
ARR 50001d50 (sz=20, trace=300000, nelems=10, elem type=char[])
OBJ 50001d51 (sz=24, trace=300000, class=java.lang.String@50000096)
	value		50001d57
OBJ 50001d52 (sz=64, trace=302555, class=SevenZip.Compression.LZMA.Encoder$Optimal@50000da3)
OBJ 50001d53 (sz=64, trace=302555, class=SevenZip.Compression.LZMA.Encoder$Optimal@50000da3)
OBJ 50001d54 (sz=64, trace=302555, class=SevenZip.Compression.LZMA.Encoder$Optimal@50000da3)
OBJ 50001d55 (sz=64, trace=302555, class=SevenZip.Compression.LZMA.Encoder$Optimal@50000da3)
OBJ 50001d56 (sz=64, trace=302555, class=SevenZip.Compression.LZMA.Encoder$Optimal@50000da3)
ARR 50001d57 (sz=30, trace=300000, nelems=15, elem type=char[])
ARR 50001d58 (sz=24, trace=300000, nelems=2, elem type=java.lang.Object[]@500000a8)
	[0]		500018da
	[1]		50001b0d
OBJ 50001d59 (sz=24, trace=300000, class=java.lang.String@50000096)
	value		50001d5b
ARR 50001d5a (sz=24, trace=300000, nelems=2, elem type=java.lang.Object[]@500000a8)
	[0]		500018bd
	[1]		50001b25
ARR 50001d5b (sz=36, trace=300000, nelems=18, elem type=char[])
OBJ 50001d5c (sz=24, trace=300000, class=java.lang.String@50000096)
	value		50001d5d
ARR 50001d5d (sz=30, trace=300000, nelems=15, elem type=char[])
OBJ 50001d5e (sz=24, trace=300000, class=java.lang.String@50000096)
	value		50001d5f
ARR 50001d5f (sz=18, trace=300000, nelems=9, elem type=char[])
OBJ 50001d60 (sz=24, trace=300000, class=java.lang.String@50000096)
	value		50001d61
ARR 50001d61 (sz=26, trace=300000, nelems=13, elem type=char[])
OBJ 50001d62 (sz=24, trace=300000, class=java.lang.String@50000096)
	value		50001d6d
OBJ 50001d63 (sz=16, trace=300472, class=java.lang.Object@500000a7)
OBJ 50001d64 (sz=32, trace=300024, class=java.util.concurrent.ConcurrentHashMap$HashEntry@50000115)
	key		50001424
	value		50001d63
OBJ 50001d65 (sz=16, trace=300474, class=java.lang.Object@500000a7)
OBJ 50001d66 (sz=32, trace=300027, class=java.util.concurrent.ConcurrentHashMap$HashEntry@50000115)
	key		50001424
	value		50001d65
OBJ 50001d68 (sz=112, trace=300848, class=org.eclipse.jdt.internal.junit.runner.RemoteTestRunner$ReaderThread@50001d67)
	name		50001d6a
	contextClassLoader	5000119e
	blockerLock	50001d69
	this$0		50001755
OBJ 50001d69 (sz=16, trace=300849, class=java.lang.Object@500000a7)
ARR 50001d6a (sz=24, trace=300850, nelems=12, elem type=char[])
OBJ 50001d6b (sz=16, trace=300851, class=java.lang.Object@500000a7)
OBJ 50001d6c (sz=32, trace=300024, class=java.util.concurrent.ConcurrentHashMap$HashEntry@50000115)
	key		50001493
	value		50001d6b
ARR 50001d6d (sz=22, trace=300000, nelems=11, elem type=char[])
OBJ 50001d6e (sz=16, trace=300852, class=java.lang.Object@500000a7)
OBJ 50001d6f (sz=32, trace=300027, class=java.util.concurrent.ConcurrentHashMap$HashEntry@50000115)
	key		50001493
	value		50001d6e
OBJ 50001d70 (sz=24, trace=300000, class=java.lang.String@50000096)
	value		50001d74
OBJ 50001d71 (sz=48, trace=300177, class=java.nio.HeapCharBuffer@5000003c)
OBJ 50001d72 (sz=24, trace=300853, class=org.eclipse.jdt.internal.junit.runner.FirstRunExecutionListener@50001277)
	fSender		50001755
	fIds		5000184a
OBJ 50001d73 (sz=16, trace=300854, class=java.lang.Object@500000a7)
ARR 50001d74 (sz=22, trace=300000, nelems=11, elem type=char[])
OBJ 50001d75 (sz=16, trace=300855, class=java.lang.Object@500000a7)
OBJ 50001d76 (sz=24, trace=300000, class=java.lang.String@50000096)
	value		50001d77
ARR 50001d77 (sz=22, trace=300000, nelems=11, elem type=char[])
OBJ 50001d78 (sz=24, trace=300000, class=java.lang.String@50000096)
	value		50001d79
ARR 50001d79 (sz=22, trace=300000, nelems=11, elem type=char[])
OBJ 50001d7a (sz=24, trace=300000, class=java.lang.String@50000096)
	value		50001d7b
ARR 50001d7b (sz=22, trace=300000, nelems=11, elem type=char[])
OBJ 50001d7c (sz=24, trace=300000, class=java.lang.String@50000096)
	value		50001d7d
ARR 50001d7d (sz=22, trace=300000, nelems=11, elem type=char[])
ARR 50001d7e (sz=144, trace=300000, nelems=32, elem type=java.lang.Object[]@500000a8)
	[0]		50001d7f
	[2]		50001d80
	[3]		50001d81
	[4]		50001d82
	[5]		50001d83
	[6]		50001d84
	[7]		50001d85
	[8]		50001d86
	[9]		50001d87
	[10]		50001d88
	[11]		50001d89
	[12]		50001d8a
	[14]		50001d8b
	[15]		50001d8c
	[16]		50001d8d
	[17]		50001d8e
	[18]		50001d8f
	[19]		50001d90
	[22]		50001d91
	[24]		50001d92
	[28]		50001d93
	[29]		50001d94
	[31]		50001d95
ARR 50001d7f (sz=24, trace=300000, nelems=1, elem type=java.lang.Object[]@500000a8)
	[0]		50001957
ARR 50001d80 (sz=32, trace=300000, nelems=3, elem type=java.lang.Object[]@500000a8)
	[0]		50001961
	[2]		50001dab
ARR 50001d81 (sz=32, trace=300000, nelems=3, elem type=java.lang.Object[]@500000a8)
	[0]		50001b65
	[2]		50001daa
ARR 50001d82 (sz=32, trace=300000, nelems=3, elem type=java.lang.Object[]@500000a8)
	[0]		50001b58
	[2]		50001da8
ARR 50001d83 (sz=32, trace=300000, nelems=3, elem type=java.lang.Object[]@500000a8)
	[0]		50001b4a
	[2]		50001da5
ARR 50001d84 (sz=24, trace=300000, nelems=1, elem type=java.lang.Object[]@500000a8)
	[0]		50001b3d
ARR 50001d85 (sz=24, trace=300000, nelems=2, elem type=java.lang.Object[]@500000a8)
	[0]		50001b3b
	[1]		50000285
ARR 50001d86 (sz=32, trace=300000, nelems=3, elem type=java.lang.Object[]@500000a8)
	[0]		50001b1c
	[2]		50001da0
ARR 50001d87 (sz=32, trace=300000, nelems=3, elem type=java.lang.Object[]@500000a8)
	[0]		50001b11
	[2]		50001d9f
ARR 50001d88 (sz=24, trace=300000, nelems=1, elem type=java.lang.Object[]@500000a8)
	[0]		50001b0d
ARR 50001d89 (sz=32, trace=300000, nelems=3, elem type=java.lang.Object[]@500000a8)
	[0]		50001b03
	[2]		50001d9e
ARR 50001d8a (sz=24, trace=300000, nelems=1, elem type=java.lang.Object[]@500000a8)
	[0]		50001afc
ARR 50001d8b (sz=24, trace=300000, nelems=1, elem type=java.lang.Object[]@500000a8)
	[0]		50001af5
ARR 50001d8c (sz=24, trace=300000, nelems=1, elem type=java.lang.Object[]@500000a8)
	[0]		50001936
ARR 50001d8d (sz=32, trace=300000, nelems=3, elem type=java.lang.Object[]@500000a8)
	[0]		5000193a
	[2]		50001d9d
ARR 50001d8e (sz=32, trace=300000, nelems=3, elem type=java.lang.Object[]@500000a8)
	[0]		50001ae4
	[2]		50001d9a
ARR 50001d8f (sz=32, trace=300000, nelems=3, elem type=java.lang.Object[]@500000a8)
	[0]		50001940
	[2]		50001d98
ARR 50001d90 (sz=32, trace=300000, nelems=3, elem type=java.lang.Object[]@500000a8)
	[0]		50001ac7
	[2]		50001d96
ARR 50001d91 (sz=24, trace=300000, nelems=1, elem type=java.lang.Object[]@500000a8)
	[0]		50001ac3
ARR 50001d92 (sz=24, trace=300000, nelems=1, elem type=java.lang.Object[]@500000a8)
	[0]		50001ac1
ARR 50001d93 (sz=24, trace=300000, nelems=1, elem type=java.lang.Object[]@500000a8)
	[0]		50001abd
ARR 50001d94 (sz=24, trace=300000, nelems=1, elem type=java.lang.Object[]@500000a8)
	[0]		50001ab9
ARR 50001d95 (sz=24, trace=300000, nelems=1, elem type=java.lang.Object[]@500000a8)
	[0]		50001ab7
ARR 50001d96 (sz=32, trace=300000, nelems=3, elem type=java.lang.Object[]@500000a8)
	[0]		50001946
	[2]		50001d97
ARR 50001d97 (sz=24, trace=300000, nelems=1, elem type=java.lang.Object[]@500000a8)
	[0]		50001acc
ARR 50001d98 (sz=32, trace=300000, nelems=3, elem type=java.lang.Object[]@500000a8)
	[0]		50001927
	[2]		50001d99
ARR 50001d99 (sz=24, trace=300000, nelems=1, elem type=java.lang.Object[]@500000a8)
	[0]		50001ad5
ARR 50001d9a (sz=24, trace=300000, nelems=2, elem type=java.lang.Object[]@500000a8)
	[0]		50001ae7
	[1]		50001d9b
OBJ 50001d9b (sz=24, trace=300000, class=sun.nio.cs.US_ASCII@50000095)
	name		50001a87
	aliases		500019b6
ARR 50001d9c (sz=16, trace=300000, nelems=8, elem type=char[])
ARR 50001d9d (sz=24, trace=300000, nelems=1, elem type=java.lang.Object[]@500000a8)
	[0]		50001931
ARR 50001d9e (sz=24, trace=300000, nelems=1, elem type=java.lang.Object[]@500000a8)
	[0]		50001b07
ARR 50001d9f (sz=24, trace=300000, nelems=2, elem type=java.lang.Object[]@500000a8)
	[0]		50001b14
	[1]		50001886
ARR 50001da0 (sz=24, trace=300000, nelems=2, elem type=java.lang.Object[]@500000a8)
	[0]		50001b25
	[1]		50000270
OBJ 50001da1 (sz=24, trace=300000, class=java.lang.String@50000096)
	value		50001da2
ARR 50001da2 (sz=20, trace=300000, nelems=10, elem type=char[])
OBJ 50001da3 (sz=24, trace=300000, class=java.lang.String@50000096)
	value		50001da4
ARR 50001da4 (sz=16, trace=300000, nelems=8, elem type=char[])
ARR 50001da5 (sz=24, trace=300000, nelems=2, elem type=java.lang.Object[]@500000a8)
	[0]		50001b4d
	[1]		500002a7
OBJ 50001da6 (sz=24, trace=300000, class=java.lang.String@50000096)
	value		50001da7
ARR 50001da7 (sz=12, trace=300000, nelems=6, elem type=char[])
ARR 50001da8 (sz=32, trace=300000, nelems=3, elem type=java.lang.Object[]@500000a8)
	[0]		50001b5b
	[2]		50001da9
ARR 50001da9 (sz=24, trace=300000, nelems=1, elem type=java.lang.Object[]@500000a8)
	[0]		50001b5e
ARR 50001daa (sz=24, trace=300000, nelems=1, elem type=java.lang.Object[]@500000a8)
	[0]		50001b69
ARR 50001dab (sz=32, trace=300000, nelems=3, elem type=java.lang.Object[]@500000a8)
	[0]		50001b7e
	[2]		50001dac
ARR 50001dac (sz=24, trace=300000, nelems=2, elem type=java.lang.Object[]@500000a8)
	[0]		50001b80
	[1]		50000296
OBJ 50001dad (sz=24, trace=300000, class=java.lang.String@50000096)
	value		50001dae
ARR 50001dae (sz=16, trace=300000, nelems=8, elem type=char[])
ARR 50001daf (sz=20, trace=300000, nelems=10, elem type=char[])
ARR 50001db0 (sz=26, trace=300000, nelems=13, elem type=char[])
ARR 50001db1 (sz=6, trace=300000, nelems=3, elem type=char[])
ARR 50001db2 (sz=38, trace=300000, nelems=19, elem type=char[])
OBJ 50001db3 (sz=24, trace=300000, class=java.lang.String@50000096)
	value		50001dbb
OBJ 50001db4 (sz=24, trace=300000, class=java.lang.String@50000096)
	value		50001dba
OBJ 50001db5 (sz=24, trace=300000, class=java.lang.String@50000096)
	value		50001db9
OBJ 50001db6 (sz=24, trace=300000, class=java.lang.String@50000096)
	value		50001db8
ARR 50001db7 (sz=32, trace=300000, nelems=4, elem type=java.lang.String[]@50000097)
	[0]		50001db3
	[1]		50001db4
	[2]		50001db5
	[3]		50001db6
ARR 50001db8 (sz=14, trace=300000, nelems=7, elem type=char[])
ARR 50001db9 (sz=20, trace=300000, nelems=10, elem type=char[])
ARR 50001dba (sz=12, trace=300000, nelems=6, elem type=char[])
ARR 50001dbb (sz=10, trace=300000, nelems=5, elem type=char[])
OBJ 50001dbc (sz=24, trace=300000, class=java.lang.String@50000096)
	value		50001dc8
OBJ 50001dbd (sz=24, trace=300000, class=java.lang.String@50000096)
	value		50001dc7
OBJ 50001dbe (sz=24, trace=300000, class=java.lang.String@50000096)
	value		50001dc6
OBJ 50001dbf (sz=24, trace=300000, class=java.lang.String@50000096)
	value		50001dc5
OBJ 50001dc0 (sz=16, trace=300000, class=java.nio.charset.CoderResult$2@50000160)
OBJ 50001dc1 (sz=16, trace=300000, class=java.nio.charset.CoderResult$1@500000b7)
OBJ 50001dc2 (sz=24, trace=300000, class=java.nio.charset.CoderResult@500000bc)
OBJ 50001dc3 (sz=24, trace=300000, class=java.nio.charset.CoderResult@500000bc)
ARR 50001dc4 (sz=32, trace=300000, nelems=4, elem type=java.lang.String[]@50000097)
	[0]		50001dbc
	[1]		50001dbd
	[2]		50001dbe
	[3]		50001dbf
ARR 50001dc5 (sz=20, trace=300000, nelems=10, elem type=char[])
ARR 50001dc6 (sz=18, trace=300000, nelems=9, elem type=char[])
ARR 50001dc7 (sz=16, trace=300000, nelems=8, elem type=char[])
ARR 50001dc8 (sz=18, trace=300000, nelems=9, elem type=char[])
OBJ 50001dc9 (sz=24, trace=300000, class=java.lang.String@50000096)
	value		50001dd0
OBJ 50001dca (sz=24, trace=300000, class=java.lang.String@50000096)
	value		50001dd1
OBJ 50001dcb (sz=24, trace=300000, class=java.lang.String@50000096)
	value		50001dd2
OBJ 50001dcc (sz=16, trace=300000, class=java.nio.charset.CodingErrorAction@5000007a)
	name		50001dcb
OBJ 50001dcd (sz=16, trace=300000, class=java.nio.charset.CodingErrorAction@5000007a)
	name		50001dca
OBJ 50001dce (sz=16, trace=300000, class=java.nio.charset.CodingErrorAction@5000007a)
	name		50001dc9
OBJ 50001dcf (sz=64, trace=302555, class=SevenZip.Compression.LZMA.Encoder$Optimal@50000da3)
ARR 50001dd0 (sz=12, trace=300000, nelems=6, elem type=char[])
ARR 50001dd1 (sz=14, trace=300000, nelems=7, elem type=char[])
ARR 50001dd2 (sz=12, trace=300000, nelems=6, elem type=char[])
OBJ 50001dd3 (sz=24, trace=300000, class=java.lang.String@50000096)
	value		50001dd5
ARR 50001dd4 (sz=32, trace=300000, nelems=4, elem type=java.lang.String[]@50000097)
	[0]		50001db3
	[1]		50001db4
	[2]		50001db5
	[3]		50001db6
ARR 50001dd5 (sz=2, trace=300000, nelems=1, elem type=char[])
OBJ 50001dd6 (sz=24, trace=300000, class=java.lang.String@50000096)
	value		50001dd9
OBJ 50001dd7 (sz=24, trace=300000, class=java.lang.String@50000096)
	value		50001ddc
OBJ 50001dd8 (sz=24, trace=300000, class=java.lang.String@50000096)
	value		50001dda
ARR 50001dd9 (sz=38, trace=300000, nelems=19, elem type=char[])
ARR 50001dda (sz=68, trace=300000, nelems=34, elem type=char[])
ARR 50001ddb (sz=8, trace=300000, nelems=4, elem type=char[])
ARR 50001ddc (sz=8, trace=300000, nelems=4, elem type=char[])
OBJ 50001ddd (sz=24, trace=300000, class=java.lang.String@50000096)
	value		50001e2d
OBJ 50001dde (sz=24, trace=300000, class=java.lang.String@50000096)
	value		50001e2c
OBJ 50001ddf (sz=24, trace=300000, class=java.lang.String@50000096)
	value		50001e2b
OBJ 50001de0 (sz=56, trace=300000, class=java.util.HashMap@5000010b)
	table		50001de1
ARR 50001de1 (sz=80, trace=300000, nelems=15, elem type=java.util.HashMap$Entry[]@5000009f)
	[0]		50008a39
	[1]		50008aa1
	[2]		500089e4
	[4]		50001de2
	[5]		50001de3
	[6]		50001de4
	[8]		500089c0
	[9]		50001de5
	[10]		500089aa
	[14]		50001de6
OBJ 50001de2 (sz=32, trace=300000, class=java.util.HashMap$Entry@5000009e)
	key		50001e13
	value		50001e12
	next		50001e11
OBJ 50001de3 (sz=32, trace=300000, class=java.util.HashMap$Entry@5000009e)
	key		50001e07
	value		50001e06
OBJ 50001de4 (sz=32, trace=300000, class=java.util.HashMap$Entry@5000009e)
	key		50001dfe
	value		50001dfd
OBJ 50001de5 (sz=32, trace=300000, class=java.util.HashMap$Entry@5000009e)
	key		50001df4
	value		50001df3
OBJ 50001de6 (sz=32, trace=300000, class=java.util.HashMap$Entry@5000009e)
	key		50001de8
	value		50001de7
OBJ 50001de7 (sz=24, trace=300000, class=sun.misc.MetaIndex@500000ce)
	contents	50001deb
OBJ 50001de8 (sz=24, trace=300000, class=java.io.File@500000ec)
	path		50001de9
OBJ 50001de9 (sz=24, trace=300000, class=java.lang.String@50000096)
	value		50001dea
ARR 50001dea (sz=178, trace=300000, nelems=89, elem type=char[])
ARR 50001deb (sz=32, trace=300000, nelems=3, elem type=java.lang.String[]@50000097)
	[0]		50001dec
	[1]		50001ded
	[2]		50001dee
OBJ 50001dec (sz=24, trace=300000, class=java.lang.String@50000096)
	value		50001df1
OBJ 50001ded (sz=24, trace=300000, class=java.lang.String@50000096)
	value		50001df0
OBJ 50001dee (sz=24, trace=300000, class=java.lang.String@50000096)
	value		50001def
ARR 50001def (sz=40, trace=300000, nelems=20, elem type=char[])
ARR 50001df0 (sz=42, trace=300000, nelems=21, elem type=char[])
ARR 50001df1 (sz=24, trace=300000, nelems=12, elem type=char[])
ARR 50001df2 (sz=32, trace=300000, nelems=4, elem type=java.lang.String[]@50000097)
	[0]		50008997
	[1]		50008999
	[2]		5000899b
	[3]		5000899d
OBJ 50001df3 (sz=24, trace=300000, class=sun.misc.MetaIndex@500000ce)
	contents	50001df7
OBJ 50001df4 (sz=24, trace=300000, class=java.io.File@500000ec)
	path		50001df5
OBJ 50001df5 (sz=24, trace=300000, class=java.lang.String@50000096)
	value		50001df6
ARR 50001df6 (sz=170, trace=300000, nelems=85, elem type=char[])
ARR 50001df7 (sz=24, trace=300000, nelems=2, elem type=java.lang.String[]@50000097)
	[0]		50001df8
	[1]		50001df9
OBJ 50001df8 (sz=24, trace=300000, class=java.lang.String@50000096)
	value		50001dfb
OBJ 50001df9 (sz=24, trace=300000, class=java.lang.String@50000096)
	value		50001dfa
ARR 50001dfa (sz=24, trace=300000, nelems=12, elem type=char[])
ARR 50001dfb (sz=108, trace=300000, nelems=54, elem type=char[])
ARR 50001dfc (sz=32, trace=300000, nelems=4, elem type=java.lang.String[]@50000097)
	[0]		500089ad
	[1]		500089af
	[2]		500089b1
	[3]		500089b3
OBJ 50001dfd (sz=24, trace=300000, class=sun.misc.MetaIndex@500000ce)
	contents	50001e01
OBJ 50001dfe (sz=24, trace=300000, class=java.io.File@500000ec)
	path		50001dff
OBJ 50001dff (sz=24, trace=300000, class=java.lang.String@50000096)
	value		50001e00
ARR 50001e00 (sz=180, trace=300000, nelems=90, elem type=char[])
ARR 50001e01 (sz=24, trace=300000, nelems=2, elem type=java.lang.String[]@50000097)
	[0]		50001e02
	[1]		50001e03
OBJ 50001e02 (sz=24, trace=300000, class=java.lang.String@50000096)
	value		50001e05
OBJ 50001e03 (sz=24, trace=300000, class=java.lang.String@50000096)
	value		50001e04
ARR 50001e04 (sz=16, trace=300000, nelems=8, elem type=char[])
ARR 50001e05 (sz=16, trace=300000, nelems=8, elem type=char[])
OBJ 50001e06 (sz=24, trace=300000, class=sun.misc.MetaIndex@500000ce)
	contents	50001e0a
OBJ 50001e07 (sz=24, trace=300000, class=java.io.File@500000ec)
	path		50001e08
OBJ 50001e08 (sz=24, trace=300000, class=java.lang.String@50000096)
	value		50001e09
ARR 50001e09 (sz=190, trace=300000, nelems=95, elem type=char[])
ARR 50001e0a (sz=32, trace=300000, nelems=3, elem type=java.lang.String[]@50000097)
	[0]		50001e0b
	[1]		50001e0c
	[2]		50001e0d
OBJ 50001e0b (sz=24, trace=300000, class=java.lang.String@50000096)
	value		50001e10
OBJ 50001e0c (sz=24, trace=300000, class=java.lang.String@50000096)
	value		50001e0f
OBJ 50001e0d (sz=24, trace=300000, class=java.lang.String@50000096)
	value		50001e0e
ARR 50001e0e (sz=40, trace=300000, nelems=20, elem type=char[])
ARR 50001e0f (sz=42, trace=300000, nelems=21, elem type=char[])
ARR 50001e10 (sz=30, trace=300000, nelems=15, elem type=char[])
OBJ 50001e11 (sz=32, trace=300000, class=java.util.HashMap$Entry@5000009e)
	key		50001e1e
	value		50001e1d
OBJ 50001e12 (sz=24, trace=300000, class=sun.misc.MetaIndex@500000ce)
	contents	50001e16
OBJ 50001e13 (sz=24, trace=300000, class=java.io.File@500000ec)
	path		50001e14
OBJ 50001e14 (sz=24, trace=300000, class=java.lang.String@50000096)
	value		50001e15
ARR 50001e15 (sz=170, trace=300000, nelems=85, elem type=char[])
ARR 50001e16 (sz=32, trace=300000, nelems=3, elem type=java.lang.String[]@50000097)
	[0]		50001e17
	[1]		50001e18
	[2]		50001e19
OBJ 50001e17 (sz=24, trace=300000, class=java.lang.String@50000096)
	value		50001e1c
OBJ 50001e18 (sz=24, trace=300000, class=java.lang.String@50000096)
	value		50001e1b
OBJ 50001e19 (sz=24, trace=300000, class=java.lang.String@50000096)
	value		50001e1a
ARR 50001e1a (sz=40, trace=300000, nelems=20, elem type=char[])
ARR 50001e1b (sz=42, trace=300000, nelems=21, elem type=char[])
ARR 50001e1c (sz=24, trace=300000, nelems=12, elem type=char[])
OBJ 50001e1d (sz=24, trace=300000, class=sun.misc.MetaIndex@500000ce)
	contents	50001e21
OBJ 50001e1e (sz=24, trace=300000, class=java.io.File@500000ec)
	path		50001e1f
OBJ 50001e1f (sz=24, trace=300000, class=java.lang.String@50000096)
	value		50001e20
ARR 50001e20 (sz=170, trace=300000, nelems=85, elem type=char[])
ARR 50001e21 (sz=24, trace=300000, nelems=2, elem type=java.lang.String[]@50000097)
	[0]		50001e22
	[1]		50001e23
OBJ 50001e22 (sz=24, trace=300000, class=java.lang.String@50000096)
	value		50001e25
OBJ 50001e23 (sz=24, trace=300000, class=java.lang.String@50000096)
	value		50001e24
ARR 50001e24 (sz=14, trace=300000, nelems=7, elem type=char[])
ARR 50001e25 (sz=126, trace=300000, nelems=63, elem type=char[])
ARR 50001e26 (sz=24, trace=300000, nelems=2, elem type=java.lang.String[]@50000097)
	[0]		500089d5
	[1]		500089d7
ARR 50001e27 (sz=24, trace=300000, nelems=2, elem type=java.lang.String[]@50000097)
	[0]		500089c3
	[1]		500089c5
ARR 50001e28 (sz=200, trace=300000, nelems=45, elem type=java.lang.String[]@50000097)
	[0]		50008a3c
	[1]		50008a3e
	[2]		50008a40
	[3]		50008a42
	[4]		50008a44
	[5]		50008a46
	[6]		50008a48
	[7]		50008a4a
	[8]		50008a4c
	[9]		50008a4e
	[10]		50008a50
	[11]		50008a52
	[12]		50008a54
	[13]		50008a56
	[14]		50008a58
	[15]		50008a5a
	[16]		50008a5c
	[17]		50008a5e
	[18]		50008a60
	[19]		50008a62
	[20]		50008a64
	[21]		50008a66
	[22]		50008a68
	[23]		50008a6a
	[24]		50008a6c
	[25]		50008a6e
	[26]		50008a70
	[27]		50008a72
	[28]		50008a74
	[29]		50008a76
	[30]		50008a78
	[31]		50008a7a
	[32]		50008a7c
	[33]		50008a7e
	[34]		50008a81
	[35]		50008a83
	[36]		50008a85
	[37]		50008a87
	[38]		50008a89
	[39]		50008a8b
	[40]		50008a8d
	[41]		50008a8f
	[42]		50008a91
	[43]		50008a93
	[44]		50008a95
ARR 50001e29 (sz=144, trace=300000, nelems=32, elem type=java.lang.String[]@50000097)
	[0]		500089eb
	[1]		500089ed
	[2]		500089ef
	[3]		500089f1
	[4]		500089f3
	[5]		500089f5
	[6]		500089f7
	[7]		500089f9
	[8]		500089fb
	[9]		500089fd
	[10]		500089ff
	[11]		50008a02
	[12]		50008a04
	[13]		50008a06
	[14]		50008a08
	[15]		50008a0a
	[16]		50008a0d
	[17]		50008a0f
	[18]		50008a11
	[19]		50008a13
	[20]		50008a15
	[21]		50008a17
	[22]		50008a19
	[23]		50008a1c
	[24]		50008a1e
	[25]		50008a20
	[26]		50008a22
	[27]		50008a24
	[28]		50008a26
	[29]		50008a28
	[30]		50008a2a
	[31]		50008a2c
ARR 50001e2a (sz=24, trace=300000, nelems=2, elem type=java.lang.String[]@50000097)
	[0]		50008985
	[1]		50008987
ARR 50001e2b (sz=12, trace=300000, nelems=6, elem type=char[])
ARR 50001e2c (sz=22, trace=300000, nelems=11, elem type=char[])
ARR 50001e2d (sz=20, trace=300000, nelems=10, elem type=char[])
OBJ 50001e2e (sz=24, trace=300000, class=java.lang.String@50000096)
	value		50001e2f
ARR 50001e2f (sz=6, trace=300000, nelems=3, elem type=char[])
OBJ 50001e30 (sz=24, trace=300000, class=java.lang.String@50000096)
	value		50001e39
OBJ 50001e31 (sz=24, trace=300000, class=java.lang.String@50000096)
	value		50001e38
OBJ 50001e32 (sz=24, trace=300000, class=java.lang.String@50000096)
	value		50001e37
OBJ 50001e33 (sz=24, trace=300000, class=java.lang.String@50000096)
	value		50001e35
OBJ 50001e34 (sz=24, trace=300000, class=java.lang.String@50000096)
	value		50001e36
ARR 50001e35 (sz=30, trace=300000, nelems=15, elem type=char[])
ARR 50001e36 (sz=16, trace=300000, nelems=8, elem type=char[])
ARR 50001e37 (sz=80, trace=300000, nelems=40, elem type=char[])
ARR 50001e38 (sz=54, trace=300000, nelems=27, elem type=char[])
ARR 50001e39 (sz=24, trace=300000, nelems=12, elem type=char[])
OBJ 50001e3a (sz=24, trace=300000, class=java.lang.String@50000096)
	value		50001e3b
ARR 50001e3b (sz=4, trace=300000, nelems=2, elem type=char[])
OBJ 50001e3c (sz=32, trace=300000, class=java.lang.ref.ReferenceQueue@50000117)
	lock		50001e3e
ARR 50001e3d (sz=80, trace=300000, nelems=0, elem type=java.util.WeakHashMap$Entry[]@50000039)
OBJ 50001e3e (sz=16, trace=300000, class=java.lang.ref.ReferenceQueue$Lock@50000020)
OBJ 50001e3f (sz=24, trace=300000, class=java.lang.String@50000096)
	value		50001e8c
OBJ 50001e40 (sz=24, trace=300000, class=java.lang.String@50000096)
	value		50001e8b
OBJ 50001e41 (sz=24, trace=300000, class=java.lang.String@50000096)
	value		50001e8a
OBJ 50001e42 (sz=16, trace=300000, class=sun.misc.Launcher@5000005c)
	loader		5000119e
OBJ 50001e43 (sz=16, trace=300000, class=sun.misc.Launcher$Factory@50000028)
OBJ 50001e44 (sz=24, trace=300000, class=java.lang.String@50000096)
	value		50001e89
OBJ 50001e45 (sz=24, trace=300000, class=java.lang.String@50000096)
	value		50001e5b
OBJ 50001e46 (sz=24, trace=300000, class=java.lang.String@50000096)
	value		50001e5c
OBJ 50001e47 (sz=24, trace=300000, class=java.lang.String@50000096)
	value		50001e5d
OBJ 50001e48 (sz=24, trace=300000, class=java.lang.String@50000096)
	value		50001e5e
OBJ 50001e49 (sz=24, trace=300000, class=java.lang.String@50000096)
	value		50001e5f
OBJ 50001e4a (sz=24, trace=300000, class=java.lang.String@50000096)
	value		50001e60
OBJ 50001e4b (sz=24, trace=300000, class=java.lang.String@50000096)
	value		50001e61
OBJ 50001e4c (sz=24, trace=300000, class=java.lang.String@50000096)
	value		50001e62
OBJ 50001e4d (sz=24, trace=300000, class=java.lang.String@50000096)
	value		50001e63
OBJ 50001e4e (sz=24, trace=300000, class=java.lang.String@50000096)
	value		50001e69
OBJ 50001e4f (sz=24, trace=300000, class=java.lang.String@50000096)
	value		50001e6d
OBJ 50001e50 (sz=24, trace=300000, class=java.lang.String@50000096)
	value		50001e71
OBJ 50001e51 (sz=24, trace=300000, class=java.lang.String@50000096)
	value		50001e72
OBJ 50001e52 (sz=24, trace=300000, class=java.lang.String@50000096)
	value		50001e74
OBJ 50001e53 (sz=64, trace=302555, class=SevenZip.Compression.LZMA.Encoder$Optimal@50000da3)
OBJ 50001e54 (sz=64, trace=302555, class=SevenZip.Compression.LZMA.Encoder$Optimal@50000da3)
OBJ 50001e55 (sz=64, trace=302555, class=SevenZip.Compression.LZMA.Encoder$Optimal@50000da3)
OBJ 50001e56 (sz=64, trace=302555, class=SevenZip.Compression.LZMA.Encoder$Optimal@50000da3)
OBJ 50001e57 (sz=64, trace=302555, class=SevenZip.Compression.LZMA.Encoder$Optimal@50000da3)
OBJ 50001e58 (sz=24, trace=300000, class=java.lang.String@50000096)
	value		50001e76
OBJ 50001e59 (sz=24, trace=300000, class=java.lang.String@50000096)
	value		50001e78
OBJ 50001e5a (sz=24, trace=300000, class=java.lang.String@50000096)
	value		50001e7a
ARR 50001e5b (sz=32, trace=300000, nelems=16, elem type=char[])
ARR 50001e5c (sz=34, trace=300000, nelems=17, elem type=char[])
ARR 50001e5d (sz=24, trace=300000, nelems=12, elem type=char[])
ARR 50001e5e (sz=20, trace=300000, nelems=10, elem type=char[])
ARR 50001e5f (sz=20, trace=300000, nelems=10, elem type=char[])
ARR 50001e60 (sz=12, trace=300000, nelems=6, elem type=char[])
ARR 50001e61 (sz=28, trace=300000, nelems=14, elem type=char[])
ARR 50001e62 (sz=28, trace=300000, nelems=14, elem type=char[])
ARR 50001e63 (sz=44, trace=300000, nelems=22, elem type=char[])
OBJ 50001e65 (sz=16, trace=300857, class=org.eclipse.jdt.internal.junit.runner.DefaultClassifier@50001e64)
	fVersion	50001743
OBJ 50001e66 (sz=32, trace=300858, class=org.eclipse.jdt.internal.junit.runner.TestExecution@50001641)
	fExecutionListener	50001d72
	fClassifier	50001e65
	fStopListeners	50001e6f
OBJ 50001e67 (sz=16, trace=300859, class=java.lang.Object@500000a7)
OBJ 50001e68 (sz=32, trace=300024, class=java.util.concurrent.ConcurrentHashMap$HashEntry@50000115)
	key		500014b5
	value		50001e67
ARR 50001e69 (sz=40, trace=300000, nelems=20, elem type=char[])
OBJ 50001e6a (sz=32, trace=300486, class=java.util.concurrent.ConcurrentHashMap$HashEntry@50000115)
	key		500014af
	value		5000114d
OBJ 50001e6b (sz=16, trace=300860, class=java.lang.Object@500000a7)
OBJ 50001e6c (sz=32, trace=300027, class=java.util.concurrent.ConcurrentHashMap$HashEntry@50000115)
	key		500014b5
	value		50001e6b
ARR 50001e6d (sz=44, trace=300000, nelems=22, elem type=char[])
OBJ 50001e6e (sz=32, trace=300486, class=java.util.concurrent.ConcurrentHashMap$HashEntry@50000115)
	key		500014af
	value		50001150
OBJ 50001e6f (sz=24, trace=300861, class=java.util.ArrayList@5000004e)
	elementData	50001e70
ARR 50001e70 (sz=56, trace=300862, nelems=1, elem type=java.lang.Object[]@500000a8)
	[0]		50007a27
ARR 50001e71 (sz=42, trace=300000, nelems=21, elem type=char[])
ARR 50001e72 (sz=48, trace=300000, nelems=24, elem type=char[])
OBJ 50001e73 (sz=16, trace=300865, class=java.lang.Object@500000a7)
ARR 50001e74 (sz=36, trace=300000, nelems=18, elem type=char[])
OBJ 50001e75 (sz=16, trace=300866, class=java.lang.Object@500000a7)
ARR 50001e76 (sz=38, trace=300000, nelems=19, elem type=char[])
OBJ 50001e77 (sz=16, trace=300865, class=java.lang.Object@500000a7)
ARR 50001e78 (sz=42, trace=300000, nelems=21, elem type=char[])
OBJ 50001e79 (sz=16, trace=300866, class=java.lang.Object@500000a7)
ARR 50001e7a (sz=40, trace=300000, nelems=20, elem type=char[])
OBJ 50001e7b (sz=24, trace=300000, class=java.lang.String@50000096)
	value		50001e81
OBJ 50001e7c (sz=24, trace=300000, class=java.lang.String@50000096)
	value		50001e82
OBJ 50001e7d (sz=24, trace=300000, class=java.lang.String@50000096)
	value		50001e83
OBJ 50001e7e (sz=24, trace=300000, class=java.lang.String@50000096)
	value		50001e84
OBJ 50001e7f (sz=24, trace=300000, class=java.lang.String@50000096)
	value		50001e85
OBJ 50001e80 (sz=24, trace=300000, class=java.lang.String@50000096)
	value		50001e86
ARR 50001e81 (sz=72, trace=300000, nelems=36, elem type=char[])
ARR 50001e82 (sz=54, trace=300000, nelems=27, elem type=char[])
ARR 50001e83 (sz=58, trace=300000, nelems=29, elem type=char[])
ARR 50001e84 (sz=74, trace=300000, nelems=37, elem type=char[])
ARR 50001e85 (sz=32, trace=300000, nelems=16, elem type=char[])
ARR 50001e86 (sz=48, trace=300000, nelems=24, elem type=char[])
OBJ 50001e87 (sz=24, trace=300000, class=java.lang.String@50000096)
	value		50001e88
ARR 50001e88 (sz=6, trace=300000, nelems=3, elem type=char[])
ARR 50001e89 (sz=30, trace=300000, nelems=15, elem type=char[])
ARR 50001e8a (sz=38, trace=300000, nelems=19, elem type=char[])
ARR 50001e8b (sz=42, trace=300000, nelems=21, elem type=char[])
ARR 50001e8c (sz=26, trace=300000, nelems=13, elem type=char[])
ARR 50001e8d (sz=80, trace=300000, nelems=16, elem type=java.util.concurrent.ConcurrentHashMap$Segment[]@50000141)
	[0]		50001e8e
	[1]		50000f16
	[2]		50000df9
	[3]		50000f08
	[4]		50001167
	[5]		50001028
	[6]		50000195
	[7]		50001c58
	[8]		50001139
	[9]		50001014
	[10]		50000e05
	[11]		5000115c
	[12]		5000117b
	[13]		50000efe
	[14]		5000103c
	[15]		50001032
OBJ 50001e8e (sz=40, trace=300000, class=java.util.concurrent.ConcurrentHashMap$Segment@50000140)
	sync		50001e8f
	table		500052e5
OBJ 50001e8f (sz=32, trace=300000, class=java.util.concurrent.locks.ReentrantLock$NonfairSync@5000003d)
ARR 50001e90 (sz=80, trace=300000, nelems=16, elem type=java.util.concurrent.ConcurrentHashMap$Segment[]@50000141)
	[0]		50001e91
	[2]		5000389a
	[3]		50003c40
	[4]		50000cfe
	[5]		50003533
	[6]		50002b0a
	[9]		500025fd
	[10]		50003a61
	[11]		50004489
	[12]		50000e92
	[13]		50001991
	[14]		50002cbe
	[15]		50001f3f
OBJ 50001e91 (sz=40, trace=300000, class=java.util.concurrent.ConcurrentHashMap$Segment@50000140)
	sync		50001e92
	table		500026dd
OBJ 50001e92 (sz=32, trace=300000, class=java.util.concurrent.locks.ReentrantLock$NonfairSync@5000003d)
OBJ 50001e93 (sz=64, trace=300000, class=java.net.URL@50000071)
	protocol	500015bb
	host		500011ca
	file		50001e94
	authority	500011ca
	path		50001e94
	handler		500015ba
OBJ 50001e94 (sz=24, trace=300000, class=java.lang.String@50000096)
	value		50001e95
ARR 50001e95 (sz=162, trace=300000, nelems=81, elem type=char[])
OBJ 50001e96 (sz=24, trace=300000, class=java.lang.String@50000096)
	value		50001f5b
OBJ 50001e97 (sz=64, trace=300000, class=java.net.URL@50000071)
	protocol	500015bb
	host		500011ca
	file		50001e98
	authority	500011ca
	path		50001e98
	handler		500015ba
OBJ 50001e98 (sz=24, trace=300000, class=java.lang.String@50000096)
	value		50001e99
ARR 50001e99 (sz=208, trace=300000, nelems=104, elem type=char[])
ARR 50001e9a (sz=32, trace=300000, nelems=1, elem type=java.lang.Thread[]@50000084)
	[0]		50001198
OBJ 50001e9b (sz=24, trace=300000, class=java.lang.String@50000096)
	value		50001f42
ARR 50001e9c (sz=32, trace=300000, nelems=1, elem type=java.lang.ThreadGroup[]@50000002)
	[0]		500011b6
ARR 50001e9d (sz=32, trace=300000, nelems=3, elem type=java.lang.Thread[]@50000084)
	[0]		50001196
	[1]		50001193
	[2]		50001192
OBJ 50001e9e (sz=16, trace=300000, class=java.lang.Object@500000a7)
OBJ 50001e9f (sz=32, trace=300000, class=java.security.AccessControlContext@50000011)
ARR 50001ea0 (sz=34, trace=300000, nelems=17, elem type=char[])
OBJ 50001ea1 (sz=16, trace=300000, class=java.lang.Object@500000a7)
OBJ 50001ea2 (sz=32, trace=300000, class=java.security.AccessControlContext@50000011)
ARR 50001ea3 (sz=18, trace=300000, nelems=9, elem type=char[])
OBJ 50001ea4 (sz=24, trace=300000, class=java.lang.String@50000096)
	value		50001f21
OBJ 50001ea5 (sz=16, trace=300000, class=java.lang.Object@500000a7)
ARR 50001ea6 (sz=56, trace=300000, nelems=28, elem type=char[])
OBJ 50001ea7 (sz=24, trace=300000, class=java.lang.String@50000096)
	value		50001ec2
OBJ 50001ea8 (sz=24, trace=300000, class=java.lang.String@50000096)
	value		50001ec1
OBJ 50001ea9 (sz=24, trace=300000, class=java.lang.String@50000096)
	value		50001ec0
OBJ 50001eaa (sz=24, trace=300000, class=java.lang.String@50000096)
	value		50001eb8
OBJ 50001eab (sz=24, trace=300000, class=java.lang.String@50000096)
	value		50001eb6
OBJ 50001eac (sz=24, trace=300000, class=java.lang.String@50000096)
	value		50001eb5
OBJ 50001ead (sz=24, trace=300000, class=java.lang.String@50000096)
	value		50001ebf
OBJ 50001eae (sz=24, trace=300000, class=java.lang.String@50000096)
	value		50001ebe
OBJ 50001eaf (sz=24, trace=300000, class=java.lang.String@50000096)
	value		50001ebd
OBJ 50001eb0 (sz=24, trace=300000, class=java.lang.String@50000096)
	value		50001ebc
OBJ 50001eb1 (sz=24, trace=300000, class=java.lang.String@50000096)
	value		50001eb2
ARR 50001eb2 (sz=16, trace=300000, nelems=8, elem type=char[])
OBJ 50001eb3 (sz=24, trace=300000, class=java.lang.String@50000096)
	value		50001eb4
ARR 50001eb4 (sz=16, trace=300000, nelems=8, elem type=char[])
ARR 50001eb5 (sz=12, trace=300000, nelems=6, elem type=char[])
ARR 50001eb6 (sz=14, trace=300000, nelems=7, elem type=char[])
OBJ 50001eb7 (sz=24, trace=300000, class=java.lang.String@50000096)
	value		50001eb9
ARR 50001eb8 (sz=16, trace=300000, nelems=8, elem type=char[])
ARR 50001eb9 (sz=36, trace=300000, nelems=18, elem type=char[])
OBJ 50001eba (sz=24, trace=300000, class=java.lang.String@50000096)
	value		50001ebb
ARR 50001ebb (sz=32, trace=300000, nelems=16, elem type=char[])
ARR 50001ebc (sz=12, trace=300000, nelems=6, elem type=char[])
ARR 50001ebd (sz=66, trace=300000, nelems=33, elem type=char[])
ARR 50001ebe (sz=6, trace=300000, nelems=3, elem type=char[])
ARR 50001ebf (sz=56, trace=300000, nelems=28, elem type=char[])
ARR 50001ec0 (sz=18, trace=300000, nelems=9, elem type=char[])
ARR 50001ec1 (sz=22, trace=300000, nelems=11, elem type=char[])
ARR 50001ec2 (sz=14, trace=300000, nelems=7, elem type=char[])
OBJ 50001ec3 (sz=24, trace=300000, class=java.lang.String@50000096)
	value		50001ed3
OBJ 50001ec4 (sz=24, trace=300000, class=java.lang.String@50000096)
	value		50001ec5
ARR 50001ec5 (sz=32, trace=300000, nelems=16, elem type=char[])
OBJ 50001ec6 (sz=16, trace=300000, class=java.lang.ThreadLocal@5000008d)
OBJ 50001ec7 (sz=24, trace=300000, class=java.lang.String@50000096)
	value		50001ecc
OBJ 50001ec8 (sz=24, trace=300000, class=java.lang.String@50000096)
	value		50001ecb
OBJ 50001ec9 (sz=24, trace=300000, class=java.lang.String@50000096)
	value		50001eca
ARR 50001eca (sz=8, trace=300000, nelems=4, elem type=char[])
ARR 50001ecb (sz=8, trace=300000, nelems=4, elem type=char[])
ARR 50001ecc (sz=16, trace=300000, nelems=8, elem type=char[])
OBJ 50001ecd (sz=24, trace=300000, class=java.lang.String@50000096)
	value		50001ece
ARR 50001ece (sz=12, trace=300000, nelems=6, elem type=char[])
OBJ 50001ecf (sz=24, trace=300000, class=java.lang.String@50000096)
	value		50001ed1
OBJ 50001ed0 (sz=24, trace=300000, class=java.lang.String@50000096)
	value		50001ed2
ARR 50001ed1 (sz=8, trace=300000, nelems=4, elem type=char[])
ARR 50001ed2 (sz=10, trace=300000, nelems=5, elem type=char[])
ARR 50001ed3 (sz=18, trace=300000, nelems=9, elem type=char[])
OBJ 50001ed4 (sz=24, trace=300000, class=java.lang.String@50000096)
	value		50001ed9
OBJ 50001ed5 (sz=24, trace=300000, class=java.lang.String@50000096)
	value		50001ed8
OBJ 50001ed6 (sz=24, trace=300000, class=java.lang.String@50000096)
	value		50001ed7
ARR 50001ed7 (sz=18, trace=300000, nelems=9, elem type=char[])
ARR 50001ed8 (sz=6, trace=300000, nelems=3, elem type=char[])
ARR 50001ed9 (sz=2, trace=300000, nelems=1, elem type=char[])
OBJ 50001eda (sz=24, trace=300000, class=java.lang.String@50000096)
	value		50001ee3
OBJ 50001edb (sz=24, trace=300000, class=java.lang.String@50000096)
	value		50001ee2
OBJ 50001edc (sz=24, trace=300000, class=java.lang.String@50000096)
	value		50001ee1
OBJ 50001edd (sz=24, trace=300000, class=java.lang.String@50000096)
	value		50001ee0
OBJ 50001ede (sz=24, trace=300000, class=java.lang.String@50000096)
	value		50001edf
ARR 50001edf (sz=22, trace=300000, nelems=11, elem type=char[])
ARR 50001ee0 (sz=8, trace=300000, nelems=4, elem type=char[])
ARR 50001ee1 (sz=4, trace=300000, nelems=2, elem type=char[])
ARR 50001ee2 (sz=22, trace=300000, nelems=11, elem type=char[])
ARR 50001ee3 (sz=6, trace=300000, nelems=3, elem type=char[])
OBJ 50001ee4 (sz=24, trace=300000, class=java.lang.String@50000096)
	value		50001f12
OBJ 50001ee5 (sz=24, trace=300000, class=java.lang.String@50000096)
	value		50001f04
OBJ 50001ee6 (sz=24, trace=300000, class=java.lang.String@50000096)
	value		50001f02
OBJ 50001ee7 (sz=24, trace=300000, class=java.lang.String@50000096)
	value		50001f00
OBJ 50001ee8 (sz=24, trace=300000, class=java.lang.String@50000096)
	value		50001ef4
OBJ 50001ee9 (sz=24, trace=300000, class=java.lang.String@50000096)
	value		50001f03
OBJ 50001eea (sz=24, trace=300000, class=java.lang.String@50000096)
	value		50001ef6
OBJ 50001eeb (sz=24, trace=300000, class=java.lang.String@50000096)
	value		50001ef3
OBJ 50001eec (sz=24, trace=300000, class=java.lang.String@50000096)
	value		50001f01
OBJ 50001eed (sz=24, trace=300000, class=java.lang.String@50000096)
	value		50001ef8
OBJ 50001eee (sz=24, trace=300000, class=java.lang.String@50000096)
	value		50001ef7
OBJ 50001eef (sz=24, trace=300318, class=java.lang.String@50000096)
	value		50001ef0
ARR 50001ef0 (sz=68, trace=300319, nelems=34, elem type=char[])
OBJ 50001ef1 (sz=24, trace=300000, class=java.lang.String@50000096)
	value		50001ef5
OBJ 50001ef2 (sz=24, trace=300000, class=java.lang.String@50000096)
	value		50001f05
ARR 50001ef3 (sz=20, trace=300000, nelems=10, elem type=char[])
ARR 50001ef4 (sz=12, trace=300000, nelems=6, elem type=char[])
ARR 50001ef5 (sz=22, trace=300000, nelems=11, elem type=char[])
ARR 50001ef6 (sz=10, trace=300000, nelems=5, elem type=char[])
ARR 50001ef7 (sz=16, trace=300000, nelems=8, elem type=char[])
ARR 50001ef8 (sz=18, trace=300000, nelems=9, elem type=char[])
OBJ 50001ef9 (sz=56, trace=300335, class=java.lang.Package@50000c4c)
	pkgName		50001eef
	loader		5000119e
OBJ 50001efa (sz=32, trace=300336, class=java.util.HashMap$Entry@5000009e)
	key		50001eef
	value		50001ef9
OBJ 50001efb (sz=64, trace=302555, class=SevenZip.Compression.LZMA.Encoder$Optimal@50000da3)
OBJ 50001efc (sz=64, trace=302555, class=SevenZip.Compression.LZMA.Encoder$Optimal@50000da3)
OBJ 50001efd (sz=64, trace=302555, class=SevenZip.Compression.LZMA.Encoder$Optimal@50000da3)
OBJ 50001efe (sz=64, trace=302555, class=SevenZip.Compression.LZMA.Encoder$Optimal@50000da3)
OBJ 50001eff (sz=64, trace=302555, class=SevenZip.Compression.LZMA.Encoder$Optimal@50000da3)
ARR 50001f00 (sz=6, trace=300000, nelems=3, elem type=char[])
ARR 50001f01 (sz=22, trace=300000, nelems=11, elem type=char[])
ARR 50001f02 (sz=10, trace=300000, nelems=5, elem type=char[])
ARR 50001f03 (sz=20, trace=300000, nelems=10, elem type=char[])
ARR 50001f04 (sz=8, trace=300000, nelems=4, elem type=char[])
ARR 50001f05 (sz=34, trace=300000, nelems=17, elem type=char[])
OBJ 50001f06 (sz=32, trace=300346, class=java.security.CodeSource@500000c0)
	location	50001f83
OBJ 50001f07 (sz=32, trace=300372, class=java.security.Permissions@50000c6d)
	permsMap	50001f08
OBJ 50001f08 (sz=56, trace=300373, class=java.util.HashMap@5000010b)
	table		50001f09
ARR 50001f09 (sz=80, trace=300374, nelems=13, elem type=java.util.HashMap$Entry[]@5000009f)
	[7]		50001f31
	[12]		50001f36
OBJ 50001f0a (sz=24, trace=300000, class=java.lang.String@50000096)
	value		50001f0f
OBJ 50001f0b (sz=24, trace=300000, class=java.lang.String@50000096)
	value		50001f0e
OBJ 50001f0c (sz=24, trace=300000, class=java.lang.String@50000096)
	value		50001f0d
ARR 50001f0d (sz=28, trace=300000, nelems=14, elem type=char[])
ARR 50001f0e (sz=6, trace=300000, nelems=3, elem type=char[])
ARR 50001f0f (sz=50, trace=300000, nelems=25, elem type=char[])
OBJ 50001f10 (sz=24, trace=300000, class=java.lang.String@50000096)
	value		50001f11
ARR 50001f11 (sz=8, trace=300000, nelems=4, elem type=char[])
ARR 50001f12 (sz=64, trace=300000, nelems=32, elem type=char[])
OBJ 50001f13 (sz=64, trace=302555, class=SevenZip.Compression.LZMA.Encoder$Optimal@50000da3)
OBJ 50001f14 (sz=24, trace=300000, class=java.lang.String@50000096)
	value		50001f15
ARR 50001f15 (sz=182, trace=300000, nelems=91, elem type=char[])
OBJ 50001f16 (sz=24, trace=300000, class=java.lang.String@50000096)
	value		50001f17
ARR 50001f17 (sz=160, trace=300000, nelems=80, elem type=char[])
OBJ 50001f18 (sz=40, trace=300000, class=java.lang.ref.Finalizer@50000107)
	referent	50001f1a
	queue		50001194
	next		50001f19
	prev		500002aa
OBJ 50001f19 (sz=40, trace=300000, class=java.lang.ref.Finalizer@50000107)
	referent	50001f1c
	queue		50001194
	next		50001f1b
	prev		50001f18
OBJ 50001f1a (sz=32, trace=300000, class=java.lang.ClassLoader$NativeLibrary@5000007b)
	fromClass	5000003a
	name		50001665
OBJ 50001f1b (sz=40, trace=300000, class=java.lang.ref.Finalizer@50000107)
	referent	50001f1f
	queue		50001194
	next		50001f1e
	prev		50001f19
OBJ 50001f1c (sz=32, trace=300000, class=java.io.FileOutputStream@5000010c)
	fd		50001273
	closeLock	50001f1d
OBJ 50001f1d (sz=16, trace=300000, class=java.lang.Object@500000a7)
OBJ 50001f1e (sz=40, trace=300000, class=java.lang.ref.Finalizer@50000107)
	referent	5000126d
	queue		50001194
	prev		50001f1b
OBJ 50001f1f (sz=32, trace=300000, class=java.io.FileOutputStream@5000010c)
	fd		50001274
	closeLock	50001f20
OBJ 50001f20 (sz=16, trace=300000, class=java.lang.Object@500000a7)
ARR 50001f21 (sz=18, trace=300000, nelems=9, elem type=char[])
OBJ 50001f22 (sz=24, trace=300403, class=java.lang.String@50000096)
	value		50001f23
ARR 50001f23 (sz=220, trace=300404, nelems=110, elem type=char[])
OBJ 50001f24 (sz=32, trace=300405, class=java.io.FilePermission@50000ca0)
	name		50001f22
	cpath		50001f2c
OBJ 50001f25 (sz=16, trace=300000, class=java.lang.Object@500000a7)
OBJ 50001f26 (sz=32, trace=300000, class=java.security.AccessControlContext@50000011)
ARR 50001f27 (sz=34, trace=300000, nelems=17, elem type=char[])
OBJ 50001f28 (sz=24, trace=300408, class=java.lang.String@50000096)
	value		50001f29
ARR 50001f29 (sz=220, trace=300409, nelems=110, elem type=char[])
OBJ 50001f2a (sz=24, trace=300410, class=java.io.ExpiringCache$Entry@5000008b)
	val		50001f28
OBJ 50001f2b (sz=40, trace=300411, class=java.util.LinkedHashMap$Entry@5000010e)
	key		50001f22
	value		50001f2a
	next		50001656
	before		50001bc2
	after		5000865d
OBJ 50001f2c (sz=24, trace=300412, class=java.lang.String@50000096)
	value		50001f2d
ARR 50001f2d (sz=218, trace=300413, nelems=109, elem type=char[])
OBJ 50001f2e (sz=24, trace=300425, class=java.io.FilePermissionCollection@50000cbb)
	perms		50001f2f
OBJ 50001f2f (sz=24, trace=300426, class=java.util.ArrayList@5000004e)
	elementData	50001f30
ARR 50001f30 (sz=56, trace=300427, nelems=1, elem type=java.lang.Object[]@500000a8)
	[0]		50001f24
OBJ 50001f31 (sz=32, trace=300428, class=java.util.HashMap$Entry@5000009e)
	key		50000ca0
	value		50001f2e
OBJ 50001f32 (sz=24, trace=300431, class=java.lang.RuntimePermission@50000111)
	name		50001232
	path		50001233
OBJ 50001f33 (sz=32, trace=300456, class=java.security.BasicPermissionCollection@50000cd1)
	perms		50001f34
	permClass	50000111
OBJ 50001f34 (sz=56, trace=300457, class=java.util.HashMap@5000010b)
	table		50001f35
ARR 50001f35 (sz=80, trace=300458, nelems=14, elem type=java.util.HashMap$Entry[]@5000009f)
	[13]		50001f37
OBJ 50001f36 (sz=32, trace=300428, class=java.util.HashMap$Entry@5000009e)
	key		50000111
	value		50001f33
OBJ 50001f37 (sz=32, trace=300459, class=java.util.HashMap$Entry@5000009e)
	key		50001234
	value		50001f32
OBJ 50001f38 (sz=40, trace=300460, class=java.security.ProtectionDomain@5000011f)
	codesource	50001f06
	classloader	5000119e
	principals	50001f3a
	permissions	50001f07
	key		50001f39
OBJ 50001f39 (sz=16, trace=300461, class=java.security.ProtectionDomain$Key@500000f2)
	this$0		50001f38
ARR 50001f3a (sz=16, trace=300462, nelems=0, elem type=java.security.Principal[]@50000106)
OBJ 50001f3b (sz=32, trace=300463, class=java.util.HashMap$Entry@5000009e)
	key		50001f06
	value		50001f38
OBJ 50001f3c (sz=24, trace=300464, class=java.lang.String@50000096)
	value		50001f3d
ARR 50001f3d (sz=68, trace=300465, nelems=34, elem type=char[])
ARR 50001f3e (sz=24, trace=300466, nelems=1, elem type=java.util.concurrent.ConcurrentHashMap$HashEntry[]@50000116)
	[0]		50001f41
OBJ 50001f3f (sz=40, trace=300467, class=java.util.concurrent.ConcurrentHashMap$Segment@50000140)
	sync		50001f40
	table		50001f3e
OBJ 50001f40 (sz=32, trace=300023, class=java.util.concurrent.locks.ReentrantLock$NonfairSync@5000003d)
OBJ 50001f41 (sz=32, trace=300468, class=java.util.concurrent.ConcurrentHashMap$HashEntry@50000115)
	key		50001f3c
	value		500013cb
ARR 50001f42 (sz=8, trace=300000, nelems=4, elem type=char[])
OBJ 50001f43 (sz=16, trace=300000, class=java.lang.Object@500000a7)
OBJ 50001f44 (sz=24, trace=300000, class=java.lang.ThreadLocal$ThreadLocalMap@50000166)
	table		50001f4d
OBJ 50001f45 (sz=32, trace=300000, class=java.security.AccessControlContext@50000011)
OBJ 50001f46 (sz=32, trace=300477, class=java.util.HashMap$Entry@5000009e)
	key		50001f38
	value		50001808
ARR 50001f48 (sz=8, trace=300000, nelems=4, elem type=char[])
ARR 50001f4a (sz=24, trace=300869, nelems=0, elem type=org.eclipse.jdt.internal.junit.runner.ITestReference[]@50001f49)
OBJ 50001f4b (sz=16, trace=300870, class=java.lang.Object@500000a7)
OBJ 50001f4c (sz=32, trace=300024, class=java.util.concurrent.ConcurrentHashMap$HashEntry@50000115)
	key		50001471
	value		50001f4b
ARR 50001f4d (sz=80, trace=300000, nelems=15, elem type=java.lang.ThreadLocal$ThreadLocalMap$Entry[]@50000068)
	[7]		50001f51
	[14]		50001f53
OBJ 50001f4e (sz=32, trace=300486, class=java.util.concurrent.ConcurrentHashMap$HashEntry@50000115)
	key		50001467
	value		5000199f
OBJ 50001f4f (sz=16, trace=300871, class=java.lang.Object@500000a7)
OBJ 50001f50 (sz=32, trace=300027, class=java.util.concurrent.ConcurrentHashMap$HashEntry@50000115)
	key		50001471
	value		50001f4f
OBJ 50001f51 (sz=32, trace=300000, class=java.lang.ThreadLocal$ThreadLocalMap$Entry@50000067)
	referent	50001f5a
	queue		50001716
	value		50000a89
OBJ 50001f52 (sz=32, trace=300486, class=java.util.concurrent.ConcurrentHashMap$HashEntry@50000115)
	key		50001467
	value		500019a1
OBJ 50001f53 (sz=32, trace=300000, class=java.lang.ThreadLocal$ThreadLocalMap$Entry@50000067)
	referent	50001f55
	queue		50001716
	value		50001f54
OBJ 50001f54 (sz=40, trace=300000, class=java.lang.ref.SoftReference@50000118)
	referent	50001f56
	queue		50001716
OBJ 50001f55 (sz=16, trace=300000, class=java.lang.ThreadLocal@5000008d)
OBJ 50001f56 (sz=32, trace=300000, class=java.lang.StringCoding$StringEncoder@500000e2)
	cs		50001d9b
	ce		50001f57
	requestedCharsetName	5000119b
OBJ 50001f57 (sz=56, trace=300000, class=sun.nio.cs.US_ASCII$Encoder@50000156)
	charset		50001d9b
	replacement	50001f59
	malformedInputAction	50001dcd
	unmappableCharacterAction	50001dcd
	sgp		50001f58
OBJ 50001f58 (sz=24, trace=300000, class=sun.nio.cs.Surrogate$Parser@50000030)
	error		50001dc3
ARR 50001f59 (sz=1, trace=300000, nelems=1, elem type=byte[])
OBJ 50001f5a (sz=16, trace=300000, class=java.lang.ThreadLocal@5000008d)
ARR 50001f5b (sz=24, trace=300000, nelems=12, elem type=char[])
OBJ 50001f5c (sz=24, trace=300000, class=java.lang.String@50000096)
	value		50001f60
OBJ 50001f5d (sz=24, trace=300000, class=java.lang.String@50000096)
	value		50001f61
OBJ 50001f5e (sz=24, trace=300000, class=java.lang.String@50000096)
	value		50001f62
OBJ 50001f5f (sz=24, trace=300000, class=java.lang.String@50000096)
	value		50001f63
ARR 50001f60 (sz=40, trace=300000, nelems=20, elem type=char[])
ARR 50001f61 (sz=28, trace=300000, nelems=14, elem type=char[])
ARR 50001f62 (sz=54, trace=300000, nelems=27, elem type=char[])
ARR 50001f63 (sz=42, trace=300000, nelems=21, elem type=char[])
OBJ 50001f64 (sz=24, trace=300000, class=java.lang.String@50000096)
	value		50001f6d
OBJ 50001f65 (sz=24, trace=300000, class=java.lang.String@50000096)
	value		50001f68
OBJ 50001f66 (sz=24, trace=300000, class=java.lang.String@50000096)
	value		50001f6b
OBJ 50001f67 (sz=24, trace=300000, class=java.lang.String@50000096)
	value		50001f6c
ARR 50001f68 (sz=24, trace=300000, nelems=12, elem type=char[])
OBJ 50001f69 (sz=24, trace=300000, class=java.lang.String@50000096)
	value		50001f6a
ARR 50001f6a (sz=28, trace=300000, nelems=14, elem type=char[])
ARR 50001f6b (sz=16, trace=300000, nelems=8, elem type=char[])
ARR 50001f6c (sz=28, trace=300000, nelems=14, elem type=char[])
ARR 50001f6d (sz=12, trace=300000, nelems=6, elem type=char[])
OBJ 50001f6e (sz=64, trace=300000, class=java.net.URL@50000071)
	protocol	500015bb
	host		500011ca
	file		50001f6f
	authority	500011ca
	path		50001f6f
	handler		500015ba
OBJ 50001f6f (sz=24, trace=300000, class=java.lang.String@50000096)
	value		50001f70
ARR 50001f70 (sz=140, trace=300000, nelems=70, elem type=char[])
OBJ 50001f71 (sz=64, trace=300000, class=java.net.URL@50000071)
	protocol	500015bb
	host		500011ca
	file		50001f72
	authority	500011ca
	path		50001f72
	handler		500015ba
OBJ 50001f72 (sz=24, trace=300000, class=java.lang.String@50000096)
	value		50001f73
ARR 50001f73 (sz=140, trace=300000, nelems=70, elem type=char[])
OBJ 50001f74 (sz=24, trace=300000, class=java.lang.String@50000096)
	value		50001f75
ARR 50001f75 (sz=180, trace=300000, nelems=90, elem type=char[])
OBJ 50001f76 (sz=24, trace=300000, class=java.lang.String@50000096)
	value		50001f77
ARR 50001f77 (sz=10, trace=300000, nelems=5, elem type=char[])
OBJ 50001f78 (sz=24, trace=300000, class=java.lang.String@50000096)
	value		50001f82
OBJ 50001f79 (sz=24, trace=300000, class=java.lang.String@50000096)
	value		50001f7e
OBJ 50001f7a (sz=24, trace=300000, class=java.lang.String@50000096)
	value		50001f7d
OBJ 50001f7b (sz=24, trace=300000, class=java.lang.String@50000096)
	value		50001f7c
ARR 50001f7c (sz=104, trace=300000, nelems=52, elem type=char[])
ARR 50001f7d (sz=4, trace=300000, nelems=2, elem type=char[])
ARR 50001f7e (sz=26, trace=300000, nelems=13, elem type=char[])
OBJ 50001f7f (sz=24, trace=300000, class=java.lang.String@50000096)
	value		50001f80
ARR 50001f80 (sz=36, trace=300000, nelems=18, elem type=char[])
ARR 50001f81 (sz=28, trace=300000, nelems=14, elem type=char[])
ARR 50001f82 (sz=52, trace=300000, nelems=26, elem type=char[])
OBJ 50001f83 (sz=64, trace=300000, class=java.net.URL@50000071)
	protocol	500015bb
	host		500011ca
	file		50001f84
	authority	500011ca
	path		50001f84
	handler		500015ba
OBJ 50001f84 (sz=24, trace=300000, class=java.lang.String@50000096)
	value		50001f85
ARR 50001f85 (sz=218, trace=300000, nelems=109, elem type=char[])
OBJ 50001f86 (sz=24, trace=300000, class=java.lang.String@50000096)
	value		50001fb7
OBJ 50001f87 (sz=24, trace=300000, class=java.lang.String@50000096)
	value		50001fb6
OBJ 50001f88 (sz=24, trace=300000, class=java.lang.String@50000096)
	value		50001fb5
OBJ 50001f89 (sz=24, trace=300000, class=java.lang.String@50000096)
	value		50001fb4
OBJ 50001f8a (sz=24, trace=300000, class=java.lang.String@50000096)
	value		50001fb3
OBJ 50001f8b (sz=24, trace=300000, class=java.lang.String@50000096)
	value		50001fb2
OBJ 50001f8c (sz=24, trace=300000, class=java.lang.String@50000096)
	value		50001fb1
OBJ 50001f8d (sz=24, trace=300000, class=java.lang.String@50000096)
	value		50001fb0
OBJ 50001f8e (sz=24, trace=300000, class=java.lang.String@50000096)
	value		50001faf
OBJ 50001f8f (sz=24, trace=300000, class=java.lang.String@50000096)
	value		50001fae
OBJ 50001f90 (sz=24, trace=300000, class=java.lang.String@50000096)
	value		50001fad
OBJ 50001f91 (sz=24, trace=300000, class=java.lang.String@50000096)
	value		50001fac
OBJ 50001f92 (sz=24, trace=300000, class=java.lang.String@50000096)
	value		50001fab
OBJ 50001f93 (sz=24, trace=300000, class=java.lang.String@50000096)
	value		50001faa
OBJ 50001f94 (sz=24, trace=300000, class=java.lang.String@50000096)
	value		50001fa9
OBJ 50001f95 (sz=24, trace=300000, class=java.lang.String@50000096)
	value		50001fa8
OBJ 50001f96 (sz=24, trace=300000, class=java.lang.String@50000096)
	value		50001fa7
OBJ 50001f97 (sz=24, trace=300000, class=java.lang.String@50000096)
	value		50001fa6
OBJ 50001f98 (sz=24, trace=300000, class=java.lang.String@50000096)
	value		50001fa5
OBJ 50001f99 (sz=24, trace=300000, class=java.lang.String@50000096)
	value		50001f9e
OBJ 50001f9a (sz=24, trace=300000, class=java.lang.String@50000096)
	value		50001f9d
OBJ 50001f9b (sz=24, trace=300000, class=java.lang.String@50000096)
	value		50001f9f
OBJ 50001f9c (sz=24, trace=300000, class=java.lang.String@50000096)
	value		50001fa4
ARR 50001f9d (sz=14, trace=300000, nelems=7, elem type=char[])
ARR 50001f9e (sz=10, trace=300000, nelems=5, elem type=char[])
ARR 50001f9f (sz=4, trace=300000, nelems=2, elem type=char[])
OBJ 50001fa0 (sz=24, trace=300000, class=java.lang.String@50000096)
	value		50001fa3
OBJ 50001fa1 (sz=24, trace=300000, class=java.lang.String@50000096)
	value		50001fa2
ARR 50001fa2 (sz=16, trace=300000, nelems=8, elem type=char[])
ARR 50001fa3 (sz=16, trace=300000, nelems=8, elem type=char[])
ARR 50001fa4 (sz=4, trace=300000, nelems=2, elem type=char[])
ARR 50001fa5 (sz=16, trace=300000, nelems=8, elem type=char[])
ARR 50001fa6 (sz=16, trace=300000, nelems=8, elem type=char[])
ARR 50001fa7 (sz=16, trace=300000, nelems=8, elem type=char[])
ARR 50001fa8 (sz=2, trace=300000, nelems=1, elem type=char[])
ARR 50001fa9 (sz=16, trace=300000, nelems=8, elem type=char[])
ARR 50001faa (sz=26, trace=300000, nelems=13, elem type=char[])
ARR 50001fab (sz=32, trace=300000, nelems=16, elem type=char[])
ARR 50001fac (sz=26, trace=300000, nelems=13, elem type=char[])
ARR 50001fad (sz=10, trace=300000, nelems=5, elem type=char[])
ARR 50001fae (sz=12, trace=300000, nelems=6, elem type=char[])
ARR 50001faf (sz=10, trace=300000, nelems=5, elem type=char[])
ARR 50001fb0 (sz=20, trace=300000, nelems=10, elem type=char[])
ARR 50001fb1 (sz=26, trace=300000, nelems=13, elem type=char[])
ARR 50001fb2 (sz=10, trace=300000, nelems=5, elem type=char[])
ARR 50001fb3 (sz=20, trace=300000, nelems=10, elem type=char[])
ARR 50001fb4 (sz=12, trace=300000, nelems=6, elem type=char[])
ARR 50001fb5 (sz=22, trace=300000, nelems=11, elem type=char[])
ARR 50001fb6 (sz=20, trace=300000, nelems=10, elem type=char[])
ARR 50001fb7 (sz=24, trace=300000, nelems=12, elem type=char[])
OBJ 50001fb8 (sz=16, trace=300000, class=java.security.ProtectionDomain$Key@500000f2)
	this$0		500013d4
ARR 50001fb9 (sz=16, trace=300000, nelems=0, elem type=java.security.Principal[]@50000106)
OBJ 50001fba (sz=32, trace=300000, class=java.security.CodeSource@500000c0)
OBJ 50001fbb (sz=16, trace=300000, class=java.util.HashSet@50000042)
	map		50001fbc
OBJ 50001fbc (sz=56, trace=300000, class=java.util.HashMap@5000010b)
	table		50001fbd
ARR 50001fbd (sz=80, trace=300000, nelems=15, elem type=java.util.HashMap$Entry[]@5000009f)
	[0]		50004043
	[1]		50008674
	[3]		50000bb8
	[4]		50000e01
	[9]		50001f46
	[14]		50001998
OBJ 50001fbe (sz=64, trace=300000, class=java.net.URL@50000071)
	protocol	500015bb
	host		500011ca
	file		50001f16
	authority	500011ca
	path		50001f16
	handler		500015ba
ARR 50001fbf (sz=56, trace=300000, nelems=0, elem type=java.lang.Object[]@500000a8)
ARR 50001fc0 (sz=80, trace=300000, nelems=15, elem type=java.util.HashMap$Entry[]@5000009f)
	[0]		50000cfa
	[2]		50000bad
	[6]		5000226f
	[7]		50001f3b
	[9]		5000866d
	[11]		5000198d
	[14]		5000403b
OBJ 50001fc1 (sz=16, trace=300000, class=sun.net.www.protocol.jar.Handler@50000079)
OBJ 50001fc2 (sz=56, trace=300000, class=java.util.HashMap@5000010b)
	table		50001fca
OBJ 50001fc3 (sz=24, trace=300000, class=java.util.ArrayList@5000004e)
	elementData	50001fc9
OBJ 50001fc4 (sz=32, trace=300000, class=java.util.Stack@50000026)
	elementData	50001fc8
OBJ 50001fc5 (sz=24, trace=300000, class=java.util.ArrayList@5000004e)
	elementData	50001fc6
ARR 50001fc6 (sz=56, trace=300000, nelems=8, elem type=java.lang.Object[]@500000a8)
	[0]		50001f83
	[1]		50001e97
	[2]		50001e93
	[3]		500017a0
	[4]		50001fbe
	[5]		50001fc7
	[6]		50001f71
	[7]		50001f6e
OBJ 50001fc7 (sz=64, trace=300000, class=java.net.URL@50000071)
	protocol	500015bb
	host		500011ca
	file		50001f14
	authority	500011ca
	path		50001f14
	handler		500015ba
ARR 50001fc8 (sz=56, trace=300000, nelems=0, elem type=java.lang.Object[]@500000a8)
ARR 50001fc9 (sz=56, trace=300000, nelems=8, elem type=java.lang.Object[]@500000a8)
	[0]		50000a85
	[1]		50000ab3
	[2]		50000aed
	[3]		50000b31
	[4]		50000b75
	[5]		50000bb9
	[6]		50000bf1
	[7]		50000c1f
ARR 50001fca (sz=80, trace=300000, nelems=16, elem type=java.util.HashMap$Entry[]@5000009f)
	[0]		50000c28
	[7]		50000a8e
	[9]		50000bfa
	[11]		50000be7
	[12]		50000b5f
	[14]		50000b1b
	[15]		50000ba3
OBJ 50001fcb (sz=32, trace=300000, class=java.lang.ref.ReferenceQueue@50000117)
	lock		50001fcd
ARR 50001fcc (sz=80, trace=300000, nelems=10, elem type=java.util.WeakHashMap$Entry[]@50000039)
	[9]		50008dca
OBJ 50001fcd (sz=16, trace=300000, class=java.lang.ref.ReferenceQueue$Lock@50000020)
ARR 50001fce (sz=56, trace=300000, nelems=2, elem type=java.lang.Object[]@500000a8)
	[0]		50001665
	[1]		50001b19
ARR 50001fcf (sz=56, trace=300000, nelems=2, elem type=java.lang.Object[]@500000a8)
	[0]		50001f1a
	[1]		50001b23
ARR 50001fd0 (sz=56, trace=300000, nelems=0, elem type=java.lang.Object[]@500000a8)
OBJ 50001fd1 (sz=24, trace=300000, class=java.lang.String@50000096)
	value		50001fdc
OBJ 50001fd2 (sz=24, trace=300000, class=java.lang.String@50000096)
	value		50001fdb
OBJ 50001fd3 (sz=24, trace=300000, class=java.lang.String@50000096)
	value		50001fda
OBJ 50001fd4 (sz=24, trace=300000, class=java.lang.String@50000096)
	value		50001fd9
OBJ 50001fd5 (sz=24, trace=300000, class=java.lang.String@50000096)
	value		50001fd8
OBJ 50001fd6 (sz=24, trace=300000, class=java.lang.String@50000096)
	value		50001fd7
ARR 50001fd7 (sz=2, trace=300000, nelems=1, elem type=char[])
ARR 50001fd8 (sz=26, trace=300000, nelems=13, elem type=char[])
ARR 50001fd9 (sz=62, trace=300000, nelems=31, elem type=char[])
ARR 50001fda (sz=64, trace=300000, nelems=32, elem type=char[])
ARR 50001fdb (sz=48, trace=300000, nelems=24, elem type=char[])
ARR 50001fdc (sz=72, trace=300000, nelems=36, elem type=char[])
OBJ 50001fdd (sz=24, trace=300000, class=java.util.Collections$SetFromMap@50000128)
	m		50001fdf
	s		50001fde
OBJ 50001fde (sz=16, trace=300000, class=java.util.WeakHashMap$KeySet@50000134)
	this$0		50001fdf
OBJ 50001fdf (sz=56, trace=300000, class=java.util.WeakHashMap@50000074)
	keySet		50001fde
	table		50001fe1
	queue		50001fe0
OBJ 50001fe0 (sz=32, trace=300000, class=java.lang.ref.ReferenceQueue@50000117)
	lock		50001fe7
ARR 50001fe1 (sz=80, trace=300000, nelems=16, elem type=java.util.WeakHashMap$Entry[]@50000039)
	[0]		50001fe2
	[1]		50001fe3
	[7]		50001fe4
	[8]		50001fe5
	[15]		50001fe6
OBJ 50001fe2 (sz=40, trace=300000, class=java.util.WeakHashMap$Entry@50000038)
	referent	500000d2
	queue		50001fe0
	value		50001257
OBJ 50001fe3 (sz=40, trace=300000, class=java.util.WeakHashMap$Entry@50000038)
	referent	5000002d
	queue		50001fe0
	value		50001257
OBJ 50001fe4 (sz=40, trace=300000, class=java.util.WeakHashMap$Entry@50000038)
	referent	50000098
	queue		50001fe0
	value		50001257
OBJ 50001fe5 (sz=40, trace=300000, class=java.util.WeakHashMap$Entry@50000038)
	referent	5000004a
	queue		50001fe0
	value		50001257
OBJ 50001fe6 (sz=40, trace=300000, class=java.util.WeakHashMap$Entry@50000038)
	referent	500000e8
	queue		50001fe0
	value		50001257
OBJ 50001fe7 (sz=16, trace=300000, class=java.lang.ref.ReferenceQueue$Lock@50000020)
ARR 50001fe8 (sz=42, trace=300000, nelems=21, elem type=char[])
ARR 50001fe9 (sz=34, trace=300000, nelems=17, elem type=char[])
OBJ 50001fea (sz=24, trace=300000, class=java.lang.String@50000096)
	value		50001feb
ARR 50001feb (sz=48, trace=300000, nelems=24, elem type=char[])
ARR 50001fec (sz=10, trace=300000, nelems=5, elem type=char[])
ARR 50001fed (sz=44, trace=300000, nelems=22, elem type=char[])
ARR 50001fee (sz=70, trace=300000, nelems=35, elem type=char[])
ARR 50001fef (sz=74, trace=300000, nelems=37, elem type=char[])
ARR 50001ff0 (sz=58, trace=300000, nelems=29, elem type=char[])
ARR 50001ff1 (sz=4, trace=300000, nelems=2, elem type=char[])
ARR 50001ff2 (sz=54, trace=300000, nelems=27, elem type=char[])
ARR 50001ff3 (sz=26, trace=300000, nelems=13, elem type=char[])
ARR 50001ff4 (sz=38, trace=300000, nelems=19, elem type=char[])
ARR 50001ff5 (sz=28, trace=300000, nelems=14, elem type=char[])
ARR 50001ff6 (sz=22, trace=300000, nelems=11, elem type=char[])
ARR 50001ff7 (sz=18, trace=300000, nelems=9, elem type=char[])
ARR 50001ff8 (sz=24, trace=300000, nelems=12, elem type=char[])
ARR 50001ff9 (sz=14, trace=300000, nelems=7, elem type=char[])
ARR 50001ffa (sz=16, trace=300000, nelems=8, elem type=char[])
ARR 50001ffb (sz=28, trace=300000, nelems=14, elem type=char[])
ARR 50001ffc (sz=12, trace=300000, nelems=6, elem type=char[])
ARR 50001ffd (sz=6, trace=300000, nelems=3, elem type=char[])
ARR 50001ffe (sz=6, trace=300000, nelems=3, elem type=char[])
ARR 50001fff (sz=8, trace=300000, nelems=4, elem type=char[])
ARR 50002000 (sz=8, trace=300000, nelems=4, elem type=char[])
OBJ 50002001 (sz=24, trace=300000, class=java.lang.String@50000096)
	value		50002004
OBJ 50002002 (sz=24, trace=300000, class=java.lang.String@50000096)
	value		50002003
ARR 50002003 (sz=64, trace=300000, nelems=32, elem type=char[])
ARR 50002004 (sz=18, trace=300000, nelems=9, elem type=char[])
OBJ 50002005 (sz=32, trace=300000, class=java.io.OutputStreamWriter@500000cd)
	lock		5000126a
	se		5000200a
OBJ 50002006 (sz=48, trace=300000, class=java.io.BufferedWriter@500000c1)
	lock		50002005
	out		50002005
	cb		50002009
	lineSeparator	50001262
OBJ 50002007 (sz=24, trace=300000, class=java.io.BufferedOutputStream@500000db)
	out		50001f1f
	buf		50002008
ARR 50002008 (sz=128, trace=300000, nelems=128, elem type=byte[])
ARR 50002009 (sz=16384, trace=300000, nelems=8192, elem type=char[])
OBJ 5000200a (sz=56, trace=300000, class=sun.nio.cs.StreamEncoder@50000058)
	lock		50002005
	cs		50001886
	encoder		5000200c
	bb		5000200b
	out		5000126a
OBJ 5000200b (sz=48, trace=300000, class=java.nio.HeapByteBuffer@50000046)
	hb		5000200e
OBJ 5000200c (sz=48, trace=300000, class=sun.nio.cs.UTF_8$Encoder@50000016)
	charset		50001886
	replacement	5000200d
	malformedInputAction	50001dcd
	unmappableCharacterAction	50001dcd
ARR 5000200d (sz=1, trace=300000, nelems=1, elem type=byte[])
ARR 5000200e (sz=8192, trace=300000, nelems=8192, elem type=byte[])
OBJ 5000200f (sz=32, trace=300000, class=java.io.OutputStreamWriter@500000cd)
	lock		50001264
	se		50002019
OBJ 50002010 (sz=48, trace=300000, class=java.io.BufferedWriter@500000c1)
	lock		5000200f
	out		5000200f
	cb		50002018
	lineSeparator	50001262
OBJ 50002011 (sz=64, trace=302555, class=SevenZip.Compression.LZMA.Encoder$Optimal@50000da3)
OBJ 50002012 (sz=64, trace=302555, class=SevenZip.Compression.LZMA.Encoder$Optimal@50000da3)
OBJ 50002013 (sz=64, trace=302555, class=SevenZip.Compression.LZMA.Encoder$Optimal@50000da3)
OBJ 50002014 (sz=64, trace=302555, class=SevenZip.Compression.LZMA.Encoder$Optimal@50000da3)
OBJ 50002015 (sz=64, trace=302555, class=SevenZip.Compression.LZMA.Encoder$Optimal@50000da3)
OBJ 50002016 (sz=24, trace=300000, class=java.io.BufferedOutputStream@500000db)
	out		50001f1c
	buf		50002017
ARR 50002017 (sz=128, trace=300000, nelems=128, elem type=byte[])
ARR 50002018 (sz=16384, trace=300000, nelems=8192, elem type=char[])
OBJ 50002019 (sz=56, trace=300000, class=sun.nio.cs.StreamEncoder@50000058)
	lock		5000200f
	cs		50001886
	encoder		5000201b
	bb		5000201a
	out		50001264
OBJ 5000201a (sz=48, trace=300000, class=java.nio.HeapByteBuffer@50000046)
	hb		5000201d
OBJ 5000201b (sz=48, trace=300000, class=sun.nio.cs.UTF_8$Encoder@50000016)
	charset		50001886
	replacement	5000201c
	malformedInputAction	50001dcd
	unmappableCharacterAction	50001dcd
ARR 5000201c (sz=1, trace=300000, nelems=1, elem type=byte[])
ARR 5000201d (sz=8192, trace=300000, nelems=8192, elem type=byte[])
OBJ 5000201e (sz=24, trace=300000, class=java.util.Collections$SynchronizedSet@5000004f)
	c		50002063
	mutex		50001263
ARR 5000201f (sz=400, trace=300000, nelems=92, elem type=java.util.Hashtable$Entry[]@50000048)
	[0]		50002020
	[1]		50002021
	[4]		50002023
	[9]		50002025
	[11]		50002026
	[13]		50002027
	[16]		50002028
	[17]		50002029
	[18]		5000202a
	[19]		5000202b
	[21]		5000202c
	[22]		5000202d
	[24]		5000202e
	[26]		5000202f
	[27]		50002030
	[33]		50002031
	[38]		50002032
	[39]		50002033
	[40]		50002034
	[41]		50002035
	[42]		50002036
	[44]		50002037
	[47]		50002038
	[49]		50002039
	[54]		5000203a
	[57]		5000203b
	[63]		5000203c
	[65]		5000203d
	[67]		5000203e
	[70]		5000203f
	[72]		50002040
	[74]		50002041
	[76]		50002042
	[79]		50002043
	[80]		50002044
	[81]		50002045
	[82]		50002046
	[85]		50002047
	[88]		50002048
	[91]		50002049
OBJ 50002020 (sz=32, trace=300000, class=java.util.Hashtable$Entry@50000047)
	key		500013bf
	value		500013be
OBJ 50002021 (sz=32, trace=300000, class=java.util.Hashtable$Entry@50000047)
	key		500013bb
	value		500013ba
OBJ 50002022 (sz=16, trace=300472, class=java.lang.Object@500000a7)
OBJ 50002023 (sz=32, trace=300000, class=java.util.Hashtable$Entry@50000047)
	key		500013b7
	value		500013b6
OBJ 50002024 (sz=16, trace=300474, class=java.lang.Object@500000a7)
OBJ 50002025 (sz=32, trace=300000, class=java.util.Hashtable$Entry@50000047)
	key		500013b3
	value		500013b2
	next		50002062
OBJ 50002026 (sz=32, trace=300000, class=java.util.Hashtable$Entry@50000047)
	key		500013aa
	value		500013a9
OBJ 50002027 (sz=32, trace=300000, class=java.util.Hashtable$Entry@50000047)
	key		500013a6
	value		500013a5
OBJ 50002028 (sz=32, trace=300000, class=java.util.Hashtable$Entry@50000047)
	key		500013a2
	value		500013a1
OBJ 50002029 (sz=32, trace=300000, class=java.util.Hashtable$Entry@50000047)
	key		5000139e
	value		5000139d
OBJ 5000202a (sz=32, trace=300000, class=java.util.Hashtable$Entry@50000047)
	key		5000139a
	value		50001399
OBJ 5000202b (sz=32, trace=300000, class=java.util.Hashtable$Entry@50000047)
	key		50001396
	value		50001e34
OBJ 5000202c (sz=32, trace=300000, class=java.util.Hashtable$Entry@50000047)
	key		5000138e
	value		50002060
OBJ 5000202d (sz=32, trace=300000, class=java.util.Hashtable$Entry@50000047)
	key		50001389
	value		50001388
OBJ 5000202e (sz=32, trace=300000, class=java.util.Hashtable$Entry@50000047)
	key		50001385
	value		50001384
	next		5000205f
OBJ 5000202f (sz=32, trace=300000, class=java.util.Hashtable$Entry@50000047)
	key		5000137c
	value		5000137b
	next		5000205d
OBJ 50002030 (sz=32, trace=300000, class=java.util.Hashtable$Entry@50000047)
	key		5000136f
	value		5000136e
OBJ 50002031 (sz=32, trace=300000, class=java.util.Hashtable$Entry@50000047)
	key		50001366
	value		50001365
	next		5000205c
OBJ 50002032 (sz=32, trace=300000, class=java.util.Hashtable$Entry@50000047)
	key		50001354
	value		50001353
	next		5000205b
OBJ 50002033 (sz=32, trace=300000, class=java.util.Hashtable$Entry@50000047)
	key		5000134f
	value		5000134e
OBJ 50002034 (sz=32, trace=300000, class=java.util.Hashtable$Entry@50000047)
	key		5000134b
	value		5000134a
OBJ 50002035 (sz=32, trace=300000, class=java.util.Hashtable$Entry@50000047)
	key		50001347
	value		50001346
OBJ 50002036 (sz=32, trace=300000, class=java.util.Hashtable$Entry@50000047)
	key		50001343
	value		50001342
OBJ 50002037 (sz=32, trace=300000, class=java.util.Hashtable$Entry@50000047)
	key		5000133f
	value		5000133e
OBJ 50002038 (sz=32, trace=300000, class=java.util.Hashtable$Entry@50000047)
	key		5000133b
	value		5000133a
OBJ 50002039 (sz=32, trace=300000, class=java.util.Hashtable$Entry@50000047)
	key		50001333
	value		50001332
	next		5000205a
OBJ 5000203a (sz=32, trace=300000, class=java.util.Hashtable$Entry@50000047)
	key		5000132e
	value		5000132d
OBJ 5000203b (sz=32, trace=300000, class=java.util.Hashtable$Entry@50000047)
	key		5000132a
	value		5000119b
OBJ 5000203c (sz=32, trace=300000, class=java.util.Hashtable$Entry@50000047)
	key		50001327
	value		50001326
OBJ 5000203d (sz=32, trace=300000, class=java.util.Hashtable$Entry@50000047)
	key		50001323
	value		50001322
OBJ 5000203e (sz=32, trace=300000, class=java.util.Hashtable$Entry@50000047)
	key		5000131c
	value		5000131b
	next		50002059
OBJ 5000203f (sz=32, trace=300000, class=java.util.Hashtable$Entry@50000047)
	key		50001313
	value		50001312
	next		50002058
OBJ 50002040 (sz=32, trace=300000, class=java.util.Hashtable$Entry@50000047)
	key		5000130e
	value		5000130d
OBJ 50002041 (sz=32, trace=300000, class=java.util.Hashtable$Entry@50000047)
	key		50002055
	value		50002054
OBJ 50002042 (sz=32, trace=300000, class=java.util.Hashtable$Entry@50000047)
	key		50001306
	value		50001305
	next		50002053
OBJ 50002043 (sz=32, trace=300000, class=java.util.Hashtable$Entry@50000047)
	key		500012f8
	value		500012f7
	next		50002051
OBJ 50002044 (sz=32, trace=300000, class=java.util.Hashtable$Entry@50000047)
	key		500012ef
	value		500012ee
	next		50002050
OBJ 50002045 (sz=32, trace=300000, class=java.util.Hashtable$Entry@50000047)
	key		500012ea
	value		500012e9
OBJ 50002046 (sz=32, trace=300000, class=java.util.Hashtable$Entry@50000047)
	key		500012e2
	value		500012e1
	next		5000204f
OBJ 50002047 (sz=32, trace=300000, class=java.util.Hashtable$Entry@50000047)
	key		500012dd
	value		500012dc
OBJ 50002048 (sz=32, trace=300000, class=java.util.Hashtable$Entry@50000047)
	key		500012d5
	value		500012d4
	next		5000204e
OBJ 50002049 (sz=32, trace=300000, class=java.util.Hashtable$Entry@50000047)
	key		5000204b
	value		5000204a
OBJ 5000204a (sz=24, trace=300000, class=java.lang.String@50000096)
	value		5000204d
OBJ 5000204b (sz=24, trace=300000, class=java.lang.String@50000096)
	value		5000204c
ARR 5000204c (sz=34, trace=300000, nelems=17, elem type=char[])
ARR 5000204d (sz=62, trace=300000, nelems=31, elem type=char[])
OBJ 5000204e (sz=32, trace=300000, class=java.util.Hashtable$Entry@50000047)
	key		500012d9
	value		500012d8
OBJ 5000204f (sz=32, trace=300000, class=java.util.Hashtable$Entry@50000047)
	key		500012e6
	value		500012e5
OBJ 50002050 (sz=32, trace=300000, class=java.util.Hashtable$Entry@50000047)
	key		500012f3
	value		500012f2
OBJ 50002051 (sz=32, trace=300000, class=java.util.Hashtable$Entry@50000047)
	key		500012fd
	value		500012fc
	next		50002052
OBJ 50002052 (sz=32, trace=300000, class=java.util.Hashtable$Entry@50000047)
	key		50001301
	value		50001300
OBJ 50002053 (sz=32, trace=300000, class=java.util.Hashtable$Entry@50000047)
	key		5000130a
	value		50001309
OBJ 50002054 (sz=24, trace=300000, class=java.lang.String@50000096)
	value		50002057
OBJ 50002055 (sz=24, trace=300000, class=java.lang.String@50000096)
	value		50002056
ARR 50002056 (sz=40, trace=300000, nelems=20, elem type=char[])
ARR 50002057 (sz=24, trace=300000, nelems=12, elem type=char[])
OBJ 50002058 (sz=32, trace=300000, class=java.util.Hashtable$Entry@50000047)
	key		50001317
	value		50001316
OBJ 50002059 (sz=32, trace=300000, class=java.util.Hashtable$Entry@50000047)
	key		5000131f
	value		50001262
OBJ 5000205a (sz=32, trace=300000, class=java.util.Hashtable$Entry@50000047)
	key		50001337
	value		50001336
OBJ 5000205b (sz=32, trace=300000, class=java.util.Hashtable$Entry@50000047)
	key		5000135d
	value		50001357
OBJ 5000205c (sz=32, trace=300000, class=java.util.Hashtable$Entry@50000047)
	key		50001362
	value		50001361
OBJ 5000205d (sz=32, trace=300000, class=java.util.Hashtable$Entry@50000047)
	key		50001378
	value		50001290
	next		5000205e
OBJ 5000205e (sz=32, trace=300000, class=java.util.Hashtable$Entry@50000047)
	key		50001374
	value		50001373
OBJ 5000205f (sz=32, trace=300000, class=java.util.Hashtable$Entry@50000047)
	key		50001381
	value		50001380
OBJ 50002060 (sz=24, trace=300000, class=java.lang.String@50000096)
	value		50002061
ARR 50002061 (sz=20, trace=300000, nelems=10, elem type=char[])
OBJ 50002062 (sz=32, trace=300000, class=java.util.Hashtable$Entry@50000047)
	key		500013af
	value		500013ae
OBJ 50002063 (sz=16, trace=300000, class=java.util.Hashtable$EntrySet@50000052)
	this$0		50001263
OBJ 50002064 (sz=24, trace=300000, class=java.lang.String@50000096)
	value		5000206c
OBJ 50002065 (sz=24, trace=300000, class=java.lang.String@50000096)
	value		5000206b
OBJ 50002066 (sz=24, trace=300000, class=java.lang.String@50000096)
	value		5000206a
OBJ 50002067 (sz=16, trace=300000, class=java.lang.Terminator$1@50000102)
OBJ 50002068 (sz=24, trace=300000, class=sun.misc.NativeSignalHandler@5000014d)
OBJ 50002069 (sz=24, trace=300000, class=sun.misc.NativeSignalHandler@5000014d)
ARR 5000206a (sz=8, trace=300000, nelems=4, elem type=char[])
ARR 5000206b (sz=6, trace=300000, nelems=3, elem type=char[])
ARR 5000206c (sz=6, trace=300000, nelems=3, elem type=char[])
OBJ 5000206d (sz=56, trace=300000, class=java.util.Hashtable@5000012e)
	table		50002076
OBJ 5000206e (sz=56, trace=300000, class=java.util.Hashtable@5000012e)
	table		5000206f
ARR 5000206f (sz=32, trace=300000, nelems=4, elem type=java.util.Hashtable$Entry[]@50000048)
	[1]		50002070
	[2]		50002071
	[3]		50002072
OBJ 50002070 (sz=32, trace=300000, class=java.util.Hashtable$Entry@50000047)
	key		50002075
	value		50002067
OBJ 50002071 (sz=32, trace=300000, class=java.util.Hashtable$Entry@50000047)
	key		50002074
	value		50002067
OBJ 50002072 (sz=32, trace=300000, class=java.util.Hashtable$Entry@50000047)
	key		50002073
	value		50002067
OBJ 50002073 (sz=24, trace=300000, class=sun.misc.Signal@500000a6)
	name		50002066
OBJ 50002074 (sz=24, trace=300000, class=sun.misc.Signal@500000a6)
	name		50002065
OBJ 50002075 (sz=24, trace=300000, class=sun.misc.Signal@500000a6)
	name		50002064
ARR 50002076 (sz=32, trace=300000, nelems=4, elem type=java.util.Hashtable$Entry[]@50000048)
	[1]		50002077
	[2]		50002078
	[3]		50002079
OBJ 50002077 (sz=32, trace=300000, class=java.util.Hashtable$Entry@50000047)
	key		5000207c
	value		50002075
OBJ 50002078 (sz=32, trace=300000, class=java.util.Hashtable$Entry@50000047)
	key		5000207b
	value		50002074
OBJ 50002079 (sz=32, trace=300000, class=java.util.Hashtable$Entry@50000047)
	key		5000207a
	value		50002073
OBJ 5000207a (sz=16, trace=300000, class=java.lang.Integer@5000016a)
OBJ 5000207b (sz=16, trace=300000, class=java.lang.Integer@5000016a)
OBJ 5000207c (sz=16, trace=300000, class=java.lang.Integer@5000016a)
OBJ 5000207d (sz=24, trace=300000, class=java.lang.String@50000096)
	value		5000207e
ARR 5000207e (sz=8, trace=300000, nelems=4, elem type=char[])
ARR 5000207f (sz=6, trace=300000, nelems=3, elem type=char[])
ARR 50002080 (sz=16, trace=300000, nelems=8, elem type=char[])
ARR 50002081 (sz=14, trace=300000, nelems=7, elem type=char[])
ARR 50002082 (sz=36, trace=300000, nelems=18, elem type=char[])
ARR 50002083 (sz=34, trace=300000, nelems=17, elem type=char[])
ARR 50002084 (sz=10, trace=300000, nelems=5, elem type=char[])
ARR 50002085 (sz=36, trace=300000, nelems=18, elem type=char[])
ARR 50002086 (sz=18, trace=300000, nelems=9, elem type=char[])
ARR 50002087 (sz=10, trace=300000, nelems=5, elem type=char[])
ARR 50002088 (sz=14, trace=300000, nelems=7, elem type=char[])
ARR 50002089 (sz=22, trace=300000, nelems=11, elem type=char[])
OBJ 5000208a (sz=24, trace=300000, class=java.lang.String@50000096)
	value		5000208d
OBJ 5000208b (sz=24, trace=300000, class=java.lang.String@50000096)
	value		5000208c
ARR 5000208c (sz=60, trace=300000, nelems=30, elem type=char[])
ARR 5000208d (sz=46, trace=300000, nelems=23, elem type=char[])
ARR 5000208e (sz=12, trace=300000, nelems=6, elem type=char[])
OBJ 5000208f (sz=24, trace=300000, class=java.lang.String@50000096)
	value		50002090
ARR 50002090 (sz=40, trace=300000, nelems=20, elem type=char[])
ARR 50002091 (sz=2, trace=300000, nelems=1, elem type=char[])
ARR 50002092 (sz=20, trace=300000, nelems=10, elem type=char[])
ARR 50002093 (sz=8, trace=300000, nelems=4, elem type=char[])
ARR 50002094 (sz=8, trace=300000, nelems=4, elem type=char[])
ARR 50002095 (sz=10, trace=300000, nelems=5, elem type=char[])
OBJ 50002096 (sz=32, trace=300000, class=java.util.concurrent.ConcurrentHashMap$HashEntry@50000115)
	key		50002098
	value		50002097
OBJ 50002097 (sz=48, trace=300000, class=sun.util.locale.LocaleObjectCache$CacheEntry@50000031)
	referent	50001202
	queue		50001211
	key		50002098
OBJ 50002098 (sz=24, trace=300000, class=java.util.Locale$LocaleKey@500000ba)
	base		50002099
OBJ 50002099 (sz=32, trace=300000, class=sun.util.locale.BaseLocale@50000112)
	language	500011f2
	script		500011ca
	region		500011f4
	variant		500011ca
ARR 5000209a (sz=4, trace=300000, nelems=2, elem type=char[])
ARR 5000209b (sz=4, trace=300000, nelems=2, elem type=char[])
OBJ 5000209c (sz=24, trace=300000, class=java.lang.String@50000096)
	value		5000212f
OBJ 5000209d (sz=24, trace=300000, class=java.lang.String@50000096)
	value		5000212e
OBJ 5000209e (sz=24, trace=300000, class=java.lang.String@50000096)
	value		5000212d
OBJ 5000209f (sz=24, trace=300000, class=java.lang.String@50000096)
	value		500020a1
OBJ 500020a0 (sz=24, trace=300000, class=sun.util.locale.BaseLocale$Cache@5000002a)
	map		500020a3
	queue		500020a2
ARR 500020a1 (sz=2, trace=300000, nelems=1, elem type=char[])
OBJ 500020a2 (sz=32, trace=300000, class=java.lang.ref.ReferenceQueue@50000117)
	lock		500020ba
OBJ 500020a3 (sz=48, trace=300000, class=java.util.concurrent.ConcurrentHashMap@500000f3)
	segments	500020a4
ARR 500020a4 (sz=80, trace=300000, nelems=14, elem type=java.util.concurrent.ConcurrentHashMap$Segment[]@50000141)
	[0]		500020a5
	[1]		500020a6
	[2]		500020a7
	[4]		500020a8
	[6]		500020a9
	[7]		500020aa
	[8]		500020ab
	[9]		500020ac
	[10]		500020ad
	[11]		500020ae
	[12]		500020af
	[13]		500020b0
OBJ 500020a5 (sz=40, trace=300000, class=java.util.concurrent.ConcurrentHashMap$Segment@50000140)
	sync		5000212c
	table		5000212b
OBJ 500020a6 (sz=40, trace=300000, class=java.util.concurrent.ConcurrentHashMap$Segment@50000140)
	sync		50002126
	table		50002125
OBJ 500020a7 (sz=40, trace=300000, class=java.util.concurrent.ConcurrentHashMap$Segment@50000140)
	sync		5000211a
	table		50002119
OBJ 500020a8 (sz=40, trace=300000, class=java.util.concurrent.ConcurrentHashMap$Segment@50000140)
	sync		50002113
	table		50002112
OBJ 500020a9 (sz=40, trace=300000, class=java.util.concurrent.ConcurrentHashMap$Segment@50000140)
	sync		50002100
	table		500020ff
OBJ 500020aa (sz=40, trace=300000, class=java.util.concurrent.ConcurrentHashMap$Segment@50000140)
	sync		500020f2
	table		500020f1
OBJ 500020ab (sz=40, trace=300000, class=java.util.concurrent.ConcurrentHashMap$Segment@50000140)
	sync		500020eb
	table		500020ea
OBJ 500020ac (sz=40, trace=300000, class=java.util.concurrent.ConcurrentHashMap$Segment@50000140)
	sync		500020de
	table		500020dd
OBJ 500020ad (sz=40, trace=300000, class=java.util.concurrent.ConcurrentHashMap$Segment@50000140)
	sync		500020d2
	table		500020d1
OBJ 500020ae (sz=40, trace=300000, class=java.util.concurrent.ConcurrentHashMap$Segment@50000140)
	sync		500020cb
	table		500020ca
OBJ 500020af (sz=40, trace=300000, class=java.util.concurrent.ConcurrentHashMap$Segment@50000140)
	sync		500020c4
	table		500020c3
OBJ 500020b0 (sz=40, trace=300000, class=java.util.concurrent.ConcurrentHashMap$Segment@50000140)
	sync		500020b2
	table		500020b1
ARR 500020b1 (sz=32, trace=300000, nelems=4, elem type=java.util.concurrent.ConcurrentHashMap$HashEntry[]@50000116)
	[1]		500020b3
	[2]		500020b4
	[3]		500020b5
OBJ 500020b2 (sz=32, trace=300000, class=java.util.concurrent.locks.ReentrantLock$NonfairSync@5000003d)
OBJ 500020b3 (sz=32, trace=300000, class=java.util.concurrent.ConcurrentHashMap$HashEntry@50000115)
	key		500020c1
	value		500020c0
OBJ 500020b4 (sz=32, trace=300000, class=java.util.concurrent.ConcurrentHashMap$HashEntry@50000115)
	key		500020bc
	value		500020bb
OBJ 500020b5 (sz=32, trace=300000, class=java.util.concurrent.ConcurrentHashMap$HashEntry@50000115)
	key		500020b7
	value		500020b6
OBJ 500020b6 (sz=48, trace=300000, class=sun.util.locale.LocaleObjectCache$CacheEntry@50000031)
	referent	500020b9
	queue		500020a2
	key		500020b7
OBJ 500020b7 (sz=40, trace=300000, class=sun.util.locale.BaseLocale$Key@5000011a)
	lang		500011f1
	scrt		500011ca
	regn		500011ca
	vart		500011ca
ARR 500020b8 (sz=4, trace=300000, nelems=2, elem type=char[])
OBJ 500020b9 (sz=32, trace=300000, class=sun.util.locale.BaseLocale@50000112)
	language	500011f1
	script		500011ca
	region		500011ca
	variant		500011ca
OBJ 500020ba (sz=16, trace=300000, class=java.lang.ref.ReferenceQueue$Lock@50000020)
OBJ 500020bb (sz=48, trace=300000, class=sun.util.locale.LocaleObjectCache$CacheEntry@50000031)
	referent	500020bf
	queue		500020a2
	key		500020bc
OBJ 500020bc (sz=40, trace=300000, class=sun.util.locale.BaseLocale$Key@5000011a)
	lang		500011e0
	scrt		500011ca
	regn		500011fa
	vart		500011ca
ARR 500020bd (sz=4, trace=300000, nelems=2, elem type=char[])
ARR 500020be (sz=4, trace=300000, nelems=2, elem type=char[])
OBJ 500020bf (sz=32, trace=300000, class=sun.util.locale.BaseLocale@50000112)
	language	500011e0
	script		500011ca
	region		500011fa
	variant		500011ca
OBJ 500020c0 (sz=48, trace=300000, class=sun.util.locale.LocaleObjectCache$CacheEntry@50000031)
	referent	500020c2
	queue		500020a2
	key		500020c1
OBJ 500020c1 (sz=40, trace=300000, class=sun.util.locale.BaseLocale$Key@5000011a)
	lang		500011f2
	scrt		500011ca
	regn		500011ca
	vart		500011ca
OBJ 500020c2 (sz=32, trace=300000, class=sun.util.locale.BaseLocale@50000112)
	language	500011f2
	script		500011ca
	region		500011ca
	variant		500011ca
ARR 500020c3 (sz=24, trace=300000, nelems=1, elem type=java.util.concurrent.ConcurrentHashMap$HashEntry[]@50000116)
	[0]		500020c5
OBJ 500020c4 (sz=32, trace=300000, class=java.util.concurrent.locks.ReentrantLock$NonfairSync@5000003d)
OBJ 500020c5 (sz=32, trace=300000, class=java.util.concurrent.ConcurrentHashMap$HashEntry@50000115)
	key		500020c7
	value		500020c6
OBJ 500020c6 (sz=48, trace=300000, class=sun.util.locale.LocaleObjectCache$CacheEntry@50000031)
	referent	500020c9
	queue		500020a2
	key		500020c7
OBJ 500020c7 (sz=40, trace=300000, class=sun.util.locale.BaseLocale$Key@5000011a)
	lang		500011e0
	scrt		500011ca
	regn		500011f9
	vart		500011ca
ARR 500020c8 (sz=4, trace=300000, nelems=2, elem type=char[])
OBJ 500020c9 (sz=32, trace=300000, class=sun.util.locale.BaseLocale@50000112)
	language	500011e0
	script		500011ca
	region		500011f9
	variant		500011ca
ARR 500020ca (sz=24, trace=300000, nelems=1, elem type=java.util.concurrent.ConcurrentHashMap$HashEntry[]@50000116)
	[0]		500020cc
OBJ 500020cb (sz=32, trace=300000, class=java.util.concurrent.locks.ReentrantLock$NonfairSync@5000003d)
OBJ 500020cc (sz=32, trace=300000, class=java.util.concurrent.ConcurrentHashMap$HashEntry@50000115)
	key		500020ce
	value		500020cd
OBJ 500020cd (sz=48, trace=300000, class=sun.util.locale.LocaleObjectCache$CacheEntry@50000031)
	referent	500020d0
	queue		500020a2
	key		500020ce
OBJ 500020ce (sz=40, trace=300000, class=sun.util.locale.BaseLocale$Key@5000011a)
	lang		500011f0
	scrt		500011ca
	regn		500011ca
	vart		500011ca
ARR 500020cf (sz=4, trace=300000, nelems=2, elem type=char[])
OBJ 500020d0 (sz=32, trace=300000, class=sun.util.locale.BaseLocale@50000112)
	language	500011f0
	script		500011ca
	region		500011ca
	variant		500011ca
ARR 500020d1 (sz=32, trace=300000, nelems=3, elem type=java.util.concurrent.ConcurrentHashMap$HashEntry[]@50000116)
	[1]		500020d3
	[2]		500020d4
OBJ 500020d2 (sz=32, trace=300000, class=java.util.concurrent.locks.ReentrantLock$NonfairSync@5000003d)
OBJ 500020d3 (sz=32, trace=300000, class=java.util.concurrent.ConcurrentHashMap$HashEntry@50000115)
	key		500020d9
	value		500020d8
OBJ 500020d4 (sz=32, trace=300000, class=java.util.concurrent.ConcurrentHashMap$HashEntry@50000115)
	key		500020d6
	value		500020d5
OBJ 500020d5 (sz=48, trace=300000, class=sun.util.locale.LocaleObjectCache$CacheEntry@50000031)
	referent	500020d7
	queue		500020a2
	key		500020d6
OBJ 500020d6 (sz=40, trace=300000, class=sun.util.locale.BaseLocale$Key@5000011a)
	lang		500011ca
	scrt		500011ca
	regn		500011ca
	vart		500011ca
OBJ 500020d7 (sz=32, trace=300000, class=sun.util.locale.BaseLocale@50000112)
	language	500011ca
	script		500011ca
	region		500011ca
	variant		500011ca
OBJ 500020d8 (sz=48, trace=300000, class=sun.util.locale.LocaleObjectCache$CacheEntry@50000031)
	referent	500020dc
	queue		500020a2
	key		500020d9
OBJ 500020d9 (sz=40, trace=300000, class=sun.util.locale.BaseLocale$Key@5000011a)
	lang		500011ee
	scrt		500011ca
	regn		500011f5
	vart		500011ca
ARR 500020da (sz=4, trace=300000, nelems=2, elem type=char[])
ARR 500020db (sz=4, trace=300000, nelems=2, elem type=char[])
OBJ 500020dc (sz=32, trace=300000, class=sun.util.locale.BaseLocale@50000112)
	language	500011ee
	script		500011ca
	region		500011f5
	variant		500011ca
ARR 500020dd (sz=24, trace=300000, nelems=1, elem type=java.util.concurrent.ConcurrentHashMap$HashEntry[]@50000116)
	[0]		500020df
OBJ 500020de (sz=32, trace=300000, class=java.util.concurrent.locks.ReentrantLock$NonfairSync@5000003d)
OBJ 500020df (sz=32, trace=300000, class=java.util.concurrent.ConcurrentHashMap$HashEntry@50000115)
	key		500020e1
	value		500020e0
OBJ 500020e0 (sz=48, trace=300000, class=sun.util.locale.LocaleObjectCache$CacheEntry@50000031)
	referent	500020e9
	queue		500020a2
	key		500020e1
OBJ 500020e1 (sz=40, trace=300000, class=sun.util.locale.BaseLocale$Key@5000011a)
	lang		500011ef
	scrt		500011ca
	regn		500011f6
	vart		500011ca
ARR 500020e2 (sz=4, trace=300000, nelems=2, elem type=char[])
ARR 500020e3 (sz=4, trace=300000, nelems=2, elem type=char[])
OBJ 500020e4 (sz=64, trace=302555, class=SevenZip.Compression.LZMA.Encoder$Optimal@50000da3)
OBJ 500020e5 (sz=64, trace=302555, class=SevenZip.Compression.LZMA.Encoder$Optimal@50000da3)
OBJ 500020e6 (sz=64, trace=302555, class=SevenZip.Compression.LZMA.Encoder$Optimal@50000da3)
OBJ 500020e7 (sz=64, trace=302555, class=SevenZip.Compression.LZMA.Encoder$Optimal@50000da3)
OBJ 500020e8 (sz=64, trace=302555, class=SevenZip.Compression.LZMA.Encoder$Optimal@50000da3)
OBJ 500020e9 (sz=32, trace=300000, class=sun.util.locale.BaseLocale@50000112)
	language	500011ef
	script		500011ca
	region		500011f6
	variant		500011ca
ARR 500020ea (sz=24, trace=300000, nelems=1, elem type=java.util.concurrent.ConcurrentHashMap$HashEntry[]@50000116)
	[0]		500020ec
OBJ 500020eb (sz=32, trace=300000, class=java.util.concurrent.locks.ReentrantLock$NonfairSync@5000003d)
OBJ 500020ec (sz=32, trace=300000, class=java.util.concurrent.ConcurrentHashMap$HashEntry@50000115)
	key		500020ee
	value		500020ed
OBJ 500020ed (sz=48, trace=300000, class=sun.util.locale.LocaleObjectCache$CacheEntry@50000031)
	referent	500020f0
	queue		500020a2
	key		500020ee
OBJ 500020ee (sz=40, trace=300000, class=sun.util.locale.BaseLocale$Key@5000011a)
	lang		500011eb
	scrt		500011ca
	regn		500011ca
	vart		500011ca
ARR 500020ef (sz=4, trace=300000, nelems=2, elem type=char[])
OBJ 500020f0 (sz=32, trace=300000, class=sun.util.locale.BaseLocale@50000112)
	language	500011eb
	script		500011ca
	region		500011ca
	variant		500011ca
ARR 500020f1 (sz=32, trace=300000, nelems=4, elem type=java.util.concurrent.ConcurrentHashMap$HashEntry[]@50000116)
	[0]		500020f3
	[3]		500020f4
OBJ 500020f2 (sz=32, trace=300000, class=java.util.concurrent.locks.ReentrantLock$NonfairSync@5000003d)
OBJ 500020f3 (sz=32, trace=300000, class=java.util.concurrent.ConcurrentHashMap$HashEntry@50000115)
	key		500020fe
	value		500020fd
OBJ 500020f4 (sz=32, trace=300000, class=java.util.concurrent.ConcurrentHashMap$HashEntry@50000115)
	key		500020f9
	value		500020f8
OBJ 500020f7 (sz=16, trace=300870, class=java.lang.Object@500000a7)
OBJ 500020f8 (sz=48, trace=300000, class=sun.util.locale.LocaleObjectCache$CacheEntry@50000031)
	referent	500020fc
	queue		500020a2
	key		500020f9
OBJ 500020f9 (sz=40, trace=300000, class=sun.util.locale.BaseLocale$Key@5000011a)
	lang		500011f1
	scrt		500011ca
	regn		500011f8
	vart		500011ca
OBJ 500020fa (sz=16, trace=300871, class=java.lang.Object@500000a7)
ARR 500020fb (sz=4, trace=300000, nelems=2, elem type=char[])
OBJ 500020fc (sz=32, trace=300000, class=sun.util.locale.BaseLocale@50000112)
	language	500011f1
	script		500011ca
	region		500011f8
	variant		500011ca
OBJ 500020fd (sz=48, trace=300000, class=sun.util.locale.LocaleObjectCache$CacheEntry@50000031)
	referent	50002099
	queue		500020a2
	key		500020fe
OBJ 500020fe (sz=40, trace=300000, class=sun.util.locale.BaseLocale$Key@5000011a)
	lang		500011f2
	scrt		500011ca
	regn		500011f4
	vart		500011ca
ARR 500020ff (sz=48, trace=300000, nelems=7, elem type=java.util.concurrent.ConcurrentHashMap$HashEntry[]@50000116)
	[0]		50002101
	[2]		50002102
	[5]		50002103
	[6]		50002104
OBJ 50002100 (sz=32, trace=300000, class=java.util.concurrent.locks.ReentrantLock$NonfairSync@5000003d)
OBJ 50002101 (sz=32, trace=300000, class=java.util.concurrent.ConcurrentHashMap$HashEntry@50000115)
	key		50002110
	value		5000210f
OBJ 50002102 (sz=32, trace=300000, class=java.util.concurrent.ConcurrentHashMap$HashEntry@50000115)
	key		5000210d
	value		5000210c
OBJ 50002103 (sz=32, trace=300000, class=java.util.concurrent.ConcurrentHashMap$HashEntry@50000115)
	key		50002109
	value		50002108
OBJ 50002104 (sz=32, trace=300000, class=java.util.concurrent.ConcurrentHashMap$HashEntry@50000115)
	key		50002106
	value		50002105
OBJ 50002105 (sz=48, trace=300000, class=sun.util.locale.LocaleObjectCache$CacheEntry@50000031)
	referent	50002107
	queue		500020a2
	key		50002106
OBJ 50002106 (sz=40, trace=300000, class=sun.util.locale.BaseLocale$Key@5000011a)
	lang		500011e0
	scrt		500011ca
	regn		500011ca
	vart		500011ca
OBJ 50002107 (sz=32, trace=300000, class=sun.util.locale.BaseLocale@50000112)
	language	500011e0
	script		500011ca
	region		500011ca
	variant		500011ca
OBJ 50002108 (sz=48, trace=300000, class=sun.util.locale.LocaleObjectCache$CacheEntry@50000031)
	referent	5000210b
	queue		500020a2
	key		50002109
OBJ 50002109 (sz=40, trace=300000, class=sun.util.locale.BaseLocale$Key@5000011a)
	lang		500011ee
	scrt		500011ca
	regn		500011fb
	vart		500011ca
ARR 5000210a (sz=4, trace=300000, nelems=2, elem type=char[])
OBJ 5000210b (sz=32, trace=300000, class=sun.util.locale.BaseLocale@50000112)
	language	500011ee
	script		500011ca
	region		500011fb
	variant		500011ca
OBJ 5000210c (sz=48, trace=300000, class=sun.util.locale.LocaleObjectCache$CacheEntry@50000031)
	referent	5000210e
	queue		500020a2
	key		5000210d
OBJ 5000210d (sz=40, trace=300000, class=sun.util.locale.BaseLocale$Key@5000011a)
	lang		500011ee
	scrt		500011ca
	regn		500011ca
	vart		500011ca
OBJ 5000210e (sz=32, trace=300000, class=sun.util.locale.BaseLocale@50000112)
	language	500011ee
	script		500011ca
	region		500011ca
	variant		500011ca
OBJ 5000210f (sz=48, trace=300000, class=sun.util.locale.LocaleObjectCache$CacheEntry@50000031)
	referent	50002111
	queue		500020a2
	key		50002110
OBJ 50002110 (sz=40, trace=300000, class=sun.util.locale.BaseLocale$Key@5000011a)
	lang		500011e0
	scrt		500011ca
	regn		500011fb
	vart		500011ca
OBJ 50002111 (sz=32, trace=300000, class=sun.util.locale.BaseLocale@50000112)
	language	500011e0
	script		500011ca
	region		500011fb
	variant		500011ca
ARR 50002112 (sz=24, trace=300000, nelems=1, elem type=java.util.concurrent.ConcurrentHashMap$HashEntry[]@50000116)
	[0]		50002114
OBJ 50002113 (sz=32, trace=300000, class=java.util.concurrent.locks.ReentrantLock$NonfairSync@5000003d)
OBJ 50002114 (sz=32, trace=300000, class=java.util.concurrent.ConcurrentHashMap$HashEntry@50000115)
	key		50002116
	value		50002115
OBJ 50002115 (sz=48, trace=300000, class=sun.util.locale.LocaleObjectCache$CacheEntry@50000031)
	referent	50002118
	queue		500020a2
	key		50002116
OBJ 50002116 (sz=40, trace=300000, class=sun.util.locale.BaseLocale$Key@5000011a)
	lang		500011eb
	scrt		500011ca
	regn		500011ec
	vart		500011ca
ARR 50002117 (sz=4, trace=300000, nelems=2, elem type=char[])
OBJ 50002118 (sz=32, trace=300000, class=sun.util.locale.BaseLocale@50000112)
	language	500011eb
	script		500011ca
	region		500011ec
	variant		500011ca
ARR 50002119 (sz=32, trace=300000, nelems=4, elem type=java.util.concurrent.ConcurrentHashMap$HashEntry[]@50000116)
	[2]		5000211b
	[3]		5000211c
OBJ 5000211a (sz=32, trace=300000, class=java.util.concurrent.locks.ReentrantLock$NonfairSync@5000003d)
OBJ 5000211b (sz=32, trace=300000, class=java.util.concurrent.ConcurrentHashMap$HashEntry@50000115)
	key		50002122
	value		50002121
OBJ 5000211c (sz=32, trace=300000, class=java.util.concurrent.ConcurrentHashMap$HashEntry@50000115)
	key		5000211e
	value		5000211d
OBJ 5000211d (sz=48, trace=300000, class=sun.util.locale.LocaleObjectCache$CacheEntry@50000031)
	referent	50002120
	queue		500020a2
	key		5000211e
OBJ 5000211e (sz=40, trace=300000, class=sun.util.locale.BaseLocale$Key@5000011a)
	lang		500011f0
	scrt		500011ca
	regn		500011f7
	vart		500011ca
ARR 5000211f (sz=4, trace=300000, nelems=2, elem type=char[])
OBJ 50002120 (sz=32, trace=300000, class=sun.util.locale.BaseLocale@50000112)
	language	500011f0
	script		500011ca
	region		500011f7
	variant		500011ca
OBJ 50002121 (sz=48, trace=300000, class=sun.util.locale.LocaleObjectCache$CacheEntry@50000031)
	referent	50002124
	queue		500020a2
	key		50002122
OBJ 50002122 (sz=40, trace=300000, class=sun.util.locale.BaseLocale$Key@5000011a)
	lang		500011f2
	scrt		500011ca
	regn		500011f3
	vart		500011ca
ARR 50002123 (sz=4, trace=300000, nelems=2, elem type=char[])
OBJ 50002124 (sz=32, trace=300000, class=sun.util.locale.BaseLocale@50000112)
	language	500011f2
	script		500011ca
	region		500011f3
	variant		500011ca
ARR 50002125 (sz=24, trace=300000, nelems=1, elem type=java.util.concurrent.ConcurrentHashMap$HashEntry[]@50000116)
	[0]		50002127
OBJ 50002126 (sz=32, trace=300000, class=java.util.concurrent.locks.ReentrantLock$NonfairSync@5000003d)
OBJ 50002127 (sz=32, trace=300000, class=java.util.concurrent.ConcurrentHashMap$HashEntry@50000115)
	key		50002129
	value		50002128
OBJ 50002128 (sz=48, trace=300000, class=sun.util.locale.LocaleObjectCache$CacheEntry@50000031)
	referent	5000212a
	queue		500020a2
	key		50002129
OBJ 50002129 (sz=40, trace=300000, class=sun.util.locale.BaseLocale$Key@5000011a)
	lang		500011ef
	scrt		500011ca
	regn		500011ca
	vart		500011ca
OBJ 5000212a (sz=32, trace=300000, class=sun.util.locale.BaseLocale@50000112)
	language	500011ef
	script		500011ca
	region		500011ca
	variant		500011ca
ARR 5000212b (sz=24, trace=300000, nelems=0, elem type=java.util.concurrent.ConcurrentHashMap$HashEntry[]@50000116)
OBJ 5000212c (sz=32, trace=300000, class=java.util.concurrent.locks.ReentrantLock$NonfairSync@5000003d)
ARR 5000212d (sz=4, trace=300000, nelems=2, elem type=char[])
ARR 5000212e (sz=4, trace=300000, nelems=2, elem type=char[])
ARR 5000212f (sz=4, trace=300000, nelems=2, elem type=char[])
OBJ 50002130 (sz=16, trace=300000, class=java.lang.ref.ReferenceQueue$Lock@50000020)
ARR 50002131 (sz=24, trace=300000, nelems=1, elem type=java.util.concurrent.ConcurrentHashMap$HashEntry[]@50000116)
	[0]		50002133
OBJ 50002132 (sz=32, trace=300000, class=java.util.concurrent.locks.ReentrantLock$NonfairSync@5000003d)
OBJ 50002133 (sz=32, trace=300000, class=java.util.concurrent.ConcurrentHashMap$HashEntry@50000115)
	key		50002135
	value		50002134
OBJ 50002134 (sz=48, trace=300000, class=sun.util.locale.LocaleObjectCache$CacheEntry@50000031)
	referent	50001205
	queue		50001211
	key		50002135
OBJ 50002135 (sz=24, trace=300000, class=java.util.Locale$LocaleKey@500000ba)
	base		50002118
ARR 50002136 (sz=24, trace=300000, nelems=1, elem type=java.util.concurrent.ConcurrentHashMap$HashEntry[]@50000116)
	[0]		50002138
OBJ 50002137 (sz=32, trace=300000, class=java.util.concurrent.locks.ReentrantLock$NonfairSync@5000003d)
OBJ 50002138 (sz=32, trace=300000, class=java.util.concurrent.ConcurrentHashMap$HashEntry@50000115)
	key		5000213a
	value		50002139
OBJ 50002139 (sz=48, trace=300000, class=sun.util.locale.LocaleObjectCache$CacheEntry@50000031)
	referent	50001209
	queue		50001211
	key		5000213a
OBJ 5000213a (sz=24, trace=300000, class=java.util.Locale$LocaleKey@500000ba)
	base		500020c2
ARR 5000213b (sz=48, trace=300000, nelems=8, elem type=java.util.concurrent.ConcurrentHashMap$HashEntry[]@50000116)
	[2]		5000213d
	[6]		5000213e
	[7]		5000213f
OBJ 5000213c (sz=32, trace=300000, class=java.util.concurrent.locks.ReentrantLock$NonfairSync@5000003d)
OBJ 5000213d (sz=32, trace=300000, class=java.util.concurrent.ConcurrentHashMap$HashEntry@50000115)
	key		50002148
	value		50002147
OBJ 5000213e (sz=32, trace=300000, class=java.util.concurrent.ConcurrentHashMap$HashEntry@50000115)
	key		50002144
	value		50002143
	next		50002142
OBJ 5000213f (sz=32, trace=300000, class=java.util.concurrent.ConcurrentHashMap$HashEntry@50000115)
	key		50002141
	value		50002140
OBJ 50002140 (sz=48, trace=300000, class=sun.util.locale.LocaleObjectCache$CacheEntry@50000031)
	referent	50001200
	queue		50001211
	key		50002141
OBJ 50002141 (sz=24, trace=300000, class=java.util.Locale$LocaleKey@500000ba)
	base		50002111
OBJ 50002142 (sz=32, trace=300000, class=java.util.concurrent.ConcurrentHashMap$HashEntry@50000115)
	key		50002146
	value		50002145
OBJ 50002143 (sz=48, trace=300000, class=sun.util.locale.LocaleObjectCache$CacheEntry@50000031)
	referent	500011fd
	queue		50001211
	key		50002144
OBJ 50002144 (sz=24, trace=300000, class=java.util.Locale$LocaleKey@500000ba)
	base		500020bf
OBJ 50002145 (sz=48, trace=300000, class=sun.util.locale.LocaleObjectCache$CacheEntry@50000031)
	referent	50001208
	queue		50001211
	key		50002146
OBJ 50002146 (sz=24, trace=300000, class=java.util.Locale$LocaleKey@500000ba)
	base		500020dc
OBJ 50002147 (sz=48, trace=300000, class=sun.util.locale.LocaleObjectCache$CacheEntry@50000031)
	referent	500011fe
	queue		50001211
	key		50002148
OBJ 50002148 (sz=24, trace=300000, class=java.util.Locale$LocaleKey@500000ba)
	base		500020d7
ARR 50002149 (sz=24, trace=300000, nelems=2, elem type=java.util.concurrent.ConcurrentHashMap$HashEntry[]@50000116)
	[1]		5000214b
OBJ 5000214a (sz=32, trace=300000, class=java.util.concurrent.locks.ReentrantLock$NonfairSync@5000003d)
OBJ 5000214b (sz=32, trace=300000, class=java.util.concurrent.ConcurrentHashMap$HashEntry@50000115)
	key		5000214d
	value		5000214c
OBJ 5000214c (sz=48, trace=300000, class=sun.util.locale.LocaleObjectCache$CacheEntry@50000031)
	referent	5000120a
	queue		50001211
	key		5000214d
OBJ 5000214d (sz=24, trace=300000, class=java.util.Locale$LocaleKey@500000ba)
	base		500020b9
ARR 5000214e (sz=32, trace=300000, nelems=4, elem type=java.util.concurrent.ConcurrentHashMap$HashEntry[]@50000116)
	[2]		50002150
	[3]		50002151
OBJ 5000214f (sz=32, trace=300000, class=java.util.concurrent.locks.ReentrantLock$NonfairSync@5000003d)
OBJ 50002150 (sz=32, trace=300000, class=java.util.concurrent.ConcurrentHashMap$HashEntry@50000115)
	key		50002155
	value		50002154
OBJ 50002151 (sz=32, trace=300000, class=java.util.concurrent.ConcurrentHashMap$HashEntry@50000115)
	key		50002153
	value		50002152
OBJ 50002152 (sz=48, trace=300000, class=sun.util.locale.LocaleObjectCache$CacheEntry@50000031)
	referent	5000120f
	queue		50001211
	key		50002153
OBJ 50002153 (sz=24, trace=300000, class=java.util.Locale$LocaleKey@500000ba)
	base		50002107
OBJ 50002154 (sz=48, trace=300000, class=sun.util.locale.LocaleObjectCache$CacheEntry@50000031)
	referent	5000120e
	queue		50001211
	key		50002155
OBJ 50002155 (sz=24, trace=300000, class=java.util.Locale$LocaleKey@500000ba)
	base		5000210e
ARR 50002156 (sz=24, trace=300000, nelems=1, elem type=java.util.concurrent.ConcurrentHashMap$HashEntry[]@50000116)
	[0]		50002158
OBJ 50002157 (sz=32, trace=300000, class=java.util.concurrent.locks.ReentrantLock$NonfairSync@5000003d)
OBJ 50002158 (sz=32, trace=300000, class=java.util.concurrent.ConcurrentHashMap$HashEntry@50000115)
	key		5000215a
	value		50002159
OBJ 50002159 (sz=48, trace=300000, class=sun.util.locale.LocaleObjectCache$CacheEntry@50000031)
	referent	50001204
	queue		50001211
	key		5000215a
OBJ 5000215a (sz=24, trace=300000, class=java.util.Locale$LocaleKey@500000ba)
	base		500020fc
ARR 5000215b (sz=32, trace=300000, nelems=3, elem type=java.util.concurrent.ConcurrentHashMap$HashEntry[]@50000116)
	[1]		5000215d
	[2]		5000215e
OBJ 5000215c (sz=32, trace=300000, class=java.util.concurrent.locks.ReentrantLock$NonfairSync@5000003d)
OBJ 5000215d (sz=32, trace=300000, class=java.util.concurrent.ConcurrentHashMap$HashEntry@50000115)
	key		50002162
	value		50002161
OBJ 5000215e (sz=32, trace=300000, class=java.util.concurrent.ConcurrentHashMap$HashEntry@50000115)
	key		50002160
	value		5000215f
OBJ 5000215f (sz=48, trace=300000, class=sun.util.locale.LocaleObjectCache$CacheEntry@50000031)
	referent	5000120d
	queue		50001211
	key		50002160
OBJ 50002160 (sz=24, trace=300000, class=java.util.Locale$LocaleKey@500000ba)
	base		5000212a
OBJ 50002161 (sz=48, trace=300000, class=sun.util.locale.LocaleObjectCache$CacheEntry@50000031)
	referent	5000120b
	queue		50001211
	key		50002162
OBJ 50002162 (sz=24, trace=300000, class=java.util.Locale$LocaleKey@500000ba)
	base		500020f0
ARR 50002163 (sz=32, trace=300000, nelems=3, elem type=java.util.concurrent.ConcurrentHashMap$HashEntry[]@50000116)
	[0]		50002165
	[2]		50002166
OBJ 50002164 (sz=32, trace=300000, class=java.util.concurrent.locks.ReentrantLock$NonfairSync@5000003d)
OBJ 50002165 (sz=32, trace=300000, class=java.util.concurrent.ConcurrentHashMap$HashEntry@50000115)
	key		5000216a
	value		50002169
OBJ 50002166 (sz=32, trace=300000, class=java.util.concurrent.ConcurrentHashMap$HashEntry@50000115)
	key		50002168
	value		50002167
OBJ 50002167 (sz=48, trace=300000, class=sun.util.locale.LocaleObjectCache$CacheEntry@50000031)
	referent	50001203
	queue		50001211
	key		50002168
OBJ 50002168 (sz=24, trace=300000, class=java.util.Locale$LocaleKey@500000ba)
	base		50002124
OBJ 50002169 (sz=48, trace=300000, class=sun.util.locale.LocaleObjectCache$CacheEntry@50000031)
	referent	50001206
	queue		50001211
	key		5000216a
OBJ 5000216a (sz=24, trace=300000, class=java.util.Locale$LocaleKey@500000ba)
	base		50002120
ARR 5000216b (sz=24, trace=300000, nelems=1, elem type=java.util.concurrent.ConcurrentHashMap$HashEntry[]@50000116)
	[0]		5000216d
OBJ 5000216c (sz=32, trace=300000, class=java.util.concurrent.locks.ReentrantLock$NonfairSync@5000003d)
OBJ 5000216d (sz=32, trace=300000, class=java.util.concurrent.ConcurrentHashMap$HashEntry@50000115)
	key		5000216f
	value		5000216e
OBJ 5000216e (sz=48, trace=300000, class=sun.util.locale.LocaleObjectCache$CacheEntry@50000031)
	referent	5000120c
	queue		50001211
	key		5000216f
OBJ 5000216f (sz=24, trace=300000, class=java.util.Locale$LocaleKey@500000ba)
	base		500020d0
ARR 50002170 (sz=32, trace=300000, nelems=3, elem type=java.util.concurrent.ConcurrentHashMap$HashEntry[]@50000116)
	[2]		50002172
OBJ 50002171 (sz=32, trace=300000, class=java.util.concurrent.locks.ReentrantLock$NonfairSync@5000003d)
OBJ 50002172 (sz=32, trace=300000, class=java.util.concurrent.ConcurrentHashMap$HashEntry@50000115)
	key		50002175
	value		50002174
	next		50002173
OBJ 50002173 (sz=32, trace=300000, class=java.util.concurrent.ConcurrentHashMap$HashEntry@50000115)
	key		50002178
	value		50002177
	next		50002176
OBJ 50002174 (sz=48, trace=300000, class=sun.util.locale.LocaleObjectCache$CacheEntry@50000031)
	referent	500011ff
	queue		50001211
	key		50002175
OBJ 50002175 (sz=24, trace=300000, class=java.util.Locale$LocaleKey@500000ba)
	base		5000210b
OBJ 50002176 (sz=32, trace=300000, class=java.util.concurrent.ConcurrentHashMap$HashEntry@50000115)
	key		5000217a
	value		50002179
OBJ 50002177 (sz=48, trace=300000, class=sun.util.locale.LocaleObjectCache$CacheEntry@50000031)
	referent	50001201
	queue		50001211
	key		50002178
OBJ 50002178 (sz=24, trace=300000, class=java.util.Locale$LocaleKey@500000ba)
	base		500020c9
OBJ 50002179 (sz=48, trace=300000, class=sun.util.locale.LocaleObjectCache$CacheEntry@50000031)
	referent	50001207
	queue		50001211
	key		5000217a
OBJ 5000217a (sz=24, trace=300000, class=java.util.Locale$LocaleKey@500000ba)
	base		500020e9
OBJ 5000217b (sz=40, trace=300000, class=java.io.ObjectStreamField@50000023)
	name		500011e5
	signature	50001eb7
	type		50000096
OBJ 5000217c (sz=40, trace=300000, class=java.io.ObjectStreamField@50000023)
	name		500011e7
	signature	50001eb7
	type		50000096
OBJ 5000217d (sz=40, trace=300000, class=java.io.ObjectStreamField@50000023)
	name		500011e8
	signature	50001eb7
	type		50000096
OBJ 5000217e (sz=40, trace=300000, class=java.io.ObjectStreamField@50000023)
	name		500011ea
	signature	500016da
	type		5000119f
OBJ 5000217f (sz=40, trace=300000, class=java.io.ObjectStreamField@50000023)
	name		500011e6
	signature	50001eb7
	type		50000096
OBJ 50002180 (sz=40, trace=300000, class=java.io.ObjectStreamField@50000023)
	name		500011e9
	signature	50001eb7
	type		50000096
ARR 50002181 (sz=20, trace=300000, nelems=10, elem type=char[])
ARR 50002182 (sz=12, trace=300000, nelems=6, elem type=char[])
ARR 50002183 (sz=16, trace=300000, nelems=8, elem type=char[])
ARR 50002184 (sz=14, trace=300000, nelems=7, elem type=char[])
ARR 50002185 (sz=14, trace=300000, nelems=7, elem type=char[])
ARR 50002186 (sz=16, trace=300000, nelems=8, elem type=char[])
OBJ 50002187 (sz=24, trace=300000, class=java.lang.String@50000096)
	value		50002191
OBJ 50002188 (sz=24, trace=300000, class=java.lang.String@50000096)
	value		50002192
OBJ 50002189 (sz=24, trace=300000, class=java.lang.String@50000096)
	value		50002193
OBJ 5000218a (sz=24, trace=300000, class=java.lang.String@50000096)
	value		50002194
OBJ 5000218b (sz=24, trace=300000, class=java.lang.String@50000096)
	value		50002195
OBJ 5000218c (sz=24, trace=300000, class=java.lang.String@50000096)
	value		50002196
OBJ 5000218d (sz=24, trace=300000, class=java.lang.String@50000096)
	value		50002197
OBJ 5000218e (sz=24, trace=300000, class=java.lang.String@50000096)
	value		50002198
OBJ 5000218f (sz=24, trace=300000, class=java.lang.String@50000096)
	value		50002199
OBJ 50002190 (sz=24, trace=300000, class=java.lang.String@50000096)
	value		5000219a
ARR 50002191 (sz=14, trace=300000, nelems=7, elem type=char[])
ARR 50002192 (sz=42, trace=300000, nelems=21, elem type=char[])
ARR 50002193 (sz=38, trace=300000, nelems=19, elem type=char[])
ARR 50002194 (sz=40, trace=300000, nelems=20, elem type=char[])
ARR 50002195 (sz=40, trace=300000, nelems=20, elem type=char[])
ARR 50002196 (sz=12, trace=300000, nelems=6, elem type=char[])
ARR 50002197 (sz=40, trace=300000, nelems=20, elem type=char[])
ARR 50002198 (sz=36, trace=300000, nelems=18, elem type=char[])
ARR 50002199 (sz=38, trace=300000, nelems=19, elem type=char[])
ARR 5000219a (sz=38, trace=300000, nelems=19, elem type=char[])
ARR 5000219b (sz=4, trace=300000, nelems=2, elem type=char[])
ARR 5000219c (sz=24, trace=300000, nelems=12, elem type=char[])
ARR 5000219d (sz=24, trace=300000, nelems=12, elem type=char[])
ARR 5000219e (sz=22, trace=300000, nelems=11, elem type=char[])
ARR 5000219f (sz=22, trace=300000, nelems=11, elem type=char[])
ARR 500021a0 (sz=26, trace=300000, nelems=13, elem type=char[])
ARR 500021a1 (sz=10, trace=300000, nelems=5, elem type=char[])
ARR 500021a2 (sz=8, trace=300000, nelems=4, elem type=char[])
OBJ 500021a3 (sz=24, trace=300000, class=java.lang.String@50000096)
	value		500021a4
ARR 500021a4 (sz=112, trace=300000, nelems=56, elem type=char[])
ARR 500021a5 (sz=4, trace=300000, nelems=2, elem type=char[])
ARR 500021a6 (sz=4, trace=300000, nelems=2, elem type=char[])
ARR 500021a7 (sz=4, trace=300000, nelems=2, elem type=char[])
ARR 500021a8 (sz=24, trace=300000, nelems=12, elem type=char[])
ARR 500021a9 (sz=14, trace=300000, nelems=7, elem type=char[])
ARR 500021aa (sz=22, trace=300000, nelems=11, elem type=char[])
ARR 500021ab (sz=68, trace=300000, nelems=34, elem type=char[])
ARR 500021ac (sz=42, trace=300000, nelems=21, elem type=char[])
ARR 500021ad (sz=2, trace=300000, nelems=1, elem type=char[])
ARR 500021af (sz=14, trace=300000, nelems=7, elem type=char[])
OBJ 500021b0 (sz=24, trace=300318, class=java.lang.String@50000096)
	value		500021b1
ARR 500021b1 (sz=58, trace=300319, nelems=29, elem type=char[])
ARR 500021b2 (sz=22, trace=300000, nelems=11, elem type=char[])
ARR 500021b3 (sz=14, trace=300000, nelems=7, elem type=char[])
ARR 500021b4 (sz=38, trace=300000, nelems=19, elem type=char[])
OBJ 500021b5 (sz=64, trace=302555, class=SevenZip.Compression.LZMA.Encoder$Optimal@50000da3)
OBJ 500021b6 (sz=64, trace=302555, class=SevenZip.Compression.LZMA.Encoder$Optimal@50000da3)
OBJ 500021b7 (sz=64, trace=302555, class=SevenZip.Compression.LZMA.Encoder$Optimal@50000da3)
OBJ 500021b8 (sz=64, trace=302555, class=SevenZip.Compression.LZMA.Encoder$Optimal@50000da3)
OBJ 500021b9 (sz=64, trace=302555, class=SevenZip.Compression.LZMA.Encoder$Optimal@50000da3)
OBJ 500021ba (sz=64, trace=302555, class=SevenZip.Compression.LZMA.Encoder$Optimal@50000da3)
OBJ 500021bb (sz=64, trace=302555, class=SevenZip.Compression.LZMA.Encoder$Optimal@50000da3)
ARR 500021bc (sz=66, trace=300000, nelems=33, elem type=char[])
ARR 500021bd (sz=60, trace=300000, nelems=30, elem type=char[])
ARR 500021be (sz=22, trace=300000, nelems=11, elem type=char[])
ARR 500021c1 (sz=24, trace=300000, nelems=12, elem type=char[])
OBJ 500021c2 (sz=24, trace=300913, class=java.util.jar.Manifest@500021bf)
	attr		500021c4
	entries		500021c7
OBJ 500021c4 (sz=16, trace=300915, class=java.util.jar.Attributes@500021c3)
	map		500021c5
OBJ 500021c5 (sz=56, trace=300916, class=java.util.HashMap@5000010b)
	table		500021c6
ARR 500021c6 (sz=80, trace=300917, nelems=11, elem type=java.util.HashMap$Entry[]@5000009f)
	[1]		500021ef
	[6]		500021e9
	[10]		500021f5
OBJ 500021c7 (sz=56, trace=300918, class=java.util.HashMap@5000010b)
	table		500021c8
ARR 500021c8 (sz=80, trace=300919, nelems=0, elem type=java.util.HashMap$Entry[]@5000009f)
OBJ 500021ca (sz=24, trace=300000, class=java.lang.String@50000096)
	value		500021cb
ARR 500021cb (sz=18, trace=300000, nelems=9, elem type=char[])
OBJ 500021cc (sz=32, trace=300000, class=java.lang.OutOfMemoryError@500000c6)
OBJ 500021cd (sz=32, trace=300000, class=java.lang.OutOfMemoryError@500000c6)
OBJ 500021ce (sz=32, trace=300000, class=java.lang.OutOfMemoryError@500000c6)
OBJ 500021cf (sz=24, trace=300926, class=java.lang.String@50000096)
	value		500021d3
OBJ 500021d0 (sz=32, trace=300000, class=java.lang.OutOfMemoryError@500000c6)
OBJ 500021d1 (sz=24, trace=300000, class=java.lang.String@50000096)
	value		500021d2
ARR 500021d2 (sz=52, trace=300000, nelems=26, elem type=char[])
ARR 500021d3 (sz=6, trace=300930, nelems=3, elem type=char[])
OBJ 500021d5 (sz=24, trace=300932, class=java.util.jar.Attributes$Name@500021d4)
	name		50001e45
OBJ 500021d6 (sz=24, trace=300933, class=java.util.jar.Attributes$Name@500021d4)
	name		50001e46
OBJ 500021d7 (sz=24, trace=300934, class=java.util.jar.Attributes$Name@500021d4)
	name		50001e47
OBJ 500021d8 (sz=24, trace=300935, class=java.util.jar.Attributes$Name@500021d4)
	name		50001e48
OBJ 500021d9 (sz=24, trace=300936, class=java.util.jar.Attributes$Name@500021d4)
	name		50001e49
OBJ 500021da (sz=24, trace=300937, class=java.util.jar.Attributes$Name@500021d4)
	name		50001e4a
OBJ 500021db (sz=24, trace=300938, class=java.util.jar.Attributes$Name@500021d4)
	name		50001e4b
OBJ 500021dc (sz=24, trace=300939, class=java.util.jar.Attributes$Name@500021d4)
	name		50001e4c
OBJ 500021dd (sz=24, trace=300940, class=java.util.jar.Attributes$Name@500021d4)
	name		50001e4d
OBJ 500021de (sz=24, trace=300941, class=java.util.jar.Attributes$Name@500021d4)
	name		50001e4e
OBJ 500021df (sz=24, trace=300942, class=java.util.jar.Attributes$Name@500021d4)
	name		50001e4f
OBJ 500021e0 (sz=24, trace=300943, class=java.util.jar.Attributes$Name@500021d4)
	name		50001e50
OBJ 500021e1 (sz=24, trace=300944, class=java.util.jar.Attributes$Name@500021d4)
	name		50001e51
OBJ 500021e2 (sz=24, trace=300945, class=java.util.jar.Attributes$Name@500021d4)
	name		50001e52
OBJ 500021e3 (sz=24, trace=300946, class=java.util.jar.Attributes$Name@500021d4)
	name		50001e58
OBJ 500021e4 (sz=24, trace=300947, class=java.util.jar.Attributes$Name@500021d4)
	name		50001e59
OBJ 500021e5 (sz=24, trace=300948, class=java.util.jar.Attributes$Name@500021d4)
	name		50001e5a
OBJ 500021e6 (sz=24, trace=300949, class=java.util.jar.Attributes$Name@500021d4)
	name		50001e45
OBJ 500021e8 (sz=16, trace=300951, class=sun.misc.ASCIICaseInsensitiveComparator@500021e7)
OBJ 500021e9 (sz=32, trace=300952, class=java.util.HashMap$Entry@5000009e)
	key		500021e6
	value		500021cf
OBJ 500021ea (sz=24, trace=300924, class=java.lang.String@50000096)
	value		500021eb
ARR 500021eb (sz=22, trace=300925, nelems=11, elem type=char[])
OBJ 500021ec (sz=24, trace=300926, class=java.lang.String@50000096)
	value		500021ed
ARR 500021ed (sz=32, trace=300930, nelems=16, elem type=char[])
OBJ 500021ee (sz=24, trace=300949, class=java.util.jar.Attributes$Name@500021d4)
	name		500021ea
OBJ 500021ef (sz=32, trace=300952, class=java.util.HashMap$Entry@5000009e)
	key		500021ee
	value		500021ec
OBJ 500021f0 (sz=24, trace=300924, class=java.lang.String@50000096)
	value		500021f1
ARR 500021f1 (sz=20, trace=300925, nelems=10, elem type=char[])
OBJ 500021f2 (sz=24, trace=300926, class=java.lang.String@50000096)
	value		500021f3
ARR 500021f3 (sz=66, trace=300930, nelems=33, elem type=char[])
OBJ 500021f4 (sz=24, trace=300949, class=java.util.jar.Attributes$Name@500021d4)
	name		500021f0
OBJ 500021f5 (sz=32, trace=300952, class=java.util.HashMap$Entry@5000009e)
	key		500021f4
	value		500021f2
OBJ 500021f7 (sz=24, trace=300000, class=java.lang.String@50000096)
	value		500021f8
ARR 500021f8 (sz=74, trace=300000, nelems=37, elem type=char[])
OBJ 500021f9 (sz=24, trace=300000, class=java.lang.String@50000096)
	value		500021fa
ARR 500021fa (sz=26, trace=300000, nelems=13, elem type=char[])
OBJ 500021fb (sz=24, trace=300000, class=java.lang.String@50000096)
	value		500021fc
ARR 500021fc (sz=30, trace=300000, nelems=15, elem type=char[])
ARR 500021ff (sz=22, trace=300000, nelems=11, elem type=char[])
ARR 50002201 (sz=16, trace=300000, nelems=0, elem type=java.net.NetworkInterface[]@500006bd)
ARR 50002202 (sz=24, trace=300000, nelems=1, elem type=java.net.InterfaceAddress[]@50000635)
	[0]		50001c2b
ARR 50002203 (sz=24, trace=300000, nelems=1, elem type=java.net.InetAddress[]@50001b6d)
	[0]		50001c29
OBJ 50002204 (sz=24, trace=300000, class=java.lang.String@50000096)
	value		50002205
ARR 50002205 (sz=6, trace=300000, nelems=3, elem type=char[])
OBJ 50002206 (sz=24, trace=300000, class=java.lang.String@50000096)
	value		50002210
OBJ 50002207 (sz=24, trace=300000, class=java.lang.String@50000096)
	value		50002211
OBJ 50002208 (sz=24, trace=300000, class=java.lang.String@50000096)
	value		50002212
OBJ 50002209 (sz=24, trace=300000, class=java.lang.String@50000096)
	value		50002213
OBJ 5000220b (sz=24, trace=300000, class=java.lang.String@50000096)
	value		50002214
OBJ 5000220c (sz=24, trace=300000, class=java.lang.String@50000096)
	value		50002215
OBJ 5000220d (sz=24, trace=300000, class=java.lang.String@50000096)
	value		50002216
OBJ 5000220e (sz=24, trace=300000, class=java.lang.String@50000096)
	value		50002217
OBJ 5000220f (sz=40, trace=300977, class=java.lang.ref.SoftReference@50000118)
	referent	500021c2
	queue		50001716
ARR 50002210 (sz=8, trace=300000, nelems=4, elem type=char[])
ARR 50002211 (sz=10, trace=300000, nelems=5, elem type=char[])
ARR 50002212 (sz=12, trace=300000, nelems=6, elem type=char[])
ARR 50002213 (sz=18, trace=300000, nelems=9, elem type=char[])
ARR 50002214 (sz=22, trace=300000, nelems=11, elem type=char[])
ARR 50002215 (sz=28, trace=300000, nelems=14, elem type=char[])
ARR 50002216 (sz=30, trace=300000, nelems=15, elem type=char[])
ARR 50002217 (sz=14, trace=300000, nelems=7, elem type=char[])
OBJ 50002218 (sz=24, trace=300000, class=java.lang.String@50000096)
	value		50002224
OBJ 50002219 (sz=24, trace=300000, class=java.lang.String@50000096)
	value		50002225
OBJ 5000221a (sz=24, trace=300000, class=java.lang.String@50000096)
	value		50002223
OBJ 5000221b (sz=24, trace=300000, class=java.lang.String@50000096)
	value		50002226
OBJ 5000221c (sz=56, trace=300983, class=java.lang.Package@50000c4c)
	pkgName		500021b0
	loader		5000119e
OBJ 5000221d (sz=32, trace=300984, class=java.util.HashMap$Entry@5000009e)
	key		500021b0
	value		5000221c
OBJ 5000221e (sz=24, trace=300000, class=java.lang.String@50000096)
	value		5000222b
OBJ 5000221f (sz=24, trace=300000, class=java.lang.String@50000096)
	value		5000222a
OBJ 50002220 (sz=24, trace=300000, class=java.lang.String@50000096)
	value		50002222
OBJ 50002221 (sz=24, trace=300000, class=java.lang.String@50000096)
	value		50002227
ARR 50002222 (sz=16, trace=300000, nelems=8, elem type=char[])
ARR 50002223 (sz=8, trace=300000, nelems=4, elem type=char[])
ARR 50002224 (sz=24, trace=300000, nelems=12, elem type=char[])
ARR 50002225 (sz=36, trace=300000, nelems=18, elem type=char[])
ARR 50002226 (sz=32, trace=300000, nelems=16, elem type=char[])
ARR 50002227 (sz=62, trace=300000, nelems=31, elem type=char[])
ARR 50002229 (sz=32, trace=300991, nelems=16, elem type=char[])
ARR 5000222a (sz=32, trace=300000, nelems=16, elem type=char[])
ARR 5000222b (sz=8, trace=300000, nelems=4, elem type=char[])
OBJ 5000222c (sz=24, trace=300000, class=java.lang.String@50000096)
	value		50002235
OBJ 5000222d (sz=24, trace=300000, class=java.lang.String@50000096)
	value		50002230
OBJ 5000222e (sz=24, trace=300000, class=java.lang.String@50000096)
	value		5000222f
ARR 5000222f (sz=14, trace=300000, nelems=7, elem type=char[])
ARR 50002230 (sz=24, trace=300000, nelems=12, elem type=char[])
ARR 50002233 (sz=128, trace=301000, nelems=64, elem type=char[])
ARR 50002234 (sz=256, trace=301001, nelems=256, elem type=byte[])
ARR 50002235 (sz=26, trace=300000, nelems=13, elem type=char[])
OBJ 50002236 (sz=24, trace=300000, class=java.lang.String@50000096)
	value		50002242
OBJ 50002237 (sz=24, trace=300000, class=java.lang.String@50000096)
	value		50002241
OBJ 50002238 (sz=24, trace=300000, class=java.lang.String@50000096)
	value		50002239
ARR 50002239 (sz=70, trace=300000, nelems=35, elem type=char[])
OBJ 5000223a (sz=64, trace=302555, class=SevenZip.Compression.LZMA.Encoder$Optimal@50000da3)
OBJ 5000223b (sz=64, trace=302555, class=SevenZip.Compression.LZMA.Encoder$Optimal@50000da3)
OBJ 5000223c (sz=64, trace=302555, class=SevenZip.Compression.LZMA.Encoder$Optimal@50000da3)
OBJ 5000223d (sz=64, trace=302555, class=SevenZip.Compression.LZMA.Encoder$Optimal@50000da3)
OBJ 5000223e (sz=64, trace=302555, class=SevenZip.Compression.LZMA.Encoder$Optimal@50000da3)
OBJ 5000223f (sz=64, trace=302555, class=SevenZip.Compression.LZMA.Encoder$Optimal@50000da3)
OBJ 50002240 (sz=64, trace=302555, class=SevenZip.Compression.LZMA.Encoder$Optimal@50000da3)
ARR 50002241 (sz=46, trace=300000, nelems=23, elem type=char[])
ARR 50002242 (sz=20, trace=300000, nelems=10, elem type=char[])
ARR 50002243 (sz=24, trace=300000, nelems=1, elem type=java.lang.annotation.Annotation[]@50003a77)
	[0]		500069fb
ARR 50002245 (sz=24, trace=300000, nelems=1, elem type=java.lang.annotation.Annotation[]@50003a77)
	[0]		50006e5e
OBJ 50002246 (sz=24, trace=301015, class=java.lang.String@50000096)
	value		50002247
ARR 50002247 (sz=64, trace=301016, nelems=32, elem type=char[])
ARR 50002248 (sz=32, trace=301017, nelems=16, elem type=char[])
OBJ 50002249 (sz=24, trace=300000, class=java.lang.String@50000096)
	value		5000224b
ARR 5000224a (sz=24, trace=300000, nelems=1, elem type=java.lang.annotation.Annotation[]@50003a77)
	[0]		50006817
ARR 5000224b (sz=110, trace=300000, nelems=55, elem type=char[])
OBJ 5000224c (sz=64, trace=302555, class=SevenZip.Compression.LZMA.Encoder$Optimal@50000da3)
OBJ 5000224d (sz=64, trace=302555, class=SevenZip.Compression.LZMA.Encoder$Optimal@50000da3)
OBJ 5000224e (sz=64, trace=302555, class=SevenZip.Compression.LZMA.Encoder$Optimal@50000da3)
OBJ 5000224f (sz=64, trace=302555, class=SevenZip.Compression.LZMA.Encoder$Optimal@50000da3)
OBJ 50002250 (sz=64, trace=302555, class=SevenZip.Compression.LZMA.Encoder$Optimal@50000da3)
OBJ 50002251 (sz=64, trace=302555, class=SevenZip.Compression.LZMA.Encoder$Optimal@50000da3)
OBJ 50002252 (sz=64, trace=302555, class=SevenZip.Compression.LZMA.Encoder$Optimal@50000da3)
OBJ 50002253 (sz=80, trace=300000, class=java.lang.reflect.Method@50000040)
	clazz		50001f47
	name		5000225a
	returnType	500011a8
	parameterTypes	50002255
	exceptionTypes	500011ad
	annotations	50002254
	methodAccessor	50000b26
ARR 50002254 (sz=6, trace=300000, nelems=6, elem type=byte[])
ARR 50002255 (sz=16, trace=300000, nelems=0, elem type=java.lang.Class[]@50000081)
OBJ 50002256 (sz=32, trace=300346, class=java.security.CodeSource@500000c0)
	location	500017a0
OBJ 50002257 (sz=32, trace=300372, class=java.security.Permissions@50000c6d)
	permsMap	50002258
OBJ 50002258 (sz=56, trace=300373, class=java.util.HashMap@5000010b)
	table		50002259
ARR 50002259 (sz=80, trace=300374, nelems=13, elem type=java.util.HashMap$Entry[]@5000009f)
	[7]		50002265
	[12]		5000226a
OBJ 5000225a (sz=24, trace=300000, class=java.lang.String@50000096)
	value		5000225b
ARR 5000225b (sz=42, trace=300000, nelems=21, elem type=char[])
OBJ 5000225c (sz=80, trace=300000, class=java.lang.reflect.Method@50000040)
	clazz		50001f47
	name		50002261
	returnType	500011a8
	parameterTypes	50002260
	exceptionTypes	5000225e
	annotations	5000225d
	methodAccessor	50008912
ARR 5000225d (sz=6, trace=300000, nelems=6, elem type=byte[])
ARR 5000225e (sz=24, trace=300000, nelems=1, elem type=java.lang.Class[]@50000081)
	[0]		500007ed
OBJ 5000225f (sz=32, trace=300391, class=java.io.FilePermission@50000ca0)
	name		500017a1
	cpath		500016a4
ARR 50002260 (sz=16, trace=300000, nelems=0, elem type=java.lang.Class[]@50000081)
OBJ 50002261 (sz=24, trace=300000, class=java.lang.String@50000096)
	value		50002273
OBJ 50002262 (sz=24, trace=300425, class=java.io.FilePermissionCollection@50000cbb)
	perms		50002263
OBJ 50002263 (sz=24, trace=300426, class=java.util.ArrayList@5000004e)
	elementData	50002264
ARR 50002264 (sz=56, trace=300427, nelems=1, elem type=java.lang.Object[]@500000a8)
	[0]		5000225f
OBJ 50002265 (sz=32, trace=300428, class=java.util.HashMap$Entry@5000009e)
	key		50000ca0
	value		50002262
OBJ 50002266 (sz=24, trace=300431, class=java.lang.RuntimePermission@50000111)
	name		50001232
	path		50001233
OBJ 50002267 (sz=32, trace=300456, class=java.security.BasicPermissionCollection@50000cd1)
	perms		50002268
	permClass	50000111
OBJ 50002268 (sz=56, trace=300457, class=java.util.HashMap@5000010b)
	table		50002269
ARR 50002269 (sz=80, trace=300458, nelems=14, elem type=java.util.HashMap$Entry[]@5000009f)
	[13]		5000226b
OBJ 5000226a (sz=32, trace=300428, class=java.util.HashMap$Entry@5000009e)
	key		50000111
	value		50002267
OBJ 5000226b (sz=32, trace=300459, class=java.util.HashMap$Entry@5000009e)
	key		50001234
	value		50002266
OBJ 5000226c (sz=40, trace=300460, class=java.security.ProtectionDomain@5000011f)
	codesource	50002256
	classloader	5000119e
	principals	5000226e
	permissions	50002257
	key		5000226d
OBJ 5000226d (sz=16, trace=300461, class=java.security.ProtectionDomain$Key@500000f2)
	this$0		5000226c
ARR 5000226e (sz=16, trace=300462, nelems=0, elem type=java.security.Principal[]@50000106)
OBJ 5000226f (sz=32, trace=300463, class=java.util.HashMap$Entry@5000009e)
	key		50002256
	value		5000226c
OBJ 50002270 (sz=24, trace=300464, class=java.lang.String@50000096)
	value		50002271
ARR 50002271 (sz=58, trace=300465, nelems=29, elem type=char[])
OBJ 50002272 (sz=32, trace=300468, class=java.util.concurrent.ConcurrentHashMap$HashEntry@50000115)
	key		50002270
	value		500013cb
ARR 50002273 (sz=34, trace=300000, nelems=17, elem type=char[])
OBJ 50002274 (sz=80, trace=300000, class=java.lang.reflect.Method@50000040)
	clazz		50001f47
	name		5000227e
	returnType	500011a8
	parameterTypes	50002276
	exceptionTypes	500011ad
	annotations	50002275
	methodAccessor	5000858e
ARR 50002275 (sz=6, trace=300000, nelems=6, elem type=byte[])
ARR 50002276 (sz=16, trace=300000, nelems=0, elem type=java.lang.Class[]@50000081)
OBJ 50002277 (sz=16, trace=300472, class=java.lang.Object@500000a7)
OBJ 50002278 (sz=32, trace=300024, class=java.util.concurrent.ConcurrentHashMap$HashEntry@50000115)
	key		50001469
	value		50002277
OBJ 50002279 (sz=16, trace=300474, class=java.lang.Object@500000a7)
OBJ 5000227a (sz=32, trace=300027, class=java.util.concurrent.ConcurrentHashMap$HashEntry@50000115)
	key		50001469
	value		50002279
OBJ 5000227b (sz=32, trace=300477, class=java.util.HashMap$Entry@5000009e)
	key		5000226c
	value		50001808
OBJ 5000227d (sz=16, trace=300870, class=java.lang.Object@500000a7)
OBJ 5000227e (sz=24, trace=300000, class=java.lang.String@50000096)
	value		5000227f
ARR 5000227f (sz=58, trace=300000, nelems=29, elem type=char[])
OBJ 50002280 (sz=16, trace=300871, class=java.lang.Object@500000a7)
OBJ 50002281 (sz=80, trace=300000, class=java.lang.reflect.Method@50000040)
	clazz		50001f47
	name		50002285
	returnType	500011a8
	parameterTypes	50002284
	exceptionTypes	50002283
	annotations	50002282
	methodAccessor	5000858a
ARR 50002282 (sz=6, trace=300000, nelems=6, elem type=byte[])
ARR 50002283 (sz=24, trace=300000, nelems=1, elem type=java.lang.Class[]@50000081)
	[0]		50000132
ARR 50002284 (sz=16, trace=300000, nelems=0, elem type=java.lang.Class[]@50000081)
OBJ 50002285 (sz=24, trace=300000, class=java.lang.String@50000096)
	value		50002286
ARR 50002286 (sz=10, trace=300000, nelems=5, elem type=char[])
OBJ 50002287 (sz=16, trace=300000, class=java.lang.Object@500000a7)
ARR 50002288 (sz=46, trace=300000, nelems=23, elem type=char[])
OBJ 5000233e (sz=64, trace=302555, class=SevenZip.Compression.LZMA.Encoder$Optimal@50000da3)
OBJ 5000233f (sz=64, trace=302555, class=SevenZip.Compression.LZMA.Encoder$Optimal@50000da3)
OBJ 50002340 (sz=64, trace=302555, class=SevenZip.Compression.LZMA.Encoder$Optimal@50000da3)
OBJ 50002341 (sz=64, trace=302555, class=SevenZip.Compression.LZMA.Encoder$Optimal@50000da3)
OBJ 50002342 (sz=64, trace=302555, class=SevenZip.Compression.LZMA.Encoder$Optimal@50000da3)
OBJ 50002343 (sz=64, trace=302555, class=SevenZip.Compression.LZMA.Encoder$Optimal@50000da3)
OBJ 50002344 (sz=64, trace=302555, class=SevenZip.Compression.LZMA.Encoder$Optimal@50000da3)
OBJ 50002352 (sz=16, trace=300870, class=java.lang.Object@500000a7)
OBJ 50002353 (sz=32, trace=300024, class=java.util.concurrent.ConcurrentHashMap$HashEntry@50000115)
	key		50001421
	value		50002352
	next		50001d64
OBJ 50002355 (sz=32, trace=300486, class=java.util.concurrent.ConcurrentHashMap$HashEntry@50000115)
	key		50001436
	value		50001022
OBJ 50002356 (sz=32, trace=300486, class=java.util.concurrent.ConcurrentHashMap$HashEntry@50000115)
	key		5000142a
	value		50001278
OBJ 50002357 (sz=16, trace=300871, class=java.lang.Object@500000a7)
OBJ 50002358 (sz=32, trace=300027, class=java.util.concurrent.ConcurrentHashMap$HashEntry@50000115)
	key		50001421
	value		50002357
	next		50001d66
OBJ 5000235a (sz=32, trace=300486, class=java.util.concurrent.ConcurrentHashMap$HashEntry@50000115)
	key		50001436
	value		50001024
OBJ 5000235b (sz=32, trace=300486, class=java.util.concurrent.ConcurrentHashMap$HashEntry@50000115)
	key		5000142a
	value		5000127a
OBJ 5000235f (sz=64, trace=302555, class=SevenZip.Compression.LZMA.Encoder$Optimal@50000da3)
OBJ 50002360 (sz=64, trace=302555, class=SevenZip.Compression.LZMA.Encoder$Optimal@50000da3)
OBJ 50002361 (sz=64, trace=302555, class=SevenZip.Compression.LZMA.Encoder$Optimal@50000da3)
OBJ 50002362 (sz=64, trace=302555, class=SevenZip.Compression.LZMA.Encoder$Optimal@50000da3)
OBJ 50002363 (sz=64, trace=302555, class=SevenZip.Compression.LZMA.Encoder$Optimal@50000da3)
OBJ 50002364 (sz=64, trace=302555, class=SevenZip.Compression.LZMA.Encoder$Optimal@50000da3)
OBJ 50002365 (sz=64, trace=302555, class=SevenZip.Compression.LZMA.Encoder$Optimal@50000da3)
OBJ 50002366 (sz=64, trace=302555, class=SevenZip.Compression.LZMA.Encoder$Optimal@50000da3)
OBJ 50002367 (sz=64, trace=302555, class=SevenZip.Compression.LZMA.Encoder$Optimal@50000da3)
OBJ 50002368 (sz=64, trace=302555, class=SevenZip.Compression.LZMA.Encoder$Optimal@50000da3)
OBJ 50002369 (sz=64, trace=302555, class=SevenZip.Compression.LZMA.Encoder$Optimal@50000da3)
OBJ 5000236a (sz=64, trace=302555, class=SevenZip.Compression.LZMA.Encoder$Optimal@50000da3)
OBJ 5000236f (sz=64, trace=302555, class=SevenZip.Compression.LZMA.Encoder$Optimal@50000da3)
OBJ 50002370 (sz=64, trace=302555, class=SevenZip.Compression.LZMA.Encoder$Optimal@50000da3)
OBJ 50002371 (sz=64, trace=302555, class=SevenZip.Compression.LZMA.Encoder$Optimal@50000da3)
OBJ 50002372 (sz=64, trace=302555, class=SevenZip.Compression.LZMA.Encoder$Optimal@50000da3)
OBJ 5000237e (sz=64, trace=302555, class=SevenZip.Compression.LZMA.Encoder$Optimal@50000da3)
OBJ 5000237f (sz=64, trace=302555, class=SevenZip.Compression.LZMA.Encoder$Optimal@50000da3)
OBJ 50002380 (sz=64, trace=302555, class=SevenZip.Compression.LZMA.Encoder$Optimal@50000da3)
OBJ 50002381 (sz=64, trace=302555, class=SevenZip.Compression.LZMA.Encoder$Optimal@50000da3)
OBJ 50002382 (sz=64, trace=302555, class=SevenZip.Compression.LZMA.Encoder$Optimal@50000da3)
OBJ 50002383 (sz=64, trace=302555, class=SevenZip.Compression.LZMA.Encoder$Optimal@50000da3)
OBJ 50002384 (sz=64, trace=302555, class=SevenZip.Compression.LZMA.Encoder$Optimal@50000da3)
OBJ 50002385 (sz=64, trace=302555, class=SevenZip.Compression.LZMA.Encoder$Optimal@50000da3)
OBJ 50002386 (sz=64, trace=302555, class=SevenZip.Compression.LZMA.Encoder$Optimal@50000da3)
OBJ 50002387 (sz=64, trace=302555, class=SevenZip.Compression.LZMA.Encoder$Optimal@50000da3)
OBJ 50002388 (sz=64, trace=302555, class=SevenZip.Compression.LZMA.Encoder$Optimal@50000da3)
OBJ 50002389 (sz=64, trace=302555, class=SevenZip.Compression.LZMA.Encoder$Optimal@50000da3)
OBJ 5000238a (sz=64, trace=302555, class=SevenZip.Compression.LZMA.Encoder$Optimal@50000da3)
OBJ 5000238b (sz=64, trace=302555, class=SevenZip.Compression.LZMA.Encoder$Optimal@50000da3)
OBJ 5000238c (sz=64, trace=302555, class=SevenZip.Compression.LZMA.Encoder$Optimal@50000da3)
OBJ 5000238d (sz=64, trace=302555, class=SevenZip.Compression.LZMA.Encoder$Optimal@50000da3)
OBJ 5000238e (sz=64, trace=302555, class=SevenZip.Compression.LZMA.Encoder$Optimal@50000da3)
OBJ 5000238f (sz=64, trace=302555, class=SevenZip.Compression.LZMA.Encoder$Optimal@50000da3)
OBJ 50002390 (sz=64, trace=302555, class=SevenZip.Compression.LZMA.Encoder$Optimal@50000da3)
OBJ 50002391 (sz=64, trace=302555, class=SevenZip.Compression.LZMA.Encoder$Optimal@50000da3)
OBJ 50002392 (sz=64, trace=302555, class=SevenZip.Compression.LZMA.Encoder$Optimal@50000da3)
OBJ 50002393 (sz=64, trace=302555, class=SevenZip.Compression.LZMA.Encoder$Optimal@50000da3)
OBJ 50002394 (sz=64, trace=302555, class=SevenZip.Compression.LZMA.Encoder$Optimal@50000da3)
OBJ 50002395 (sz=64, trace=302555, class=SevenZip.Compression.LZMA.Encoder$Optimal@50000da3)
OBJ 50002396 (sz=64, trace=302555, class=SevenZip.Compression.LZMA.Encoder$Optimal@50000da3)
OBJ 50002397 (sz=64, trace=302555, class=SevenZip.Compression.LZMA.Encoder$Optimal@50000da3)
OBJ 50002398 (sz=64, trace=302555, class=SevenZip.Compression.LZMA.Encoder$Optimal@50000da3)
OBJ 50002399 (sz=64, trace=302555, class=SevenZip.Compression.LZMA.Encoder$Optimal@50000da3)
OBJ 5000239a (sz=64, trace=302555, class=SevenZip.Compression.LZMA.Encoder$Optimal@50000da3)
OBJ 5000239b (sz=64, trace=302555, class=SevenZip.Compression.LZMA.Encoder$Optimal@50000da3)
OBJ 5000239c (sz=64, trace=302555, class=SevenZip.Compression.LZMA.Encoder$Optimal@50000da3)
OBJ 5000239d (sz=64, trace=302555, class=SevenZip.Compression.LZMA.Encoder$Optimal@50000da3)
OBJ 5000239e (sz=64, trace=302555, class=SevenZip.Compression.LZMA.Encoder$Optimal@50000da3)
OBJ 5000239f (sz=64, trace=302555, class=SevenZip.Compression.LZMA.Encoder$Optimal@50000da3)
OBJ 500023a0 (sz=64, trace=302555, class=SevenZip.Compression.LZMA.Encoder$Optimal@50000da3)
OBJ 500023a1 (sz=64, trace=302555, class=SevenZip.Compression.LZMA.Encoder$Optimal@50000da3)
OBJ 500023a2 (sz=64, trace=302555, class=SevenZip.Compression.LZMA.Encoder$Optimal@50000da3)
OBJ 500023a3 (sz=64, trace=302555, class=SevenZip.Compression.LZMA.Encoder$Optimal@50000da3)
OBJ 500023a4 (sz=64, trace=302555, class=SevenZip.Compression.LZMA.Encoder$Optimal@50000da3)
OBJ 500023a5 (sz=64, trace=302555, class=SevenZip.Compression.LZMA.Encoder$Optimal@50000da3)
OBJ 500023a6 (sz=64, trace=302555, class=SevenZip.Compression.LZMA.Encoder$Optimal@50000da3)
OBJ 500023a7 (sz=64, trace=302555, class=SevenZip.Compression.LZMA.Encoder$Optimal@50000da3)
OBJ 500023a8 (sz=64, trace=302555, class=SevenZip.Compression.LZMA.Encoder$Optimal@50000da3)
OBJ 500023a9 (sz=64, trace=302555, class=SevenZip.Compression.LZMA.Encoder$Optimal@50000da3)
OBJ 500023aa (sz=64, trace=302555, class=SevenZip.Compression.LZMA.Encoder$Optimal@50000da3)
OBJ 500023ab (sz=64, trace=302555, class=SevenZip.Compression.LZMA.Encoder$Optimal@50000da3)
OBJ 500023ac (sz=64, trace=302555, class=SevenZip.Compression.LZMA.Encoder$Optimal@50000da3)
OBJ 500023ad (sz=64, trace=302555, class=SevenZip.Compression.LZMA.Encoder$Optimal@50000da3)
OBJ 500023ae (sz=64, trace=302555, class=SevenZip.Compression.LZMA.Encoder$Optimal@50000da3)
OBJ 500023af (sz=64, trace=302555, class=SevenZip.Compression.LZMA.Encoder$Optimal@50000da3)
OBJ 500023b0 (sz=64, trace=302555, class=SevenZip.Compression.LZMA.Encoder$Optimal@50000da3)
OBJ 500023b1 (sz=64, trace=302555, class=SevenZip.Compression.LZMA.Encoder$Optimal@50000da3)
OBJ 500023b2 (sz=64, trace=302555, class=SevenZip.Compression.LZMA.Encoder$Optimal@50000da3)
OBJ 500023b3 (sz=64, trace=302555, class=SevenZip.Compression.LZMA.Encoder$Optimal@50000da3)
OBJ 500023b4 (sz=64, trace=302555, class=SevenZip.Compression.LZMA.Encoder$Optimal@50000da3)
OBJ 500023b5 (sz=64, trace=302555, class=SevenZip.Compression.LZMA.Encoder$Optimal@50000da3)
OBJ 500023b6 (sz=64, trace=302555, class=SevenZip.Compression.LZMA.Encoder$Optimal@50000da3)
OBJ 500023b7 (sz=64, trace=302555, class=SevenZip.Compression.LZMA.Encoder$Optimal@50000da3)
OBJ 500023b8 (sz=64, trace=302555, class=SevenZip.Compression.LZMA.Encoder$Optimal@50000da3)
OBJ 500023b9 (sz=64, trace=302555, class=SevenZip.Compression.LZMA.Encoder$Optimal@50000da3)
OBJ 500023ba (sz=64, trace=302555, class=SevenZip.Compression.LZMA.Encoder$Optimal@50000da3)
OBJ 500023bb (sz=64, trace=302555, class=SevenZip.Compression.LZMA.Encoder$Optimal@50000da3)
OBJ 500023bc (sz=64, trace=302555, class=SevenZip.Compression.LZMA.Encoder$Optimal@50000da3)
OBJ 500023bd (sz=64, trace=302555, class=SevenZip.Compression.LZMA.Encoder$Optimal@50000da3)
OBJ 500023be (sz=64, trace=302555, class=SevenZip.Compression.LZMA.Encoder$Optimal@50000da3)
OBJ 500023bf (sz=64, trace=302555, class=SevenZip.Compression.LZMA.Encoder$Optimal@50000da3)
OBJ 500023c0 (sz=64, trace=302555, class=SevenZip.Compression.LZMA.Encoder$Optimal@50000da3)
OBJ 500023c1 (sz=64, trace=302555, class=SevenZip.Compression.LZMA.Encoder$Optimal@50000da3)
OBJ 500023c2 (sz=64, trace=302555, class=SevenZip.Compression.LZMA.Encoder$Optimal@50000da3)
OBJ 500023c3 (sz=64, trace=302555, class=SevenZip.Compression.LZMA.Encoder$Optimal@50000da3)
OBJ 500023c4 (sz=64, trace=302555, class=SevenZip.Compression.LZMA.Encoder$Optimal@50000da3)
OBJ 500023c5 (sz=64, trace=302555, class=SevenZip.Compression.LZMA.Encoder$Optimal@50000da3)
OBJ 500023c6 (sz=64, trace=302555, class=SevenZip.Compression.LZMA.Encoder$Optimal@50000da3)
OBJ 500023c7 (sz=64, trace=302555, class=SevenZip.Compression.LZMA.Encoder$Optimal@50000da3)
OBJ 500023c8 (sz=64, trace=302555, class=SevenZip.Compression.LZMA.Encoder$Optimal@50000da3)
OBJ 500023c9 (sz=64, trace=302555, class=SevenZip.Compression.LZMA.Encoder$Optimal@50000da3)
OBJ 500023ca (sz=64, trace=302555, class=SevenZip.Compression.LZMA.Encoder$Optimal@50000da3)
OBJ 500023cb (sz=64, trace=302555, class=SevenZip.Compression.LZMA.Encoder$Optimal@50000da3)
OBJ 500023cc (sz=64, trace=302555, class=SevenZip.Compression.LZMA.Encoder$Optimal@50000da3)
OBJ 500023cd (sz=64, trace=302555, class=SevenZip.Compression.LZMA.Encoder$Optimal@50000da3)
OBJ 500023ce (sz=64, trace=302555, class=SevenZip.Compression.LZMA.Encoder$Optimal@50000da3)
OBJ 500023cf (sz=64, trace=302555, class=SevenZip.Compression.LZMA.Encoder$Optimal@50000da3)
OBJ 500023d0 (sz=64, trace=302555, class=SevenZip.Compression.LZMA.Encoder$Optimal@50000da3)
OBJ 500023d1 (sz=64, trace=302555, class=SevenZip.Compression.LZMA.Encoder$Optimal@50000da3)
OBJ 500023d2 (sz=64, trace=302555, class=SevenZip.Compression.LZMA.Encoder$Optimal@50000da3)
OBJ 500023d3 (sz=64, trace=302555, class=SevenZip.Compression.LZMA.Encoder$Optimal@50000da3)
OBJ 500023d4 (sz=64, trace=302555, class=SevenZip.Compression.LZMA.Encoder$Optimal@50000da3)
OBJ 500023d5 (sz=64, trace=302555, class=SevenZip.Compression.LZMA.Encoder$Optimal@50000da3)
OBJ 500023d6 (sz=64, trace=302555, class=SevenZip.Compression.LZMA.Encoder$Optimal@50000da3)
OBJ 500023d7 (sz=64, trace=302555, class=SevenZip.Compression.LZMA.Encoder$Optimal@50000da3)
OBJ 500023d8 (sz=64, trace=302555, class=SevenZip.Compression.LZMA.Encoder$Optimal@50000da3)
OBJ 500023d9 (sz=64, trace=302555, class=SevenZip.Compression.LZMA.Encoder$Optimal@50000da3)
OBJ 500023da (sz=64, trace=302555, class=SevenZip.Compression.LZMA.Encoder$Optimal@50000da3)
OBJ 500023db (sz=64, trace=302555, class=SevenZip.Compression.LZMA.Encoder$Optimal@50000da3)
OBJ 500023dc (sz=64, trace=302555, class=SevenZip.Compression.LZMA.Encoder$Optimal@50000da3)
OBJ 500023dd (sz=64, trace=302555, class=SevenZip.Compression.LZMA.Encoder$Optimal@50000da3)
OBJ 500023de (sz=64, trace=302555, class=SevenZip.Compression.LZMA.Encoder$Optimal@50000da3)
OBJ 500023df (sz=64, trace=302555, class=SevenZip.Compression.LZMA.Encoder$Optimal@50000da3)
OBJ 500023e0 (sz=64, trace=302555, class=SevenZip.Compression.LZMA.Encoder$Optimal@50000da3)
OBJ 500023e1 (sz=64, trace=302555, class=SevenZip.Compression.LZMA.Encoder$Optimal@50000da3)
OBJ 500023e2 (sz=64, trace=302555, class=SevenZip.Compression.LZMA.Encoder$Optimal@50000da3)
OBJ 500023e3 (sz=64, trace=302555, class=SevenZip.Compression.LZMA.Encoder$Optimal@50000da3)
OBJ 500023e4 (sz=64, trace=302555, class=SevenZip.Compression.LZMA.Encoder$Optimal@50000da3)
OBJ 500023e5 (sz=64, trace=302555, class=SevenZip.Compression.LZMA.Encoder$Optimal@50000da3)
OBJ 500023e6 (sz=64, trace=302555, class=SevenZip.Compression.LZMA.Encoder$Optimal@50000da3)
OBJ 500023e7 (sz=64, trace=302555, class=SevenZip.Compression.LZMA.Encoder$Optimal@50000da3)
OBJ 500023e8 (sz=64, trace=302555, class=SevenZip.Compression.LZMA.Encoder$Optimal@50000da3)
OBJ 500023e9 (sz=64, trace=302555, class=SevenZip.Compression.LZMA.Encoder$Optimal@50000da3)
OBJ 500023ea (sz=64, trace=302555, class=SevenZip.Compression.LZMA.Encoder$Optimal@50000da3)
ARR 500023eb (sz=32, trace=302566, nelems=0, elem type=java.lang.Thread[]@50000084)
ARR 500023ec (sz=1024, trace=302567, nelems=256, elem type=int[])
OBJ 500023ed (sz=64, trace=302555, class=SevenZip.Compression.LZMA.Encoder$Optimal@50000da3)
OBJ 500023ee (sz=16, trace=302569, class=java.lang.Object@500000a7)
OBJ 500023ef (sz=32, trace=300024, class=java.util.concurrent.ConcurrentHashMap$HashEntry@50000115)
	key		500013ec
	value		500023ee
	next		50000922
OBJ 500023f0 (sz=16, trace=302570, class=java.lang.Object@500000a7)
OBJ 500023f1 (sz=32, trace=300027, class=java.util.concurrent.ConcurrentHashMap$HashEntry@50000115)
	key		500013ec
	value		500023f0
	next		50000926
OBJ 500023f2 (sz=64, trace=302555, class=SevenZip.Compression.LZMA.Encoder$Optimal@50000da3)
OBJ 500023f3 (sz=64, trace=302555, class=SevenZip.Compression.LZMA.Encoder$Optimal@50000da3)
OBJ 500023f4 (sz=64, trace=302555, class=SevenZip.Compression.LZMA.Encoder$Optimal@50000da3)
OBJ 500023f5 (sz=64, trace=302555, class=SevenZip.Compression.LZMA.Encoder$Optimal@50000da3)
OBJ 500023f6 (sz=64, trace=302555, class=SevenZip.Compression.LZMA.Encoder$Optimal@50000da3)
OBJ 500023f7 (sz=64, trace=302555, class=SevenZip.Compression.LZMA.Encoder$Optimal@50000da3)
OBJ 500023f8 (sz=64, trace=302555, class=SevenZip.Compression.LZMA.Encoder$Optimal@50000da3)
OBJ 500023f9 (sz=64, trace=302555, class=SevenZip.Compression.LZMA.Encoder$Optimal@50000da3)
OBJ 500023fa (sz=64, trace=302555, class=SevenZip.Compression.LZMA.Encoder$Optimal@50000da3)
OBJ 500023fb (sz=64, trace=302555, class=SevenZip.Compression.LZMA.Encoder$Optimal@50000da3)
OBJ 500023fc (sz=64, trace=302555, class=SevenZip.Compression.LZMA.Encoder$Optimal@50000da3)
OBJ 500023fd (sz=64, trace=302555, class=SevenZip.Compression.LZMA.Encoder$Optimal@50000da3)
OBJ 500023fe (sz=64, trace=302555, class=SevenZip.Compression.LZMA.Encoder$Optimal@50000da3)
OBJ 500023ff (sz=64, trace=302555, class=SevenZip.Compression.LZMA.Encoder$Optimal@50000da3)
OBJ 50002400 (sz=64, trace=302555, class=SevenZip.Compression.LZMA.Encoder$Optimal@50000da3)
OBJ 50002401 (sz=64, trace=302555, class=SevenZip.Compression.LZMA.Encoder$Optimal@50000da3)
OBJ 50002402 (sz=64, trace=302555, class=SevenZip.Compression.LZMA.Encoder$Optimal@50000da3)
OBJ 50002403 (sz=64, trace=302555, class=SevenZip.Compression.LZMA.Encoder$Optimal@50000da3)
OBJ 50002404 (sz=64, trace=302555, class=SevenZip.Compression.LZMA.Encoder$Optimal@50000da3)
OBJ 50002405 (sz=64, trace=302555, class=SevenZip.Compression.LZMA.Encoder$Optimal@50000da3)
OBJ 50002406 (sz=64, trace=302555, class=SevenZip.Compression.LZMA.Encoder$Optimal@50000da3)
OBJ 50002407 (sz=64, trace=302555, class=SevenZip.Compression.LZMA.Encoder$Optimal@50000da3)
OBJ 50002408 (sz=64, trace=302555, class=SevenZip.Compression.LZMA.Encoder$Optimal@50000da3)
OBJ 50002409 (sz=64, trace=302555, class=SevenZip.Compression.LZMA.Encoder$Optimal@50000da3)
OBJ 5000240a (sz=64, trace=302555, class=SevenZip.Compression.LZMA.Encoder$Optimal@50000da3)
OBJ 5000240b (sz=64, trace=302555, class=SevenZip.Compression.LZMA.Encoder$Optimal@50000da3)
OBJ 5000240c (sz=64, trace=302555, class=SevenZip.Compression.LZMA.Encoder$Optimal@50000da3)
OBJ 5000240d (sz=64, trace=302555, class=SevenZip.Compression.LZMA.Encoder$Optimal@50000da3)
OBJ 5000240e (sz=64, trace=302555, class=SevenZip.Compression.LZMA.Encoder$Optimal@50000da3)
OBJ 5000240f (sz=64, trace=302555, class=SevenZip.Compression.LZMA.Encoder$Optimal@50000da3)
OBJ 50002410 (sz=64, trace=302555, class=SevenZip.Compression.LZMA.Encoder$Optimal@50000da3)
OBJ 50002411 (sz=64, trace=302555, class=SevenZip.Compression.LZMA.Encoder$Optimal@50000da3)
OBJ 50002412 (sz=64, trace=302555, class=SevenZip.Compression.LZMA.Encoder$Optimal@50000da3)
OBJ 50002413 (sz=64, trace=302555, class=SevenZip.Compression.LZMA.Encoder$Optimal@50000da3)
OBJ 50002414 (sz=64, trace=302555, class=SevenZip.Compression.LZMA.Encoder$Optimal@50000da3)
OBJ 50002415 (sz=64, trace=302555, class=SevenZip.Compression.LZMA.Encoder$Optimal@50000da3)
OBJ 50002416 (sz=64, trace=302555, class=SevenZip.Compression.LZMA.Encoder$Optimal@50000da3)
OBJ 50002417 (sz=64, trace=302555, class=SevenZip.Compression.LZMA.Encoder$Optimal@50000da3)
OBJ 50002418 (sz=64, trace=302555, class=SevenZip.Compression.LZMA.Encoder$Optimal@50000da3)
OBJ 50002419 (sz=64, trace=302555, class=SevenZip.Compression.LZMA.Encoder$Optimal@50000da3)
OBJ 5000241a (sz=64, trace=302555, class=SevenZip.Compression.LZMA.Encoder$Optimal@50000da3)
OBJ 5000241b (sz=64, trace=302555, class=SevenZip.Compression.LZMA.Encoder$Optimal@50000da3)
OBJ 5000241c (sz=64, trace=302555, class=SevenZip.Compression.LZMA.Encoder$Optimal@50000da3)
OBJ 5000241d (sz=64, trace=302555, class=SevenZip.Compression.LZMA.Encoder$Optimal@50000da3)
OBJ 5000241e (sz=64, trace=302555, class=SevenZip.Compression.LZMA.Encoder$Optimal@50000da3)
OBJ 5000241f (sz=64, trace=302555, class=SevenZip.Compression.LZMA.Encoder$Optimal@50000da3)
OBJ 50002420 (sz=64, trace=302555, class=SevenZip.Compression.LZMA.Encoder$Optimal@50000da3)
OBJ 50002421 (sz=64, trace=302555, class=SevenZip.Compression.LZMA.Encoder$Optimal@50000da3)
OBJ 50002422 (sz=64, trace=302555, class=SevenZip.Compression.LZMA.Encoder$Optimal@50000da3)
OBJ 50002423 (sz=64, trace=302555, class=SevenZip.Compression.LZMA.Encoder$Optimal@50000da3)
OBJ 50002424 (sz=64, trace=302555, class=SevenZip.Compression.LZMA.Encoder$Optimal@50000da3)
OBJ 50002425 (sz=64, trace=302555, class=SevenZip.Compression.LZMA.Encoder$Optimal@50000da3)
OBJ 50002426 (sz=64, trace=302555, class=SevenZip.Compression.LZMA.Encoder$Optimal@50000da3)
OBJ 50002427 (sz=64, trace=302555, class=SevenZip.Compression.LZMA.Encoder$Optimal@50000da3)
OBJ 50002428 (sz=64, trace=302555, class=SevenZip.Compression.LZMA.Encoder$Optimal@50000da3)
OBJ 50002429 (sz=64, trace=302555, class=SevenZip.Compression.LZMA.Encoder$Optimal@50000da3)
OBJ 5000242a (sz=64, trace=302555, class=SevenZip.Compression.LZMA.Encoder$Optimal@50000da3)
OBJ 5000242b (sz=64, trace=302555, class=SevenZip.Compression.LZMA.Encoder$Optimal@50000da3)
OBJ 5000242d (sz=16, trace=300870, class=java.lang.Object@500000a7)
OBJ 5000242e (sz=64, trace=302555, class=SevenZip.Compression.LZMA.Encoder$Optimal@50000da3)
OBJ 5000242f (sz=16, trace=300871, class=java.lang.Object@500000a7)
OBJ 50002430 (sz=64, trace=302555, class=SevenZip.Compression.LZMA.Encoder$Optimal@50000da3)
OBJ 50002431 (sz=64, trace=302555, class=SevenZip.Compression.LZMA.Encoder$Optimal@50000da3)
OBJ 50002432 (sz=64, trace=302555, class=SevenZip.Compression.LZMA.Encoder$Optimal@50000da3)
OBJ 50002433 (sz=64, trace=302555, class=SevenZip.Compression.LZMA.Encoder$Optimal@50000da3)
OBJ 50002434 (sz=64, trace=302555, class=SevenZip.Compression.LZMA.Encoder$Optimal@50000da3)
OBJ 50002435 (sz=64, trace=302555, class=SevenZip.Compression.LZMA.Encoder$Optimal@50000da3)
OBJ 50002436 (sz=64, trace=302555, class=SevenZip.Compression.LZMA.Encoder$Optimal@50000da3)
OBJ 50002437 (sz=64, trace=302555, class=SevenZip.Compression.LZMA.Encoder$Optimal@50000da3)
OBJ 50002438 (sz=64, trace=302555, class=SevenZip.Compression.LZMA.Encoder$Optimal@50000da3)
OBJ 50002439 (sz=64, trace=302555, class=SevenZip.Compression.LZMA.Encoder$Optimal@50000da3)
OBJ 5000243a (sz=64, trace=302555, class=SevenZip.Compression.LZMA.Encoder$Optimal@50000da3)
OBJ 5000243b (sz=64, trace=302555, class=SevenZip.Compression.LZMA.Encoder$Optimal@50000da3)
OBJ 5000243c (sz=64, trace=302555, class=SevenZip.Compression.LZMA.Encoder$Optimal@50000da3)
OBJ 5000243d (sz=64, trace=302555, class=SevenZip.Compression.LZMA.Encoder$Optimal@50000da3)
OBJ 5000243e (sz=64, trace=302555, class=SevenZip.Compression.LZMA.Encoder$Optimal@50000da3)
OBJ 5000243f (sz=64, trace=302555, class=SevenZip.Compression.LZMA.Encoder$Optimal@50000da3)
OBJ 50002440 (sz=64, trace=302555, class=SevenZip.Compression.LZMA.Encoder$Optimal@50000da3)
OBJ 50002441 (sz=64, trace=302555, class=SevenZip.Compression.LZMA.Encoder$Optimal@50000da3)
OBJ 50002442 (sz=64, trace=302555, class=SevenZip.Compression.LZMA.Encoder$Optimal@50000da3)
OBJ 50002443 (sz=64, trace=302555, class=SevenZip.Compression.LZMA.Encoder$Optimal@50000da3)
OBJ 50002444 (sz=64, trace=302555, class=SevenZip.Compression.LZMA.Encoder$Optimal@50000da3)
OBJ 50002445 (sz=64, trace=302555, class=SevenZip.Compression.LZMA.Encoder$Optimal@50000da3)
OBJ 50002446 (sz=64, trace=302555, class=SevenZip.Compression.LZMA.Encoder$Optimal@50000da3)
OBJ 50002447 (sz=64, trace=302555, class=SevenZip.Compression.LZMA.Encoder$Optimal@50000da3)
OBJ 50002448 (sz=64, trace=302555, class=SevenZip.Compression.LZMA.Encoder$Optimal@50000da3)
OBJ 50002449 (sz=64, trace=302555, class=SevenZip.Compression.LZMA.Encoder$Optimal@50000da3)
OBJ 5000244a (sz=64, trace=302555, class=SevenZip.Compression.LZMA.Encoder$Optimal@50000da3)
OBJ 5000244b (sz=64, trace=302555, class=SevenZip.Compression.LZMA.Encoder$Optimal@50000da3)
OBJ 5000244c (sz=64, trace=302555, class=SevenZip.Compression.LZMA.Encoder$Optimal@50000da3)
OBJ 5000244d (sz=64, trace=302555, class=SevenZip.Compression.LZMA.Encoder$Optimal@50000da3)
OBJ 5000244e (sz=64, trace=302555, class=SevenZip.Compression.LZMA.Encoder$Optimal@50000da3)
OBJ 5000244f (sz=64, trace=302555, class=SevenZip.Compression.LZMA.Encoder$Optimal@50000da3)
OBJ 50002450 (sz=64, trace=302555, class=SevenZip.Compression.LZMA.Encoder$Optimal@50000da3)
OBJ 50002451 (sz=64, trace=302555, class=SevenZip.Compression.LZMA.Encoder$Optimal@50000da3)
OBJ 50002452 (sz=64, trace=302555, class=SevenZip.Compression.LZMA.Encoder$Optimal@50000da3)
OBJ 50002453 (sz=64, trace=302555, class=SevenZip.Compression.LZMA.Encoder$Optimal@50000da3)
OBJ 50002454 (sz=64, trace=302555, class=SevenZip.Compression.LZMA.Encoder$Optimal@50000da3)
OBJ 50002455 (sz=64, trace=302555, class=SevenZip.Compression.LZMA.Encoder$Optimal@50000da3)
OBJ 50002456 (sz=64, trace=302555, class=SevenZip.Compression.LZMA.Encoder$Optimal@50000da3)
OBJ 50002457 (sz=64, trace=302555, class=SevenZip.Compression.LZMA.Encoder$Optimal@50000da3)
OBJ 50002458 (sz=64, trace=302555, class=SevenZip.Compression.LZMA.Encoder$Optimal@50000da3)
OBJ 50002459 (sz=64, trace=302555, class=SevenZip.Compression.LZMA.Encoder$Optimal@50000da3)
OBJ 5000245a (sz=64, trace=302555, class=SevenZip.Compression.LZMA.Encoder$Optimal@50000da3)
OBJ 5000245b (sz=64, trace=302555, class=SevenZip.Compression.LZMA.Encoder$Optimal@50000da3)
OBJ 5000245c (sz=64, trace=302555, class=SevenZip.Compression.LZMA.Encoder$Optimal@50000da3)
OBJ 5000245d (sz=64, trace=302555, class=SevenZip.Compression.LZMA.Encoder$Optimal@50000da3)
OBJ 5000245e (sz=64, trace=302555, class=SevenZip.Compression.LZMA.Encoder$Optimal@50000da3)
OBJ 5000245f (sz=64, trace=302555, class=SevenZip.Compression.LZMA.Encoder$Optimal@50000da3)
OBJ 50002460 (sz=64, trace=302555, class=SevenZip.Compression.LZMA.Encoder$Optimal@50000da3)
OBJ 50002461 (sz=64, trace=302555, class=SevenZip.Compression.LZMA.Encoder$Optimal@50000da3)
OBJ 50002462 (sz=64, trace=302555, class=SevenZip.Compression.LZMA.Encoder$Optimal@50000da3)
OBJ 50002463 (sz=64, trace=302555, class=SevenZip.Compression.LZMA.Encoder$Optimal@50000da3)
OBJ 50002464 (sz=64, trace=302555, class=SevenZip.Compression.LZMA.Encoder$Optimal@50000da3)
OBJ 50002465 (sz=64, trace=302555, class=SevenZip.Compression.LZMA.Encoder$Optimal@50000da3)
OBJ 50002466 (sz=64, trace=302555, class=SevenZip.Compression.LZMA.Encoder$Optimal@50000da3)
OBJ 50002467 (sz=64, trace=302555, class=SevenZip.Compression.LZMA.Encoder$Optimal@50000da3)
OBJ 50002468 (sz=64, trace=302555, class=SevenZip.Compression.LZMA.Encoder$Optimal@50000da3)
OBJ 50002469 (sz=64, trace=302555, class=SevenZip.Compression.LZMA.Encoder$Optimal@50000da3)
OBJ 5000246a (sz=64, trace=302555, class=SevenZip.Compression.LZMA.Encoder$Optimal@50000da3)
OBJ 5000246b (sz=64, trace=302555, class=SevenZip.Compression.LZMA.Encoder$Optimal@50000da3)
OBJ 5000246c (sz=64, trace=302555, class=SevenZip.Compression.LZMA.Encoder$Optimal@50000da3)
OBJ 5000246d (sz=64, trace=302555, class=SevenZip.Compression.LZMA.Encoder$Optimal@50000da3)
OBJ 5000246e (sz=64, trace=302555, class=SevenZip.Compression.LZMA.Encoder$Optimal@50000da3)
OBJ 5000246f (sz=64, trace=302555, class=SevenZip.Compression.LZMA.Encoder$Optimal@50000da3)
ARR 50002470 (sz=24, trace=302574, nelems=2, elem type=java.lang.Object[]@500000a8)
	[0]		5000119b
	[1]		50001d9b
OBJ 50002471 (sz=64, trace=302555, class=SevenZip.Compression.LZMA.Encoder$Optimal@50000da3)
OBJ 50002472 (sz=64, trace=302555, class=SevenZip.Compression.LZMA.Encoder$Optimal@50000da3)
OBJ 50002473 (sz=64, trace=302555, class=SevenZip.Compression.LZMA.Encoder$Optimal@50000da3)
OBJ 50002474 (sz=64, trace=302555, class=SevenZip.Compression.LZMA.Encoder$Optimal@50000da3)
OBJ 50002475 (sz=64, trace=302555, class=SevenZip.Compression.LZMA.Encoder$Optimal@50000da3)
OBJ 50002476 (sz=64, trace=302555, class=SevenZip.Compression.LZMA.Encoder$Optimal@50000da3)
OBJ 50002477 (sz=64, trace=302555, class=SevenZip.Compression.LZMA.Encoder$Optimal@50000da3)
OBJ 50002478 (sz=64, trace=302555, class=SevenZip.Compression.LZMA.Encoder$Optimal@50000da3)
OBJ 50002479 (sz=64, trace=302555, class=SevenZip.Compression.LZMA.Encoder$Optimal@50000da3)
OBJ 5000247a (sz=64, trace=302555, class=SevenZip.Compression.LZMA.Encoder$Optimal@50000da3)
OBJ 5000247b (sz=64, trace=302555, class=SevenZip.Compression.LZMA.Encoder$Optimal@50000da3)
OBJ 5000247c (sz=64, trace=302555, class=SevenZip.Compression.LZMA.Encoder$Optimal@50000da3)
OBJ 5000247d (sz=64, trace=302555, class=SevenZip.Compression.LZMA.Encoder$Optimal@50000da3)
OBJ 5000247e (sz=64, trace=302555, class=SevenZip.Compression.LZMA.Encoder$Optimal@50000da3)
OBJ 5000247f (sz=64, trace=302555, class=SevenZip.Compression.LZMA.Encoder$Optimal@50000da3)
OBJ 50002480 (sz=64, trace=302555, class=SevenZip.Compression.LZMA.Encoder$Optimal@50000da3)
OBJ 50002481 (sz=64, trace=302555, class=SevenZip.Compression.LZMA.Encoder$Optimal@50000da3)
OBJ 50002482 (sz=64, trace=302555, class=SevenZip.Compression.LZMA.Encoder$Optimal@50000da3)
OBJ 50002483 (sz=64, trace=302555, class=SevenZip.Compression.LZMA.Encoder$Optimal@50000da3)
OBJ 50002484 (sz=64, trace=302555, class=SevenZip.Compression.LZMA.Encoder$Optimal@50000da3)
OBJ 50002485 (sz=64, trace=302555, class=SevenZip.Compression.LZMA.Encoder$Optimal@50000da3)
OBJ 50002486 (sz=64, trace=302555, class=SevenZip.Compression.LZMA.Encoder$Optimal@50000da3)
OBJ 50002487 (sz=64, trace=302555, class=SevenZip.Compression.LZMA.Encoder$Optimal@50000da3)
OBJ 50002488 (sz=64, trace=302555, class=SevenZip.Compression.LZMA.Encoder$Optimal@50000da3)
OBJ 50002489 (sz=64, trace=302555, class=SevenZip.Compression.LZMA.Encoder$Optimal@50000da3)
OBJ 5000248a (sz=64, trace=302555, class=SevenZip.Compression.LZMA.Encoder$Optimal@50000da3)
OBJ 5000248b (sz=64, trace=302555, class=SevenZip.Compression.LZMA.Encoder$Optimal@50000da3)
OBJ 5000248c (sz=64, trace=302555, class=SevenZip.Compression.LZMA.Encoder$Optimal@50000da3)
OBJ 5000248d (sz=64, trace=302555, class=SevenZip.Compression.LZMA.Encoder$Optimal@50000da3)
OBJ 5000248e (sz=64, trace=302555, class=SevenZip.Compression.LZMA.Encoder$Optimal@50000da3)
OBJ 5000248f (sz=64, trace=302555, class=SevenZip.Compression.LZMA.Encoder$Optimal@50000da3)
OBJ 50002490 (sz=64, trace=302555, class=SevenZip.Compression.LZMA.Encoder$Optimal@50000da3)
OBJ 50002491 (sz=64, trace=302555, class=SevenZip.Compression.LZMA.Encoder$Optimal@50000da3)
OBJ 50002492 (sz=64, trace=302555, class=SevenZip.Compression.LZMA.Encoder$Optimal@50000da3)
OBJ 50002493 (sz=64, trace=302555, class=SevenZip.Compression.LZMA.Encoder$Optimal@50000da3)
OBJ 50002494 (sz=64, trace=302555, class=SevenZip.Compression.LZMA.Encoder$Optimal@50000da3)
OBJ 50002495 (sz=64, trace=302555, class=SevenZip.Compression.LZMA.Encoder$Optimal@50000da3)
OBJ 50002496 (sz=64, trace=302555, class=SevenZip.Compression.LZMA.Encoder$Optimal@50000da3)
OBJ 50002497 (sz=64, trace=302555, class=SevenZip.Compression.LZMA.Encoder$Optimal@50000da3)
OBJ 50002498 (sz=64, trace=302555, class=SevenZip.Compression.LZMA.Encoder$Optimal@50000da3)
OBJ 50002499 (sz=64, trace=302555, class=SevenZip.Compression.LZMA.Encoder$Optimal@50000da3)
OBJ 5000249a (sz=64, trace=302555, class=SevenZip.Compression.LZMA.Encoder$Optimal@50000da3)
OBJ 5000249b (sz=64, trace=302555, class=SevenZip.Compression.LZMA.Encoder$Optimal@50000da3)
OBJ 5000249c (sz=64, trace=302555, class=SevenZip.Compression.LZMA.Encoder$Optimal@50000da3)
OBJ 5000249d (sz=64, trace=302555, class=SevenZip.Compression.LZMA.Encoder$Optimal@50000da3)
OBJ 5000249e (sz=64, trace=302555, class=SevenZip.Compression.LZMA.Encoder$Optimal@50000da3)
OBJ 5000249f (sz=64, trace=302555, class=SevenZip.Compression.LZMA.Encoder$Optimal@50000da3)
OBJ 500024a0 (sz=64, trace=302555, class=SevenZip.Compression.LZMA.Encoder$Optimal@50000da3)
OBJ 500024a1 (sz=64, trace=302555, class=SevenZip.Compression.LZMA.Encoder$Optimal@50000da3)
OBJ 500024a2 (sz=64, trace=302555, class=SevenZip.Compression.LZMA.Encoder$Optimal@50000da3)
OBJ 500024a3 (sz=64, trace=302555, class=SevenZip.Compression.LZMA.Encoder$Optimal@50000da3)
OBJ 500024a4 (sz=64, trace=302555, class=SevenZip.Compression.LZMA.Encoder$Optimal@50000da3)
OBJ 500024a5 (sz=64, trace=302555, class=SevenZip.Compression.LZMA.Encoder$Optimal@50000da3)
OBJ 500024a6 (sz=64, trace=302555, class=SevenZip.Compression.LZMA.Encoder$Optimal@50000da3)
OBJ 500024a7 (sz=64, trace=302555, class=SevenZip.Compression.LZMA.Encoder$Optimal@50000da3)
OBJ 500024a8 (sz=64, trace=302555, class=SevenZip.Compression.LZMA.Encoder$Optimal@50000da3)
OBJ 500024a9 (sz=64, trace=302555, class=SevenZip.Compression.LZMA.Encoder$Optimal@50000da3)
OBJ 500024aa (sz=64, trace=302555, class=SevenZip.Compression.LZMA.Encoder$Optimal@50000da3)
OBJ 500024ab (sz=64, trace=302555, class=SevenZip.Compression.LZMA.Encoder$Optimal@50000da3)
OBJ 500024ac (sz=64, trace=302555, class=SevenZip.Compression.LZMA.Encoder$Optimal@50000da3)
OBJ 500024ad (sz=64, trace=302555, class=SevenZip.Compression.LZMA.Encoder$Optimal@50000da3)
OBJ 500024ae (sz=64, trace=302555, class=SevenZip.Compression.LZMA.Encoder$Optimal@50000da3)
OBJ 500024af (sz=64, trace=302555, class=SevenZip.Compression.LZMA.Encoder$Optimal@50000da3)
OBJ 500024b0 (sz=64, trace=302555, class=SevenZip.Compression.LZMA.Encoder$Optimal@50000da3)
OBJ 500024b1 (sz=64, trace=302555, class=SevenZip.Compression.LZMA.Encoder$Optimal@50000da3)
OBJ 500024b2 (sz=64, trace=302555, class=SevenZip.Compression.LZMA.Encoder$Optimal@50000da3)
OBJ 500024b3 (sz=64, trace=302555, class=SevenZip.Compression.LZMA.Encoder$Optimal@50000da3)
OBJ 500024b4 (sz=64, trace=302555, class=SevenZip.Compression.LZMA.Encoder$Optimal@50000da3)
OBJ 500024b5 (sz=64, trace=302555, class=SevenZip.Compression.LZMA.Encoder$Optimal@50000da3)
OBJ 500024b6 (sz=64, trace=302555, class=SevenZip.Compression.LZMA.Encoder$Optimal@50000da3)
OBJ 500024b7 (sz=64, trace=302555, class=SevenZip.Compression.LZMA.Encoder$Optimal@50000da3)
OBJ 500024b8 (sz=64, trace=302555, class=SevenZip.Compression.LZMA.Encoder$Optimal@50000da3)
OBJ 500024b9 (sz=64, trace=302555, class=SevenZip.Compression.LZMA.Encoder$Optimal@50000da3)
OBJ 500024ba (sz=64, trace=302555, class=SevenZip.Compression.LZMA.Encoder$Optimal@50000da3)
OBJ 500024bb (sz=64, trace=302555, class=SevenZip.Compression.LZMA.Encoder$Optimal@50000da3)
OBJ 500024bc (sz=64, trace=302555, class=SevenZip.Compression.LZMA.Encoder$Optimal@50000da3)
OBJ 500024bd (sz=64, trace=302555, class=SevenZip.Compression.LZMA.Encoder$Optimal@50000da3)
OBJ 500024be (sz=64, trace=302555, class=SevenZip.Compression.LZMA.Encoder$Optimal@50000da3)
OBJ 500024bf (sz=64, trace=302555, class=SevenZip.Compression.LZMA.Encoder$Optimal@50000da3)
OBJ 500024c0 (sz=64, trace=302555, class=SevenZip.Compression.LZMA.Encoder$Optimal@50000da3)
OBJ 500024c1 (sz=64, trace=302555, class=SevenZip.Compression.LZMA.Encoder$Optimal@50000da3)
OBJ 500024c2 (sz=64, trace=302555, class=SevenZip.Compression.LZMA.Encoder$Optimal@50000da3)
OBJ 500024c3 (sz=64, trace=302555, class=SevenZip.Compression.LZMA.Encoder$Optimal@50000da3)
OBJ 500024c4 (sz=64, trace=302555, class=SevenZip.Compression.LZMA.Encoder$Optimal@50000da3)
OBJ 500024c5 (sz=64, trace=302555, class=SevenZip.Compression.LZMA.Encoder$Optimal@50000da3)
OBJ 500024c6 (sz=64, trace=302555, class=SevenZip.Compression.LZMA.Encoder$Optimal@50000da3)
OBJ 500024c7 (sz=64, trace=302555, class=SevenZip.Compression.LZMA.Encoder$Optimal@50000da3)
OBJ 500024c8 (sz=64, trace=302555, class=SevenZip.Compression.LZMA.Encoder$Optimal@50000da3)
OBJ 500024c9 (sz=64, trace=302555, class=SevenZip.Compression.LZMA.Encoder$Optimal@50000da3)
OBJ 500024ca (sz=64, trace=302555, class=SevenZip.Compression.LZMA.Encoder$Optimal@50000da3)
OBJ 500024cb (sz=64, trace=302555, class=SevenZip.Compression.LZMA.Encoder$Optimal@50000da3)
OBJ 500024cc (sz=64, trace=302555, class=SevenZip.Compression.LZMA.Encoder$Optimal@50000da3)
OBJ 500024cd (sz=64, trace=302555, class=SevenZip.Compression.LZMA.Encoder$Optimal@50000da3)
OBJ 500024ce (sz=64, trace=302555, class=SevenZip.Compression.LZMA.Encoder$Optimal@50000da3)
OBJ 500024cf (sz=64, trace=302555, class=SevenZip.Compression.LZMA.Encoder$Optimal@50000da3)
OBJ 500024d2 (sz=64, trace=302555, class=SevenZip.Compression.LZMA.Encoder$Optimal@50000da3)
OBJ 500024d3 (sz=64, trace=302555, class=SevenZip.Compression.LZMA.Encoder$Optimal@50000da3)
OBJ 500024d4 (sz=64, trace=302555, class=SevenZip.Compression.LZMA.Encoder$Optimal@50000da3)
OBJ 500024d5 (sz=64, trace=302555, class=SevenZip.Compression.LZMA.Encoder$Optimal@50000da3)
OBJ 500024d6 (sz=64, trace=302555, class=SevenZip.Compression.LZMA.Encoder$Optimal@50000da3)
OBJ 500024d7 (sz=64, trace=302555, class=SevenZip.Compression.LZMA.Encoder$Optimal@50000da3)
OBJ 500024d8 (sz=64, trace=302555, class=SevenZip.Compression.LZMA.Encoder$Optimal@50000da3)
OBJ 500024d9 (sz=64, trace=302555, class=SevenZip.Compression.LZMA.Encoder$Optimal@50000da3)
OBJ 500024da (sz=64, trace=302555, class=SevenZip.Compression.LZMA.Encoder$Optimal@50000da3)
OBJ 500024db (sz=64, trace=302555, class=SevenZip.Compression.LZMA.Encoder$Optimal@50000da3)
OBJ 500024dc (sz=64, trace=302555, class=SevenZip.Compression.LZMA.Encoder$Optimal@50000da3)
OBJ 500024dd (sz=64, trace=302555, class=SevenZip.Compression.LZMA.Encoder$Optimal@50000da3)
OBJ 500024de (sz=64, trace=302555, class=SevenZip.Compression.LZMA.Encoder$Optimal@50000da3)
OBJ 500024df (sz=64, trace=302555, class=SevenZip.Compression.LZMA.Encoder$Optimal@50000da3)
OBJ 500024e0 (sz=64, trace=302555, class=SevenZip.Compression.LZMA.Encoder$Optimal@50000da3)
OBJ 500024e1 (sz=64, trace=302555, class=SevenZip.Compression.LZMA.Encoder$Optimal@50000da3)
OBJ 500024e2 (sz=64, trace=302555, class=SevenZip.Compression.LZMA.Encoder$Optimal@50000da3)
OBJ 500024e3 (sz=64, trace=302555, class=SevenZip.Compression.LZMA.Encoder$Optimal@50000da3)
OBJ 500024e4 (sz=64, trace=302555, class=SevenZip.Compression.LZMA.Encoder$Optimal@50000da3)
OBJ 500024e5 (sz=64, trace=302555, class=SevenZip.Compression.LZMA.Encoder$Optimal@50000da3)
OBJ 500024e6 (sz=16, trace=302586, class=java.lang.Object@500000a7)
OBJ 500024e7 (sz=32, trace=300024, class=java.util.concurrent.ConcurrentHashMap$HashEntry@50000115)
	key		5000155d
	value		500024e6
ARR 500024e8 (sz=144, trace=300473, nelems=24, elem type=java.util.concurrent.ConcurrentHashMap$HashEntry[]@50000116)
	[3]		500083d6
	[4]		50003614
	[5]		500024e7
	[6]		500024ea
	[9]		50002cc7
	[10]		50005029
	[14]		50003617
	[21]		5000101d
	[22]		500024e9
	[23]		500075b8
OBJ 500024e9 (sz=32, trace=300486, class=java.util.concurrent.ConcurrentHashMap$HashEntry@50000115)
	key		50001753
	value		50001e77
	next		50000dfb
OBJ 500024ea (sz=32, trace=300486, class=java.util.concurrent.ConcurrentHashMap$HashEntry@50000115)
	key		5000155b
	value		50001851
OBJ 500024eb (sz=16, trace=302587, class=java.lang.Object@500000a7)
OBJ 500024ec (sz=32, trace=300027, class=java.util.concurrent.ConcurrentHashMap$HashEntry@50000115)
	key		5000155d
	value		500024eb
ARR 500024ed (sz=144, trace=300475, nelems=24, elem type=java.util.concurrent.ConcurrentHashMap$HashEntry[]@50000116)
	[3]		500083d8
	[4]		50003619
	[5]		500024ec
	[6]		500024ef
	[9]		50002cc9
	[10]		5000502b
	[14]		5000361c
	[21]		50001020
	[22]		500024ee
	[23]		500075ba
OBJ 500024ee (sz=32, trace=300486, class=java.util.concurrent.ConcurrentHashMap$HashEntry@50000115)
	key		50001753
	value		50001e79
	next		50000e00
OBJ 500024ef (sz=32, trace=300486, class=java.util.concurrent.ConcurrentHashMap$HashEntry@50000115)
	key		5000155b
	value		50001853
OBJ 500024f0 (sz=64, trace=302555, class=SevenZip.Compression.LZMA.Encoder$Optimal@50000da3)
OBJ 500024f1 (sz=64, trace=302555, class=SevenZip.Compression.LZMA.Encoder$Optimal@50000da3)
OBJ 500024f2 (sz=64, trace=302555, class=SevenZip.Compression.LZMA.Encoder$Optimal@50000da3)
OBJ 500024f3 (sz=64, trace=302555, class=SevenZip.Compression.LZMA.Encoder$Optimal@50000da3)
OBJ 500024f4 (sz=64, trace=302555, class=SevenZip.Compression.LZMA.Encoder$Optimal@50000da3)
OBJ 500024f5 (sz=64, trace=302555, class=SevenZip.Compression.LZMA.Encoder$Optimal@50000da3)
OBJ 500024f6 (sz=64, trace=302555, class=SevenZip.Compression.LZMA.Encoder$Optimal@50000da3)
OBJ 500024f7 (sz=64, trace=302555, class=SevenZip.Compression.LZMA.Encoder$Optimal@50000da3)
OBJ 500024f8 (sz=64, trace=302555, class=SevenZip.Compression.LZMA.Encoder$Optimal@50000da3)
OBJ 500024f9 (sz=64, trace=302555, class=SevenZip.Compression.LZMA.Encoder$Optimal@50000da3)
OBJ 500024fa (sz=64, trace=302555, class=SevenZip.Compression.LZMA.Encoder$Optimal@50000da3)
OBJ 500024fb (sz=64, trace=302555, class=SevenZip.Compression.LZMA.Encoder$Optimal@50000da3)
OBJ 500024fc (sz=64, trace=302555, class=SevenZip.Compression.LZMA.Encoder$Optimal@50000da3)
OBJ 500024fd (sz=64, trace=302555, class=SevenZip.Compression.LZMA.Encoder$Optimal@50000da3)
OBJ 500024fe (sz=64, trace=302555, class=SevenZip.Compression.LZMA.Encoder$Optimal@50000da3)
OBJ 500024ff (sz=64, trace=302555, class=SevenZip.Compression.LZMA.Encoder$Optimal@50000da3)
OBJ 50002500 (sz=64, trace=302555, class=SevenZip.Compression.LZMA.Encoder$Optimal@50000da3)
OBJ 50002501 (sz=64, trace=302555, class=SevenZip.Compression.LZMA.Encoder$Optimal@50000da3)
OBJ 50002502 (sz=64, trace=302555, class=SevenZip.Compression.LZMA.Encoder$Optimal@50000da3)
OBJ 50002503 (sz=64, trace=302555, class=SevenZip.Compression.LZMA.Encoder$Optimal@50000da3)
OBJ 50002504 (sz=64, trace=302555, class=SevenZip.Compression.LZMA.Encoder$Optimal@50000da3)
OBJ 50002505 (sz=64, trace=302555, class=SevenZip.Compression.LZMA.Encoder$Optimal@50000da3)
OBJ 50002506 (sz=64, trace=302555, class=SevenZip.Compression.LZMA.Encoder$Optimal@50000da3)
OBJ 50002507 (sz=64, trace=302555, class=SevenZip.Compression.LZMA.Encoder$Optimal@50000da3)
OBJ 50002508 (sz=64, trace=302555, class=SevenZip.Compression.LZMA.Encoder$Optimal@50000da3)
OBJ 50002509 (sz=64, trace=302555, class=SevenZip.Compression.LZMA.Encoder$Optimal@50000da3)
OBJ 5000250a (sz=64, trace=302555, class=SevenZip.Compression.LZMA.Encoder$Optimal@50000da3)
OBJ 5000250b (sz=64, trace=302555, class=SevenZip.Compression.LZMA.Encoder$Optimal@50000da3)
OBJ 5000250c (sz=64, trace=302555, class=SevenZip.Compression.LZMA.Encoder$Optimal@50000da3)
OBJ 5000250d (sz=64, trace=302555, class=SevenZip.Compression.LZMA.Encoder$Optimal@50000da3)
OBJ 5000250e (sz=64, trace=302555, class=SevenZip.Compression.LZMA.Encoder$Optimal@50000da3)
OBJ 5000250f (sz=64, trace=302555, class=SevenZip.Compression.LZMA.Encoder$Optimal@50000da3)
OBJ 50002510 (sz=64, trace=302555, class=SevenZip.Compression.LZMA.Encoder$Optimal@50000da3)
OBJ 50002511 (sz=64, trace=302555, class=SevenZip.Compression.LZMA.Encoder$Optimal@50000da3)
OBJ 50002512 (sz=64, trace=302555, class=SevenZip.Compression.LZMA.Encoder$Optimal@50000da3)
OBJ 50002513 (sz=64, trace=302555, class=SevenZip.Compression.LZMA.Encoder$Optimal@50000da3)
OBJ 50002514 (sz=64, trace=302555, class=SevenZip.Compression.LZMA.Encoder$Optimal@50000da3)
OBJ 50002515 (sz=64, trace=302555, class=SevenZip.Compression.LZMA.Encoder$Optimal@50000da3)
OBJ 50002516 (sz=64, trace=302555, class=SevenZip.Compression.LZMA.Encoder$Optimal@50000da3)
OBJ 50002517 (sz=64, trace=302555, class=SevenZip.Compression.LZMA.Encoder$Optimal@50000da3)
OBJ 50002518 (sz=64, trace=302555, class=SevenZip.Compression.LZMA.Encoder$Optimal@50000da3)
OBJ 50002519 (sz=64, trace=302555, class=SevenZip.Compression.LZMA.Encoder$Optimal@50000da3)
OBJ 5000251a (sz=64, trace=302555, class=SevenZip.Compression.LZMA.Encoder$Optimal@50000da3)
OBJ 5000251b (sz=64, trace=302555, class=SevenZip.Compression.LZMA.Encoder$Optimal@50000da3)
OBJ 5000251c (sz=64, trace=302555, class=SevenZip.Compression.LZMA.Encoder$Optimal@50000da3)
OBJ 5000251e (sz=16, trace=300870, class=java.lang.Object@500000a7)
OBJ 5000251f (sz=64, trace=302555, class=SevenZip.Compression.LZMA.Encoder$Optimal@50000da3)
OBJ 50002520 (sz=16, trace=300871, class=java.lang.Object@500000a7)
OBJ 50002521 (sz=64, trace=302555, class=SevenZip.Compression.LZMA.Encoder$Optimal@50000da3)
OBJ 50002522 (sz=16, trace=301038, class=java.lang.Object@500000a7)
OBJ 50002523 (sz=32, trace=300024, class=java.util.concurrent.ConcurrentHashMap$HashEntry@50000115)
	key		500014e7
	value		50002522
OBJ 50002524 (sz=64, trace=302555, class=SevenZip.Compression.LZMA.Encoder$Optimal@50000da3)
OBJ 50002525 (sz=16, trace=301039, class=java.lang.Object@500000a7)
OBJ 50002526 (sz=32, trace=300027, class=java.util.concurrent.ConcurrentHashMap$HashEntry@50000115)
	key		500014e7
	value		50002525
OBJ 50002527 (sz=64, trace=302555, class=SevenZip.Compression.LZMA.Encoder$Optimal@50000da3)
OBJ 50002528 (sz=64, trace=302555, class=SevenZip.Compression.LZMA.Encoder$Optimal@50000da3)
OBJ 50002529 (sz=64, trace=302555, class=SevenZip.Compression.LZMA.Encoder$Optimal@50000da3)
OBJ 5000252a (sz=64, trace=302555, class=SevenZip.Compression.LZMA.Encoder$Optimal@50000da3)
OBJ 5000252b (sz=64, trace=302555, class=SevenZip.Compression.LZMA.Encoder$Optimal@50000da3)
OBJ 5000252c (sz=64, trace=302555, class=SevenZip.Compression.LZMA.Encoder$Optimal@50000da3)
OBJ 5000252d (sz=64, trace=302555, class=SevenZip.Compression.LZMA.Encoder$Optimal@50000da3)
OBJ 5000252e (sz=64, trace=302555, class=SevenZip.Compression.LZMA.Encoder$Optimal@50000da3)
OBJ 5000252f (sz=64, trace=302555, class=SevenZip.Compression.LZMA.Encoder$Optimal@50000da3)
OBJ 50002530 (sz=64, trace=302555, class=SevenZip.Compression.LZMA.Encoder$Optimal@50000da3)
OBJ 50002531 (sz=64, trace=302555, class=SevenZip.Compression.LZMA.Encoder$Optimal@50000da3)
OBJ 50002532 (sz=64, trace=302555, class=SevenZip.Compression.LZMA.Encoder$Optimal@50000da3)
OBJ 50002533 (sz=64, trace=302555, class=SevenZip.Compression.LZMA.Encoder$Optimal@50000da3)
OBJ 50002534 (sz=64, trace=302555, class=SevenZip.Compression.LZMA.Encoder$Optimal@50000da3)
OBJ 50002535 (sz=64, trace=302555, class=SevenZip.Compression.LZMA.Encoder$Optimal@50000da3)
OBJ 50002536 (sz=64, trace=302555, class=SevenZip.Compression.LZMA.Encoder$Optimal@50000da3)
OBJ 50002537 (sz=64, trace=302555, class=SevenZip.Compression.LZMA.Encoder$Optimal@50000da3)
OBJ 50002538 (sz=64, trace=302555, class=SevenZip.Compression.LZMA.Encoder$Optimal@50000da3)
OBJ 50002539 (sz=64, trace=302555, class=SevenZip.Compression.LZMA.Encoder$Optimal@50000da3)
OBJ 5000253a (sz=64, trace=302555, class=SevenZip.Compression.LZMA.Encoder$Optimal@50000da3)
OBJ 5000253b (sz=64, trace=302555, class=SevenZip.Compression.LZMA.Encoder$Optimal@50000da3)
OBJ 5000253c (sz=64, trace=302555, class=SevenZip.Compression.LZMA.Encoder$Optimal@50000da3)
OBJ 5000253d (sz=64, trace=302555, class=SevenZip.Compression.LZMA.Encoder$Optimal@50000da3)
OBJ 5000253e (sz=64, trace=302555, class=SevenZip.Compression.LZMA.Encoder$Optimal@50000da3)
OBJ 5000253f (sz=64, trace=302555, class=SevenZip.Compression.LZMA.Encoder$Optimal@50000da3)
OBJ 50002540 (sz=64, trace=302555, class=SevenZip.Compression.LZMA.Encoder$Optimal@50000da3)
OBJ 50002541 (sz=64, trace=302555, class=SevenZip.Compression.LZMA.Encoder$Optimal@50000da3)
OBJ 50002542 (sz=64, trace=302555, class=SevenZip.Compression.LZMA.Encoder$Optimal@50000da3)
OBJ 50002543 (sz=64, trace=302555, class=SevenZip.Compression.LZMA.Encoder$Optimal@50000da3)
OBJ 50002544 (sz=64, trace=302555, class=SevenZip.Compression.LZMA.Encoder$Optimal@50000da3)
OBJ 50002545 (sz=64, trace=302555, class=SevenZip.Compression.LZMA.Encoder$Optimal@50000da3)
OBJ 50002546 (sz=64, trace=302555, class=SevenZip.Compression.LZMA.Encoder$Optimal@50000da3)
OBJ 50002547 (sz=64, trace=302555, class=SevenZip.Compression.LZMA.Encoder$Optimal@50000da3)
OBJ 50002548 (sz=64, trace=302555, class=SevenZip.Compression.LZMA.Encoder$Optimal@50000da3)
OBJ 50002549 (sz=64, trace=302555, class=SevenZip.Compression.LZMA.Encoder$Optimal@50000da3)
OBJ 5000254a (sz=64, trace=302555, class=SevenZip.Compression.LZMA.Encoder$Optimal@50000da3)
OBJ 5000254b (sz=64, trace=302555, class=SevenZip.Compression.LZMA.Encoder$Optimal@50000da3)
OBJ 5000254c (sz=64, trace=302555, class=SevenZip.Compression.LZMA.Encoder$Optimal@50000da3)
OBJ 5000254d (sz=64, trace=302555, class=SevenZip.Compression.LZMA.Encoder$Optimal@50000da3)
OBJ 5000254e (sz=64, trace=302555, class=SevenZip.Compression.LZMA.Encoder$Optimal@50000da3)
OBJ 5000254f (sz=64, trace=302555, class=SevenZip.Compression.LZMA.Encoder$Optimal@50000da3)
OBJ 50002550 (sz=64, trace=302555, class=SevenZip.Compression.LZMA.Encoder$Optimal@50000da3)
OBJ 50002551 (sz=64, trace=302555, class=SevenZip.Compression.LZMA.Encoder$Optimal@50000da3)
OBJ 50002552 (sz=64, trace=302555, class=SevenZip.Compression.LZMA.Encoder$Optimal@50000da3)
OBJ 50002553 (sz=64, trace=302555, class=SevenZip.Compression.LZMA.Encoder$Optimal@50000da3)
OBJ 50002554 (sz=64, trace=302555, class=SevenZip.Compression.LZMA.Encoder$Optimal@50000da3)
OBJ 50002555 (sz=64, trace=302555, class=SevenZip.Compression.LZMA.Encoder$Optimal@50000da3)
OBJ 50002556 (sz=64, trace=302555, class=SevenZip.Compression.LZMA.Encoder$Optimal@50000da3)
OBJ 50002557 (sz=64, trace=302555, class=SevenZip.Compression.LZMA.Encoder$Optimal@50000da3)
OBJ 50002558 (sz=64, trace=302555, class=SevenZip.Compression.LZMA.Encoder$Optimal@50000da3)
OBJ 50002559 (sz=64, trace=302555, class=SevenZip.Compression.LZMA.Encoder$Optimal@50000da3)
OBJ 5000255a (sz=64, trace=302555, class=SevenZip.Compression.LZMA.Encoder$Optimal@50000da3)
OBJ 5000255b (sz=64, trace=302555, class=SevenZip.Compression.LZMA.Encoder$Optimal@50000da3)
OBJ 5000255c (sz=64, trace=302555, class=SevenZip.Compression.LZMA.Encoder$Optimal@50000da3)
OBJ 5000255d (sz=64, trace=302555, class=SevenZip.Compression.LZMA.Encoder$Optimal@50000da3)
OBJ 5000255e (sz=64, trace=302555, class=SevenZip.Compression.LZMA.Encoder$Optimal@50000da3)
OBJ 5000255f (sz=64, trace=302555, class=SevenZip.Compression.LZMA.Encoder$Optimal@50000da3)
OBJ 50002560 (sz=64, trace=302555, class=SevenZip.Compression.LZMA.Encoder$Optimal@50000da3)
OBJ 50002561 (sz=64, trace=302555, class=SevenZip.Compression.LZMA.Encoder$Optimal@50000da3)
OBJ 50002562 (sz=64, trace=302555, class=SevenZip.Compression.LZMA.Encoder$Optimal@50000da3)
OBJ 50002563 (sz=64, trace=302555, class=SevenZip.Compression.LZMA.Encoder$Optimal@50000da3)
OBJ 50002564 (sz=64, trace=302555, class=SevenZip.Compression.LZMA.Encoder$Optimal@50000da3)
OBJ 50002565 (sz=64, trace=302555, class=SevenZip.Compression.LZMA.Encoder$Optimal@50000da3)
OBJ 50002566 (sz=64, trace=302555, class=SevenZip.Compression.LZMA.Encoder$Optimal@50000da3)
OBJ 50002567 (sz=64, trace=302555, class=SevenZip.Compression.LZMA.Encoder$Optimal@50000da3)
OBJ 50002568 (sz=64, trace=302555, class=SevenZip.Compression.LZMA.Encoder$Optimal@50000da3)
OBJ 50002569 (sz=64, trace=302555, class=SevenZip.Compression.LZMA.Encoder$Optimal@50000da3)
OBJ 5000256a (sz=64, trace=302555, class=SevenZip.Compression.LZMA.Encoder$Optimal@50000da3)
OBJ 5000256b (sz=64, trace=302555, class=SevenZip.Compression.LZMA.Encoder$Optimal@50000da3)
OBJ 5000256c (sz=64, trace=302555, class=SevenZip.Compression.LZMA.Encoder$Optimal@50000da3)
OBJ 5000256d (sz=64, trace=302555, class=SevenZip.Compression.LZMA.Encoder$Optimal@50000da3)
OBJ 5000256e (sz=64, trace=302555, class=SevenZip.Compression.LZMA.Encoder$Optimal@50000da3)
OBJ 5000256f (sz=64, trace=302555, class=SevenZip.Compression.LZMA.Encoder$Optimal@50000da3)
OBJ 50002570 (sz=64, trace=302555, class=SevenZip.Compression.LZMA.Encoder$Optimal@50000da3)
OBJ 50002571 (sz=64, trace=302555, class=SevenZip.Compression.LZMA.Encoder$Optimal@50000da3)
OBJ 50002572 (sz=64, trace=302555, class=SevenZip.Compression.LZMA.Encoder$Optimal@50000da3)
OBJ 50002573 (sz=64, trace=302555, class=SevenZip.Compression.LZMA.Encoder$Optimal@50000da3)
OBJ 50002574 (sz=64, trace=302555, class=SevenZip.Compression.LZMA.Encoder$Optimal@50000da3)
OBJ 50002575 (sz=64, trace=302555, class=SevenZip.Compression.LZMA.Encoder$Optimal@50000da3)
OBJ 50002576 (sz=64, trace=302555, class=SevenZip.Compression.LZMA.Encoder$Optimal@50000da3)
OBJ 50002577 (sz=64, trace=302555, class=SevenZip.Compression.LZMA.Encoder$Optimal@50000da3)
OBJ 50002578 (sz=64, trace=302555, class=SevenZip.Compression.LZMA.Encoder$Optimal@50000da3)
OBJ 50002579 (sz=64, trace=302555, class=SevenZip.Compression.LZMA.Encoder$Optimal@50000da3)
OBJ 5000257a (sz=64, trace=302555, class=SevenZip.Compression.LZMA.Encoder$Optimal@50000da3)
OBJ 5000257b (sz=64, trace=302555, class=SevenZip.Compression.LZMA.Encoder$Optimal@50000da3)
OBJ 5000257c (sz=64, trace=302555, class=SevenZip.Compression.LZMA.Encoder$Optimal@50000da3)
OBJ 5000257d (sz=64, trace=302555, class=SevenZip.Compression.LZMA.Encoder$Optimal@50000da3)
OBJ 5000257e (sz=64, trace=302555, class=SevenZip.Compression.LZMA.Encoder$Optimal@50000da3)
OBJ 5000257f (sz=64, trace=302555, class=SevenZip.Compression.LZMA.Encoder$Optimal@50000da3)
OBJ 50002580 (sz=64, trace=302555, class=SevenZip.Compression.LZMA.Encoder$Optimal@50000da3)
OBJ 50002581 (sz=64, trace=302555, class=SevenZip.Compression.LZMA.Encoder$Optimal@50000da3)
OBJ 50002582 (sz=64, trace=302555, class=SevenZip.Compression.LZMA.Encoder$Optimal@50000da3)
OBJ 50002583 (sz=64, trace=302555, class=SevenZip.Compression.LZMA.Encoder$Optimal@50000da3)
OBJ 50002584 (sz=64, trace=302555, class=SevenZip.Compression.LZMA.Encoder$Optimal@50000da3)
OBJ 50002585 (sz=64, trace=302555, class=SevenZip.Compression.LZMA.Encoder$Optimal@50000da3)
OBJ 50002586 (sz=64, trace=302555, class=SevenZip.Compression.LZMA.Encoder$Optimal@50000da3)
OBJ 50002587 (sz=64, trace=302555, class=SevenZip.Compression.LZMA.Encoder$Optimal@50000da3)
OBJ 50002588 (sz=64, trace=302555, class=SevenZip.Compression.LZMA.Encoder$Optimal@50000da3)
OBJ 50002589 (sz=64, trace=302555, class=SevenZip.Compression.LZMA.Encoder$Optimal@50000da3)
OBJ 5000258a (sz=64, trace=302555, class=SevenZip.Compression.LZMA.Encoder$Optimal@50000da3)
OBJ 5000258b (sz=64, trace=302555, class=SevenZip.Compression.LZMA.Encoder$Optimal@50000da3)
OBJ 5000258c (sz=64, trace=302555, class=SevenZip.Compression.LZMA.Encoder$Optimal@50000da3)
OBJ 5000258d (sz=64, trace=302555, class=SevenZip.Compression.LZMA.Encoder$Optimal@50000da3)
OBJ 5000258e (sz=64, trace=302555, class=SevenZip.Compression.LZMA.Encoder$Optimal@50000da3)
OBJ 5000258f (sz=64, trace=302555, class=SevenZip.Compression.LZMA.Encoder$Optimal@50000da3)
OBJ 50002590 (sz=64, trace=302555, class=SevenZip.Compression.LZMA.Encoder$Optimal@50000da3)
OBJ 50002591 (sz=64, trace=302555, class=SevenZip.Compression.LZMA.Encoder$Optimal@50000da3)
OBJ 50002592 (sz=64, trace=302555, class=SevenZip.Compression.LZMA.Encoder$Optimal@50000da3)
OBJ 50002593 (sz=64, trace=302555, class=SevenZip.Compression.LZMA.Encoder$Optimal@50000da3)
OBJ 50002594 (sz=64, trace=302555, class=SevenZip.Compression.LZMA.Encoder$Optimal@50000da3)
OBJ 50002595 (sz=64, trace=302555, class=SevenZip.Compression.LZMA.Encoder$Optimal@50000da3)
OBJ 50002596 (sz=64, trace=302555, class=SevenZip.Compression.LZMA.Encoder$Optimal@50000da3)
OBJ 50002597 (sz=64, trace=302555, class=SevenZip.Compression.LZMA.Encoder$Optimal@50000da3)
OBJ 50002598 (sz=64, trace=302555, class=SevenZip.Compression.LZMA.Encoder$Optimal@50000da3)
OBJ 50002599 (sz=64, trace=302555, class=SevenZip.Compression.LZMA.Encoder$Optimal@50000da3)
OBJ 5000259a (sz=64, trace=302555, class=SevenZip.Compression.LZMA.Encoder$Optimal@50000da3)
OBJ 5000259b (sz=64, trace=302555, class=SevenZip.Compression.LZMA.Encoder$Optimal@50000da3)
OBJ 5000259c (sz=64, trace=302555, class=SevenZip.Compression.LZMA.Encoder$Optimal@50000da3)
OBJ 5000259d (sz=64, trace=302555, class=SevenZip.Compression.LZMA.Encoder$Optimal@50000da3)
OBJ 5000259e (sz=64, trace=302555, class=SevenZip.Compression.LZMA.Encoder$Optimal@50000da3)
OBJ 5000259f (sz=64, trace=302555, class=SevenZip.Compression.LZMA.Encoder$Optimal@50000da3)
OBJ 500025a0 (sz=64, trace=302555, class=SevenZip.Compression.LZMA.Encoder$Optimal@50000da3)
OBJ 500025a1 (sz=64, trace=302555, class=SevenZip.Compression.LZMA.Encoder$Optimal@50000da3)
OBJ 500025a2 (sz=64, trace=302555, class=SevenZip.Compression.LZMA.Encoder$Optimal@50000da3)
OBJ 500025a3 (sz=64, trace=302555, class=SevenZip.Compression.LZMA.Encoder$Optimal@50000da3)
OBJ 500025a4 (sz=64, trace=302555, class=SevenZip.Compression.LZMA.Encoder$Optimal@50000da3)
OBJ 500025a5 (sz=64, trace=302555, class=SevenZip.Compression.LZMA.Encoder$Optimal@50000da3)
OBJ 500025a6 (sz=64, trace=302555, class=SevenZip.Compression.LZMA.Encoder$Optimal@50000da3)
OBJ 500025a7 (sz=64, trace=302555, class=SevenZip.Compression.LZMA.Encoder$Optimal@50000da3)
OBJ 500025a8 (sz=64, trace=302555, class=SevenZip.Compression.LZMA.Encoder$Optimal@50000da3)
OBJ 500025a9 (sz=64, trace=302555, class=SevenZip.Compression.LZMA.Encoder$Optimal@50000da3)
OBJ 500025aa (sz=64, trace=302555, class=SevenZip.Compression.LZMA.Encoder$Optimal@50000da3)
OBJ 500025ab (sz=64, trace=302555, class=SevenZip.Compression.LZMA.Encoder$Optimal@50000da3)
OBJ 500025ac (sz=64, trace=302555, class=SevenZip.Compression.LZMA.Encoder$Optimal@50000da3)
OBJ 500025ad (sz=64, trace=302555, class=SevenZip.Compression.LZMA.Encoder$Optimal@50000da3)
OBJ 500025ae (sz=64, trace=302555, class=SevenZip.Compression.LZMA.Encoder$Optimal@50000da3)
OBJ 500025af (sz=64, trace=302555, class=SevenZip.Compression.LZMA.Encoder$Optimal@50000da3)
OBJ 500025b0 (sz=64, trace=302555, class=SevenZip.Compression.LZMA.Encoder$Optimal@50000da3)
OBJ 500025b1 (sz=64, trace=302555, class=SevenZip.Compression.LZMA.Encoder$Optimal@50000da3)
OBJ 500025b2 (sz=64, trace=302555, class=SevenZip.Compression.LZMA.Encoder$Optimal@50000da3)
OBJ 500025b3 (sz=64, trace=302555, class=SevenZip.Compression.LZMA.Encoder$Optimal@50000da3)
OBJ 500025b4 (sz=64, trace=302555, class=SevenZip.Compression.LZMA.Encoder$Optimal@50000da3)
OBJ 500025b5 (sz=64, trace=302555, class=SevenZip.Compression.LZMA.Encoder$Optimal@50000da3)
OBJ 500025b6 (sz=64, trace=302555, class=SevenZip.Compression.LZMA.Encoder$Optimal@50000da3)
OBJ 500025b7 (sz=64, trace=302555, class=SevenZip.Compression.LZMA.Encoder$Optimal@50000da3)
OBJ 500025b8 (sz=64, trace=302555, class=SevenZip.Compression.LZMA.Encoder$Optimal@50000da3)
OBJ 500025b9 (sz=64, trace=302555, class=SevenZip.Compression.LZMA.Encoder$Optimal@50000da3)
OBJ 500025ba (sz=64, trace=302555, class=SevenZip.Compression.LZMA.Encoder$Optimal@50000da3)
OBJ 500025bb (sz=64, trace=302555, class=SevenZip.Compression.LZMA.Encoder$Optimal@50000da3)
OBJ 500025bc (sz=64, trace=302555, class=SevenZip.Compression.LZMA.Encoder$Optimal@50000da3)
OBJ 500025bd (sz=64, trace=302555, class=SevenZip.Compression.LZMA.Encoder$Optimal@50000da3)
OBJ 500025be (sz=64, trace=302555, class=SevenZip.Compression.LZMA.Encoder$Optimal@50000da3)
OBJ 500025bf (sz=64, trace=302555, class=SevenZip.Compression.LZMA.Encoder$Optimal@50000da3)
OBJ 500025c0 (sz=64, trace=302555, class=SevenZip.Compression.LZMA.Encoder$Optimal@50000da3)
OBJ 500025c1 (sz=64, trace=302555, class=SevenZip.Compression.LZMA.Encoder$Optimal@50000da3)
OBJ 500025c2 (sz=64, trace=302555, class=SevenZip.Compression.LZMA.Encoder$Optimal@50000da3)
OBJ 500025c3 (sz=64, trace=302555, class=SevenZip.Compression.LZMA.Encoder$Optimal@50000da3)
OBJ 500025c4 (sz=64, trace=302555, class=SevenZip.Compression.LZMA.Encoder$Optimal@50000da3)
OBJ 500025c5 (sz=64, trace=302555, class=SevenZip.Compression.LZMA.Encoder$Optimal@50000da3)
OBJ 500025c7 (sz=64, trace=302555, class=SevenZip.Compression.LZMA.Encoder$Optimal@50000da3)
OBJ 500025c8 (sz=64, trace=302555, class=SevenZip.Compression.LZMA.Encoder$Optimal@50000da3)
OBJ 500025c9 (sz=64, trace=302555, class=SevenZip.Compression.LZMA.Encoder$Optimal@50000da3)
OBJ 500025ca (sz=64, trace=302555, class=SevenZip.Compression.LZMA.Encoder$Optimal@50000da3)
OBJ 500025cb (sz=64, trace=302555, class=SevenZip.Compression.LZMA.Encoder$Optimal@50000da3)
OBJ 500025cc (sz=64, trace=302555, class=SevenZip.Compression.LZMA.Encoder$Optimal@50000da3)
OBJ 500025cd (sz=64, trace=302555, class=SevenZip.Compression.LZMA.Encoder$Optimal@50000da3)
OBJ 500025ce (sz=64, trace=302555, class=SevenZip.Compression.LZMA.Encoder$Optimal@50000da3)
OBJ 500025cf (sz=64, trace=302555, class=SevenZip.Compression.LZMA.Encoder$Optimal@50000da3)
OBJ 500025d0 (sz=64, trace=302555, class=SevenZip.Compression.LZMA.Encoder$Optimal@50000da3)
OBJ 500025d1 (sz=64, trace=302555, class=SevenZip.Compression.LZMA.Encoder$Optimal@50000da3)
OBJ 500025d2 (sz=64, trace=302555, class=SevenZip.Compression.LZMA.Encoder$Optimal@50000da3)
OBJ 500025d3 (sz=64, trace=302555, class=SevenZip.Compression.LZMA.Encoder$Optimal@50000da3)
OBJ 500025d4 (sz=64, trace=302555, class=SevenZip.Compression.LZMA.Encoder$Optimal@50000da3)
OBJ 500025d5 (sz=64, trace=302555, class=SevenZip.Compression.LZMA.Encoder$Optimal@50000da3)
OBJ 500025d6 (sz=64, trace=302555, class=SevenZip.Compression.LZMA.Encoder$Optimal@50000da3)
OBJ 500025d7 (sz=64, trace=302555, class=SevenZip.Compression.LZMA.Encoder$Optimal@50000da3)
OBJ 500025d8 (sz=64, trace=302555, class=SevenZip.Compression.LZMA.Encoder$Optimal@50000da3)
OBJ 500025d9 (sz=64, trace=302555, class=SevenZip.Compression.LZMA.Encoder$Optimal@50000da3)
OBJ 500025da (sz=24, trace=300318, class=java.lang.String@50000096)
	value		500025db
ARR 500025db (sz=32, trace=300319, nelems=16, elem type=char[])
OBJ 500025dc (sz=64, trace=302555, class=SevenZip.Compression.LZMA.Encoder$Optimal@50000da3)
OBJ 500025dd (sz=64, trace=302555, class=SevenZip.Compression.LZMA.Encoder$Optimal@50000da3)
OBJ 500025de (sz=64, trace=302555, class=SevenZip.Compression.LZMA.Encoder$Optimal@50000da3)
OBJ 500025df (sz=64, trace=302555, class=SevenZip.Compression.LZMA.Encoder$Optimal@50000da3)
OBJ 500025e0 (sz=64, trace=302555, class=SevenZip.Compression.LZMA.Encoder$Optimal@50000da3)
OBJ 500025e1 (sz=64, trace=302555, class=SevenZip.Compression.LZMA.Encoder$Optimal@50000da3)
OBJ 500025e2 (sz=64, trace=302555, class=SevenZip.Compression.LZMA.Encoder$Optimal@50000da3)
OBJ 500025e3 (sz=64, trace=302555, class=SevenZip.Compression.LZMA.Encoder$Optimal@50000da3)
OBJ 500025e4 (sz=64, trace=302555, class=SevenZip.Compression.LZMA.Encoder$Optimal@50000da3)
OBJ 500025e5 (sz=64, trace=302555, class=SevenZip.Compression.LZMA.Encoder$Optimal@50000da3)
OBJ 500025e6 (sz=64, trace=302555, class=SevenZip.Compression.LZMA.Encoder$Optimal@50000da3)
OBJ 500025e7 (sz=64, trace=302555, class=SevenZip.Compression.LZMA.Encoder$Optimal@50000da3)
OBJ 500025e8 (sz=56, trace=300983, class=java.lang.Package@50000c4c)
	pkgName		500025da
	loader		5000119e
OBJ 500025e9 (sz=32, trace=300984, class=java.util.HashMap$Entry@5000009e)
	key		500025da
	value		500025e8
	next		50003885
OBJ 500025ea (sz=64, trace=302555, class=SevenZip.Compression.LZMA.Encoder$Optimal@50000da3)
OBJ 500025eb (sz=64, trace=302555, class=SevenZip.Compression.LZMA.Encoder$Optimal@50000da3)
OBJ 500025ec (sz=64, trace=302555, class=SevenZip.Compression.LZMA.Encoder$Optimal@50000da3)
OBJ 500025ed (sz=64, trace=302555, class=SevenZip.Compression.LZMA.Encoder$Optimal@50000da3)
OBJ 500025ee (sz=64, trace=302555, class=SevenZip.Compression.LZMA.Encoder$Optimal@50000da3)
OBJ 500025ef (sz=64, trace=302555, class=SevenZip.Compression.LZMA.Encoder$Optimal@50000da3)
OBJ 500025f0 (sz=64, trace=302555, class=SevenZip.Compression.LZMA.Encoder$Optimal@50000da3)
OBJ 500025f1 (sz=64, trace=302555, class=SevenZip.Compression.LZMA.Encoder$Optimal@50000da3)
OBJ 500025f2 (sz=64, trace=302555, class=SevenZip.Compression.LZMA.Encoder$Optimal@50000da3)
OBJ 500025f3 (sz=64, trace=302555, class=SevenZip.Compression.LZMA.Encoder$Optimal@50000da3)
OBJ 500025f4 (sz=64, trace=302555, class=SevenZip.Compression.LZMA.Encoder$Optimal@50000da3)
OBJ 500025f5 (sz=64, trace=302555, class=SevenZip.Compression.LZMA.Encoder$Optimal@50000da3)
OBJ 500025f6 (sz=64, trace=302555, class=SevenZip.Compression.LZMA.Encoder$Optimal@50000da3)
OBJ 500025f7 (sz=64, trace=302555, class=SevenZip.Compression.LZMA.Encoder$Optimal@50000da3)
OBJ 500025f8 (sz=64, trace=302555, class=SevenZip.Compression.LZMA.Encoder$Optimal@50000da3)
OBJ 500025f9 (sz=64, trace=302555, class=SevenZip.Compression.LZMA.Encoder$Optimal@50000da3)
OBJ 500025fa (sz=24, trace=300464, class=java.lang.String@50000096)
	value		500025fb
ARR 500025fb (sz=32, trace=300465, nelems=16, elem type=char[])
OBJ 500025fc (sz=64, trace=302555, class=SevenZip.Compression.LZMA.Encoder$Optimal@50000da3)
OBJ 500025fd (sz=40, trace=300467, class=java.util.concurrent.ConcurrentHashMap$Segment@50000140)
	sync		500025fe
	table		500043ab
OBJ 500025fe (sz=32, trace=300023, class=java.util.concurrent.locks.ReentrantLock$NonfairSync@5000003d)
OBJ 500025ff (sz=32, trace=300468, class=java.util.concurrent.ConcurrentHashMap$HashEntry@50000115)
	key		500025fa
	value		500013cb
OBJ 50002600 (sz=64, trace=302555, class=SevenZip.Compression.LZMA.Encoder$Optimal@50000da3)
OBJ 50002601 (sz=64, trace=302555, class=SevenZip.Compression.LZMA.Encoder$Optimal@50000da3)
OBJ 50002602 (sz=64, trace=302555, class=SevenZip.Compression.LZMA.Encoder$Optimal@50000da3)
OBJ 50002603 (sz=64, trace=302555, class=SevenZip.Compression.LZMA.Encoder$Optimal@50000da3)
OBJ 50002605 (sz=16, trace=301038, class=java.lang.Object@500000a7)
OBJ 50002606 (sz=64, trace=302555, class=SevenZip.Compression.LZMA.Encoder$Optimal@50000da3)
OBJ 50002607 (sz=16, trace=301039, class=java.lang.Object@500000a7)
OBJ 50002608 (sz=64, trace=302555, class=SevenZip.Compression.LZMA.Encoder$Optimal@50000da3)
OBJ 50002609 (sz=64, trace=302555, class=SevenZip.Compression.LZMA.Encoder$Optimal@50000da3)
OBJ 5000260a (sz=64, trace=302555, class=SevenZip.Compression.LZMA.Encoder$Optimal@50000da3)
OBJ 5000260b (sz=64, trace=302555, class=SevenZip.Compression.LZMA.Encoder$Optimal@50000da3)
OBJ 5000260c (sz=64, trace=302555, class=SevenZip.Compression.LZMA.Encoder$Optimal@50000da3)
OBJ 5000260d (sz=64, trace=302555, class=SevenZip.Compression.LZMA.Encoder$Optimal@50000da3)
OBJ 5000260e (sz=64, trace=302555, class=SevenZip.Compression.LZMA.Encoder$Optimal@50000da3)
OBJ 5000260f (sz=64, trace=302555, class=SevenZip.Compression.LZMA.Encoder$Optimal@50000da3)
OBJ 50002610 (sz=64, trace=302555, class=SevenZip.Compression.LZMA.Encoder$Optimal@50000da3)
OBJ 50002611 (sz=64, trace=302555, class=SevenZip.Compression.LZMA.Encoder$Optimal@50000da3)
OBJ 50002612 (sz=64, trace=302555, class=SevenZip.Compression.LZMA.Encoder$Optimal@50000da3)
OBJ 50002613 (sz=64, trace=302555, class=SevenZip.Compression.LZMA.Encoder$Optimal@50000da3)
OBJ 50002614 (sz=64, trace=302555, class=SevenZip.Compression.LZMA.Encoder$Optimal@50000da3)
OBJ 50002615 (sz=64, trace=302555, class=SevenZip.Compression.LZMA.Encoder$Optimal@50000da3)
OBJ 50002616 (sz=64, trace=302555, class=SevenZip.Compression.LZMA.Encoder$Optimal@50000da3)
OBJ 50002617 (sz=64, trace=302555, class=SevenZip.Compression.LZMA.Encoder$Optimal@50000da3)
OBJ 50002618 (sz=64, trace=302555, class=SevenZip.Compression.LZMA.Encoder$Optimal@50000da3)
OBJ 50002619 (sz=64, trace=302555, class=SevenZip.Compression.LZMA.Encoder$Optimal@50000da3)
OBJ 5000261a (sz=64, trace=302555, class=SevenZip.Compression.LZMA.Encoder$Optimal@50000da3)
OBJ 5000261b (sz=64, trace=302555, class=SevenZip.Compression.LZMA.Encoder$Optimal@50000da3)
OBJ 5000261c (sz=64, trace=302555, class=SevenZip.Compression.LZMA.Encoder$Optimal@50000da3)
OBJ 5000261d (sz=64, trace=302555, class=SevenZip.Compression.LZMA.Encoder$Optimal@50000da3)
OBJ 5000261e (sz=64, trace=302555, class=SevenZip.Compression.LZMA.Encoder$Optimal@50000da3)
OBJ 5000261f (sz=64, trace=302555, class=SevenZip.Compression.LZMA.Encoder$Optimal@50000da3)
OBJ 50002620 (sz=64, trace=302555, class=SevenZip.Compression.LZMA.Encoder$Optimal@50000da3)
OBJ 50002621 (sz=64, trace=302555, class=SevenZip.Compression.LZMA.Encoder$Optimal@50000da3)
OBJ 50002622 (sz=64, trace=302555, class=SevenZip.Compression.LZMA.Encoder$Optimal@50000da3)
OBJ 50002623 (sz=64, trace=302555, class=SevenZip.Compression.LZMA.Encoder$Optimal@50000da3)
OBJ 50002624 (sz=64, trace=302555, class=SevenZip.Compression.LZMA.Encoder$Optimal@50000da3)
OBJ 50002625 (sz=64, trace=302555, class=SevenZip.Compression.LZMA.Encoder$Optimal@50000da3)
OBJ 50002626 (sz=64, trace=302555, class=SevenZip.Compression.LZMA.Encoder$Optimal@50000da3)
OBJ 50002627 (sz=64, trace=302555, class=SevenZip.Compression.LZMA.Encoder$Optimal@50000da3)
OBJ 50002628 (sz=64, trace=302555, class=SevenZip.Compression.LZMA.Encoder$Optimal@50000da3)
OBJ 50002629 (sz=64, trace=302555, class=SevenZip.Compression.LZMA.Encoder$Optimal@50000da3)
OBJ 5000262a (sz=64, trace=302555, class=SevenZip.Compression.LZMA.Encoder$Optimal@50000da3)
OBJ 5000262b (sz=64, trace=302555, class=SevenZip.Compression.LZMA.Encoder$Optimal@50000da3)
OBJ 5000262c (sz=64, trace=302555, class=SevenZip.Compression.LZMA.Encoder$Optimal@50000da3)
OBJ 5000262d (sz=64, trace=302555, class=SevenZip.Compression.LZMA.Encoder$Optimal@50000da3)
OBJ 5000262e (sz=64, trace=302555, class=SevenZip.Compression.LZMA.Encoder$Optimal@50000da3)
OBJ 5000262f (sz=64, trace=302555, class=SevenZip.Compression.LZMA.Encoder$Optimal@50000da3)
OBJ 50002630 (sz=64, trace=302555, class=SevenZip.Compression.LZMA.Encoder$Optimal@50000da3)
OBJ 50002631 (sz=64, trace=302555, class=SevenZip.Compression.LZMA.Encoder$Optimal@50000da3)
OBJ 50002632 (sz=64, trace=302555, class=SevenZip.Compression.LZMA.Encoder$Optimal@50000da3)
OBJ 50002633 (sz=64, trace=302555, class=SevenZip.Compression.LZMA.Encoder$Optimal@50000da3)
OBJ 50002634 (sz=64, trace=302555, class=SevenZip.Compression.LZMA.Encoder$Optimal@50000da3)
OBJ 50002635 (sz=64, trace=302555, class=SevenZip.Compression.LZMA.Encoder$Optimal@50000da3)
OBJ 50002636 (sz=64, trace=302555, class=SevenZip.Compression.LZMA.Encoder$Optimal@50000da3)
OBJ 50002637 (sz=64, trace=302555, class=SevenZip.Compression.LZMA.Encoder$Optimal@50000da3)
OBJ 50002638 (sz=64, trace=302555, class=SevenZip.Compression.LZMA.Encoder$Optimal@50000da3)
OBJ 50002639 (sz=64, trace=302555, class=SevenZip.Compression.LZMA.Encoder$Optimal@50000da3)
OBJ 5000263a (sz=64, trace=302555, class=SevenZip.Compression.LZMA.Encoder$Optimal@50000da3)
OBJ 5000263b (sz=64, trace=302555, class=SevenZip.Compression.LZMA.Encoder$Optimal@50000da3)
OBJ 5000263c (sz=64, trace=302555, class=SevenZip.Compression.LZMA.Encoder$Optimal@50000da3)
OBJ 5000263d (sz=64, trace=302555, class=SevenZip.Compression.LZMA.Encoder$Optimal@50000da3)
OBJ 5000263e (sz=64, trace=302555, class=SevenZip.Compression.LZMA.Encoder$Optimal@50000da3)
OBJ 5000263f (sz=64, trace=302555, class=SevenZip.Compression.LZMA.Encoder$Optimal@50000da3)
OBJ 50002640 (sz=64, trace=302555, class=SevenZip.Compression.LZMA.Encoder$Optimal@50000da3)
OBJ 50002641 (sz=64, trace=302555, class=SevenZip.Compression.LZMA.Encoder$Optimal@50000da3)
OBJ 50002642 (sz=64, trace=302555, class=SevenZip.Compression.LZMA.Encoder$Optimal@50000da3)
OBJ 50002643 (sz=64, trace=302555, class=SevenZip.Compression.LZMA.Encoder$Optimal@50000da3)
OBJ 50002644 (sz=64, trace=302555, class=SevenZip.Compression.LZMA.Encoder$Optimal@50000da3)
OBJ 50002645 (sz=64, trace=302555, class=SevenZip.Compression.LZMA.Encoder$Optimal@50000da3)
OBJ 50002646 (sz=64, trace=302555, class=SevenZip.Compression.LZMA.Encoder$Optimal@50000da3)
OBJ 50002647 (sz=64, trace=302555, class=SevenZip.Compression.LZMA.Encoder$Optimal@50000da3)
OBJ 50002648 (sz=64, trace=302555, class=SevenZip.Compression.LZMA.Encoder$Optimal@50000da3)
OBJ 50002649 (sz=64, trace=302555, class=SevenZip.Compression.LZMA.Encoder$Optimal@50000da3)
OBJ 5000264a (sz=64, trace=302555, class=SevenZip.Compression.LZMA.Encoder$Optimal@50000da3)
OBJ 5000264b (sz=64, trace=302555, class=SevenZip.Compression.LZMA.Encoder$Optimal@50000da3)
OBJ 5000264c (sz=64, trace=302555, class=SevenZip.Compression.LZMA.Encoder$Optimal@50000da3)
OBJ 5000264d (sz=64, trace=302555, class=SevenZip.Compression.LZMA.Encoder$Optimal@50000da3)
OBJ 5000264e (sz=64, trace=302555, class=SevenZip.Compression.LZMA.Encoder$Optimal@50000da3)
OBJ 5000264f (sz=64, trace=302555, class=SevenZip.Compression.LZMA.Encoder$Optimal@50000da3)
OBJ 50002650 (sz=64, trace=302555, class=SevenZip.Compression.LZMA.Encoder$Optimal@50000da3)
OBJ 50002651 (sz=64, trace=302555, class=SevenZip.Compression.LZMA.Encoder$Optimal@50000da3)
OBJ 50002652 (sz=64, trace=302555, class=SevenZip.Compression.LZMA.Encoder$Optimal@50000da3)
OBJ 50002653 (sz=64, trace=302555, class=SevenZip.Compression.LZMA.Encoder$Optimal@50000da3)
OBJ 50002654 (sz=64, trace=302555, class=SevenZip.Compression.LZMA.Encoder$Optimal@50000da3)
OBJ 50002655 (sz=64, trace=302555, class=SevenZip.Compression.LZMA.Encoder$Optimal@50000da3)
OBJ 50002656 (sz=64, trace=302555, class=SevenZip.Compression.LZMA.Encoder$Optimal@50000da3)
OBJ 50002657 (sz=64, trace=302555, class=SevenZip.Compression.LZMA.Encoder$Optimal@50000da3)
OBJ 50002658 (sz=64, trace=302555, class=SevenZip.Compression.LZMA.Encoder$Optimal@50000da3)
OBJ 50002659 (sz=64, trace=302555, class=SevenZip.Compression.LZMA.Encoder$Optimal@50000da3)
OBJ 5000265a (sz=64, trace=302555, class=SevenZip.Compression.LZMA.Encoder$Optimal@50000da3)
OBJ 5000265b (sz=64, trace=302555, class=SevenZip.Compression.LZMA.Encoder$Optimal@50000da3)
OBJ 5000265c (sz=64, trace=302555, class=SevenZip.Compression.LZMA.Encoder$Optimal@50000da3)
OBJ 5000265d (sz=64, trace=302555, class=SevenZip.Compression.LZMA.Encoder$Optimal@50000da3)
OBJ 5000265e (sz=64, trace=302555, class=SevenZip.Compression.LZMA.Encoder$Optimal@50000da3)
OBJ 5000265f (sz=64, trace=302555, class=SevenZip.Compression.LZMA.Encoder$Optimal@50000da3)
OBJ 50002660 (sz=64, trace=302555, class=SevenZip.Compression.LZMA.Encoder$Optimal@50000da3)
OBJ 50002661 (sz=64, trace=302555, class=SevenZip.Compression.LZMA.Encoder$Optimal@50000da3)
OBJ 50002662 (sz=64, trace=302555, class=SevenZip.Compression.LZMA.Encoder$Optimal@50000da3)
OBJ 50002663 (sz=64, trace=302555, class=SevenZip.Compression.LZMA.Encoder$Optimal@50000da3)
OBJ 50002664 (sz=64, trace=302555, class=SevenZip.Compression.LZMA.Encoder$Optimal@50000da3)
OBJ 50002665 (sz=64, trace=302555, class=SevenZip.Compression.LZMA.Encoder$Optimal@50000da3)
OBJ 50002666 (sz=64, trace=302555, class=SevenZip.Compression.LZMA.Encoder$Optimal@50000da3)
OBJ 50002667 (sz=64, trace=302555, class=SevenZip.Compression.LZMA.Encoder$Optimal@50000da3)
OBJ 50002668 (sz=64, trace=302555, class=SevenZip.Compression.LZMA.Encoder$Optimal@50000da3)
OBJ 50002669 (sz=64, trace=302555, class=SevenZip.Compression.LZMA.Encoder$Optimal@50000da3)
OBJ 5000266a (sz=64, trace=302555, class=SevenZip.Compression.LZMA.Encoder$Optimal@50000da3)
OBJ 5000266b (sz=64, trace=302555, class=SevenZip.Compression.LZMA.Encoder$Optimal@50000da3)
OBJ 5000266c (sz=64, trace=302555, class=SevenZip.Compression.LZMA.Encoder$Optimal@50000da3)
OBJ 5000266d (sz=64, trace=302555, class=SevenZip.Compression.LZMA.Encoder$Optimal@50000da3)
OBJ 5000266e (sz=64, trace=302555, class=SevenZip.Compression.LZMA.Encoder$Optimal@50000da3)
OBJ 5000266f (sz=64, trace=302555, class=SevenZip.Compression.LZMA.Encoder$Optimal@50000da3)
OBJ 50002670 (sz=64, trace=302555, class=SevenZip.Compression.LZMA.Encoder$Optimal@50000da3)
OBJ 50002671 (sz=64, trace=302555, class=SevenZip.Compression.LZMA.Encoder$Optimal@50000da3)
OBJ 50002672 (sz=64, trace=302555, class=SevenZip.Compression.LZMA.Encoder$Optimal@50000da3)
OBJ 50002673 (sz=64, trace=302555, class=SevenZip.Compression.LZMA.Encoder$Optimal@50000da3)
OBJ 50002674 (sz=64, trace=302555, class=SevenZip.Compression.LZMA.Encoder$Optimal@50000da3)
OBJ 50002675 (sz=64, trace=302555, class=SevenZip.Compression.LZMA.Encoder$Optimal@50000da3)
OBJ 50002676 (sz=64, trace=302555, class=SevenZip.Compression.LZMA.Encoder$Optimal@50000da3)
OBJ 50002677 (sz=64, trace=302555, class=SevenZip.Compression.LZMA.Encoder$Optimal@50000da3)
OBJ 50002678 (sz=64, trace=302555, class=SevenZip.Compression.LZMA.Encoder$Optimal@50000da3)
OBJ 50002679 (sz=64, trace=302555, class=SevenZip.Compression.LZMA.Encoder$Optimal@50000da3)
OBJ 5000267a (sz=64, trace=302555, class=SevenZip.Compression.LZMA.Encoder$Optimal@50000da3)
OBJ 5000267b (sz=64, trace=302555, class=SevenZip.Compression.LZMA.Encoder$Optimal@50000da3)
OBJ 5000267c (sz=64, trace=302555, class=SevenZip.Compression.LZMA.Encoder$Optimal@50000da3)
OBJ 5000267d (sz=64, trace=302555, class=SevenZip.Compression.LZMA.Encoder$Optimal@50000da3)
OBJ 5000267e (sz=64, trace=302555, class=SevenZip.Compression.LZMA.Encoder$Optimal@50000da3)
OBJ 5000267f (sz=64, trace=302555, class=SevenZip.Compression.LZMA.Encoder$Optimal@50000da3)
OBJ 50002680 (sz=64, trace=302555, class=SevenZip.Compression.LZMA.Encoder$Optimal@50000da3)
OBJ 50002681 (sz=64, trace=302555, class=SevenZip.Compression.LZMA.Encoder$Optimal@50000da3)
OBJ 50002682 (sz=64, trace=302555, class=SevenZip.Compression.LZMA.Encoder$Optimal@50000da3)
OBJ 50002683 (sz=64, trace=302555, class=SevenZip.Compression.LZMA.Encoder$Optimal@50000da3)
OBJ 50002684 (sz=64, trace=302555, class=SevenZip.Compression.LZMA.Encoder$Optimal@50000da3)
OBJ 50002685 (sz=64, trace=302555, class=SevenZip.Compression.LZMA.Encoder$Optimal@50000da3)
OBJ 50002686 (sz=64, trace=302555, class=SevenZip.Compression.LZMA.Encoder$Optimal@50000da3)
OBJ 50002687 (sz=64, trace=302555, class=SevenZip.Compression.LZMA.Encoder$Optimal@50000da3)
OBJ 50002688 (sz=64, trace=302555, class=SevenZip.Compression.LZMA.Encoder$Optimal@50000da3)
OBJ 50002689 (sz=64, trace=302555, class=SevenZip.Compression.LZMA.Encoder$Optimal@50000da3)
OBJ 5000268a (sz=64, trace=302555, class=SevenZip.Compression.LZMA.Encoder$Optimal@50000da3)
OBJ 5000268b (sz=64, trace=302555, class=SevenZip.Compression.LZMA.Encoder$Optimal@50000da3)
OBJ 5000268c (sz=64, trace=302555, class=SevenZip.Compression.LZMA.Encoder$Optimal@50000da3)
OBJ 5000268d (sz=64, trace=302555, class=SevenZip.Compression.LZMA.Encoder$Optimal@50000da3)
OBJ 5000268e (sz=64, trace=302555, class=SevenZip.Compression.LZMA.Encoder$Optimal@50000da3)
OBJ 5000268f (sz=64, trace=302555, class=SevenZip.Compression.LZMA.Encoder$Optimal@50000da3)
OBJ 50002690 (sz=64, trace=302555, class=SevenZip.Compression.LZMA.Encoder$Optimal@50000da3)
OBJ 50002691 (sz=64, trace=302555, class=SevenZip.Compression.LZMA.Encoder$Optimal@50000da3)
OBJ 50002692 (sz=64, trace=302555, class=SevenZip.Compression.LZMA.Encoder$Optimal@50000da3)
OBJ 50002693 (sz=64, trace=302555, class=SevenZip.Compression.LZMA.Encoder$Optimal@50000da3)
OBJ 50002694 (sz=64, trace=302555, class=SevenZip.Compression.LZMA.Encoder$Optimal@50000da3)
OBJ 50002695 (sz=64, trace=302555, class=SevenZip.Compression.LZMA.Encoder$Optimal@50000da3)
OBJ 50002696 (sz=64, trace=302555, class=SevenZip.Compression.LZMA.Encoder$Optimal@50000da3)
OBJ 50002697 (sz=64, trace=302555, class=SevenZip.Compression.LZMA.Encoder$Optimal@50000da3)
OBJ 50002698 (sz=64, trace=302555, class=SevenZip.Compression.LZMA.Encoder$Optimal@50000da3)
OBJ 50002699 (sz=64, trace=302555, class=SevenZip.Compression.LZMA.Encoder$Optimal@50000da3)
OBJ 5000269a (sz=64, trace=302555, class=SevenZip.Compression.LZMA.Encoder$Optimal@50000da3)
OBJ 5000269b (sz=64, trace=302555, class=SevenZip.Compression.LZMA.Encoder$Optimal@50000da3)
OBJ 5000269c (sz=64, trace=302555, class=SevenZip.Compression.LZMA.Encoder$Optimal@50000da3)
OBJ 5000269d (sz=64, trace=302555, class=SevenZip.Compression.LZMA.Encoder$Optimal@50000da3)
OBJ 5000269e (sz=64, trace=302555, class=SevenZip.Compression.LZMA.Encoder$Optimal@50000da3)
OBJ 5000269f (sz=64, trace=302555, class=SevenZip.Compression.LZMA.Encoder$Optimal@50000da3)
OBJ 500026a0 (sz=64, trace=302555, class=SevenZip.Compression.LZMA.Encoder$Optimal@50000da3)
OBJ 500026a1 (sz=64, trace=302555, class=SevenZip.Compression.LZMA.Encoder$Optimal@50000da3)
OBJ 500026a2 (sz=64, trace=302555, class=SevenZip.Compression.LZMA.Encoder$Optimal@50000da3)
OBJ 500026a3 (sz=64, trace=302555, class=SevenZip.Compression.LZMA.Encoder$Optimal@50000da3)
OBJ 500026a4 (sz=64, trace=302555, class=SevenZip.Compression.LZMA.Encoder$Optimal@50000da3)
OBJ 500026a5 (sz=64, trace=302555, class=SevenZip.Compression.LZMA.Encoder$Optimal@50000da3)
OBJ 500026a6 (sz=64, trace=302555, class=SevenZip.Compression.LZMA.Encoder$Optimal@50000da3)
OBJ 500026a7 (sz=64, trace=302555, class=SevenZip.Compression.LZMA.Encoder$Optimal@50000da3)
OBJ 500026a8 (sz=64, trace=302555, class=SevenZip.Compression.LZMA.Encoder$Optimal@50000da3)
OBJ 500026a9 (sz=64, trace=302555, class=SevenZip.Compression.LZMA.Encoder$Optimal@50000da3)
OBJ 500026aa (sz=64, trace=302555, class=SevenZip.Compression.LZMA.Encoder$Optimal@50000da3)
OBJ 500026ab (sz=64, trace=302555, class=SevenZip.Compression.LZMA.Encoder$Optimal@50000da3)
OBJ 500026ac (sz=64, trace=302555, class=SevenZip.Compression.LZMA.Encoder$Optimal@50000da3)
OBJ 500026ad (sz=64, trace=302555, class=SevenZip.Compression.LZMA.Encoder$Optimal@50000da3)
OBJ 500026ae (sz=64, trace=302555, class=SevenZip.Compression.LZMA.Encoder$Optimal@50000da3)
OBJ 500026af (sz=64, trace=302555, class=SevenZip.Compression.LZMA.Encoder$Optimal@50000da3)
OBJ 500026b0 (sz=64, trace=302555, class=SevenZip.Compression.LZMA.Encoder$Optimal@50000da3)
OBJ 500026b1 (sz=64, trace=302555, class=SevenZip.Compression.LZMA.Encoder$Optimal@50000da3)
OBJ 500026b2 (sz=64, trace=302555, class=SevenZip.Compression.LZMA.Encoder$Optimal@50000da3)
OBJ 500026b3 (sz=64, trace=302555, class=SevenZip.Compression.LZMA.Encoder$Optimal@50000da3)
OBJ 500026b4 (sz=64, trace=302555, class=SevenZip.Compression.LZMA.Encoder$Optimal@50000da3)
OBJ 500026b5 (sz=64, trace=302555, class=SevenZip.Compression.LZMA.Encoder$Optimal@50000da3)
OBJ 500026b6 (sz=64, trace=302555, class=SevenZip.Compression.LZMA.Encoder$Optimal@50000da3)
OBJ 500026b7 (sz=64, trace=302555, class=SevenZip.Compression.LZMA.Encoder$Optimal@50000da3)
OBJ 500026b8 (sz=64, trace=302555, class=SevenZip.Compression.LZMA.Encoder$Optimal@50000da3)
OBJ 500026b9 (sz=64, trace=302555, class=SevenZip.Compression.LZMA.Encoder$Optimal@50000da3)
OBJ 500026ba (sz=64, trace=302555, class=SevenZip.Compression.LZMA.Encoder$Optimal@50000da3)
OBJ 500026bb (sz=24, trace=300318, class=java.lang.String@50000096)
	value		500026bc
ARR 500026bc (sz=54, trace=300319, nelems=27, elem type=char[])
OBJ 500026bd (sz=64, trace=302555, class=SevenZip.Compression.LZMA.Encoder$Optimal@50000da3)
OBJ 500026be (sz=64, trace=302555, class=SevenZip.Compression.LZMA.Encoder$Optimal@50000da3)
OBJ 500026bf (sz=64, trace=302555, class=SevenZip.Compression.LZMA.Encoder$Optimal@50000da3)
OBJ 500026c0 (sz=64, trace=302555, class=SevenZip.Compression.LZMA.Encoder$Optimal@50000da3)
OBJ 500026c1 (sz=64, trace=302555, class=SevenZip.Compression.LZMA.Encoder$Optimal@50000da3)
OBJ 500026c2 (sz=64, trace=302555, class=SevenZip.Compression.LZMA.Encoder$Optimal@50000da3)
OBJ 500026c3 (sz=64, trace=302555, class=SevenZip.Compression.LZMA.Encoder$Optimal@50000da3)
OBJ 500026c4 (sz=64, trace=302555, class=SevenZip.Compression.LZMA.Encoder$Optimal@50000da3)
OBJ 500026c5 (sz=64, trace=302555, class=SevenZip.Compression.LZMA.Encoder$Optimal@50000da3)
OBJ 500026c6 (sz=64, trace=302555, class=SevenZip.Compression.LZMA.Encoder$Optimal@50000da3)
OBJ 500026c7 (sz=64, trace=302555, class=SevenZip.Compression.LZMA.Encoder$Optimal@50000da3)
OBJ 500026c8 (sz=64, trace=302555, class=SevenZip.Compression.LZMA.Encoder$Optimal@50000da3)
OBJ 500026c9 (sz=56, trace=300983, class=java.lang.Package@50000c4c)
	pkgName		500026bb
	loader		5000119e
OBJ 500026ca (sz=32, trace=300984, class=java.util.HashMap$Entry@5000009e)
	key		500026bb
	value		500026c9
OBJ 500026cb (sz=64, trace=302555, class=SevenZip.Compression.LZMA.Encoder$Optimal@50000da3)
OBJ 500026cc (sz=64, trace=302555, class=SevenZip.Compression.LZMA.Encoder$Optimal@50000da3)
OBJ 500026cd (sz=64, trace=302555, class=SevenZip.Compression.LZMA.Encoder$Optimal@50000da3)
OBJ 500026ce (sz=64, trace=302555, class=SevenZip.Compression.LZMA.Encoder$Optimal@50000da3)
OBJ 500026cf (sz=64, trace=302555, class=SevenZip.Compression.LZMA.Encoder$Optimal@50000da3)
OBJ 500026d0 (sz=64, trace=302555, class=SevenZip.Compression.LZMA.Encoder$Optimal@50000da3)
OBJ 500026d1 (sz=64, trace=302555, class=SevenZip.Compression.LZMA.Encoder$Optimal@50000da3)
OBJ 500026d2 (sz=64, trace=302555, class=SevenZip.Compression.LZMA.Encoder$Optimal@50000da3)
OBJ 500026d3 (sz=64, trace=302555, class=SevenZip.Compression.LZMA.Encoder$Optimal@50000da3)
OBJ 500026d4 (sz=64, trace=302555, class=SevenZip.Compression.LZMA.Encoder$Optimal@50000da3)
OBJ 500026d5 (sz=64, trace=302555, class=SevenZip.Compression.LZMA.Encoder$Optimal@50000da3)
OBJ 500026d6 (sz=64, trace=302555, class=SevenZip.Compression.LZMA.Encoder$Optimal@50000da3)
OBJ 500026d7 (sz=64, trace=302555, class=SevenZip.Compression.LZMA.Encoder$Optimal@50000da3)
OBJ 500026d8 (sz=64, trace=302555, class=SevenZip.Compression.LZMA.Encoder$Optimal@50000da3)
OBJ 500026d9 (sz=64, trace=302555, class=SevenZip.Compression.LZMA.Encoder$Optimal@50000da3)
OBJ 500026da (sz=24, trace=300464, class=java.lang.String@50000096)
	value		500026db
ARR 500026db (sz=54, trace=300465, nelems=27, elem type=char[])
OBJ 500026dc (sz=32, trace=300468, class=java.util.concurrent.ConcurrentHashMap$HashEntry@50000115)
	key		500026da
	value		500013cb
ARR 500026dd (sz=32, trace=301041, nelems=3, elem type=java.util.concurrent.ConcurrentHashMap$HashEntry[]@50000116)
	[1]		5000403e
	[2]		500026dc
OBJ 500026de (sz=64, trace=302555, class=SevenZip.Compression.LZMA.Encoder$Optimal@50000da3)
OBJ 500026df (sz=64, trace=302555, class=SevenZip.Compression.LZMA.Encoder$Optimal@50000da3)
OBJ 500026e0 (sz=64, trace=302555, class=SevenZip.Compression.LZMA.Encoder$Optimal@50000da3)
OBJ 500026e1 (sz=64, trace=302555, class=SevenZip.Compression.LZMA.Encoder$Optimal@50000da3)
OBJ 500026e3 (sz=16, trace=301038, class=java.lang.Object@500000a7)
OBJ 500026e4 (sz=64, trace=302555, class=SevenZip.Compression.LZMA.Encoder$Optimal@50000da3)
OBJ 500026e5 (sz=16, trace=301039, class=java.lang.Object@500000a7)
OBJ 500026e6 (sz=64, trace=302555, class=SevenZip.Compression.LZMA.Encoder$Optimal@50000da3)
OBJ 500026e7 (sz=64, trace=302555, class=SevenZip.Compression.LZMA.Encoder$Optimal@50000da3)
OBJ 500026e8 (sz=64, trace=302555, class=SevenZip.Compression.LZMA.Encoder$Optimal@50000da3)
OBJ 500026e9 (sz=64, trace=302555, class=SevenZip.Compression.LZMA.Encoder$Optimal@50000da3)
OBJ 500026ea (sz=64, trace=302555, class=SevenZip.Compression.LZMA.Encoder$Optimal@50000da3)
OBJ 500026eb (sz=64, trace=302555, class=SevenZip.Compression.LZMA.Encoder$Optimal@50000da3)
OBJ 500026ec (sz=64, trace=302555, class=SevenZip.Compression.LZMA.Encoder$Optimal@50000da3)
OBJ 500026ed (sz=64, trace=302555, class=SevenZip.Compression.LZMA.Encoder$Optimal@50000da3)
OBJ 500026ee (sz=64, trace=302555, class=SevenZip.Compression.LZMA.Encoder$Optimal@50000da3)
OBJ 500026ef (sz=64, trace=302555, class=SevenZip.Compression.LZMA.Encoder$Optimal@50000da3)
OBJ 500026f0 (sz=64, trace=302555, class=SevenZip.Compression.LZMA.Encoder$Optimal@50000da3)
OBJ 500026f1 (sz=64, trace=302555, class=SevenZip.Compression.LZMA.Encoder$Optimal@50000da3)
OBJ 500026f2 (sz=64, trace=302555, class=SevenZip.Compression.LZMA.Encoder$Optimal@50000da3)
OBJ 500026f3 (sz=64, trace=302555, class=SevenZip.Compression.LZMA.Encoder$Optimal@50000da3)
OBJ 500026f4 (sz=64, trace=302555, class=SevenZip.Compression.LZMA.Encoder$Optimal@50000da3)
OBJ 500026f5 (sz=64, trace=302555, class=SevenZip.Compression.LZMA.Encoder$Optimal@50000da3)
OBJ 500026f6 (sz=64, trace=302555, class=SevenZip.Compression.LZMA.Encoder$Optimal@50000da3)
OBJ 500026f7 (sz=64, trace=302555, class=SevenZip.Compression.LZMA.Encoder$Optimal@50000da3)
OBJ 500026f8 (sz=64, trace=302555, class=SevenZip.Compression.LZMA.Encoder$Optimal@50000da3)
OBJ 500026f9 (sz=64, trace=302555, class=SevenZip.Compression.LZMA.Encoder$Optimal@50000da3)
OBJ 500026fa (sz=64, trace=302555, class=SevenZip.Compression.LZMA.Encoder$Optimal@50000da3)
OBJ 500026fb (sz=64, trace=302555, class=SevenZip.Compression.LZMA.Encoder$Optimal@50000da3)
OBJ 500026fc (sz=64, trace=302555, class=SevenZip.Compression.LZMA.Encoder$Optimal@50000da3)
OBJ 500026fd (sz=64, trace=302555, class=SevenZip.Compression.LZMA.Encoder$Optimal@50000da3)
OBJ 500026fe (sz=64, trace=302555, class=SevenZip.Compression.LZMA.Encoder$Optimal@50000da3)
OBJ 500026ff (sz=64, trace=302555, class=SevenZip.Compression.LZMA.Encoder$Optimal@50000da3)
OBJ 50002700 (sz=64, trace=302555, class=SevenZip.Compression.LZMA.Encoder$Optimal@50000da3)
OBJ 50002701 (sz=64, trace=302555, class=SevenZip.Compression.LZMA.Encoder$Optimal@50000da3)
OBJ 50002702 (sz=64, trace=302555, class=SevenZip.Compression.LZMA.Encoder$Optimal@50000da3)
OBJ 50002703 (sz=64, trace=302555, class=SevenZip.Compression.LZMA.Encoder$Optimal@50000da3)
OBJ 50002704 (sz=64, trace=302555, class=SevenZip.Compression.LZMA.Encoder$Optimal@50000da3)
OBJ 50002705 (sz=64, trace=302555, class=SevenZip.Compression.LZMA.Encoder$Optimal@50000da3)
OBJ 50002706 (sz=64, trace=302555, class=SevenZip.Compression.LZMA.Encoder$Optimal@50000da3)
OBJ 50002707 (sz=64, trace=302555, class=SevenZip.Compression.LZMA.Encoder$Optimal@50000da3)
OBJ 50002708 (sz=64, trace=302555, class=SevenZip.Compression.LZMA.Encoder$Optimal@50000da3)
OBJ 50002709 (sz=64, trace=302555, class=SevenZip.Compression.LZMA.Encoder$Optimal@50000da3)
OBJ 5000270a (sz=64, trace=302555, class=SevenZip.Compression.LZMA.Encoder$Optimal@50000da3)
OBJ 5000270b (sz=64, trace=302555, class=SevenZip.Compression.LZMA.Encoder$Optimal@50000da3)
OBJ 5000270c (sz=64, trace=302555, class=SevenZip.Compression.LZMA.Encoder$Optimal@50000da3)
OBJ 5000270d (sz=64, trace=302555, class=SevenZip.Compression.LZMA.Encoder$Optimal@50000da3)
OBJ 5000270e (sz=64, trace=302555, class=SevenZip.Compression.LZMA.Encoder$Optimal@50000da3)
OBJ 5000270f (sz=64, trace=302555, class=SevenZip.Compression.LZMA.Encoder$Optimal@50000da3)
OBJ 50002710 (sz=64, trace=302555, class=SevenZip.Compression.LZMA.Encoder$Optimal@50000da3)
OBJ 50002711 (sz=64, trace=302555, class=SevenZip.Compression.LZMA.Encoder$Optimal@50000da3)
OBJ 50002712 (sz=64, trace=302555, class=SevenZip.Compression.LZMA.Encoder$Optimal@50000da3)
OBJ 50002713 (sz=64, trace=302555, class=SevenZip.Compression.LZMA.Encoder$Optimal@50000da3)
OBJ 50002714 (sz=64, trace=302555, class=SevenZip.Compression.LZMA.Encoder$Optimal@50000da3)
OBJ 50002715 (sz=64, trace=302555, class=SevenZip.Compression.LZMA.Encoder$Optimal@50000da3)
OBJ 50002716 (sz=64, trace=302555, class=SevenZip.Compression.LZMA.Encoder$Optimal@50000da3)
OBJ 50002717 (sz=64, trace=302555, class=SevenZip.Compression.LZMA.Encoder$Optimal@50000da3)
OBJ 50002718 (sz=64, trace=302555, class=SevenZip.Compression.LZMA.Encoder$Optimal@50000da3)
OBJ 50002719 (sz=64, trace=302555, class=SevenZip.Compression.LZMA.Encoder$Optimal@50000da3)
OBJ 5000271a (sz=64, trace=302555, class=SevenZip.Compression.LZMA.Encoder$Optimal@50000da3)
OBJ 5000271b (sz=64, trace=302555, class=SevenZip.Compression.LZMA.Encoder$Optimal@50000da3)
OBJ 5000271c (sz=64, trace=302555, class=SevenZip.Compression.LZMA.Encoder$Optimal@50000da3)
OBJ 5000271d (sz=64, trace=302555, class=SevenZip.Compression.LZMA.Encoder$Optimal@50000da3)
OBJ 5000271e (sz=64, trace=302555, class=SevenZip.Compression.LZMA.Encoder$Optimal@50000da3)
OBJ 5000271f (sz=64, trace=302555, class=SevenZip.Compression.LZMA.Encoder$Optimal@50000da3)
OBJ 50002720 (sz=64, trace=302555, class=SevenZip.Compression.LZMA.Encoder$Optimal@50000da3)
OBJ 50002721 (sz=64, trace=302555, class=SevenZip.Compression.LZMA.Encoder$Optimal@50000da3)
OBJ 50002722 (sz=64, trace=302555, class=SevenZip.Compression.LZMA.Encoder$Optimal@50000da3)
OBJ 50002723 (sz=64, trace=302555, class=SevenZip.Compression.LZMA.Encoder$Optimal@50000da3)
OBJ 50002724 (sz=64, trace=302555, class=SevenZip.Compression.LZMA.Encoder$Optimal@50000da3)
OBJ 50002725 (sz=64, trace=302555, class=SevenZip.Compression.LZMA.Encoder$Optimal@50000da3)
OBJ 50002726 (sz=64, trace=302555, class=SevenZip.Compression.LZMA.Encoder$Optimal@50000da3)
OBJ 50002727 (sz=64, trace=302555, class=SevenZip.Compression.LZMA.Encoder$Optimal@50000da3)
OBJ 50002728 (sz=64, trace=302555, class=SevenZip.Compression.LZMA.Encoder$Optimal@50000da3)
OBJ 50002729 (sz=64, trace=302555, class=SevenZip.Compression.LZMA.Encoder$Optimal@50000da3)
OBJ 5000272a (sz=64, trace=302555, class=SevenZip.Compression.LZMA.Encoder$Optimal@50000da3)
OBJ 5000272b (sz=64, trace=302555, class=SevenZip.Compression.LZMA.Encoder$Optimal@50000da3)
OBJ 5000272c (sz=64, trace=302555, class=SevenZip.Compression.LZMA.Encoder$Optimal@50000da3)
OBJ 5000272d (sz=64, trace=302555, class=SevenZip.Compression.LZMA.Encoder$Optimal@50000da3)
OBJ 5000272e (sz=64, trace=302555, class=SevenZip.Compression.LZMA.Encoder$Optimal@50000da3)
OBJ 5000272f (sz=64, trace=302555, class=SevenZip.Compression.LZMA.Encoder$Optimal@50000da3)
OBJ 50002730 (sz=64, trace=302555, class=SevenZip.Compression.LZMA.Encoder$Optimal@50000da3)
OBJ 50002731 (sz=64, trace=302555, class=SevenZip.Compression.LZMA.Encoder$Optimal@50000da3)
OBJ 50002732 (sz=64, trace=302555, class=SevenZip.Compression.LZMA.Encoder$Optimal@50000da3)
OBJ 50002733 (sz=64, trace=302555, class=SevenZip.Compression.LZMA.Encoder$Optimal@50000da3)
OBJ 50002734 (sz=64, trace=302555, class=SevenZip.Compression.LZMA.Encoder$Optimal@50000da3)
OBJ 50002735 (sz=64, trace=302555, class=SevenZip.Compression.LZMA.Encoder$Optimal@50000da3)
OBJ 50002736 (sz=64, trace=302555, class=SevenZip.Compression.LZMA.Encoder$Optimal@50000da3)
OBJ 50002737 (sz=64, trace=302555, class=SevenZip.Compression.LZMA.Encoder$Optimal@50000da3)
OBJ 50002738 (sz=64, trace=302555, class=SevenZip.Compression.LZMA.Encoder$Optimal@50000da3)
OBJ 50002739 (sz=64, trace=302555, class=SevenZip.Compression.LZMA.Encoder$Optimal@50000da3)
OBJ 5000273a (sz=64, trace=302555, class=SevenZip.Compression.LZMA.Encoder$Optimal@50000da3)
OBJ 5000273b (sz=64, trace=302555, class=SevenZip.Compression.LZMA.Encoder$Optimal@50000da3)
OBJ 5000273c (sz=64, trace=302555, class=SevenZip.Compression.LZMA.Encoder$Optimal@50000da3)
OBJ 5000273d (sz=64, trace=302555, class=SevenZip.Compression.LZMA.Encoder$Optimal@50000da3)
OBJ 5000273e (sz=64, trace=302555, class=SevenZip.Compression.LZMA.Encoder$Optimal@50000da3)
OBJ 5000273f (sz=64, trace=302555, class=SevenZip.Compression.LZMA.Encoder$Optimal@50000da3)
OBJ 50002740 (sz=64, trace=302555, class=SevenZip.Compression.LZMA.Encoder$Optimal@50000da3)
OBJ 50002741 (sz=64, trace=302555, class=SevenZip.Compression.LZMA.Encoder$Optimal@50000da3)
OBJ 50002742 (sz=64, trace=302555, class=SevenZip.Compression.LZMA.Encoder$Optimal@50000da3)
OBJ 50002743 (sz=64, trace=302555, class=SevenZip.Compression.LZMA.Encoder$Optimal@50000da3)
OBJ 50002744 (sz=64, trace=302555, class=SevenZip.Compression.LZMA.Encoder$Optimal@50000da3)
OBJ 50002745 (sz=64, trace=302555, class=SevenZip.Compression.LZMA.Encoder$Optimal@50000da3)
OBJ 50002746 (sz=64, trace=302555, class=SevenZip.Compression.LZMA.Encoder$Optimal@50000da3)
OBJ 50002747 (sz=64, trace=302555, class=SevenZip.Compression.LZMA.Encoder$Optimal@50000da3)
OBJ 50002748 (sz=64, trace=302555, class=SevenZip.Compression.LZMA.Encoder$Optimal@50000da3)
OBJ 50002749 (sz=64, trace=302555, class=SevenZip.Compression.LZMA.Encoder$Optimal@50000da3)
OBJ 5000274a (sz=64, trace=302555, class=SevenZip.Compression.LZMA.Encoder$Optimal@50000da3)
OBJ 5000274b (sz=64, trace=302555, class=SevenZip.Compression.LZMA.Encoder$Optimal@50000da3)
OBJ 5000274c (sz=64, trace=302555, class=SevenZip.Compression.LZMA.Encoder$Optimal@50000da3)
OBJ 5000274d (sz=64, trace=302555, class=SevenZip.Compression.LZMA.Encoder$Optimal@50000da3)
OBJ 5000274e (sz=64, trace=302555, class=SevenZip.Compression.LZMA.Encoder$Optimal@50000da3)
OBJ 5000274f (sz=64, trace=302555, class=SevenZip.Compression.LZMA.Encoder$Optimal@50000da3)
OBJ 50002750 (sz=64, trace=302555, class=SevenZip.Compression.LZMA.Encoder$Optimal@50000da3)
OBJ 50002751 (sz=64, trace=302555, class=SevenZip.Compression.LZMA.Encoder$Optimal@50000da3)
OBJ 50002752 (sz=64, trace=302555, class=SevenZip.Compression.LZMA.Encoder$Optimal@50000da3)
OBJ 50002753 (sz=64, trace=302555, class=SevenZip.Compression.LZMA.Encoder$Optimal@50000da3)
OBJ 50002754 (sz=64, trace=302555, class=SevenZip.Compression.LZMA.Encoder$Optimal@50000da3)
OBJ 50002755 (sz=64, trace=302555, class=SevenZip.Compression.LZMA.Encoder$Optimal@50000da3)
OBJ 50002756 (sz=64, trace=302555, class=SevenZip.Compression.LZMA.Encoder$Optimal@50000da3)
OBJ 50002757 (sz=64, trace=302555, class=SevenZip.Compression.LZMA.Encoder$Optimal@50000da3)
OBJ 50002758 (sz=64, trace=302555, class=SevenZip.Compression.LZMA.Encoder$Optimal@50000da3)
OBJ 50002759 (sz=64, trace=302555, class=SevenZip.Compression.LZMA.Encoder$Optimal@50000da3)
OBJ 5000275a (sz=64, trace=302555, class=SevenZip.Compression.LZMA.Encoder$Optimal@50000da3)
OBJ 5000275b (sz=64, trace=302555, class=SevenZip.Compression.LZMA.Encoder$Optimal@50000da3)
OBJ 5000275c (sz=64, trace=302555, class=SevenZip.Compression.LZMA.Encoder$Optimal@50000da3)
OBJ 5000275d (sz=64, trace=302555, class=SevenZip.Compression.LZMA.Encoder$Optimal@50000da3)
OBJ 5000275e (sz=64, trace=302555, class=SevenZip.Compression.LZMA.Encoder$Optimal@50000da3)
OBJ 5000275f (sz=64, trace=302555, class=SevenZip.Compression.LZMA.Encoder$Optimal@50000da3)
OBJ 50002760 (sz=64, trace=302555, class=SevenZip.Compression.LZMA.Encoder$Optimal@50000da3)
OBJ 50002761 (sz=64, trace=302555, class=SevenZip.Compression.LZMA.Encoder$Optimal@50000da3)
OBJ 50002762 (sz=64, trace=302555, class=SevenZip.Compression.LZMA.Encoder$Optimal@50000da3)
OBJ 50002763 (sz=64, trace=302555, class=SevenZip.Compression.LZMA.Encoder$Optimal@50000da3)
OBJ 50002764 (sz=64, trace=302555, class=SevenZip.Compression.LZMA.Encoder$Optimal@50000da3)
OBJ 50002765 (sz=64, trace=302555, class=SevenZip.Compression.LZMA.Encoder$Optimal@50000da3)
OBJ 50002766 (sz=64, trace=302555, class=SevenZip.Compression.LZMA.Encoder$Optimal@50000da3)
OBJ 50002767 (sz=64, trace=302555, class=SevenZip.Compression.LZMA.Encoder$Optimal@50000da3)
OBJ 50002768 (sz=64, trace=302555, class=SevenZip.Compression.LZMA.Encoder$Optimal@50000da3)
OBJ 50002769 (sz=64, trace=302555, class=SevenZip.Compression.LZMA.Encoder$Optimal@50000da3)
OBJ 5000276a (sz=64, trace=302555, class=SevenZip.Compression.LZMA.Encoder$Optimal@50000da3)
OBJ 5000276b (sz=64, trace=302555, class=SevenZip.Compression.LZMA.Encoder$Optimal@50000da3)
OBJ 5000276c (sz=64, trace=302555, class=SevenZip.Compression.LZMA.Encoder$Optimal@50000da3)
OBJ 5000276d (sz=64, trace=302555, class=SevenZip.Compression.LZMA.Encoder$Optimal@50000da3)
OBJ 5000276e (sz=64, trace=302555, class=SevenZip.Compression.LZMA.Encoder$Optimal@50000da3)
OBJ 5000276f (sz=64, trace=302555, class=SevenZip.Compression.LZMA.Encoder$Optimal@50000da3)
OBJ 50002770 (sz=64, trace=302555, class=SevenZip.Compression.LZMA.Encoder$Optimal@50000da3)
OBJ 50002771 (sz=64, trace=302555, class=SevenZip.Compression.LZMA.Encoder$Optimal@50000da3)
OBJ 50002772 (sz=64, trace=302555, class=SevenZip.Compression.LZMA.Encoder$Optimal@50000da3)
OBJ 50002773 (sz=64, trace=302555, class=SevenZip.Compression.LZMA.Encoder$Optimal@50000da3)
OBJ 50002774 (sz=64, trace=302555, class=SevenZip.Compression.LZMA.Encoder$Optimal@50000da3)
OBJ 50002775 (sz=64, trace=302555, class=SevenZip.Compression.LZMA.Encoder$Optimal@50000da3)
OBJ 50002776 (sz=64, trace=302555, class=SevenZip.Compression.LZMA.Encoder$Optimal@50000da3)
OBJ 50002777 (sz=64, trace=302555, class=SevenZip.Compression.LZMA.Encoder$Optimal@50000da3)
OBJ 50002778 (sz=64, trace=302555, class=SevenZip.Compression.LZMA.Encoder$Optimal@50000da3)
OBJ 50002779 (sz=64, trace=302555, class=SevenZip.Compression.LZMA.Encoder$Optimal@50000da3)
OBJ 5000277a (sz=64, trace=302555, class=SevenZip.Compression.LZMA.Encoder$Optimal@50000da3)
OBJ 5000277b (sz=64, trace=302555, class=SevenZip.Compression.LZMA.Encoder$Optimal@50000da3)
OBJ 5000277c (sz=64, trace=302555, class=SevenZip.Compression.LZMA.Encoder$Optimal@50000da3)
OBJ 5000277d (sz=64, trace=302555, class=SevenZip.Compression.LZMA.Encoder$Optimal@50000da3)
OBJ 5000277e (sz=64, trace=302555, class=SevenZip.Compression.LZMA.Encoder$Optimal@50000da3)
OBJ 5000277f (sz=64, trace=302555, class=SevenZip.Compression.LZMA.Encoder$Optimal@50000da3)
OBJ 50002780 (sz=64, trace=302555, class=SevenZip.Compression.LZMA.Encoder$Optimal@50000da3)
OBJ 50002781 (sz=64, trace=302555, class=SevenZip.Compression.LZMA.Encoder$Optimal@50000da3)
OBJ 50002782 (sz=64, trace=302555, class=SevenZip.Compression.LZMA.Encoder$Optimal@50000da3)
OBJ 50002783 (sz=64, trace=302555, class=SevenZip.Compression.LZMA.Encoder$Optimal@50000da3)
OBJ 50002784 (sz=64, trace=302555, class=SevenZip.Compression.LZMA.Encoder$Optimal@50000da3)
OBJ 50002785 (sz=64, trace=302555, class=SevenZip.Compression.LZMA.Encoder$Optimal@50000da3)
OBJ 50002786 (sz=64, trace=302555, class=SevenZip.Compression.LZMA.Encoder$Optimal@50000da3)
OBJ 50002787 (sz=64, trace=302555, class=SevenZip.Compression.LZMA.Encoder$Optimal@50000da3)
OBJ 50002788 (sz=64, trace=302555, class=SevenZip.Compression.LZMA.Encoder$Optimal@50000da3)
OBJ 50002789 (sz=64, trace=302555, class=SevenZip.Compression.LZMA.Encoder$Optimal@50000da3)
OBJ 5000278a (sz=64, trace=302555, class=SevenZip.Compression.LZMA.Encoder$Optimal@50000da3)
OBJ 5000278b (sz=64, trace=302555, class=SevenZip.Compression.LZMA.Encoder$Optimal@50000da3)
OBJ 5000278c (sz=64, trace=302555, class=SevenZip.Compression.LZMA.Encoder$Optimal@50000da3)
OBJ 5000278d (sz=64, trace=302555, class=SevenZip.Compression.LZMA.Encoder$Optimal@50000da3)
OBJ 5000278e (sz=64, trace=302555, class=SevenZip.Compression.LZMA.Encoder$Optimal@50000da3)
OBJ 5000278f (sz=64, trace=302555, class=SevenZip.Compression.LZMA.Encoder$Optimal@50000da3)
OBJ 50002790 (sz=64, trace=302555, class=SevenZip.Compression.LZMA.Encoder$Optimal@50000da3)
OBJ 50002791 (sz=64, trace=302555, class=SevenZip.Compression.LZMA.Encoder$Optimal@50000da3)
OBJ 50002792 (sz=64, trace=302555, class=SevenZip.Compression.LZMA.Encoder$Optimal@50000da3)
OBJ 50002793 (sz=64, trace=302555, class=SevenZip.Compression.LZMA.Encoder$Optimal@50000da3)
OBJ 50002794 (sz=64, trace=302555, class=SevenZip.Compression.LZMA.Encoder$Optimal@50000da3)
OBJ 50002795 (sz=64, trace=302555, class=SevenZip.Compression.LZMA.Encoder$Optimal@50000da3)
OBJ 50002796 (sz=64, trace=302555, class=SevenZip.Compression.LZMA.Encoder$Optimal@50000da3)
OBJ 50002797 (sz=64, trace=302555, class=SevenZip.Compression.LZMA.Encoder$Optimal@50000da3)
OBJ 50002798 (sz=64, trace=302555, class=SevenZip.Compression.LZMA.Encoder$Optimal@50000da3)
OBJ 50002799 (sz=64, trace=302555, class=SevenZip.Compression.LZMA.Encoder$Optimal@50000da3)
OBJ 5000279a (sz=64, trace=302555, class=SevenZip.Compression.LZMA.Encoder$Optimal@50000da3)
OBJ 5000279b (sz=64, trace=302555, class=SevenZip.Compression.LZMA.Encoder$Optimal@50000da3)
OBJ 5000279c (sz=64, trace=302555, class=SevenZip.Compression.LZMA.Encoder$Optimal@50000da3)
OBJ 5000279d (sz=64, trace=302555, class=SevenZip.Compression.LZMA.Encoder$Optimal@50000da3)
OBJ 5000279e (sz=64, trace=302555, class=SevenZip.Compression.LZMA.Encoder$Optimal@50000da3)
OBJ 5000279f (sz=64, trace=302555, class=SevenZip.Compression.LZMA.Encoder$Optimal@50000da3)
OBJ 500027a0 (sz=64, trace=302555, class=SevenZip.Compression.LZMA.Encoder$Optimal@50000da3)
OBJ 500027a1 (sz=64, trace=302555, class=SevenZip.Compression.LZMA.Encoder$Optimal@50000da3)
OBJ 500027a2 (sz=64, trace=302555, class=SevenZip.Compression.LZMA.Encoder$Optimal@50000da3)
OBJ 500027a3 (sz=64, trace=302555, class=SevenZip.Compression.LZMA.Encoder$Optimal@50000da3)
OBJ 500027a4 (sz=64, trace=302555, class=SevenZip.Compression.LZMA.Encoder$Optimal@50000da3)
OBJ 500027a5 (sz=64, trace=302555, class=SevenZip.Compression.LZMA.Encoder$Optimal@50000da3)
OBJ 500027a6 (sz=64, trace=302555, class=SevenZip.Compression.LZMA.Encoder$Optimal@50000da3)
OBJ 500027a7 (sz=64, trace=302555, class=SevenZip.Compression.LZMA.Encoder$Optimal@50000da3)
OBJ 500027a8 (sz=64, trace=302555, class=SevenZip.Compression.LZMA.Encoder$Optimal@50000da3)
OBJ 500027a9 (sz=64, trace=302555, class=SevenZip.Compression.LZMA.Encoder$Optimal@50000da3)
OBJ 500027aa (sz=64, trace=302555, class=SevenZip.Compression.LZMA.Encoder$Optimal@50000da3)
OBJ 500027ab (sz=64, trace=302555, class=SevenZip.Compression.LZMA.Encoder$Optimal@50000da3)
OBJ 500027ac (sz=64, trace=302555, class=SevenZip.Compression.LZMA.Encoder$Optimal@50000da3)
OBJ 500027ad (sz=64, trace=302555, class=SevenZip.Compression.LZMA.Encoder$Optimal@50000da3)
OBJ 500027ae (sz=64, trace=302555, class=SevenZip.Compression.LZMA.Encoder$Optimal@50000da3)
OBJ 500027af (sz=64, trace=302555, class=SevenZip.Compression.LZMA.Encoder$Optimal@50000da3)
OBJ 500027b0 (sz=64, trace=302555, class=SevenZip.Compression.LZMA.Encoder$Optimal@50000da3)
OBJ 500027b1 (sz=64, trace=302555, class=SevenZip.Compression.LZMA.Encoder$Optimal@50000da3)
OBJ 500027b2 (sz=64, trace=302555, class=SevenZip.Compression.LZMA.Encoder$Optimal@50000da3)
OBJ 500027b3 (sz=64, trace=302555, class=SevenZip.Compression.LZMA.Encoder$Optimal@50000da3)
OBJ 500027b5 (sz=16, trace=301038, class=java.lang.Object@500000a7)
OBJ 500027b6 (sz=32, trace=300024, class=java.util.concurrent.ConcurrentHashMap$HashEntry@50000115)
	key		50001463
	value		500027b5
ARR 500027b7 (sz=80, trace=300473, nelems=0, elem type=java.util.concurrent.ConcurrentHashMap$HashEntry[]@50000116)
OBJ 500027b8 (sz=32, trace=300486, class=java.util.concurrent.ConcurrentHashMap$HashEntry@50000115)
	key		5000146f
	value		50002022
OBJ 500027b9 (sz=32, trace=300486, class=java.util.concurrent.ConcurrentHashMap$HashEntry@50000115)
	key		50001461
	value		50001183
OBJ 500027ba (sz=16, trace=301039, class=java.lang.Object@500000a7)
OBJ 500027bb (sz=32, trace=300027, class=java.util.concurrent.ConcurrentHashMap$HashEntry@50000115)
	key		50001463
	value		500027ba
ARR 500027bc (sz=80, trace=300475, nelems=0, elem type=java.util.concurrent.ConcurrentHashMap$HashEntry[]@50000116)
OBJ 500027bd (sz=32, trace=300486, class=java.util.concurrent.ConcurrentHashMap$HashEntry@50000115)
	key		5000146f
	value		50002024
OBJ 500027be (sz=32, trace=300486, class=java.util.concurrent.ConcurrentHashMap$HashEntry@50000115)
	key		50001461
	value		50001186
OBJ 500027bf (sz=64, trace=302555, class=SevenZip.Compression.LZMA.Encoder$Optimal@50000da3)
OBJ 500027c0 (sz=64, trace=302555, class=SevenZip.Compression.LZMA.Encoder$Optimal@50000da3)
OBJ 500027c1 (sz=64, trace=302555, class=SevenZip.Compression.LZMA.Encoder$Optimal@50000da3)
OBJ 500027c2 (sz=64, trace=302555, class=SevenZip.Compression.LZMA.Encoder$Optimal@50000da3)
OBJ 500027c3 (sz=64, trace=302555, class=SevenZip.Compression.LZMA.Encoder$Optimal@50000da3)
OBJ 500027c4 (sz=64, trace=302555, class=SevenZip.Compression.LZMA.Encoder$Optimal@50000da3)
OBJ 500027c5 (sz=64, trace=302555, class=SevenZip.Compression.LZMA.Encoder$Optimal@50000da3)
OBJ 500027c6 (sz=64, trace=302555, class=SevenZip.Compression.LZMA.Encoder$Optimal@50000da3)
OBJ 500027c7 (sz=64, trace=302555, class=SevenZip.Compression.LZMA.Encoder$Optimal@50000da3)
OBJ 500027c8 (sz=64, trace=302555, class=SevenZip.Compression.LZMA.Encoder$Optimal@50000da3)
OBJ 500027c9 (sz=64, trace=302555, class=SevenZip.Compression.LZMA.Encoder$Optimal@50000da3)
OBJ 500027ca (sz=64, trace=302555, class=SevenZip.Compression.LZMA.Encoder$Optimal@50000da3)
OBJ 500027cb (sz=64, trace=302555, class=SevenZip.Compression.LZMA.Encoder$Optimal@50000da3)
OBJ 500027cc (sz=64, trace=302555, class=SevenZip.Compression.LZMA.Encoder$Optimal@50000da3)
OBJ 500027cd (sz=64, trace=302555, class=SevenZip.Compression.LZMA.Encoder$Optimal@50000da3)
OBJ 500027ce (sz=64, trace=302555, class=SevenZip.Compression.LZMA.Encoder$Optimal@50000da3)
OBJ 500027cf (sz=64, trace=302555, class=SevenZip.Compression.LZMA.Encoder$Optimal@50000da3)
OBJ 500027d0 (sz=64, trace=302555, class=SevenZip.Compression.LZMA.Encoder$Optimal@50000da3)
OBJ 500027d1 (sz=64, trace=302555, class=SevenZip.Compression.LZMA.Encoder$Optimal@50000da3)
OBJ 500027d2 (sz=64, trace=302555, class=SevenZip.Compression.LZMA.Encoder$Optimal@50000da3)
OBJ 500027d3 (sz=64, trace=302555, class=SevenZip.Compression.LZMA.Encoder$Optimal@50000da3)
OBJ 500027d4 (sz=64, trace=302555, class=SevenZip.Compression.LZMA.Encoder$Optimal@50000da3)
OBJ 500027d5 (sz=64, trace=302555, class=SevenZip.Compression.LZMA.Encoder$Optimal@50000da3)
OBJ 500027d6 (sz=64, trace=302555, class=SevenZip.Compression.LZMA.Encoder$Optimal@50000da3)
OBJ 500027d7 (sz=64, trace=302555, class=SevenZip.Compression.LZMA.Encoder$Optimal@50000da3)
OBJ 500027d8 (sz=64, trace=302555, class=SevenZip.Compression.LZMA.Encoder$Optimal@50000da3)
OBJ 500027d9 (sz=64, trace=302555, class=SevenZip.Compression.LZMA.Encoder$Optimal@50000da3)
OBJ 500027da (sz=64, trace=302555, class=SevenZip.Compression.LZMA.Encoder$Optimal@50000da3)
OBJ 500027db (sz=64, trace=302555, class=SevenZip.Compression.LZMA.Encoder$Optimal@50000da3)
OBJ 500027dc (sz=64, trace=302555, class=SevenZip.Compression.LZMA.Encoder$Optimal@50000da3)
OBJ 500027dd (sz=64, trace=302555, class=SevenZip.Compression.LZMA.Encoder$Optimal@50000da3)
OBJ 500027de (sz=64, trace=302555, class=SevenZip.Compression.LZMA.Encoder$Optimal@50000da3)
OBJ 500027df (sz=64, trace=302555, class=SevenZip.Compression.LZMA.Encoder$Optimal@50000da3)
OBJ 500027e0 (sz=64, trace=302555, class=SevenZip.Compression.LZMA.Encoder$Optimal@50000da3)
OBJ 500027e1 (sz=64, trace=302555, class=SevenZip.Compression.LZMA.Encoder$Optimal@50000da3)
OBJ 500027e2 (sz=64, trace=302555, class=SevenZip.Compression.LZMA.Encoder$Optimal@50000da3)
OBJ 500027e3 (sz=64, trace=302555, class=SevenZip.Compression.LZMA.Encoder$Optimal@50000da3)
OBJ 500027e4 (sz=64, trace=302555, class=SevenZip.Compression.LZMA.Encoder$Optimal@50000da3)
OBJ 500027e5 (sz=64, trace=302555, class=SevenZip.Compression.LZMA.Encoder$Optimal@50000da3)
OBJ 500027e6 (sz=64, trace=302555, class=SevenZip.Compression.LZMA.Encoder$Optimal@50000da3)
OBJ 500027e7 (sz=64, trace=302555, class=SevenZip.Compression.LZMA.Encoder$Optimal@50000da3)
OBJ 500027e8 (sz=64, trace=302555, class=SevenZip.Compression.LZMA.Encoder$Optimal@50000da3)
OBJ 500027e9 (sz=64, trace=302555, class=SevenZip.Compression.LZMA.Encoder$Optimal@50000da3)
OBJ 500027ea (sz=64, trace=302555, class=SevenZip.Compression.LZMA.Encoder$Optimal@50000da3)
OBJ 500027eb (sz=64, trace=302555, class=SevenZip.Compression.LZMA.Encoder$Optimal@50000da3)
OBJ 500027ec (sz=64, trace=302555, class=SevenZip.Compression.LZMA.Encoder$Optimal@50000da3)
OBJ 500027ed (sz=64, trace=302555, class=SevenZip.Compression.LZMA.Encoder$Optimal@50000da3)
OBJ 500027ee (sz=64, trace=302555, class=SevenZip.Compression.LZMA.Encoder$Optimal@50000da3)
OBJ 500027ef (sz=64, trace=302555, class=SevenZip.Compression.LZMA.Encoder$Optimal@50000da3)
OBJ 500027f0 (sz=64, trace=302555, class=SevenZip.Compression.LZMA.Encoder$Optimal@50000da3)
OBJ 500027f1 (sz=64, trace=302555, class=SevenZip.Compression.LZMA.Encoder$Optimal@50000da3)
OBJ 500027f2 (sz=64, trace=302555, class=SevenZip.Compression.LZMA.Encoder$Optimal@50000da3)
OBJ 500027f3 (sz=64, trace=302555, class=SevenZip.Compression.LZMA.Encoder$Optimal@50000da3)
OBJ 500027f4 (sz=64, trace=302555, class=SevenZip.Compression.LZMA.Encoder$Optimal@50000da3)
OBJ 500027f5 (sz=64, trace=302555, class=SevenZip.Compression.LZMA.Encoder$Optimal@50000da3)
OBJ 500027f6 (sz=64, trace=302555, class=SevenZip.Compression.LZMA.Encoder$Optimal@50000da3)
OBJ 500027f7 (sz=64, trace=302555, class=SevenZip.Compression.LZMA.Encoder$Optimal@50000da3)
OBJ 500027f8 (sz=64, trace=302555, class=SevenZip.Compression.LZMA.Encoder$Optimal@50000da3)
OBJ 500027f9 (sz=64, trace=302555, class=SevenZip.Compression.LZMA.Encoder$Optimal@50000da3)
OBJ 500027fa (sz=64, trace=302555, class=SevenZip.Compression.LZMA.Encoder$Optimal@50000da3)
OBJ 500027fb (sz=64, trace=302555, class=SevenZip.Compression.LZMA.Encoder$Optimal@50000da3)
OBJ 500027fc (sz=64, trace=302555, class=SevenZip.Compression.LZMA.Encoder$Optimal@50000da3)
OBJ 500027fd (sz=64, trace=302555, class=SevenZip.Compression.LZMA.Encoder$Optimal@50000da3)
OBJ 500027fe (sz=64, trace=302555, class=SevenZip.Compression.LZMA.Encoder$Optimal@50000da3)
OBJ 500027ff (sz=64, trace=302555, class=SevenZip.Compression.LZMA.Encoder$Optimal@50000da3)
OBJ 50002800 (sz=64, trace=302555, class=SevenZip.Compression.LZMA.Encoder$Optimal@50000da3)
OBJ 50002801 (sz=64, trace=302555, class=SevenZip.Compression.LZMA.Encoder$Optimal@50000da3)
OBJ 50002802 (sz=64, trace=302555, class=SevenZip.Compression.LZMA.Encoder$Optimal@50000da3)
OBJ 50002803 (sz=64, trace=302555, class=SevenZip.Compression.LZMA.Encoder$Optimal@50000da3)
OBJ 50002804 (sz=64, trace=302555, class=SevenZip.Compression.LZMA.Encoder$Optimal@50000da3)
OBJ 50002805 (sz=64, trace=302555, class=SevenZip.Compression.LZMA.Encoder$Optimal@50000da3)
OBJ 50002806 (sz=64, trace=302555, class=SevenZip.Compression.LZMA.Encoder$Optimal@50000da3)
OBJ 50002807 (sz=64, trace=302555, class=SevenZip.Compression.LZMA.Encoder$Optimal@50000da3)
OBJ 50002808 (sz=64, trace=302555, class=SevenZip.Compression.LZMA.Encoder$Optimal@50000da3)
OBJ 50002809 (sz=64, trace=302555, class=SevenZip.Compression.LZMA.Encoder$Optimal@50000da3)
OBJ 5000280a (sz=64, trace=302555, class=SevenZip.Compression.LZMA.Encoder$Optimal@50000da3)
OBJ 5000280b (sz=64, trace=302555, class=SevenZip.Compression.LZMA.Encoder$Optimal@50000da3)
OBJ 5000280c (sz=64, trace=302555, class=SevenZip.Compression.LZMA.Encoder$Optimal@50000da3)
OBJ 5000280d (sz=64, trace=302555, class=SevenZip.Compression.LZMA.Encoder$Optimal@50000da3)
OBJ 5000280e (sz=64, trace=302555, class=SevenZip.Compression.LZMA.Encoder$Optimal@50000da3)
OBJ 5000280f (sz=64, trace=302555, class=SevenZip.Compression.LZMA.Encoder$Optimal@50000da3)
OBJ 50002810 (sz=64, trace=302555, class=SevenZip.Compression.LZMA.Encoder$Optimal@50000da3)
OBJ 50002811 (sz=64, trace=302555, class=SevenZip.Compression.LZMA.Encoder$Optimal@50000da3)
OBJ 50002812 (sz=64, trace=302555, class=SevenZip.Compression.LZMA.Encoder$Optimal@50000da3)
OBJ 50002813 (sz=64, trace=302555, class=SevenZip.Compression.LZMA.Encoder$Optimal@50000da3)
OBJ 50002814 (sz=64, trace=302555, class=SevenZip.Compression.LZMA.Encoder$Optimal@50000da3)
OBJ 50002815 (sz=64, trace=302555, class=SevenZip.Compression.LZMA.Encoder$Optimal@50000da3)
OBJ 50002816 (sz=64, trace=302555, class=SevenZip.Compression.LZMA.Encoder$Optimal@50000da3)
OBJ 50002817 (sz=64, trace=302555, class=SevenZip.Compression.LZMA.Encoder$Optimal@50000da3)
OBJ 50002818 (sz=64, trace=302555, class=SevenZip.Compression.LZMA.Encoder$Optimal@50000da3)
OBJ 50002819 (sz=64, trace=302555, class=SevenZip.Compression.LZMA.Encoder$Optimal@50000da3)
OBJ 5000281a (sz=64, trace=302555, class=SevenZip.Compression.LZMA.Encoder$Optimal@50000da3)
OBJ 5000281b (sz=64, trace=302555, class=SevenZip.Compression.LZMA.Encoder$Optimal@50000da3)
OBJ 5000281c (sz=64, trace=302555, class=SevenZip.Compression.LZMA.Encoder$Optimal@50000da3)
OBJ 5000281d (sz=64, trace=302555, class=SevenZip.Compression.LZMA.Encoder$Optimal@50000da3)
OBJ 5000281e (sz=64, trace=302555, class=SevenZip.Compression.LZMA.Encoder$Optimal@50000da3)
OBJ 5000281f (sz=64, trace=302555, class=SevenZip.Compression.LZMA.Encoder$Optimal@50000da3)
OBJ 50002820 (sz=64, trace=302555, class=SevenZip.Compression.LZMA.Encoder$Optimal@50000da3)
OBJ 50002821 (sz=64, trace=302555, class=SevenZip.Compression.LZMA.Encoder$Optimal@50000da3)
OBJ 50002822 (sz=64, trace=302555, class=SevenZip.Compression.LZMA.Encoder$Optimal@50000da3)
OBJ 50002823 (sz=64, trace=302555, class=SevenZip.Compression.LZMA.Encoder$Optimal@50000da3)
OBJ 50002824 (sz=64, trace=302555, class=SevenZip.Compression.LZMA.Encoder$Optimal@50000da3)
OBJ 50002825 (sz=64, trace=302555, class=SevenZip.Compression.LZMA.Encoder$Optimal@50000da3)
OBJ 50002826 (sz=64, trace=302555, class=SevenZip.Compression.LZMA.Encoder$Optimal@50000da3)
OBJ 50002827 (sz=64, trace=302555, class=SevenZip.Compression.LZMA.Encoder$Optimal@50000da3)
OBJ 50002828 (sz=64, trace=302555, class=SevenZip.Compression.LZMA.Encoder$Optimal@50000da3)
OBJ 50002829 (sz=64, trace=302555, class=SevenZip.Compression.LZMA.Encoder$Optimal@50000da3)
OBJ 5000282a (sz=64, trace=302555, class=SevenZip.Compression.LZMA.Encoder$Optimal@50000da3)
OBJ 5000282b (sz=64, trace=302555, class=SevenZip.Compression.LZMA.Encoder$Optimal@50000da3)
OBJ 5000282c (sz=64, trace=302555, class=SevenZip.Compression.LZMA.Encoder$Optimal@50000da3)
OBJ 5000282d (sz=64, trace=302555, class=SevenZip.Compression.LZMA.Encoder$Optimal@50000da3)
OBJ 5000282e (sz=64, trace=302555, class=SevenZip.Compression.LZMA.Encoder$Optimal@50000da3)
OBJ 5000282f (sz=64, trace=302555, class=SevenZip.Compression.LZMA.Encoder$Optimal@50000da3)
OBJ 50002830 (sz=64, trace=302555, class=SevenZip.Compression.LZMA.Encoder$Optimal@50000da3)
OBJ 50002831 (sz=64, trace=302555, class=SevenZip.Compression.LZMA.Encoder$Optimal@50000da3)
OBJ 50002832 (sz=64, trace=302555, class=SevenZip.Compression.LZMA.Encoder$Optimal@50000da3)
OBJ 50002833 (sz=64, trace=302555, class=SevenZip.Compression.LZMA.Encoder$Optimal@50000da3)
OBJ 50002834 (sz=64, trace=302555, class=SevenZip.Compression.LZMA.Encoder$Optimal@50000da3)
OBJ 50002835 (sz=64, trace=302555, class=SevenZip.Compression.LZMA.Encoder$Optimal@50000da3)
OBJ 50002836 (sz=64, trace=302555, class=SevenZip.Compression.LZMA.Encoder$Optimal@50000da3)
OBJ 50002837 (sz=64, trace=302555, class=SevenZip.Compression.LZMA.Encoder$Optimal@50000da3)
OBJ 50002838 (sz=64, trace=302555, class=SevenZip.Compression.LZMA.Encoder$Optimal@50000da3)
OBJ 50002839 (sz=64, trace=302555, class=SevenZip.Compression.LZMA.Encoder$Optimal@50000da3)
OBJ 5000283a (sz=64, trace=302555, class=SevenZip.Compression.LZMA.Encoder$Optimal@50000da3)
OBJ 5000283b (sz=64, trace=302555, class=SevenZip.Compression.LZMA.Encoder$Optimal@50000da3)
OBJ 5000283c (sz=64, trace=302555, class=SevenZip.Compression.LZMA.Encoder$Optimal@50000da3)
OBJ 5000283d (sz=64, trace=302555, class=SevenZip.Compression.LZMA.Encoder$Optimal@50000da3)
OBJ 5000283e (sz=64, trace=302555, class=SevenZip.Compression.LZMA.Encoder$Optimal@50000da3)
OBJ 5000283f (sz=64, trace=302555, class=SevenZip.Compression.LZMA.Encoder$Optimal@50000da3)
OBJ 50002840 (sz=64, trace=302555, class=SevenZip.Compression.LZMA.Encoder$Optimal@50000da3)
OBJ 50002841 (sz=64, trace=302555, class=SevenZip.Compression.LZMA.Encoder$Optimal@50000da3)
OBJ 50002842 (sz=64, trace=302555, class=SevenZip.Compression.LZMA.Encoder$Optimal@50000da3)
OBJ 50002843 (sz=64, trace=302555, class=SevenZip.Compression.LZMA.Encoder$Optimal@50000da3)
OBJ 50002844 (sz=64, trace=302555, class=SevenZip.Compression.LZMA.Encoder$Optimal@50000da3)
OBJ 50002845 (sz=64, trace=302555, class=SevenZip.Compression.LZMA.Encoder$Optimal@50000da3)
OBJ 50002846 (sz=64, trace=302555, class=SevenZip.Compression.LZMA.Encoder$Optimal@50000da3)
OBJ 50002847 (sz=64, trace=302555, class=SevenZip.Compression.LZMA.Encoder$Optimal@50000da3)
OBJ 50002848 (sz=64, trace=302555, class=SevenZip.Compression.LZMA.Encoder$Optimal@50000da3)
OBJ 50002849 (sz=64, trace=302555, class=SevenZip.Compression.LZMA.Encoder$Optimal@50000da3)
OBJ 5000284a (sz=64, trace=302555, class=SevenZip.Compression.LZMA.Encoder$Optimal@50000da3)
OBJ 5000284b (sz=64, trace=302555, class=SevenZip.Compression.LZMA.Encoder$Optimal@50000da3)
OBJ 5000284c (sz=64, trace=302555, class=SevenZip.Compression.LZMA.Encoder$Optimal@50000da3)
OBJ 5000284d (sz=64, trace=302555, class=SevenZip.Compression.LZMA.Encoder$Optimal@50000da3)
OBJ 5000284e (sz=64, trace=302555, class=SevenZip.Compression.LZMA.Encoder$Optimal@50000da3)
OBJ 5000284f (sz=64, trace=302555, class=SevenZip.Compression.LZMA.Encoder$Optimal@50000da3)
OBJ 50002850 (sz=64, trace=302555, class=SevenZip.Compression.LZMA.Encoder$Optimal@50000da3)
OBJ 50002851 (sz=64, trace=302555, class=SevenZip.Compression.LZMA.Encoder$Optimal@50000da3)
OBJ 50002852 (sz=64, trace=302555, class=SevenZip.Compression.LZMA.Encoder$Optimal@50000da3)
OBJ 50002853 (sz=64, trace=302555, class=SevenZip.Compression.LZMA.Encoder$Optimal@50000da3)
OBJ 50002854 (sz=64, trace=302555, class=SevenZip.Compression.LZMA.Encoder$Optimal@50000da3)
OBJ 50002855 (sz=64, trace=302555, class=SevenZip.Compression.LZMA.Encoder$Optimal@50000da3)
OBJ 50002856 (sz=64, trace=302555, class=SevenZip.Compression.LZMA.Encoder$Optimal@50000da3)
OBJ 50002857 (sz=64, trace=302555, class=SevenZip.Compression.LZMA.Encoder$Optimal@50000da3)
OBJ 50002858 (sz=64, trace=302555, class=SevenZip.Compression.LZMA.Encoder$Optimal@50000da3)
OBJ 50002859 (sz=64, trace=302555, class=SevenZip.Compression.LZMA.Encoder$Optimal@50000da3)
OBJ 5000285a (sz=64, trace=302555, class=SevenZip.Compression.LZMA.Encoder$Optimal@50000da3)
OBJ 5000285b (sz=64, trace=302555, class=SevenZip.Compression.LZMA.Encoder$Optimal@50000da3)
OBJ 5000285c (sz=64, trace=302555, class=SevenZip.Compression.LZMA.Encoder$Optimal@50000da3)
OBJ 5000285d (sz=64, trace=302555, class=SevenZip.Compression.LZMA.Encoder$Optimal@50000da3)
OBJ 5000285e (sz=64, trace=302555, class=SevenZip.Compression.LZMA.Encoder$Optimal@50000da3)
OBJ 5000285f (sz=64, trace=302555, class=SevenZip.Compression.LZMA.Encoder$Optimal@50000da3)
OBJ 50002860 (sz=64, trace=302555, class=SevenZip.Compression.LZMA.Encoder$Optimal@50000da3)
OBJ 50002861 (sz=64, trace=302555, class=SevenZip.Compression.LZMA.Encoder$Optimal@50000da3)
OBJ 50002862 (sz=64, trace=302555, class=SevenZip.Compression.LZMA.Encoder$Optimal@50000da3)
OBJ 50002863 (sz=64, trace=302555, class=SevenZip.Compression.LZMA.Encoder$Optimal@50000da3)
OBJ 50002864 (sz=64, trace=302555, class=SevenZip.Compression.LZMA.Encoder$Optimal@50000da3)
OBJ 50002865 (sz=64, trace=302555, class=SevenZip.Compression.LZMA.Encoder$Optimal@50000da3)
OBJ 50002866 (sz=64, trace=302555, class=SevenZip.Compression.LZMA.Encoder$Optimal@50000da3)
OBJ 50002867 (sz=64, trace=302555, class=SevenZip.Compression.LZMA.Encoder$Optimal@50000da3)
OBJ 50002868 (sz=64, trace=302555, class=SevenZip.Compression.LZMA.Encoder$Optimal@50000da3)
OBJ 50002869 (sz=64, trace=302555, class=SevenZip.Compression.LZMA.Encoder$Optimal@50000da3)
OBJ 5000286a (sz=64, trace=302555, class=SevenZip.Compression.LZMA.Encoder$Optimal@50000da3)
OBJ 5000286b (sz=64, trace=302555, class=SevenZip.Compression.LZMA.Encoder$Optimal@50000da3)
OBJ 5000286c (sz=64, trace=302555, class=SevenZip.Compression.LZMA.Encoder$Optimal@50000da3)
OBJ 5000286d (sz=64, trace=302555, class=SevenZip.Compression.LZMA.Encoder$Optimal@50000da3)
OBJ 5000286e (sz=64, trace=302555, class=SevenZip.Compression.LZMA.Encoder$Optimal@50000da3)
OBJ 5000286f (sz=64, trace=302555, class=SevenZip.Compression.LZMA.Encoder$Optimal@50000da3)
OBJ 50002870 (sz=64, trace=302555, class=SevenZip.Compression.LZMA.Encoder$Optimal@50000da3)
OBJ 50002871 (sz=64, trace=302555, class=SevenZip.Compression.LZMA.Encoder$Optimal@50000da3)
OBJ 50002872 (sz=64, trace=302555, class=SevenZip.Compression.LZMA.Encoder$Optimal@50000da3)
OBJ 50002873 (sz=64, trace=302555, class=SevenZip.Compression.LZMA.Encoder$Optimal@50000da3)
OBJ 50002874 (sz=64, trace=302555, class=SevenZip.Compression.LZMA.Encoder$Optimal@50000da3)
OBJ 50002875 (sz=64, trace=302555, class=SevenZip.Compression.LZMA.Encoder$Optimal@50000da3)
OBJ 50002876 (sz=64, trace=302555, class=SevenZip.Compression.LZMA.Encoder$Optimal@50000da3)
OBJ 50002877 (sz=64, trace=302555, class=SevenZip.Compression.LZMA.Encoder$Optimal@50000da3)
OBJ 50002878 (sz=64, trace=302555, class=SevenZip.Compression.LZMA.Encoder$Optimal@50000da3)
OBJ 50002879 (sz=64, trace=302555, class=SevenZip.Compression.LZMA.Encoder$Optimal@50000da3)
OBJ 5000287a (sz=64, trace=302555, class=SevenZip.Compression.LZMA.Encoder$Optimal@50000da3)
OBJ 5000287b (sz=64, trace=302555, class=SevenZip.Compression.LZMA.Encoder$Optimal@50000da3)
OBJ 5000287c (sz=64, trace=302555, class=SevenZip.Compression.LZMA.Encoder$Optimal@50000da3)
OBJ 5000287d (sz=64, trace=302555, class=SevenZip.Compression.LZMA.Encoder$Optimal@50000da3)
OBJ 5000287e (sz=64, trace=302555, class=SevenZip.Compression.LZMA.Encoder$Optimal@50000da3)
OBJ 5000287f (sz=64, trace=302555, class=SevenZip.Compression.LZMA.Encoder$Optimal@50000da3)
OBJ 50002880 (sz=64, trace=302555, class=SevenZip.Compression.LZMA.Encoder$Optimal@50000da3)
OBJ 50002881 (sz=64, trace=302555, class=SevenZip.Compression.LZMA.Encoder$Optimal@50000da3)
OBJ 50002882 (sz=64, trace=302555, class=SevenZip.Compression.LZMA.Encoder$Optimal@50000da3)
OBJ 50002883 (sz=64, trace=302555, class=SevenZip.Compression.LZMA.Encoder$Optimal@50000da3)
OBJ 50002884 (sz=64, trace=302555, class=SevenZip.Compression.LZMA.Encoder$Optimal@50000da3)
OBJ 50002885 (sz=64, trace=302555, class=SevenZip.Compression.LZMA.Encoder$Optimal@50000da3)
OBJ 50002886 (sz=64, trace=302555, class=SevenZip.Compression.LZMA.Encoder$Optimal@50000da3)
OBJ 50002887 (sz=64, trace=302555, class=SevenZip.Compression.LZMA.Encoder$Optimal@50000da3)
OBJ 50002888 (sz=64, trace=302555, class=SevenZip.Compression.LZMA.Encoder$Optimal@50000da3)
OBJ 50002889 (sz=64, trace=302555, class=SevenZip.Compression.LZMA.Encoder$Optimal@50000da3)
OBJ 5000288a (sz=64, trace=302555, class=SevenZip.Compression.LZMA.Encoder$Optimal@50000da3)
OBJ 5000288c (sz=16, trace=301038, class=java.lang.Object@500000a7)
OBJ 5000288d (sz=64, trace=302555, class=SevenZip.Compression.LZMA.Encoder$Optimal@50000da3)
OBJ 5000288e (sz=16, trace=301039, class=java.lang.Object@500000a7)
OBJ 5000288f (sz=64, trace=302555, class=SevenZip.Compression.LZMA.Encoder$Optimal@50000da3)
OBJ 50002890 (sz=64, trace=302555, class=SevenZip.Compression.LZMA.Encoder$Optimal@50000da3)
OBJ 50002891 (sz=64, trace=302555, class=SevenZip.Compression.LZMA.Encoder$Optimal@50000da3)
OBJ 50002892 (sz=64, trace=302555, class=SevenZip.Compression.LZMA.Encoder$Optimal@50000da3)
OBJ 50002893 (sz=64, trace=302555, class=SevenZip.Compression.LZMA.Encoder$Optimal@50000da3)
OBJ 50002894 (sz=64, trace=302555, class=SevenZip.Compression.LZMA.Encoder$Optimal@50000da3)
OBJ 50002895 (sz=64, trace=302555, class=SevenZip.Compression.LZMA.Encoder$Optimal@50000da3)
OBJ 50002896 (sz=64, trace=302555, class=SevenZip.Compression.LZMA.Encoder$Optimal@50000da3)
OBJ 50002897 (sz=64, trace=302555, class=SevenZip.Compression.LZMA.Encoder$Optimal@50000da3)
OBJ 50002898 (sz=64, trace=302555, class=SevenZip.Compression.LZMA.Encoder$Optimal@50000da3)
OBJ 50002899 (sz=64, trace=302555, class=SevenZip.Compression.LZMA.Encoder$Optimal@50000da3)
OBJ 5000289a (sz=64, trace=302555, class=SevenZip.Compression.LZMA.Encoder$Optimal@50000da3)
OBJ 5000289b (sz=64, trace=302555, class=SevenZip.Compression.LZMA.Encoder$Optimal@50000da3)
OBJ 5000289c (sz=64, trace=302555, class=SevenZip.Compression.LZMA.Encoder$Optimal@50000da3)
OBJ 5000289d (sz=64, trace=302555, class=SevenZip.Compression.LZMA.Encoder$Optimal@50000da3)
OBJ 5000289e (sz=64, trace=302555, class=SevenZip.Compression.LZMA.Encoder$Optimal@50000da3)
OBJ 5000289f (sz=64, trace=302555, class=SevenZip.Compression.LZMA.Encoder$Optimal@50000da3)
OBJ 500028a0 (sz=64, trace=302555, class=SevenZip.Compression.LZMA.Encoder$Optimal@50000da3)
OBJ 500028a1 (sz=64, trace=302555, class=SevenZip.Compression.LZMA.Encoder$Optimal@50000da3)
OBJ 500028a2 (sz=64, trace=302555, class=SevenZip.Compression.LZMA.Encoder$Optimal@50000da3)
OBJ 500028a3 (sz=64, trace=302555, class=SevenZip.Compression.LZMA.Encoder$Optimal@50000da3)
OBJ 500028a4 (sz=64, trace=302555, class=SevenZip.Compression.LZMA.Encoder$Optimal@50000da3)
OBJ 500028a5 (sz=64, trace=302555, class=SevenZip.Compression.LZMA.Encoder$Optimal@50000da3)
OBJ 500028a6 (sz=64, trace=302555, class=SevenZip.Compression.LZMA.Encoder$Optimal@50000da3)
OBJ 500028a7 (sz=64, trace=302555, class=SevenZip.Compression.LZMA.Encoder$Optimal@50000da3)
OBJ 500028a8 (sz=64, trace=302555, class=SevenZip.Compression.LZMA.Encoder$Optimal@50000da3)
OBJ 500028a9 (sz=64, trace=302555, class=SevenZip.Compression.LZMA.Encoder$Optimal@50000da3)
OBJ 500028aa (sz=64, trace=302555, class=SevenZip.Compression.LZMA.Encoder$Optimal@50000da3)
OBJ 500028ab (sz=64, trace=302555, class=SevenZip.Compression.LZMA.Encoder$Optimal@50000da3)
OBJ 500028ac (sz=64, trace=302555, class=SevenZip.Compression.LZMA.Encoder$Optimal@50000da3)
OBJ 500028ad (sz=64, trace=302555, class=SevenZip.Compression.LZMA.Encoder$Optimal@50000da3)
OBJ 500028ae (sz=64, trace=302555, class=SevenZip.Compression.LZMA.Encoder$Optimal@50000da3)
OBJ 500028af (sz=64, trace=302555, class=SevenZip.Compression.LZMA.Encoder$Optimal@50000da3)
OBJ 500028b0 (sz=64, trace=302555, class=SevenZip.Compression.LZMA.Encoder$Optimal@50000da3)
OBJ 500028b1 (sz=64, trace=302555, class=SevenZip.Compression.LZMA.Encoder$Optimal@50000da3)
OBJ 500028b2 (sz=64, trace=302555, class=SevenZip.Compression.LZMA.Encoder$Optimal@50000da3)
OBJ 500028b3 (sz=64, trace=302555, class=SevenZip.Compression.LZMA.Encoder$Optimal@50000da3)
OBJ 500028b4 (sz=64, trace=302555, class=SevenZip.Compression.LZMA.Encoder$Optimal@50000da3)
OBJ 500028b5 (sz=64, trace=302555, class=SevenZip.Compression.LZMA.Encoder$Optimal@50000da3)
OBJ 500028b6 (sz=64, trace=302555, class=SevenZip.Compression.LZMA.Encoder$Optimal@50000da3)
OBJ 500028b7 (sz=64, trace=302555, class=SevenZip.Compression.LZMA.Encoder$Optimal@50000da3)
OBJ 500028b8 (sz=64, trace=302555, class=SevenZip.Compression.LZMA.Encoder$Optimal@50000da3)
OBJ 500028b9 (sz=64, trace=302555, class=SevenZip.Compression.LZMA.Encoder$Optimal@50000da3)
OBJ 500028ba (sz=64, trace=302555, class=SevenZip.Compression.LZMA.Encoder$Optimal@50000da3)
OBJ 500028bb (sz=64, trace=302555, class=SevenZip.Compression.LZMA.Encoder$Optimal@50000da3)
OBJ 500028bc (sz=64, trace=302555, class=SevenZip.Compression.LZMA.Encoder$Optimal@50000da3)
OBJ 500028bd (sz=64, trace=302555, class=SevenZip.Compression.LZMA.Encoder$Optimal@50000da3)
OBJ 500028be (sz=64, trace=302555, class=SevenZip.Compression.LZMA.Encoder$Optimal@50000da3)
OBJ 500028bf (sz=64, trace=302555, class=SevenZip.Compression.LZMA.Encoder$Optimal@50000da3)
OBJ 500028c0 (sz=64, trace=302555, class=SevenZip.Compression.LZMA.Encoder$Optimal@50000da3)
OBJ 500028c1 (sz=64, trace=302555, class=SevenZip.Compression.LZMA.Encoder$Optimal@50000da3)
OBJ 500028c2 (sz=64, trace=302555, class=SevenZip.Compression.LZMA.Encoder$Optimal@50000da3)
OBJ 500028c3 (sz=64, trace=302555, class=SevenZip.Compression.LZMA.Encoder$Optimal@50000da3)
OBJ 500028c4 (sz=64, trace=302555, class=SevenZip.Compression.LZMA.Encoder$Optimal@50000da3)
OBJ 500028c5 (sz=64, trace=302555, class=SevenZip.Compression.LZMA.Encoder$Optimal@50000da3)
OBJ 500028c6 (sz=64, trace=302555, class=SevenZip.Compression.LZMA.Encoder$Optimal@50000da3)
OBJ 500028c7 (sz=64, trace=302555, class=SevenZip.Compression.LZMA.Encoder$Optimal@50000da3)
OBJ 500028c8 (sz=64, trace=302555, class=SevenZip.Compression.LZMA.Encoder$Optimal@50000da3)
OBJ 500028c9 (sz=64, trace=302555, class=SevenZip.Compression.LZMA.Encoder$Optimal@50000da3)
OBJ 500028ca (sz=64, trace=302555, class=SevenZip.Compression.LZMA.Encoder$Optimal@50000da3)
OBJ 500028cb (sz=64, trace=302555, class=SevenZip.Compression.LZMA.Encoder$Optimal@50000da3)
OBJ 500028cc (sz=64, trace=302555, class=SevenZip.Compression.LZMA.Encoder$Optimal@50000da3)
OBJ 500028cd (sz=64, trace=302555, class=SevenZip.Compression.LZMA.Encoder$Optimal@50000da3)
OBJ 500028ce (sz=64, trace=302555, class=SevenZip.Compression.LZMA.Encoder$Optimal@50000da3)
OBJ 500028cf (sz=64, trace=302555, class=SevenZip.Compression.LZMA.Encoder$Optimal@50000da3)
OBJ 500028d0 (sz=64, trace=302555, class=SevenZip.Compression.LZMA.Encoder$Optimal@50000da3)
OBJ 500028d1 (sz=64, trace=302555, class=SevenZip.Compression.LZMA.Encoder$Optimal@50000da3)
OBJ 500028d2 (sz=64, trace=302555, class=SevenZip.Compression.LZMA.Encoder$Optimal@50000da3)
OBJ 500028d3 (sz=64, trace=302555, class=SevenZip.Compression.LZMA.Encoder$Optimal@50000da3)
OBJ 500028d4 (sz=64, trace=302555, class=SevenZip.Compression.LZMA.Encoder$Optimal@50000da3)
OBJ 500028d5 (sz=64, trace=302555, class=SevenZip.Compression.LZMA.Encoder$Optimal@50000da3)
OBJ 500028d6 (sz=64, trace=302555, class=SevenZip.Compression.LZMA.Encoder$Optimal@50000da3)
OBJ 500028d7 (sz=64, trace=302555, class=SevenZip.Compression.LZMA.Encoder$Optimal@50000da3)
OBJ 500028d8 (sz=64, trace=302555, class=SevenZip.Compression.LZMA.Encoder$Optimal@50000da3)
OBJ 500028d9 (sz=64, trace=302555, class=SevenZip.Compression.LZMA.Encoder$Optimal@50000da3)
OBJ 500028da (sz=64, trace=302555, class=SevenZip.Compression.LZMA.Encoder$Optimal@50000da3)
OBJ 500028db (sz=64, trace=302555, class=SevenZip.Compression.LZMA.Encoder$Optimal@50000da3)
OBJ 500028dc (sz=64, trace=302555, class=SevenZip.Compression.LZMA.Encoder$Optimal@50000da3)
OBJ 500028dd (sz=64, trace=302555, class=SevenZip.Compression.LZMA.Encoder$Optimal@50000da3)
OBJ 500028de (sz=64, trace=302555, class=SevenZip.Compression.LZMA.Encoder$Optimal@50000da3)
OBJ 500028df (sz=64, trace=302555, class=SevenZip.Compression.LZMA.Encoder$Optimal@50000da3)
OBJ 500028e0 (sz=64, trace=302555, class=SevenZip.Compression.LZMA.Encoder$Optimal@50000da3)
OBJ 500028e1 (sz=64, trace=302555, class=SevenZip.Compression.LZMA.Encoder$Optimal@50000da3)
OBJ 500028e2 (sz=64, trace=302555, class=SevenZip.Compression.LZMA.Encoder$Optimal@50000da3)
OBJ 500028e3 (sz=64, trace=302555, class=SevenZip.Compression.LZMA.Encoder$Optimal@50000da3)
OBJ 500028e4 (sz=64, trace=302555, class=SevenZip.Compression.LZMA.Encoder$Optimal@50000da3)
OBJ 500028e5 (sz=64, trace=302555, class=SevenZip.Compression.LZMA.Encoder$Optimal@50000da3)
OBJ 500028e6 (sz=64, trace=302555, class=SevenZip.Compression.LZMA.Encoder$Optimal@50000da3)
OBJ 500028e7 (sz=64, trace=302555, class=SevenZip.Compression.LZMA.Encoder$Optimal@50000da3)
OBJ 500028e8 (sz=64, trace=302555, class=SevenZip.Compression.LZMA.Encoder$Optimal@50000da3)
OBJ 500028e9 (sz=64, trace=302555, class=SevenZip.Compression.LZMA.Encoder$Optimal@50000da3)
OBJ 500028ea (sz=64, trace=302555, class=SevenZip.Compression.LZMA.Encoder$Optimal@50000da3)
OBJ 500028eb (sz=64, trace=302555, class=SevenZip.Compression.LZMA.Encoder$Optimal@50000da3)
OBJ 500028ec (sz=64, trace=302555, class=SevenZip.Compression.LZMA.Encoder$Optimal@50000da3)
OBJ 500028ed (sz=64, trace=302555, class=SevenZip.Compression.LZMA.Encoder$Optimal@50000da3)
OBJ 500028ee (sz=64, trace=302555, class=SevenZip.Compression.LZMA.Encoder$Optimal@50000da3)
OBJ 500028ef (sz=64, trace=302555, class=SevenZip.Compression.LZMA.Encoder$Optimal@50000da3)
OBJ 500028f0 (sz=64, trace=302555, class=SevenZip.Compression.LZMA.Encoder$Optimal@50000da3)
OBJ 500028f1 (sz=64, trace=302555, class=SevenZip.Compression.LZMA.Encoder$Optimal@50000da3)
OBJ 500028f2 (sz=64, trace=302555, class=SevenZip.Compression.LZMA.Encoder$Optimal@50000da3)
OBJ 500028f3 (sz=64, trace=302555, class=SevenZip.Compression.LZMA.Encoder$Optimal@50000da3)
OBJ 500028f4 (sz=64, trace=302555, class=SevenZip.Compression.LZMA.Encoder$Optimal@50000da3)
OBJ 500028f5 (sz=64, trace=302555, class=SevenZip.Compression.LZMA.Encoder$Optimal@50000da3)
OBJ 500028f6 (sz=64, trace=302555, class=SevenZip.Compression.LZMA.Encoder$Optimal@50000da3)
OBJ 500028f7 (sz=64, trace=302555, class=SevenZip.Compression.LZMA.Encoder$Optimal@50000da3)
OBJ 500028f8 (sz=64, trace=302555, class=SevenZip.Compression.LZMA.Encoder$Optimal@50000da3)
OBJ 500028f9 (sz=64, trace=302555, class=SevenZip.Compression.LZMA.Encoder$Optimal@50000da3)
OBJ 500028fa (sz=64, trace=302555, class=SevenZip.Compression.LZMA.Encoder$Optimal@50000da3)
OBJ 500028fb (sz=64, trace=302555, class=SevenZip.Compression.LZMA.Encoder$Optimal@50000da3)
OBJ 500028fc (sz=64, trace=302555, class=SevenZip.Compression.LZMA.Encoder$Optimal@50000da3)
OBJ 500028fd (sz=64, trace=302555, class=SevenZip.Compression.LZMA.Encoder$Optimal@50000da3)
OBJ 500028fe (sz=64, trace=302555, class=SevenZip.Compression.LZMA.Encoder$Optimal@50000da3)
OBJ 500028ff (sz=64, trace=302555, class=SevenZip.Compression.LZMA.Encoder$Optimal@50000da3)
OBJ 50002900 (sz=64, trace=302555, class=SevenZip.Compression.LZMA.Encoder$Optimal@50000da3)
OBJ 50002901 (sz=64, trace=302555, class=SevenZip.Compression.LZMA.Encoder$Optimal@50000da3)
OBJ 50002902 (sz=64, trace=302555, class=SevenZip.Compression.LZMA.Encoder$Optimal@50000da3)
OBJ 50002903 (sz=64, trace=302555, class=SevenZip.Compression.LZMA.Encoder$Optimal@50000da3)
OBJ 50002904 (sz=64, trace=302555, class=SevenZip.Compression.LZMA.Encoder$Optimal@50000da3)
OBJ 50002905 (sz=64, trace=302555, class=SevenZip.Compression.LZMA.Encoder$Optimal@50000da3)
OBJ 50002906 (sz=64, trace=302555, class=SevenZip.Compression.LZMA.Encoder$Optimal@50000da3)
OBJ 50002907 (sz=64, trace=302555, class=SevenZip.Compression.LZMA.Encoder$Optimal@50000da3)
OBJ 50002908 (sz=64, trace=302555, class=SevenZip.Compression.LZMA.Encoder$Optimal@50000da3)
OBJ 50002909 (sz=64, trace=302555, class=SevenZip.Compression.LZMA.Encoder$Optimal@50000da3)
OBJ 5000290a (sz=64, trace=302555, class=SevenZip.Compression.LZMA.Encoder$Optimal@50000da3)
OBJ 5000290b (sz=64, trace=302555, class=SevenZip.Compression.LZMA.Encoder$Optimal@50000da3)
OBJ 5000290c (sz=64, trace=302555, class=SevenZip.Compression.LZMA.Encoder$Optimal@50000da3)
OBJ 5000290d (sz=64, trace=302555, class=SevenZip.Compression.LZMA.Encoder$Optimal@50000da3)
OBJ 5000290e (sz=64, trace=302555, class=SevenZip.Compression.LZMA.Encoder$Optimal@50000da3)
OBJ 5000290f (sz=64, trace=302555, class=SevenZip.Compression.LZMA.Encoder$Optimal@50000da3)
OBJ 50002910 (sz=64, trace=302555, class=SevenZip.Compression.LZMA.Encoder$Optimal@50000da3)
OBJ 50002911 (sz=64, trace=302555, class=SevenZip.Compression.LZMA.Encoder$Optimal@50000da3)
OBJ 50002912 (sz=64, trace=302555, class=SevenZip.Compression.LZMA.Encoder$Optimal@50000da3)
OBJ 50002913 (sz=64, trace=302555, class=SevenZip.Compression.LZMA.Encoder$Optimal@50000da3)
OBJ 50002914 (sz=64, trace=302555, class=SevenZip.Compression.LZMA.Encoder$Optimal@50000da3)
OBJ 50002915 (sz=64, trace=302555, class=SevenZip.Compression.LZMA.Encoder$Optimal@50000da3)
OBJ 50002916 (sz=64, trace=302555, class=SevenZip.Compression.LZMA.Encoder$Optimal@50000da3)
OBJ 50002917 (sz=64, trace=302555, class=SevenZip.Compression.LZMA.Encoder$Optimal@50000da3)
OBJ 50002918 (sz=64, trace=302555, class=SevenZip.Compression.LZMA.Encoder$Optimal@50000da3)
OBJ 50002919 (sz=64, trace=302555, class=SevenZip.Compression.LZMA.Encoder$Optimal@50000da3)
OBJ 5000291a (sz=64, trace=302555, class=SevenZip.Compression.LZMA.Encoder$Optimal@50000da3)
OBJ 5000291b (sz=64, trace=302555, class=SevenZip.Compression.LZMA.Encoder$Optimal@50000da3)
OBJ 5000291c (sz=64, trace=302555, class=SevenZip.Compression.LZMA.Encoder$Optimal@50000da3)
OBJ 5000291d (sz=64, trace=302555, class=SevenZip.Compression.LZMA.Encoder$Optimal@50000da3)
OBJ 5000291e (sz=64, trace=302555, class=SevenZip.Compression.LZMA.Encoder$Optimal@50000da3)
OBJ 5000291f (sz=64, trace=302555, class=SevenZip.Compression.LZMA.Encoder$Optimal@50000da3)
OBJ 50002920 (sz=64, trace=302555, class=SevenZip.Compression.LZMA.Encoder$Optimal@50000da3)
OBJ 50002921 (sz=64, trace=302555, class=SevenZip.Compression.LZMA.Encoder$Optimal@50000da3)
OBJ 50002922 (sz=64, trace=302555, class=SevenZip.Compression.LZMA.Encoder$Optimal@50000da3)
OBJ 50002923 (sz=64, trace=302555, class=SevenZip.Compression.LZMA.Encoder$Optimal@50000da3)
OBJ 50002924 (sz=64, trace=302555, class=SevenZip.Compression.LZMA.Encoder$Optimal@50000da3)
OBJ 50002925 (sz=64, trace=302555, class=SevenZip.Compression.LZMA.Encoder$Optimal@50000da3)
OBJ 50002926 (sz=64, trace=302555, class=SevenZip.Compression.LZMA.Encoder$Optimal@50000da3)
OBJ 50002927 (sz=64, trace=302555, class=SevenZip.Compression.LZMA.Encoder$Optimal@50000da3)
OBJ 50002928 (sz=64, trace=302555, class=SevenZip.Compression.LZMA.Encoder$Optimal@50000da3)
OBJ 50002929 (sz=64, trace=302555, class=SevenZip.Compression.LZMA.Encoder$Optimal@50000da3)
OBJ 5000292a (sz=64, trace=302555, class=SevenZip.Compression.LZMA.Encoder$Optimal@50000da3)
OBJ 5000292b (sz=64, trace=302555, class=SevenZip.Compression.LZMA.Encoder$Optimal@50000da3)
OBJ 5000292c (sz=64, trace=302555, class=SevenZip.Compression.LZMA.Encoder$Optimal@50000da3)
OBJ 5000292d (sz=64, trace=302555, class=SevenZip.Compression.LZMA.Encoder$Optimal@50000da3)
OBJ 5000292e (sz=64, trace=302555, class=SevenZip.Compression.LZMA.Encoder$Optimal@50000da3)
OBJ 5000292f (sz=64, trace=302555, class=SevenZip.Compression.LZMA.Encoder$Optimal@50000da3)
OBJ 50002930 (sz=64, trace=302555, class=SevenZip.Compression.LZMA.Encoder$Optimal@50000da3)
OBJ 50002931 (sz=64, trace=302555, class=SevenZip.Compression.LZMA.Encoder$Optimal@50000da3)
OBJ 50002932 (sz=64, trace=302555, class=SevenZip.Compression.LZMA.Encoder$Optimal@50000da3)
OBJ 50002933 (sz=64, trace=302555, class=SevenZip.Compression.LZMA.Encoder$Optimal@50000da3)
OBJ 50002934 (sz=64, trace=302555, class=SevenZip.Compression.LZMA.Encoder$Optimal@50000da3)
OBJ 50002935 (sz=64, trace=302555, class=SevenZip.Compression.LZMA.Encoder$Optimal@50000da3)
OBJ 50002936 (sz=64, trace=302555, class=SevenZip.Compression.LZMA.Encoder$Optimal@50000da3)
OBJ 50002937 (sz=64, trace=302555, class=SevenZip.Compression.LZMA.Encoder$Optimal@50000da3)
OBJ 50002938 (sz=64, trace=302555, class=SevenZip.Compression.LZMA.Encoder$Optimal@50000da3)
OBJ 50002939 (sz=64, trace=302555, class=SevenZip.Compression.LZMA.Encoder$Optimal@50000da3)
OBJ 5000293a (sz=64, trace=302555, class=SevenZip.Compression.LZMA.Encoder$Optimal@50000da3)
OBJ 5000293b (sz=64, trace=302555, class=SevenZip.Compression.LZMA.Encoder$Optimal@50000da3)
OBJ 5000293c (sz=64, trace=302555, class=SevenZip.Compression.LZMA.Encoder$Optimal@50000da3)
OBJ 5000293d (sz=64, trace=302555, class=SevenZip.Compression.LZMA.Encoder$Optimal@50000da3)
OBJ 5000293e (sz=64, trace=302555, class=SevenZip.Compression.LZMA.Encoder$Optimal@50000da3)
OBJ 5000293f (sz=64, trace=302555, class=SevenZip.Compression.LZMA.Encoder$Optimal@50000da3)
OBJ 50002940 (sz=64, trace=302555, class=SevenZip.Compression.LZMA.Encoder$Optimal@50000da3)
OBJ 50002941 (sz=64, trace=302555, class=SevenZip.Compression.LZMA.Encoder$Optimal@50000da3)
OBJ 50002942 (sz=64, trace=302555, class=SevenZip.Compression.LZMA.Encoder$Optimal@50000da3)
OBJ 50002943 (sz=64, trace=302555, class=SevenZip.Compression.LZMA.Encoder$Optimal@50000da3)
OBJ 50002944 (sz=64, trace=302555, class=SevenZip.Compression.LZMA.Encoder$Optimal@50000da3)
OBJ 50002945 (sz=64, trace=302555, class=SevenZip.Compression.LZMA.Encoder$Optimal@50000da3)
OBJ 50002946 (sz=64, trace=302555, class=SevenZip.Compression.LZMA.Encoder$Optimal@50000da3)
OBJ 50002947 (sz=64, trace=302555, class=SevenZip.Compression.LZMA.Encoder$Optimal@50000da3)
OBJ 50002948 (sz=64, trace=302555, class=SevenZip.Compression.LZMA.Encoder$Optimal@50000da3)
OBJ 50002949 (sz=64, trace=302555, class=SevenZip.Compression.LZMA.Encoder$Optimal@50000da3)
OBJ 5000294a (sz=64, trace=302555, class=SevenZip.Compression.LZMA.Encoder$Optimal@50000da3)
OBJ 5000294b (sz=64, trace=302555, class=SevenZip.Compression.LZMA.Encoder$Optimal@50000da3)
OBJ 5000294c (sz=64, trace=302555, class=SevenZip.Compression.LZMA.Encoder$Optimal@50000da3)
OBJ 5000294d (sz=64, trace=302555, class=SevenZip.Compression.LZMA.Encoder$Optimal@50000da3)
OBJ 5000294e (sz=64, trace=302555, class=SevenZip.Compression.LZMA.Encoder$Optimal@50000da3)
OBJ 5000294f (sz=64, trace=302555, class=SevenZip.Compression.LZMA.Encoder$Optimal@50000da3)
OBJ 50002950 (sz=64, trace=302555, class=SevenZip.Compression.LZMA.Encoder$Optimal@50000da3)
OBJ 50002951 (sz=64, trace=302555, class=SevenZip.Compression.LZMA.Encoder$Optimal@50000da3)
OBJ 50002952 (sz=64, trace=302555, class=SevenZip.Compression.LZMA.Encoder$Optimal@50000da3)
OBJ 50002953 (sz=64, trace=302555, class=SevenZip.Compression.LZMA.Encoder$Optimal@50000da3)
OBJ 50002954 (sz=64, trace=302555, class=SevenZip.Compression.LZMA.Encoder$Optimal@50000da3)
OBJ 50002955 (sz=64, trace=302555, class=SevenZip.Compression.LZMA.Encoder$Optimal@50000da3)
OBJ 50002956 (sz=64, trace=302555, class=SevenZip.Compression.LZMA.Encoder$Optimal@50000da3)
OBJ 50002957 (sz=64, trace=302555, class=SevenZip.Compression.LZMA.Encoder$Optimal@50000da3)
OBJ 50002958 (sz=64, trace=302555, class=SevenZip.Compression.LZMA.Encoder$Optimal@50000da3)
OBJ 50002959 (sz=64, trace=302555, class=SevenZip.Compression.LZMA.Encoder$Optimal@50000da3)
OBJ 5000295a (sz=64, trace=302555, class=SevenZip.Compression.LZMA.Encoder$Optimal@50000da3)
OBJ 5000295b (sz=64, trace=302555, class=SevenZip.Compression.LZMA.Encoder$Optimal@50000da3)
OBJ 5000295c (sz=16, trace=300472, class=java.lang.Object@500000a7)
OBJ 5000295d (sz=32, trace=300024, class=java.util.concurrent.ConcurrentHashMap$HashEntry@50000115)
	key		5000157e
	value		5000295c
OBJ 5000295e (sz=64, trace=302555, class=SevenZip.Compression.LZMA.Encoder$Optimal@50000da3)
OBJ 5000295f (sz=32, trace=300486, class=java.util.concurrent.ConcurrentHashMap$HashEntry@50000115)
	key		50001586
	value		500026e3
OBJ 50002960 (sz=16, trace=300474, class=java.lang.Object@500000a7)
OBJ 50002961 (sz=32, trace=300027, class=java.util.concurrent.ConcurrentHashMap$HashEntry@50000115)
	key		5000157e
	value		50002960
OBJ 50002962 (sz=64, trace=302555, class=SevenZip.Compression.LZMA.Encoder$Optimal@50000da3)
OBJ 50002963 (sz=32, trace=300486, class=java.util.concurrent.ConcurrentHashMap$HashEntry@50000115)
	key		50001586
	value		500026e5
OBJ 50002964 (sz=64, trace=302555, class=SevenZip.Compression.LZMA.Encoder$Optimal@50000da3)
OBJ 50002965 (sz=64, trace=302555, class=SevenZip.Compression.LZMA.Encoder$Optimal@50000da3)
OBJ 50002966 (sz=64, trace=302555, class=SevenZip.Compression.LZMA.Encoder$Optimal@50000da3)
OBJ 50002967 (sz=64, trace=302555, class=SevenZip.Compression.LZMA.Encoder$Optimal@50000da3)
OBJ 50002968 (sz=64, trace=302555, class=SevenZip.Compression.LZMA.Encoder$Optimal@50000da3)
OBJ 50002969 (sz=64, trace=302555, class=SevenZip.Compression.LZMA.Encoder$Optimal@50000da3)
OBJ 5000296a (sz=64, trace=302555, class=SevenZip.Compression.LZMA.Encoder$Optimal@50000da3)
OBJ 5000296b (sz=64, trace=302555, class=SevenZip.Compression.LZMA.Encoder$Optimal@50000da3)
OBJ 5000296c (sz=64, trace=302555, class=SevenZip.Compression.LZMA.Encoder$Optimal@50000da3)
OBJ 5000296d (sz=64, trace=302555, class=SevenZip.Compression.LZMA.Encoder$Optimal@50000da3)
OBJ 5000296e (sz=64, trace=302555, class=SevenZip.Compression.LZMA.Encoder$Optimal@50000da3)
OBJ 5000296f (sz=64, trace=302555, class=SevenZip.Compression.LZMA.Encoder$Optimal@50000da3)
OBJ 50002970 (sz=64, trace=302555, class=SevenZip.Compression.LZMA.Encoder$Optimal@50000da3)
OBJ 50002971 (sz=64, trace=302555, class=SevenZip.Compression.LZMA.Encoder$Optimal@50000da3)
OBJ 50002972 (sz=64, trace=302555, class=SevenZip.Compression.LZMA.Encoder$Optimal@50000da3)
OBJ 50002973 (sz=64, trace=302555, class=SevenZip.Compression.LZMA.Encoder$Optimal@50000da3)
OBJ 50002974 (sz=64, trace=302555, class=SevenZip.Compression.LZMA.Encoder$Optimal@50000da3)
OBJ 50002975 (sz=64, trace=302555, class=SevenZip.Compression.LZMA.Encoder$Optimal@50000da3)
OBJ 50002976 (sz=64, trace=302555, class=SevenZip.Compression.LZMA.Encoder$Optimal@50000da3)
OBJ 50002977 (sz=64, trace=302555, class=SevenZip.Compression.LZMA.Encoder$Optimal@50000da3)
OBJ 50002978 (sz=64, trace=302555, class=SevenZip.Compression.LZMA.Encoder$Optimal@50000da3)
OBJ 50002979 (sz=64, trace=302555, class=SevenZip.Compression.LZMA.Encoder$Optimal@50000da3)
OBJ 5000297a (sz=64, trace=302555, class=SevenZip.Compression.LZMA.Encoder$Optimal@50000da3)
OBJ 5000297b (sz=64, trace=302555, class=SevenZip.Compression.LZMA.Encoder$Optimal@50000da3)
OBJ 5000297c (sz=64, trace=302555, class=SevenZip.Compression.LZMA.Encoder$Optimal@50000da3)
OBJ 5000297d (sz=64, trace=302555, class=SevenZip.Compression.LZMA.Encoder$Optimal@50000da3)
OBJ 5000297e (sz=64, trace=302555, class=SevenZip.Compression.LZMA.Encoder$Optimal@50000da3)
OBJ 5000297f (sz=64, trace=302555, class=SevenZip.Compression.LZMA.Encoder$Optimal@50000da3)
OBJ 50002980 (sz=64, trace=302555, class=SevenZip.Compression.LZMA.Encoder$Optimal@50000da3)
OBJ 50002981 (sz=64, trace=302555, class=SevenZip.Compression.LZMA.Encoder$Optimal@50000da3)
OBJ 50002982 (sz=64, trace=302555, class=SevenZip.Compression.LZMA.Encoder$Optimal@50000da3)
OBJ 50002983 (sz=64, trace=302555, class=SevenZip.Compression.LZMA.Encoder$Optimal@50000da3)
OBJ 50002984 (sz=64, trace=302555, class=SevenZip.Compression.LZMA.Encoder$Optimal@50000da3)
OBJ 50002985 (sz=64, trace=302555, class=SevenZip.Compression.LZMA.Encoder$Optimal@50000da3)
OBJ 50002986 (sz=64, trace=302555, class=SevenZip.Compression.LZMA.Encoder$Optimal@50000da3)
OBJ 50002987 (sz=64, trace=302555, class=SevenZip.Compression.LZMA.Encoder$Optimal@50000da3)
OBJ 50002988 (sz=64, trace=302555, class=SevenZip.Compression.LZMA.Encoder$Optimal@50000da3)
OBJ 50002989 (sz=64, trace=302555, class=SevenZip.Compression.LZMA.Encoder$Optimal@50000da3)
OBJ 5000298a (sz=64, trace=302555, class=SevenZip.Compression.LZMA.Encoder$Optimal@50000da3)
OBJ 5000298b (sz=64, trace=302555, class=SevenZip.Compression.LZMA.Encoder$Optimal@50000da3)
OBJ 5000298c (sz=64, trace=302555, class=SevenZip.Compression.LZMA.Encoder$Optimal@50000da3)
OBJ 5000298d (sz=64, trace=302555, class=SevenZip.Compression.LZMA.Encoder$Optimal@50000da3)
OBJ 5000298e (sz=64, trace=302555, class=SevenZip.Compression.LZMA.Encoder$Optimal@50000da3)
OBJ 5000298f (sz=64, trace=302555, class=SevenZip.Compression.LZMA.Encoder$Optimal@50000da3)
OBJ 50002990 (sz=64, trace=302555, class=SevenZip.Compression.LZMA.Encoder$Optimal@50000da3)
OBJ 50002991 (sz=64, trace=302555, class=SevenZip.Compression.LZMA.Encoder$Optimal@50000da3)
OBJ 50002992 (sz=64, trace=302555, class=SevenZip.Compression.LZMA.Encoder$Optimal@50000da3)
OBJ 50002993 (sz=64, trace=302555, class=SevenZip.Compression.LZMA.Encoder$Optimal@50000da3)
OBJ 50002994 (sz=64, trace=302555, class=SevenZip.Compression.LZMA.Encoder$Optimal@50000da3)
OBJ 50002995 (sz=64, trace=302555, class=SevenZip.Compression.LZMA.Encoder$Optimal@50000da3)
OBJ 50002996 (sz=64, trace=302555, class=SevenZip.Compression.LZMA.Encoder$Optimal@50000da3)
OBJ 50002997 (sz=64, trace=302555, class=SevenZip.Compression.LZMA.Encoder$Optimal@50000da3)
OBJ 50002998 (sz=64, trace=302555, class=SevenZip.Compression.LZMA.Encoder$Optimal@50000da3)
OBJ 50002999 (sz=64, trace=302555, class=SevenZip.Compression.LZMA.Encoder$Optimal@50000da3)
OBJ 5000299a (sz=64, trace=302555, class=SevenZip.Compression.LZMA.Encoder$Optimal@50000da3)
OBJ 5000299b (sz=64, trace=302555, class=SevenZip.Compression.LZMA.Encoder$Optimal@50000da3)
OBJ 5000299c (sz=64, trace=302555, class=SevenZip.Compression.LZMA.Encoder$Optimal@50000da3)
OBJ 5000299d (sz=64, trace=302555, class=SevenZip.Compression.LZMA.Encoder$Optimal@50000da3)
OBJ 5000299e (sz=64, trace=302555, class=SevenZip.Compression.LZMA.Encoder$Optimal@50000da3)
OBJ 5000299f (sz=64, trace=302555, class=SevenZip.Compression.LZMA.Encoder$Optimal@50000da3)
OBJ 500029a0 (sz=64, trace=302555, class=SevenZip.Compression.LZMA.Encoder$Optimal@50000da3)
OBJ 500029a1 (sz=64, trace=302555, class=SevenZip.Compression.LZMA.Encoder$Optimal@50000da3)
OBJ 500029a2 (sz=64, trace=302555, class=SevenZip.Compression.LZMA.Encoder$Optimal@50000da3)
OBJ 500029a3 (sz=64, trace=302555, class=SevenZip.Compression.LZMA.Encoder$Optimal@50000da3)
OBJ 500029a4 (sz=64, trace=302555, class=SevenZip.Compression.LZMA.Encoder$Optimal@50000da3)
OBJ 500029a5 (sz=64, trace=302555, class=SevenZip.Compression.LZMA.Encoder$Optimal@50000da3)
OBJ 500029a6 (sz=64, trace=302555, class=SevenZip.Compression.LZMA.Encoder$Optimal@50000da3)
OBJ 500029a7 (sz=64, trace=302555, class=SevenZip.Compression.LZMA.Encoder$Optimal@50000da3)
OBJ 500029a8 (sz=64, trace=302555, class=SevenZip.Compression.LZMA.Encoder$Optimal@50000da3)
OBJ 500029a9 (sz=64, trace=302555, class=SevenZip.Compression.LZMA.Encoder$Optimal@50000da3)
OBJ 500029aa (sz=64, trace=302555, class=SevenZip.Compression.LZMA.Encoder$Optimal@50000da3)
OBJ 500029ab (sz=64, trace=302555, class=SevenZip.Compression.LZMA.Encoder$Optimal@50000da3)
OBJ 500029ac (sz=64, trace=302555, class=SevenZip.Compression.LZMA.Encoder$Optimal@50000da3)
OBJ 500029ad (sz=64, trace=302555, class=SevenZip.Compression.LZMA.Encoder$Optimal@50000da3)
OBJ 500029ae (sz=64, trace=302555, class=SevenZip.Compression.LZMA.Encoder$Optimal@50000da3)
OBJ 500029af (sz=64, trace=302555, class=SevenZip.Compression.LZMA.Encoder$Optimal@50000da3)
OBJ 500029b0 (sz=64, trace=302555, class=SevenZip.Compression.LZMA.Encoder$Optimal@50000da3)
OBJ 500029b1 (sz=64, trace=302555, class=SevenZip.Compression.LZMA.Encoder$Optimal@50000da3)
OBJ 500029b2 (sz=64, trace=302555, class=SevenZip.Compression.LZMA.Encoder$Optimal@50000da3)
OBJ 500029b3 (sz=64, trace=302555, class=SevenZip.Compression.LZMA.Encoder$Optimal@50000da3)
OBJ 500029b4 (sz=64, trace=302555, class=SevenZip.Compression.LZMA.Encoder$Optimal@50000da3)
OBJ 500029b5 (sz=64, trace=302555, class=SevenZip.Compression.LZMA.Encoder$Optimal@50000da3)
OBJ 500029b6 (sz=64, trace=302555, class=SevenZip.Compression.LZMA.Encoder$Optimal@50000da3)
OBJ 500029b7 (sz=64, trace=302555, class=SevenZip.Compression.LZMA.Encoder$Optimal@50000da3)
OBJ 500029b8 (sz=64, trace=302555, class=SevenZip.Compression.LZMA.Encoder$Optimal@50000da3)
OBJ 500029b9 (sz=64, trace=302555, class=SevenZip.Compression.LZMA.Encoder$Optimal@50000da3)
OBJ 500029ba (sz=64, trace=302555, class=SevenZip.Compression.LZMA.Encoder$Optimal@50000da3)
OBJ 500029bb (sz=64, trace=302555, class=SevenZip.Compression.LZMA.Encoder$Optimal@50000da3)
OBJ 500029bc (sz=64, trace=302555, class=SevenZip.Compression.LZMA.Encoder$Optimal@50000da3)
OBJ 500029bd (sz=64, trace=302555, class=SevenZip.Compression.LZMA.Encoder$Optimal@50000da3)
OBJ 500029be (sz=64, trace=302555, class=SevenZip.Compression.LZMA.Encoder$Optimal@50000da3)
OBJ 500029bf (sz=64, trace=302555, class=SevenZip.Compression.LZMA.Encoder$Optimal@50000da3)
OBJ 500029c0 (sz=64, trace=302555, class=SevenZip.Compression.LZMA.Encoder$Optimal@50000da3)
OBJ 500029c1 (sz=64, trace=302555, class=SevenZip.Compression.LZMA.Encoder$Optimal@50000da3)
OBJ 500029c2 (sz=64, trace=302555, class=SevenZip.Compression.LZMA.Encoder$Optimal@50000da3)
OBJ 500029c3 (sz=64, trace=302555, class=SevenZip.Compression.LZMA.Encoder$Optimal@50000da3)
OBJ 500029c4 (sz=64, trace=302555, class=SevenZip.Compression.LZMA.Encoder$Optimal@50000da3)
OBJ 500029c5 (sz=64, trace=302555, class=SevenZip.Compression.LZMA.Encoder$Optimal@50000da3)
OBJ 500029c6 (sz=64, trace=302555, class=SevenZip.Compression.LZMA.Encoder$Optimal@50000da3)
OBJ 500029c7 (sz=64, trace=302555, class=SevenZip.Compression.LZMA.Encoder$Optimal@50000da3)
OBJ 500029c8 (sz=64, trace=302555, class=SevenZip.Compression.LZMA.Encoder$Optimal@50000da3)
OBJ 500029c9 (sz=64, trace=302555, class=SevenZip.Compression.LZMA.Encoder$Optimal@50000da3)
OBJ 500029ca (sz=64, trace=302555, class=SevenZip.Compression.LZMA.Encoder$Optimal@50000da3)
OBJ 500029cb (sz=64, trace=302555, class=SevenZip.Compression.LZMA.Encoder$Optimal@50000da3)
OBJ 500029cc (sz=64, trace=302555, class=SevenZip.Compression.LZMA.Encoder$Optimal@50000da3)
OBJ 500029cd (sz=64, trace=302555, class=SevenZip.Compression.LZMA.Encoder$Optimal@50000da3)
OBJ 500029ce (sz=64, trace=302555, class=SevenZip.Compression.LZMA.Encoder$Optimal@50000da3)
OBJ 500029cf (sz=64, trace=302555, class=SevenZip.Compression.LZMA.Encoder$Optimal@50000da3)
OBJ 500029d0 (sz=64, trace=302555, class=SevenZip.Compression.LZMA.Encoder$Optimal@50000da3)
OBJ 500029d1 (sz=64, trace=302555, class=SevenZip.Compression.LZMA.Encoder$Optimal@50000da3)
OBJ 500029d2 (sz=64, trace=302555, class=SevenZip.Compression.LZMA.Encoder$Optimal@50000da3)
OBJ 500029d3 (sz=64, trace=302555, class=SevenZip.Compression.LZMA.Encoder$Optimal@50000da3)
OBJ 500029d4 (sz=64, trace=302555, class=SevenZip.Compression.LZMA.Encoder$Optimal@50000da3)
OBJ 500029d5 (sz=64, trace=302555, class=SevenZip.Compression.LZMA.Encoder$Optimal@50000da3)
OBJ 500029d6 (sz=64, trace=302555, class=SevenZip.Compression.LZMA.Encoder$Optimal@50000da3)
OBJ 500029d7 (sz=64, trace=302555, class=SevenZip.Compression.LZMA.Encoder$Optimal@50000da3)
OBJ 500029d8 (sz=64, trace=302555, class=SevenZip.Compression.LZMA.Encoder$Optimal@50000da3)
OBJ 500029d9 (sz=64, trace=302555, class=SevenZip.Compression.LZMA.Encoder$Optimal@50000da3)
OBJ 500029da (sz=64, trace=302555, class=SevenZip.Compression.LZMA.Encoder$Optimal@50000da3)
OBJ 500029db (sz=64, trace=302555, class=SevenZip.Compression.LZMA.Encoder$Optimal@50000da3)
OBJ 500029dc (sz=64, trace=302555, class=SevenZip.Compression.LZMA.Encoder$Optimal@50000da3)
OBJ 500029dd (sz=64, trace=302555, class=SevenZip.Compression.LZMA.Encoder$Optimal@50000da3)
OBJ 500029de (sz=64, trace=302555, class=SevenZip.Compression.LZMA.Encoder$Optimal@50000da3)
OBJ 500029df (sz=64, trace=302555, class=SevenZip.Compression.LZMA.Encoder$Optimal@50000da3)
OBJ 500029e0 (sz=64, trace=302555, class=SevenZip.Compression.LZMA.Encoder$Optimal@50000da3)
OBJ 500029e1 (sz=64, trace=302555, class=SevenZip.Compression.LZMA.Encoder$Optimal@50000da3)
OBJ 500029e2 (sz=64, trace=302555, class=SevenZip.Compression.LZMA.Encoder$Optimal@50000da3)
OBJ 500029e3 (sz=64, trace=302555, class=SevenZip.Compression.LZMA.Encoder$Optimal@50000da3)
OBJ 500029e4 (sz=64, trace=302555, class=SevenZip.Compression.LZMA.Encoder$Optimal@50000da3)
OBJ 500029e5 (sz=64, trace=302555, class=SevenZip.Compression.LZMA.Encoder$Optimal@50000da3)
OBJ 500029e6 (sz=64, trace=302555, class=SevenZip.Compression.LZMA.Encoder$Optimal@50000da3)
OBJ 500029e7 (sz=64, trace=302555, class=SevenZip.Compression.LZMA.Encoder$Optimal@50000da3)
OBJ 500029e8 (sz=64, trace=302555, class=SevenZip.Compression.LZMA.Encoder$Optimal@50000da3)
OBJ 500029e9 (sz=64, trace=302555, class=SevenZip.Compression.LZMA.Encoder$Optimal@50000da3)
OBJ 500029ea (sz=64, trace=302555, class=SevenZip.Compression.LZMA.Encoder$Optimal@50000da3)
OBJ 500029eb (sz=64, trace=302555, class=SevenZip.Compression.LZMA.Encoder$Optimal@50000da3)
OBJ 500029ec (sz=64, trace=302555, class=SevenZip.Compression.LZMA.Encoder$Optimal@50000da3)
OBJ 500029ed (sz=64, trace=302555, class=SevenZip.Compression.LZMA.Encoder$Optimal@50000da3)
OBJ 500029ee (sz=64, trace=302555, class=SevenZip.Compression.LZMA.Encoder$Optimal@50000da3)
OBJ 500029ef (sz=64, trace=302555, class=SevenZip.Compression.LZMA.Encoder$Optimal@50000da3)
OBJ 500029f0 (sz=64, trace=302555, class=SevenZip.Compression.LZMA.Encoder$Optimal@50000da3)
OBJ 500029f1 (sz=64, trace=302555, class=SevenZip.Compression.LZMA.Encoder$Optimal@50000da3)
OBJ 500029f2 (sz=64, trace=302555, class=SevenZip.Compression.LZMA.Encoder$Optimal@50000da3)
OBJ 500029f3 (sz=64, trace=302555, class=SevenZip.Compression.LZMA.Encoder$Optimal@50000da3)
OBJ 500029f4 (sz=64, trace=302555, class=SevenZip.Compression.LZMA.Encoder$Optimal@50000da3)
OBJ 500029f5 (sz=64, trace=302555, class=SevenZip.Compression.LZMA.Encoder$Optimal@50000da3)
OBJ 500029f6 (sz=64, trace=302555, class=SevenZip.Compression.LZMA.Encoder$Optimal@50000da3)
OBJ 500029f7 (sz=64, trace=302555, class=SevenZip.Compression.LZMA.Encoder$Optimal@50000da3)
OBJ 500029f8 (sz=64, trace=302555, class=SevenZip.Compression.LZMA.Encoder$Optimal@50000da3)
OBJ 500029f9 (sz=64, trace=302555, class=SevenZip.Compression.LZMA.Encoder$Optimal@50000da3)
OBJ 500029fa (sz=64, trace=302555, class=SevenZip.Compression.LZMA.Encoder$Optimal@50000da3)
OBJ 500029fb (sz=64, trace=302555, class=SevenZip.Compression.LZMA.Encoder$Optimal@50000da3)
OBJ 500029fc (sz=64, trace=302555, class=SevenZip.Compression.LZMA.Encoder$Optimal@50000da3)
OBJ 500029fd (sz=64, trace=302555, class=SevenZip.Compression.LZMA.Encoder$Optimal@50000da3)
OBJ 500029fe (sz=64, trace=302555, class=SevenZip.Compression.LZMA.Encoder$Optimal@50000da3)
OBJ 500029ff (sz=64, trace=302555, class=SevenZip.Compression.LZMA.Encoder$Optimal@50000da3)
OBJ 50002a00 (sz=64, trace=302555, class=SevenZip.Compression.LZMA.Encoder$Optimal@50000da3)
OBJ 50002a01 (sz=64, trace=302555, class=SevenZip.Compression.LZMA.Encoder$Optimal@50000da3)
OBJ 50002a02 (sz=64, trace=302555, class=SevenZip.Compression.LZMA.Encoder$Optimal@50000da3)
OBJ 50002a03 (sz=64, trace=302555, class=SevenZip.Compression.LZMA.Encoder$Optimal@50000da3)
OBJ 50002a04 (sz=64, trace=302555, class=SevenZip.Compression.LZMA.Encoder$Optimal@50000da3)
OBJ 50002a05 (sz=64, trace=302555, class=SevenZip.Compression.LZMA.Encoder$Optimal@50000da3)
OBJ 50002a06 (sz=64, trace=302555, class=SevenZip.Compression.LZMA.Encoder$Optimal@50000da3)
OBJ 50002a07 (sz=64, trace=302555, class=SevenZip.Compression.LZMA.Encoder$Optimal@50000da3)
OBJ 50002a08 (sz=64, trace=302555, class=SevenZip.Compression.LZMA.Encoder$Optimal@50000da3)
OBJ 50002a09 (sz=64, trace=302555, class=SevenZip.Compression.LZMA.Encoder$Optimal@50000da3)
OBJ 50002a0a (sz=64, trace=302555, class=SevenZip.Compression.LZMA.Encoder$Optimal@50000da3)
OBJ 50002a0b (sz=64, trace=302555, class=SevenZip.Compression.LZMA.Encoder$Optimal@50000da3)
OBJ 50002a0c (sz=64, trace=302555, class=SevenZip.Compression.LZMA.Encoder$Optimal@50000da3)
OBJ 50002a0d (sz=64, trace=302555, class=SevenZip.Compression.LZMA.Encoder$Optimal@50000da3)
OBJ 50002a0e (sz=64, trace=302555, class=SevenZip.Compression.LZMA.Encoder$Optimal@50000da3)
OBJ 50002a0f (sz=64, trace=302555, class=SevenZip.Compression.LZMA.Encoder$Optimal@50000da3)
OBJ 50002a10 (sz=64, trace=302555, class=SevenZip.Compression.LZMA.Encoder$Optimal@50000da3)
OBJ 50002a11 (sz=64, trace=302555, class=SevenZip.Compression.LZMA.Encoder$Optimal@50000da3)
OBJ 50002a12 (sz=64, trace=302555, class=SevenZip.Compression.LZMA.Encoder$Optimal@50000da3)
OBJ 50002a13 (sz=64, trace=302555, class=SevenZip.Compression.LZMA.Encoder$Optimal@50000da3)
OBJ 50002a14 (sz=64, trace=302555, class=SevenZip.Compression.LZMA.Encoder$Optimal@50000da3)
OBJ 50002a15 (sz=64, trace=302555, class=SevenZip.Compression.LZMA.Encoder$Optimal@50000da3)
OBJ 50002a16 (sz=64, trace=302555, class=SevenZip.Compression.LZMA.Encoder$Optimal@50000da3)
OBJ 50002a17 (sz=64, trace=302555, class=SevenZip.Compression.LZMA.Encoder$Optimal@50000da3)
OBJ 50002a18 (sz=64, trace=302555, class=SevenZip.Compression.LZMA.Encoder$Optimal@50000da3)
OBJ 50002a19 (sz=64, trace=302555, class=SevenZip.Compression.LZMA.Encoder$Optimal@50000da3)
OBJ 50002a1a (sz=64, trace=302555, class=SevenZip.Compression.LZMA.Encoder$Optimal@50000da3)
OBJ 50002a1b (sz=64, trace=302555, class=SevenZip.Compression.LZMA.Encoder$Optimal@50000da3)
OBJ 50002a1c (sz=64, trace=302555, class=SevenZip.Compression.LZMA.Encoder$Optimal@50000da3)
OBJ 50002a1d (sz=64, trace=302555, class=SevenZip.Compression.LZMA.Encoder$Optimal@50000da3)
OBJ 50002a1e (sz=64, trace=302555, class=SevenZip.Compression.LZMA.Encoder$Optimal@50000da3)
OBJ 50002a1f (sz=64, trace=302555, class=SevenZip.Compression.LZMA.Encoder$Optimal@50000da3)
OBJ 50002a20 (sz=64, trace=302555, class=SevenZip.Compression.LZMA.Encoder$Optimal@50000da3)
OBJ 50002a21 (sz=64, trace=302555, class=SevenZip.Compression.LZMA.Encoder$Optimal@50000da3)
OBJ 50002a22 (sz=64, trace=302555, class=SevenZip.Compression.LZMA.Encoder$Optimal@50000da3)
OBJ 50002a23 (sz=64, trace=302555, class=SevenZip.Compression.LZMA.Encoder$Optimal@50000da3)
OBJ 50002a24 (sz=64, trace=302555, class=SevenZip.Compression.LZMA.Encoder$Optimal@50000da3)
OBJ 50002a25 (sz=64, trace=302555, class=SevenZip.Compression.LZMA.Encoder$Optimal@50000da3)
OBJ 50002a26 (sz=64, trace=302555, class=SevenZip.Compression.LZMA.Encoder$Optimal@50000da3)
OBJ 50002a27 (sz=64, trace=302555, class=SevenZip.Compression.LZMA.Encoder$Optimal@50000da3)
OBJ 50002a28 (sz=64, trace=302555, class=SevenZip.Compression.LZMA.Encoder$Optimal@50000da3)
OBJ 50002a29 (sz=64, trace=302555, class=SevenZip.Compression.LZMA.Encoder$Optimal@50000da3)
OBJ 50002a2a (sz=64, trace=302555, class=SevenZip.Compression.LZMA.Encoder$Optimal@50000da3)
OBJ 50002a2b (sz=64, trace=302555, class=SevenZip.Compression.LZMA.Encoder$Optimal@50000da3)
OBJ 50002a2c (sz=64, trace=302555, class=SevenZip.Compression.LZMA.Encoder$Optimal@50000da3)
OBJ 50002a2d (sz=64, trace=302555, class=SevenZip.Compression.LZMA.Encoder$Optimal@50000da3)
OBJ 50002a2e (sz=64, trace=302555, class=SevenZip.Compression.LZMA.Encoder$Optimal@50000da3)
OBJ 50002a2f (sz=64, trace=302555, class=SevenZip.Compression.LZMA.Encoder$Optimal@50000da3)
OBJ 50002a32 (sz=16, trace=301038, class=java.lang.Object@500000a7)
OBJ 50002a33 (sz=32, trace=300024, class=java.util.concurrent.ConcurrentHashMap$HashEntry@50000115)
	key		50001473
	value		50002a32
OBJ 50002a34 (sz=16, trace=301039, class=java.lang.Object@500000a7)
OBJ 50002a35 (sz=32, trace=300027, class=java.util.concurrent.ConcurrentHashMap$HashEntry@50000115)
	key		50001473
	value		50002a34
OBJ 50002a36 (sz=64, trace=302555, class=SevenZip.Compression.LZMA.Encoder$Optimal@50000da3)
OBJ 50002a37 (sz=64, trace=302555, class=SevenZip.Compression.LZMA.Encoder$Optimal@50000da3)
OBJ 50002a38 (sz=64, trace=302555, class=SevenZip.Compression.LZMA.Encoder$Optimal@50000da3)
OBJ 50002a39 (sz=64, trace=302555, class=SevenZip.Compression.LZMA.Encoder$Optimal@50000da3)
OBJ 50002a3a (sz=64, trace=302555, class=SevenZip.Compression.LZMA.Encoder$Optimal@50000da3)
OBJ 50002a3b (sz=64, trace=302555, class=SevenZip.Compression.LZMA.Encoder$Optimal@50000da3)
OBJ 50002a3c (sz=64, trace=302555, class=SevenZip.Compression.LZMA.Encoder$Optimal@50000da3)
OBJ 50002a3d (sz=64, trace=302555, class=SevenZip.Compression.LZMA.Encoder$Optimal@50000da3)
OBJ 50002a3e (sz=64, trace=302555, class=SevenZip.Compression.LZMA.Encoder$Optimal@50000da3)
OBJ 50002a3f (sz=64, trace=302555, class=SevenZip.Compression.LZMA.Encoder$Optimal@50000da3)
OBJ 50002a40 (sz=64, trace=302555, class=SevenZip.Compression.LZMA.Encoder$Optimal@50000da3)
OBJ 50002a41 (sz=64, trace=302555, class=SevenZip.Compression.LZMA.Encoder$Optimal@50000da3)
OBJ 50002a42 (sz=64, trace=302555, class=SevenZip.Compression.LZMA.Encoder$Optimal@50000da3)
OBJ 50002a43 (sz=64, trace=302555, class=SevenZip.Compression.LZMA.Encoder$Optimal@50000da3)
OBJ 50002a44 (sz=64, trace=302555, class=SevenZip.Compression.LZMA.Encoder$Optimal@50000da3)
OBJ 50002a45 (sz=64, trace=302555, class=SevenZip.Compression.LZMA.Encoder$Optimal@50000da3)
OBJ 50002a46 (sz=64, trace=302555, class=SevenZip.Compression.LZMA.Encoder$Optimal@50000da3)
OBJ 50002a47 (sz=64, trace=302555, class=SevenZip.Compression.LZMA.Encoder$Optimal@50000da3)
OBJ 50002a48 (sz=64, trace=302555, class=SevenZip.Compression.LZMA.Encoder$Optimal@50000da3)
OBJ 50002a49 (sz=64, trace=302555, class=SevenZip.Compression.LZMA.Encoder$Optimal@50000da3)
OBJ 50002a4a (sz=64, trace=302555, class=SevenZip.Compression.LZMA.Encoder$Optimal@50000da3)
OBJ 50002a4b (sz=64, trace=302555, class=SevenZip.Compression.LZMA.Encoder$Optimal@50000da3)
OBJ 50002a4c (sz=64, trace=302555, class=SevenZip.Compression.LZMA.Encoder$Optimal@50000da3)
OBJ 50002a4d (sz=64, trace=302555, class=SevenZip.Compression.LZMA.Encoder$Optimal@50000da3)
OBJ 50002a4e (sz=64, trace=302555, class=SevenZip.Compression.LZMA.Encoder$Optimal@50000da3)
OBJ 50002a4f (sz=64, trace=302555, class=SevenZip.Compression.LZMA.Encoder$Optimal@50000da3)
OBJ 50002a50 (sz=64, trace=302555, class=SevenZip.Compression.LZMA.Encoder$Optimal@50000da3)
OBJ 50002a51 (sz=64, trace=302555, class=SevenZip.Compression.LZMA.Encoder$Optimal@50000da3)
OBJ 50002a52 (sz=64, trace=302555, class=SevenZip.Compression.LZMA.Encoder$Optimal@50000da3)
OBJ 50002a53 (sz=64, trace=302555, class=SevenZip.Compression.LZMA.Encoder$Optimal@50000da3)
OBJ 50002a54 (sz=64, trace=302555, class=SevenZip.Compression.LZMA.Encoder$Optimal@50000da3)
OBJ 50002a55 (sz=64, trace=302555, class=SevenZip.Compression.LZMA.Encoder$Optimal@50000da3)
OBJ 50002a56 (sz=64, trace=302555, class=SevenZip.Compression.LZMA.Encoder$Optimal@50000da3)
OBJ 50002a57 (sz=64, trace=302555, class=SevenZip.Compression.LZMA.Encoder$Optimal@50000da3)
OBJ 50002a58 (sz=64, trace=302555, class=SevenZip.Compression.LZMA.Encoder$Optimal@50000da3)
OBJ 50002a59 (sz=64, trace=302555, class=SevenZip.Compression.LZMA.Encoder$Optimal@50000da3)
OBJ 50002a5a (sz=64, trace=302555, class=SevenZip.Compression.LZMA.Encoder$Optimal@50000da3)
OBJ 50002a5b (sz=64, trace=302555, class=SevenZip.Compression.LZMA.Encoder$Optimal@50000da3)
OBJ 50002a5c (sz=64, trace=302555, class=SevenZip.Compression.LZMA.Encoder$Optimal@50000da3)
OBJ 50002a5d (sz=64, trace=302555, class=SevenZip.Compression.LZMA.Encoder$Optimal@50000da3)
OBJ 50002a5e (sz=64, trace=302555, class=SevenZip.Compression.LZMA.Encoder$Optimal@50000da3)
OBJ 50002a5f (sz=64, trace=302555, class=SevenZip.Compression.LZMA.Encoder$Optimal@50000da3)
OBJ 50002a60 (sz=64, trace=302555, class=SevenZip.Compression.LZMA.Encoder$Optimal@50000da3)
OBJ 50002a61 (sz=64, trace=302555, class=SevenZip.Compression.LZMA.Encoder$Optimal@50000da3)
OBJ 50002a62 (sz=64, trace=302555, class=SevenZip.Compression.LZMA.Encoder$Optimal@50000da3)
OBJ 50002a63 (sz=64, trace=302555, class=SevenZip.Compression.LZMA.Encoder$Optimal@50000da3)
OBJ 50002a64 (sz=64, trace=302555, class=SevenZip.Compression.LZMA.Encoder$Optimal@50000da3)
OBJ 50002a65 (sz=64, trace=302555, class=SevenZip.Compression.LZMA.Encoder$Optimal@50000da3)
OBJ 50002a66 (sz=64, trace=302555, class=SevenZip.Compression.LZMA.Encoder$Optimal@50000da3)
OBJ 50002a67 (sz=64, trace=302555, class=SevenZip.Compression.LZMA.Encoder$Optimal@50000da3)
OBJ 50002a68 (sz=64, trace=302555, class=SevenZip.Compression.LZMA.Encoder$Optimal@50000da3)
OBJ 50002a69 (sz=64, trace=302555, class=SevenZip.Compression.LZMA.Encoder$Optimal@50000da3)
OBJ 50002a6a (sz=64, trace=302555, class=SevenZip.Compression.LZMA.Encoder$Optimal@50000da3)
OBJ 50002a6b (sz=64, trace=302555, class=SevenZip.Compression.LZMA.Encoder$Optimal@50000da3)
OBJ 50002a6c (sz=64, trace=302555, class=SevenZip.Compression.LZMA.Encoder$Optimal@50000da3)
OBJ 50002a6d (sz=64, trace=302555, class=SevenZip.Compression.LZMA.Encoder$Optimal@50000da3)
OBJ 50002a6e (sz=64, trace=302555, class=SevenZip.Compression.LZMA.Encoder$Optimal@50000da3)
OBJ 50002a6f (sz=64, trace=302555, class=SevenZip.Compression.LZMA.Encoder$Optimal@50000da3)
OBJ 50002a70 (sz=64, trace=302555, class=SevenZip.Compression.LZMA.Encoder$Optimal@50000da3)
OBJ 50002a71 (sz=64, trace=302555, class=SevenZip.Compression.LZMA.Encoder$Optimal@50000da3)
OBJ 50002a72 (sz=64, trace=302555, class=SevenZip.Compression.LZMA.Encoder$Optimal@50000da3)
OBJ 50002a73 (sz=64, trace=302555, class=SevenZip.Compression.LZMA.Encoder$Optimal@50000da3)
OBJ 50002a74 (sz=64, trace=302555, class=SevenZip.Compression.LZMA.Encoder$Optimal@50000da3)
OBJ 50002a75 (sz=64, trace=302555, class=SevenZip.Compression.LZMA.Encoder$Optimal@50000da3)
OBJ 50002a76 (sz=64, trace=302555, class=SevenZip.Compression.LZMA.Encoder$Optimal@50000da3)
OBJ 50002a77 (sz=64, trace=302555, class=SevenZip.Compression.LZMA.Encoder$Optimal@50000da3)
OBJ 50002a78 (sz=64, trace=302555, class=SevenZip.Compression.LZMA.Encoder$Optimal@50000da3)
OBJ 50002a79 (sz=64, trace=302555, class=SevenZip.Compression.LZMA.Encoder$Optimal@50000da3)
OBJ 50002a7a (sz=64, trace=302555, class=SevenZip.Compression.LZMA.Encoder$Optimal@50000da3)
OBJ 50002a7b (sz=64, trace=302555, class=SevenZip.Compression.LZMA.Encoder$Optimal@50000da3)
OBJ 50002a7c (sz=64, trace=302555, class=SevenZip.Compression.LZMA.Encoder$Optimal@50000da3)
OBJ 50002a7d (sz=64, trace=302555, class=SevenZip.Compression.LZMA.Encoder$Optimal@50000da3)
OBJ 50002a7e (sz=64, trace=302555, class=SevenZip.Compression.LZMA.Encoder$Optimal@50000da3)
OBJ 50002a7f (sz=64, trace=302555, class=SevenZip.Compression.LZMA.Encoder$Optimal@50000da3)
OBJ 50002a80 (sz=64, trace=302555, class=SevenZip.Compression.LZMA.Encoder$Optimal@50000da3)
OBJ 50002a81 (sz=64, trace=302555, class=SevenZip.Compression.LZMA.Encoder$Optimal@50000da3)
OBJ 50002a82 (sz=64, trace=302555, class=SevenZip.Compression.LZMA.Encoder$Optimal@50000da3)
OBJ 50002a83 (sz=64, trace=302555, class=SevenZip.Compression.LZMA.Encoder$Optimal@50000da3)
OBJ 50002a84 (sz=64, trace=302555, class=SevenZip.Compression.LZMA.Encoder$Optimal@50000da3)
OBJ 50002a85 (sz=64, trace=302555, class=SevenZip.Compression.LZMA.Encoder$Optimal@50000da3)
OBJ 50002a86 (sz=64, trace=302555, class=SevenZip.Compression.LZMA.Encoder$Optimal@50000da3)
OBJ 50002a87 (sz=64, trace=302555, class=SevenZip.Compression.LZMA.Encoder$Optimal@50000da3)
OBJ 50002a88 (sz=64, trace=302555, class=SevenZip.Compression.LZMA.Encoder$Optimal@50000da3)
OBJ 50002a89 (sz=64, trace=302555, class=SevenZip.Compression.LZMA.Encoder$Optimal@50000da3)
OBJ 50002a8a (sz=64, trace=302555, class=SevenZip.Compression.LZMA.Encoder$Optimal@50000da3)
OBJ 50002a8b (sz=64, trace=302555, class=SevenZip.Compression.LZMA.Encoder$Optimal@50000da3)
OBJ 50002a8c (sz=64, trace=302555, class=SevenZip.Compression.LZMA.Encoder$Optimal@50000da3)
OBJ 50002a8d (sz=64, trace=302555, class=SevenZip.Compression.LZMA.Encoder$Optimal@50000da3)
OBJ 50002a8e (sz=64, trace=302555, class=SevenZip.Compression.LZMA.Encoder$Optimal@50000da3)
OBJ 50002a8f (sz=64, trace=302555, class=SevenZip.Compression.LZMA.Encoder$Optimal@50000da3)
OBJ 50002a90 (sz=64, trace=302555, class=SevenZip.Compression.LZMA.Encoder$Optimal@50000da3)
OBJ 50002a91 (sz=64, trace=302555, class=SevenZip.Compression.LZMA.Encoder$Optimal@50000da3)
OBJ 50002a92 (sz=64, trace=302555, class=SevenZip.Compression.LZMA.Encoder$Optimal@50000da3)
OBJ 50002a93 (sz=64, trace=302555, class=SevenZip.Compression.LZMA.Encoder$Optimal@50000da3)
OBJ 50002a94 (sz=64, trace=302555, class=SevenZip.Compression.LZMA.Encoder$Optimal@50000da3)
OBJ 50002a95 (sz=64, trace=302555, class=SevenZip.Compression.LZMA.Encoder$Optimal@50000da3)
OBJ 50002a96 (sz=64, trace=302555, class=SevenZip.Compression.LZMA.Encoder$Optimal@50000da3)
OBJ 50002a97 (sz=64, trace=302555, class=SevenZip.Compression.LZMA.Encoder$Optimal@50000da3)
OBJ 50002a98 (sz=64, trace=302555, class=SevenZip.Compression.LZMA.Encoder$Optimal@50000da3)
OBJ 50002a99 (sz=64, trace=302555, class=SevenZip.Compression.LZMA.Encoder$Optimal@50000da3)
OBJ 50002a9a (sz=64, trace=302555, class=SevenZip.Compression.LZMA.Encoder$Optimal@50000da3)
OBJ 50002a9b (sz=64, trace=302555, class=SevenZip.Compression.LZMA.Encoder$Optimal@50000da3)
OBJ 50002a9c (sz=64, trace=302555, class=SevenZip.Compression.LZMA.Encoder$Optimal@50000da3)
OBJ 50002a9d (sz=64, trace=302555, class=SevenZip.Compression.LZMA.Encoder$Optimal@50000da3)
OBJ 50002a9e (sz=64, trace=302555, class=SevenZip.Compression.LZMA.Encoder$Optimal@50000da3)
OBJ 50002a9f (sz=64, trace=302555, class=SevenZip.Compression.LZMA.Encoder$Optimal@50000da3)
OBJ 50002aa0 (sz=64, trace=302555, class=SevenZip.Compression.LZMA.Encoder$Optimal@50000da3)
OBJ 50002aa1 (sz=64, trace=302555, class=SevenZip.Compression.LZMA.Encoder$Optimal@50000da3)
OBJ 50002aa2 (sz=64, trace=302555, class=SevenZip.Compression.LZMA.Encoder$Optimal@50000da3)
OBJ 50002aa3 (sz=64, trace=302555, class=SevenZip.Compression.LZMA.Encoder$Optimal@50000da3)
OBJ 50002aa4 (sz=64, trace=302555, class=SevenZip.Compression.LZMA.Encoder$Optimal@50000da3)
OBJ 50002aa5 (sz=64, trace=302555, class=SevenZip.Compression.LZMA.Encoder$Optimal@50000da3)
OBJ 50002aa6 (sz=64, trace=302555, class=SevenZip.Compression.LZMA.Encoder$Optimal@50000da3)
OBJ 50002aa7 (sz=64, trace=302555, class=SevenZip.Compression.LZMA.Encoder$Optimal@50000da3)
OBJ 50002aa8 (sz=64, trace=302555, class=SevenZip.Compression.LZMA.Encoder$Optimal@50000da3)
OBJ 50002aa9 (sz=64, trace=302555, class=SevenZip.Compression.LZMA.Encoder$Optimal@50000da3)
OBJ 50002aaa (sz=64, trace=302555, class=SevenZip.Compression.LZMA.Encoder$Optimal@50000da3)
OBJ 50002aab (sz=64, trace=302555, class=SevenZip.Compression.LZMA.Encoder$Optimal@50000da3)
OBJ 50002aac (sz=64, trace=302555, class=SevenZip.Compression.LZMA.Encoder$Optimal@50000da3)
OBJ 50002aad (sz=64, trace=302555, class=SevenZip.Compression.LZMA.Encoder$Optimal@50000da3)
OBJ 50002aae (sz=64, trace=302555, class=SevenZip.Compression.LZMA.Encoder$Optimal@50000da3)
OBJ 50002aaf (sz=64, trace=302555, class=SevenZip.Compression.LZMA.Encoder$Optimal@50000da3)
OBJ 50002ab0 (sz=64, trace=302555, class=SevenZip.Compression.LZMA.Encoder$Optimal@50000da3)
OBJ 50002ab1 (sz=64, trace=302555, class=SevenZip.Compression.LZMA.Encoder$Optimal@50000da3)
OBJ 50002ab2 (sz=64, trace=302555, class=SevenZip.Compression.LZMA.Encoder$Optimal@50000da3)
OBJ 50002ab3 (sz=64, trace=302555, class=SevenZip.Compression.LZMA.Encoder$Optimal@50000da3)
OBJ 50002ab4 (sz=64, trace=302555, class=SevenZip.Compression.LZMA.Encoder$Optimal@50000da3)
OBJ 50002ab5 (sz=64, trace=302555, class=SevenZip.Compression.LZMA.Encoder$Optimal@50000da3)
OBJ 50002ab6 (sz=64, trace=302555, class=SevenZip.Compression.LZMA.Encoder$Optimal@50000da3)
OBJ 50002ab7 (sz=64, trace=302555, class=SevenZip.Compression.LZMA.Encoder$Optimal@50000da3)
OBJ 50002ab8 (sz=64, trace=302555, class=SevenZip.Compression.LZMA.Encoder$Optimal@50000da3)
OBJ 50002ab9 (sz=64, trace=302555, class=SevenZip.Compression.LZMA.Encoder$Optimal@50000da3)
OBJ 50002aba (sz=64, trace=302555, class=SevenZip.Compression.LZMA.Encoder$Optimal@50000da3)
OBJ 50002abb (sz=64, trace=302555, class=SevenZip.Compression.LZMA.Encoder$Optimal@50000da3)
OBJ 50002abc (sz=64, trace=302555, class=SevenZip.Compression.LZMA.Encoder$Optimal@50000da3)
OBJ 50002abd (sz=64, trace=302555, class=SevenZip.Compression.LZMA.Encoder$Optimal@50000da3)
OBJ 50002abe (sz=64, trace=302555, class=SevenZip.Compression.LZMA.Encoder$Optimal@50000da3)
OBJ 50002abf (sz=64, trace=302555, class=SevenZip.Compression.LZMA.Encoder$Optimal@50000da3)
OBJ 50002ac0 (sz=64, trace=302555, class=SevenZip.Compression.LZMA.Encoder$Optimal@50000da3)
OBJ 50002ac1 (sz=64, trace=302555, class=SevenZip.Compression.LZMA.Encoder$Optimal@50000da3)
OBJ 50002ac2 (sz=64, trace=302555, class=SevenZip.Compression.LZMA.Encoder$Optimal@50000da3)
OBJ 50002ac3 (sz=64, trace=302555, class=SevenZip.Compression.LZMA.Encoder$Optimal@50000da3)
OBJ 50002ac4 (sz=64, trace=302555, class=SevenZip.Compression.LZMA.Encoder$Optimal@50000da3)
OBJ 50002ac5 (sz=64, trace=302555, class=SevenZip.Compression.LZMA.Encoder$Optimal@50000da3)
OBJ 50002ac6 (sz=64, trace=302555, class=SevenZip.Compression.LZMA.Encoder$Optimal@50000da3)
OBJ 50002ac7 (sz=64, trace=302555, class=SevenZip.Compression.LZMA.Encoder$Optimal@50000da3)
OBJ 50002ac8 (sz=64, trace=302555, class=SevenZip.Compression.LZMA.Encoder$Optimal@50000da3)
OBJ 50002ac9 (sz=64, trace=302555, class=SevenZip.Compression.LZMA.Encoder$Optimal@50000da3)
OBJ 50002aca (sz=64, trace=302555, class=SevenZip.Compression.LZMA.Encoder$Optimal@50000da3)
OBJ 50002acb (sz=64, trace=302555, class=SevenZip.Compression.LZMA.Encoder$Optimal@50000da3)
OBJ 50002acc (sz=64, trace=302555, class=SevenZip.Compression.LZMA.Encoder$Optimal@50000da3)
OBJ 50002acd (sz=64, trace=302555, class=SevenZip.Compression.LZMA.Encoder$Optimal@50000da3)
OBJ 50002ace (sz=64, trace=302555, class=SevenZip.Compression.LZMA.Encoder$Optimal@50000da3)
OBJ 50002acf (sz=64, trace=302555, class=SevenZip.Compression.LZMA.Encoder$Optimal@50000da3)
OBJ 50002ad0 (sz=64, trace=302555, class=SevenZip.Compression.LZMA.Encoder$Optimal@50000da3)
OBJ 50002ad1 (sz=64, trace=302555, class=SevenZip.Compression.LZMA.Encoder$Optimal@50000da3)
OBJ 50002ad2 (sz=64, trace=302555, class=SevenZip.Compression.LZMA.Encoder$Optimal@50000da3)
OBJ 50002ad3 (sz=64, trace=302555, class=SevenZip.Compression.LZMA.Encoder$Optimal@50000da3)
OBJ 50002ad4 (sz=64, trace=302555, class=SevenZip.Compression.LZMA.Encoder$Optimal@50000da3)
OBJ 50002ad5 (sz=64, trace=302555, class=SevenZip.Compression.LZMA.Encoder$Optimal@50000da3)
OBJ 50002ad6 (sz=64, trace=302555, class=SevenZip.Compression.LZMA.Encoder$Optimal@50000da3)
OBJ 50002ad7 (sz=64, trace=302555, class=SevenZip.Compression.LZMA.Encoder$Optimal@50000da3)
OBJ 50002ad8 (sz=64, trace=302555, class=SevenZip.Compression.LZMA.Encoder$Optimal@50000da3)
OBJ 50002ad9 (sz=64, trace=302555, class=SevenZip.Compression.LZMA.Encoder$Optimal@50000da3)
OBJ 50002ada (sz=64, trace=302555, class=SevenZip.Compression.LZMA.Encoder$Optimal@50000da3)
OBJ 50002adb (sz=64, trace=302555, class=SevenZip.Compression.LZMA.Encoder$Optimal@50000da3)
OBJ 50002adc (sz=64, trace=302555, class=SevenZip.Compression.LZMA.Encoder$Optimal@50000da3)
OBJ 50002add (sz=64, trace=302555, class=SevenZip.Compression.LZMA.Encoder$Optimal@50000da3)
OBJ 50002ade (sz=64, trace=302555, class=SevenZip.Compression.LZMA.Encoder$Optimal@50000da3)
OBJ 50002adf (sz=64, trace=302555, class=SevenZip.Compression.LZMA.Encoder$Optimal@50000da3)
OBJ 50002ae0 (sz=64, trace=302555, class=SevenZip.Compression.LZMA.Encoder$Optimal@50000da3)
OBJ 50002ae1 (sz=64, trace=302555, class=SevenZip.Compression.LZMA.Encoder$Optimal@50000da3)
OBJ 50002ae2 (sz=64, trace=302555, class=SevenZip.Compression.LZMA.Encoder$Optimal@50000da3)
OBJ 50002ae3 (sz=64, trace=302555, class=SevenZip.Compression.LZMA.Encoder$Optimal@50000da3)
OBJ 50002ae4 (sz=64, trace=302555, class=SevenZip.Compression.LZMA.Encoder$Optimal@50000da3)
OBJ 50002ae5 (sz=64, trace=302555, class=SevenZip.Compression.LZMA.Encoder$Optimal@50000da3)
OBJ 50002ae6 (sz=64, trace=302555, class=SevenZip.Compression.LZMA.Encoder$Optimal@50000da3)
OBJ 50002ae7 (sz=64, trace=302555, class=SevenZip.Compression.LZMA.Encoder$Optimal@50000da3)
OBJ 50002ae8 (sz=24, trace=300318, class=java.lang.String@50000096)
	value		50002ae9
ARR 50002ae9 (sz=52, trace=300319, nelems=26, elem type=char[])
OBJ 50002aea (sz=64, trace=302555, class=SevenZip.Compression.LZMA.Encoder$Optimal@50000da3)
OBJ 50002aeb (sz=64, trace=302555, class=SevenZip.Compression.LZMA.Encoder$Optimal@50000da3)
OBJ 50002aec (sz=64, trace=302555, class=SevenZip.Compression.LZMA.Encoder$Optimal@50000da3)
OBJ 50002aed (sz=64, trace=302555, class=SevenZip.Compression.LZMA.Encoder$Optimal@50000da3)
OBJ 50002aee (sz=64, trace=302555, class=SevenZip.Compression.LZMA.Encoder$Optimal@50000da3)
OBJ 50002aef (sz=64, trace=302555, class=SevenZip.Compression.LZMA.Encoder$Optimal@50000da3)
OBJ 50002af0 (sz=64, trace=302555, class=SevenZip.Compression.LZMA.Encoder$Optimal@50000da3)
OBJ 50002af1 (sz=64, trace=302555, class=SevenZip.Compression.LZMA.Encoder$Optimal@50000da3)
OBJ 50002af2 (sz=64, trace=302555, class=SevenZip.Compression.LZMA.Encoder$Optimal@50000da3)
OBJ 50002af3 (sz=64, trace=302555, class=SevenZip.Compression.LZMA.Encoder$Optimal@50000da3)
OBJ 50002af4 (sz=64, trace=302555, class=SevenZip.Compression.LZMA.Encoder$Optimal@50000da3)
OBJ 50002af5 (sz=64, trace=302555, class=SevenZip.Compression.LZMA.Encoder$Optimal@50000da3)
OBJ 50002af6 (sz=56, trace=300983, class=java.lang.Package@50000c4c)
	pkgName		50002ae8
	loader		5000119e
OBJ 50002af7 (sz=32, trace=300984, class=java.util.HashMap$Entry@5000009e)
	key		50002ae8
	value		50002af6
OBJ 50002af8 (sz=64, trace=302555, class=SevenZip.Compression.LZMA.Encoder$Optimal@50000da3)
OBJ 50002af9 (sz=64, trace=302555, class=SevenZip.Compression.LZMA.Encoder$Optimal@50000da3)
OBJ 50002afa (sz=64, trace=302555, class=SevenZip.Compression.LZMA.Encoder$Optimal@50000da3)
OBJ 50002afb (sz=64, trace=302555, class=SevenZip.Compression.LZMA.Encoder$Optimal@50000da3)
OBJ 50002afc (sz=64, trace=302555, class=SevenZip.Compression.LZMA.Encoder$Optimal@50000da3)
OBJ 50002afd (sz=64, trace=302555, class=SevenZip.Compression.LZMA.Encoder$Optimal@50000da3)
OBJ 50002afe (sz=64, trace=302555, class=SevenZip.Compression.LZMA.Encoder$Optimal@50000da3)
OBJ 50002aff (sz=64, trace=302555, class=SevenZip.Compression.LZMA.Encoder$Optimal@50000da3)
OBJ 50002b00 (sz=64, trace=302555, class=SevenZip.Compression.LZMA.Encoder$Optimal@50000da3)
OBJ 50002b01 (sz=64, trace=302555, class=SevenZip.Compression.LZMA.Encoder$Optimal@50000da3)
OBJ 50002b02 (sz=64, trace=302555, class=SevenZip.Compression.LZMA.Encoder$Optimal@50000da3)
OBJ 50002b03 (sz=64, trace=302555, class=SevenZip.Compression.LZMA.Encoder$Optimal@50000da3)
OBJ 50002b04 (sz=64, trace=302555, class=SevenZip.Compression.LZMA.Encoder$Optimal@50000da3)
OBJ 50002b05 (sz=64, trace=302555, class=SevenZip.Compression.LZMA.Encoder$Optimal@50000da3)
OBJ 50002b06 (sz=64, trace=302555, class=SevenZip.Compression.LZMA.Encoder$Optimal@50000da3)
OBJ 50002b07 (sz=24, trace=300464, class=java.lang.String@50000096)
	value		50002b08
ARR 50002b08 (sz=52, trace=300465, nelems=26, elem type=char[])
ARR 50002b09 (sz=32, trace=300466, nelems=2, elem type=java.util.concurrent.ConcurrentHashMap$HashEntry[]@50000116)
	[1]		50002b0c
OBJ 50002b0a (sz=40, trace=300467, class=java.util.concurrent.ConcurrentHashMap$Segment@50000140)
	sync		50002b0b
	table		50002b09
OBJ 50002b0b (sz=32, trace=300023, class=java.util.concurrent.locks.ReentrantLock$NonfairSync@5000003d)
OBJ 50002b0c (sz=32, trace=300468, class=java.util.concurrent.ConcurrentHashMap$HashEntry@50000115)
	key		50002b07
	value		500013cb
OBJ 50002b0d (sz=64, trace=302555, class=SevenZip.Compression.LZMA.Encoder$Optimal@50000da3)
OBJ 50002b0e (sz=64, trace=302555, class=SevenZip.Compression.LZMA.Encoder$Optimal@50000da3)
OBJ 50002b0f (sz=64, trace=302555, class=SevenZip.Compression.LZMA.Encoder$Optimal@50000da3)
OBJ 50002b10 (sz=64, trace=302555, class=SevenZip.Compression.LZMA.Encoder$Optimal@50000da3)
OBJ 50002b12 (sz=16, trace=301038, class=java.lang.Object@500000a7)
OBJ 50002b13 (sz=32, trace=300024, class=java.util.concurrent.ConcurrentHashMap$HashEntry@50000115)
	key		50001539
	value		50002b12
OBJ 50002b14 (sz=16, trace=301039, class=java.lang.Object@500000a7)
OBJ 50002b15 (sz=32, trace=300027, class=java.util.concurrent.ConcurrentHashMap$HashEntry@50000115)
	key		50001539
	value		50002b14
OBJ 50002b16 (sz=64, trace=302555, class=SevenZip.Compression.LZMA.Encoder$Optimal@50000da3)
OBJ 50002b17 (sz=64, trace=302555, class=SevenZip.Compression.LZMA.Encoder$Optimal@50000da3)
OBJ 50002b18 (sz=64, trace=302555, class=SevenZip.Compression.LZMA.Encoder$Optimal@50000da3)
OBJ 50002b19 (sz=64, trace=302555, class=SevenZip.Compression.LZMA.Encoder$Optimal@50000da3)
OBJ 50002b1a (sz=64, trace=302555, class=SevenZip.Compression.LZMA.Encoder$Optimal@50000da3)
OBJ 50002b1b (sz=64, trace=302555, class=SevenZip.Compression.LZMA.Encoder$Optimal@50000da3)
OBJ 50002b1c (sz=64, trace=302555, class=SevenZip.Compression.LZMA.Encoder$Optimal@50000da3)
OBJ 50002b1d (sz=64, trace=302555, class=SevenZip.Compression.LZMA.Encoder$Optimal@50000da3)
OBJ 50002b1e (sz=64, trace=302555, class=SevenZip.Compression.LZMA.Encoder$Optimal@50000da3)
OBJ 50002b1f (sz=64, trace=302555, class=SevenZip.Compression.LZMA.Encoder$Optimal@50000da3)
OBJ 50002b20 (sz=64, trace=302555, class=SevenZip.Compression.LZMA.Encoder$Optimal@50000da3)
OBJ 50002b21 (sz=64, trace=302555, class=SevenZip.Compression.LZMA.Encoder$Optimal@50000da3)
OBJ 50002b22 (sz=64, trace=302555, class=SevenZip.Compression.LZMA.Encoder$Optimal@50000da3)
OBJ 50002b23 (sz=64, trace=302555, class=SevenZip.Compression.LZMA.Encoder$Optimal@50000da3)
OBJ 50002b24 (sz=64, trace=302555, class=SevenZip.Compression.LZMA.Encoder$Optimal@50000da3)
OBJ 50002b25 (sz=64, trace=302555, class=SevenZip.Compression.LZMA.Encoder$Optimal@50000da3)
OBJ 50002b26 (sz=64, trace=302555, class=SevenZip.Compression.LZMA.Encoder$Optimal@50000da3)
OBJ 50002b27 (sz=64, trace=302555, class=SevenZip.Compression.LZMA.Encoder$Optimal@50000da3)
OBJ 50002b28 (sz=64, trace=302555, class=SevenZip.Compression.LZMA.Encoder$Optimal@50000da3)
OBJ 50002b29 (sz=64, trace=302555, class=SevenZip.Compression.LZMA.Encoder$Optimal@50000da3)
OBJ 50002b2a (sz=64, trace=302555, class=SevenZip.Compression.LZMA.Encoder$Optimal@50000da3)
OBJ 50002b2b (sz=64, trace=302555, class=SevenZip.Compression.LZMA.Encoder$Optimal@50000da3)
OBJ 50002b2c (sz=64, trace=302555, class=SevenZip.Compression.LZMA.Encoder$Optimal@50000da3)
OBJ 50002b2d (sz=64, trace=302555, class=SevenZip.Compression.LZMA.Encoder$Optimal@50000da3)
OBJ 50002b2e (sz=64, trace=302555, class=SevenZip.Compression.LZMA.Encoder$Optimal@50000da3)
OBJ 50002b2f (sz=64, trace=302555, class=SevenZip.Compression.LZMA.Encoder$Optimal@50000da3)
OBJ 50002b30 (sz=64, trace=302555, class=SevenZip.Compression.LZMA.Encoder$Optimal@50000da3)
OBJ 50002b31 (sz=64, trace=302555, class=SevenZip.Compression.LZMA.Encoder$Optimal@50000da3)
OBJ 50002b32 (sz=64, trace=302555, class=SevenZip.Compression.LZMA.Encoder$Optimal@50000da3)
OBJ 50002b33 (sz=64, trace=302555, class=SevenZip.Compression.LZMA.Encoder$Optimal@50000da3)
OBJ 50002b34 (sz=64, trace=302555, class=SevenZip.Compression.LZMA.Encoder$Optimal@50000da3)
OBJ 50002b35 (sz=64, trace=302555, class=SevenZip.Compression.LZMA.Encoder$Optimal@50000da3)
OBJ 50002b36 (sz=64, trace=302555, class=SevenZip.Compression.LZMA.Encoder$Optimal@50000da3)
OBJ 50002b37 (sz=64, trace=302555, class=SevenZip.Compression.LZMA.Encoder$Optimal@50000da3)
OBJ 50002b38 (sz=64, trace=302555, class=SevenZip.Compression.LZMA.Encoder$Optimal@50000da3)
OBJ 50002b39 (sz=64, trace=302555, class=SevenZip.Compression.LZMA.Encoder$Optimal@50000da3)
OBJ 50002b3a (sz=64, trace=302555, class=SevenZip.Compression.LZMA.Encoder$Optimal@50000da3)
OBJ 50002b3b (sz=64, trace=302555, class=SevenZip.Compression.LZMA.Encoder$Optimal@50000da3)
OBJ 50002b3c (sz=64, trace=302555, class=SevenZip.Compression.LZMA.Encoder$Optimal@50000da3)
OBJ 50002b3d (sz=64, trace=302555, class=SevenZip.Compression.LZMA.Encoder$Optimal@50000da3)
OBJ 50002b3e (sz=64, trace=302555, class=SevenZip.Compression.LZMA.Encoder$Optimal@50000da3)
OBJ 50002b3f (sz=64, trace=302555, class=SevenZip.Compression.LZMA.Encoder$Optimal@50000da3)
OBJ 50002b40 (sz=64, trace=302555, class=SevenZip.Compression.LZMA.Encoder$Optimal@50000da3)
OBJ 50002b41 (sz=24, trace=302556, class=SevenZip.Compression.RangeCoder.BitTreeEncoder@50000f93)
ARR 50002b42 (sz=144, trace=302557, nelems=0, elem type=short[])
OBJ 50002b43 (sz=24, trace=302556, class=SevenZip.Compression.RangeCoder.BitTreeEncoder@50000f93)
ARR 50002b44 (sz=144, trace=302557, nelems=0, elem type=short[])
OBJ 50002b45 (sz=24, trace=302556, class=SevenZip.Compression.RangeCoder.BitTreeEncoder@50000f93)
ARR 50002b46 (sz=144, trace=302557, nelems=0, elem type=short[])
OBJ 50002b47 (sz=24, trace=302556, class=SevenZip.Compression.RangeCoder.BitTreeEncoder@50000f93)
ARR 50002b48 (sz=144, trace=302557, nelems=0, elem type=short[])
OBJ 50002b49 (sz=104, trace=302558, class=java.lang.Thread@50000083)
OBJ 50002b4a (sz=16, trace=302559, class=java.lang.Object@500000a7)
ARR 50002b57 (sz=32, trace=302564, nelems=0, elem type=char[])
ARR 50002b58 (sz=40, trace=302565, nelems=0, elem type=java.security.ProtectionDomain[]@500006bc)
OBJ 50002b59 (sz=104, trace=302568, class=SevenZip.Compression.LZ.BinTree@5000043b)
ARR 50002b5a (sz=48, trace=302580, nelems=0, elem type=SevenZip.Compression.LZMA.Encoder$LiteralEncoder$Encoder2[]@500024d1)
OBJ 50002b5b (sz=24, trace=302581, class=SevenZip.Compression.LZMA.Encoder$LiteralEncoder$Encoder2@500024d0)
ARR 50002b5c (sz=1552, trace=302582, nelems=0, elem type=short[])
OBJ 50002b5d (sz=24, trace=302581, class=SevenZip.Compression.LZMA.Encoder$LiteralEncoder$Encoder2@500024d0)
ARR 50002b5e (sz=1552, trace=302582, nelems=0, elem type=short[])
OBJ 50002b5f (sz=24, trace=302581, class=SevenZip.Compression.LZMA.Encoder$LiteralEncoder$Encoder2@500024d0)
ARR 50002b60 (sz=1552, trace=302582, nelems=0, elem type=short[])
OBJ 50002b61 (sz=24, trace=302581, class=SevenZip.Compression.LZMA.Encoder$LiteralEncoder$Encoder2@500024d0)
ARR 50002b62 (sz=1552, trace=302582, nelems=0, elem type=short[])
OBJ 50002b63 (sz=24, trace=302581, class=SevenZip.Compression.LZMA.Encoder$LiteralEncoder$Encoder2@500024d0)
ARR 50002b64 (sz=1552, trace=302582, nelems=0, elem type=short[])
OBJ 50002b65 (sz=24, trace=302581, class=SevenZip.Compression.LZMA.Encoder$LiteralEncoder$Encoder2@500024d0)
ARR 50002b66 (sz=1552, trace=302582, nelems=0, elem type=short[])
OBJ 50002b67 (sz=24, trace=302581, class=SevenZip.Compression.LZMA.Encoder$LiteralEncoder$Encoder2@500024d0)
ARR 50002b68 (sz=1552, trace=302582, nelems=0, elem type=short[])
OBJ 50002b69 (sz=24, trace=302581, class=SevenZip.Compression.LZMA.Encoder$LiteralEncoder$Encoder2@500024d0)
ARR 50002b6a (sz=1552, trace=302582, nelems=0, elem type=short[])
ARR 50002b6b (sz=100670536, trace=302583, nelems=0, elem type=byte[])
OBJ 50002be4 (sz=16, trace=301038, class=java.lang.Object@500000a7)
OBJ 50002be5 (sz=32, trace=300024, class=java.util.concurrent.ConcurrentHashMap$HashEntry@50000115)
	key		5000151d
	value		50002be4
OBJ 50002be7 (sz=16, trace=301039, class=java.lang.Object@500000a7)
OBJ 50002be8 (sz=32, trace=300027, class=java.util.concurrent.ConcurrentHashMap$HashEntry@50000115)
	key		5000151d
	value		50002be7
OBJ 50002c9c (sz=24, trace=300318, class=java.lang.String@50000096)
	value		50002c9d
ARR 50002c9d (sz=46, trace=300319, nelems=23, elem type=char[])
OBJ 50002caa (sz=56, trace=300983, class=java.lang.Package@50000c4c)
	pkgName		50002c9c
	loader		5000119e
OBJ 50002cab (sz=32, trace=300984, class=java.util.HashMap$Entry@5000009e)
	key		50002c9c
	value		50002caa
OBJ 50002cbb (sz=24, trace=300464, class=java.lang.String@50000096)
	value		50002cbc
ARR 50002cbc (sz=46, trace=300465, nelems=23, elem type=char[])
ARR 50002cbd (sz=32, trace=300466, nelems=3, elem type=java.util.concurrent.ConcurrentHashMap$HashEntry[]@50000116)
	[0]		50002e72
	[2]		50000bb0
OBJ 50002cbe (sz=40, trace=300467, class=java.util.concurrent.ConcurrentHashMap$Segment@50000140)
	sync		50002cbf
	table		50002cbd
OBJ 50002cbf (sz=32, trace=300023, class=java.util.concurrent.locks.ReentrantLock$NonfairSync@5000003d)
OBJ 50002cc0 (sz=32, trace=300468, class=java.util.concurrent.ConcurrentHashMap$HashEntry@50000115)
	key		50002cbb
	value		500013cb
OBJ 50002cc6 (sz=16, trace=301038, class=java.lang.Object@500000a7)
OBJ 50002cc7 (sz=32, trace=300024, class=java.util.concurrent.ConcurrentHashMap$HashEntry@50000115)
	key		50001559
	value		50002cc6
OBJ 50002cc8 (sz=16, trace=301039, class=java.lang.Object@500000a7)
OBJ 50002cc9 (sz=32, trace=300027, class=java.util.concurrent.ConcurrentHashMap$HashEntry@50000115)
	key		50001559
	value		50002cc8
OBJ 50002d99 (sz=16, trace=301038, class=java.lang.Object@500000a7)
OBJ 50002d9a (sz=32, trace=300024, class=java.util.concurrent.ConcurrentHashMap$HashEntry@50000115)
	key		50001481
	value		50002d99
OBJ 50002d9c (sz=16, trace=301039, class=java.lang.Object@500000a7)
OBJ 50002d9d (sz=32, trace=300027, class=java.util.concurrent.ConcurrentHashMap$HashEntry@50000115)
	key		50001481
	value		50002d9c
OBJ 50002e51 (sz=24, trace=300318, class=java.lang.String@50000096)
	value		50002e52
ARR 50002e52 (sz=54, trace=300319, nelems=27, elem type=char[])
OBJ 50002e5f (sz=56, trace=300983, class=java.lang.Package@50000c4c)
	pkgName		50002e51
	loader		5000119e
OBJ 50002e60 (sz=32, trace=300984, class=java.util.HashMap$Entry@5000009e)
	key		50002e51
	value		50002e5f
OBJ 50002e70 (sz=24, trace=300464, class=java.lang.String@50000096)
	value		50002e71
ARR 50002e71 (sz=54, trace=300465, nelems=27, elem type=char[])
OBJ 50002e72 (sz=32, trace=300468, class=java.util.concurrent.ConcurrentHashMap$HashEntry@50000115)
	key		50002e70
	value		500013cb
OBJ 50002e7a (sz=24, trace=301044, class=org.eclipse.jdt.internal.junit4.runner.JUnit4TestClassReference@500020f6)
	fRunner		5000497e
	fClass		50001f47
OBJ 50002e7b (sz=16, trace=301045, class=java.lang.Object@500000a7)
OBJ 50002e7c (sz=32, trace=300024, class=java.util.concurrent.ConcurrentHashMap$HashEntry@50000115)
	key		500014d9
	value		50002e7b
OBJ 50002e7e (sz=16, trace=301046, class=java.lang.Object@500000a7)
OBJ 50002e7f (sz=32, trace=300027, class=java.util.concurrent.ConcurrentHashMap$HashEntry@50000115)
	key		500014d9
	value		50002e7e
OBJ 50002e81 (sz=16, trace=301045, class=java.lang.Object@500000a7)
OBJ 50002e82 (sz=32, trace=300024, class=java.util.concurrent.ConcurrentHashMap$HashEntry@50000115)
	key		5000149d
	value		50002e81
OBJ 50002e83 (sz=16, trace=301046, class=java.lang.Object@500000a7)
OBJ 50002e84 (sz=32, trace=300027, class=java.util.concurrent.ConcurrentHashMap$HashEntry@50000115)
	key		5000149d
	value		50002e83
OBJ 50002e85 (sz=16, trace=301045, class=java.lang.Object@500000a7)
OBJ 50002e86 (sz=32, trace=300024, class=java.util.concurrent.ConcurrentHashMap$HashEntry@50000115)
	key		5000140d
	value		50002e85
OBJ 50002e87 (sz=16, trace=301046, class=java.lang.Object@500000a7)
OBJ 50002e88 (sz=32, trace=300027, class=java.util.concurrent.ConcurrentHashMap$HashEntry@50000115)
	key		5000140d
	value		50002e87
OBJ 50002f57 (sz=16, trace=301045, class=java.lang.Object@500000a7)
OBJ 50002f58 (sz=32, trace=300024, class=java.util.concurrent.ConcurrentHashMap$HashEntry@50000115)
	key		500014cf
	value		50002f57
OBJ 50002f59 (sz=16, trace=301046, class=java.lang.Object@500000a7)
OBJ 50002f5a (sz=32, trace=300027, class=java.util.concurrent.ConcurrentHashMap$HashEntry@50000115)
	key		500014cf
	value		50002f59
OBJ 50003029 (sz=16, trace=301049, class=java.lang.Object@500000a7)
OBJ 5000302a (sz=32, trace=300024, class=java.util.concurrent.ConcurrentHashMap$HashEntry@50000115)
	key		5000150b
	value		50003029
OBJ 5000302b (sz=16, trace=301050, class=java.lang.Object@500000a7)
OBJ 5000302c (sz=32, trace=300027, class=java.util.concurrent.ConcurrentHashMap$HashEntry@50000115)
	key		5000150b
	value		5000302b
OBJ 50003032 (sz=16, trace=301055, class=java.lang.Object@500000a7)
OBJ 50003033 (sz=32, trace=300024, class=java.util.concurrent.ConcurrentHashMap$HashEntry@50000115)
	key		5000158e
	value		50003032
OBJ 50003034 (sz=16, trace=301056, class=java.lang.Object@500000a7)
OBJ 50003035 (sz=32, trace=300027, class=java.util.concurrent.ConcurrentHashMap$HashEntry@50000115)
	key		5000158e
	value		50003034
OBJ 50003103 (sz=16, trace=301055, class=java.lang.Object@500000a7)
OBJ 50003104 (sz=32, trace=300024, class=java.util.concurrent.ConcurrentHashMap$HashEntry@50000115)
	key		5000142c
	value		50003103
OBJ 50003105 (sz=16, trace=301056, class=java.lang.Object@500000a7)
OBJ 50003106 (sz=32, trace=300027, class=java.util.concurrent.ConcurrentHashMap$HashEntry@50000115)
	key		5000142c
	value		50003105
OBJ 500031d9 (sz=16, trace=301062, class=java.lang.Object@500000a7)
OBJ 500031da (sz=32, trace=300024, class=java.util.concurrent.ConcurrentHashMap$HashEntry@50000115)
	key		500013f4
	value		500031d9
OBJ 500031dc (sz=16, trace=301063, class=java.lang.Object@500000a7)
OBJ 500031dd (sz=32, trace=300027, class=java.util.concurrent.ConcurrentHashMap$HashEntry@50000115)
	key		500013f4
	value		500031dc
OBJ 500032b1 (sz=16, trace=301069, class=java.lang.Object@500000a7)
OBJ 500032b2 (sz=32, trace=300024, class=java.util.concurrent.ConcurrentHashMap$HashEntry@50000115)
	key		50001452
	value		500032b1
OBJ 500032b4 (sz=32, trace=300486, class=java.util.concurrent.ConcurrentHashMap$HashEntry@50000115)
	key		50001456
	value		5000288c
OBJ 500032b5 (sz=32, trace=300486, class=java.util.concurrent.ConcurrentHashMap$HashEntry@50000115)
	key		50001454
	value		500020f7
	next		500032b4
OBJ 500032b6 (sz=32, trace=300486, class=java.util.concurrent.ConcurrentHashMap$HashEntry@50000115)
	key		5000143b
	value		50002605
OBJ 500032b7 (sz=16, trace=301070, class=java.lang.Object@500000a7)
OBJ 500032b8 (sz=32, trace=300027, class=java.util.concurrent.ConcurrentHashMap$HashEntry@50000115)
	key		50001452
	value		500032b7
OBJ 500032ba (sz=32, trace=300486, class=java.util.concurrent.ConcurrentHashMap$HashEntry@50000115)
	key		50001456
	value		5000288e
OBJ 500032bb (sz=32, trace=300486, class=java.util.concurrent.ConcurrentHashMap$HashEntry@50000115)
	key		50001454
	value		500020fa
	next		500032ba
OBJ 500032bc (sz=32, trace=300486, class=java.util.concurrent.ConcurrentHashMap$HashEntry@50000115)
	key		5000143b
	value		50002607
OBJ 5000338a (sz=16, trace=300472, class=java.lang.Object@500000a7)
OBJ 5000338c (sz=16, trace=300474, class=java.lang.Object@500000a7)
OBJ 5000345c (sz=16, trace=300472, class=java.lang.Object@500000a7)
OBJ 5000345d (sz=32, trace=300024, class=java.util.concurrent.ConcurrentHashMap$HashEntry@50000115)
	key		50001478
	value		5000345c
OBJ 5000345e (sz=16, trace=300474, class=java.lang.Object@500000a7)
OBJ 5000345f (sz=32, trace=300027, class=java.util.concurrent.ConcurrentHashMap$HashEntry@50000115)
	key		50001478
	value		5000345e
OBJ 50003512 (sz=24, trace=300318, class=java.lang.String@50000096)
	value		50003513
ARR 50003513 (sz=58, trace=300319, nelems=29, elem type=char[])
OBJ 50003520 (sz=56, trace=300983, class=java.lang.Package@50000c4c)
	pkgName		50003512
	loader		5000119e
OBJ 50003521 (sz=32, trace=300984, class=java.util.HashMap$Entry@5000009e)
	key		50003512
	value		50003520
OBJ 50003530 (sz=24, trace=300464, class=java.lang.String@50000096)
	value		50003531
ARR 50003531 (sz=58, trace=300465, nelems=29, elem type=char[])
ARR 50003532 (sz=32, trace=300466, nelems=1, elem type=java.util.concurrent.ConcurrentHashMap$HashEntry[]@50000116)
	[0]		50003535
OBJ 50003533 (sz=40, trace=300467, class=java.util.concurrent.ConcurrentHashMap$Segment@50000140)
	sync		50003534
	table		50003532
OBJ 50003534 (sz=32, trace=300023, class=java.util.concurrent.locks.ReentrantLock$NonfairSync@5000003d)
OBJ 50003535 (sz=32, trace=300468, class=java.util.concurrent.ConcurrentHashMap$HashEntry@50000115)
	key		50003530
	value		500013cb
OBJ 5000353b (sz=16, trace=300472, class=java.lang.Object@500000a7)
OBJ 5000353c (sz=32, trace=300024, class=java.util.concurrent.ConcurrentHashMap$HashEntry@50000115)
	key		5000147f
	value		5000353b
	next		50002d9a
OBJ 5000353d (sz=16, trace=300474, class=java.lang.Object@500000a7)
OBJ 5000353e (sz=32, trace=300027, class=java.util.concurrent.ConcurrentHashMap$HashEntry@50000115)
	key		5000147f
	value		5000353d
	next		50002d9d
OBJ 50003613 (sz=16, trace=301076, class=java.lang.Object@500000a7)
OBJ 50003614 (sz=32, trace=300024, class=java.util.concurrent.ConcurrentHashMap$HashEntry@50000115)
	key		5000155f
	value		50003613
OBJ 50003617 (sz=32, trace=300486, class=java.util.concurrent.ConcurrentHashMap$HashEntry@50000115)
	key		5000154c
	value		5000187f
OBJ 50003618 (sz=16, trace=301077, class=java.lang.Object@500000a7)
OBJ 50003619 (sz=32, trace=300027, class=java.util.concurrent.ConcurrentHashMap$HashEntry@50000115)
	key		5000155f
	value		50003618
OBJ 5000361c (sz=32, trace=300486, class=java.util.concurrent.ConcurrentHashMap$HashEntry@50000115)
	key		5000154c
	value		50001882
OBJ 500036ef (sz=16, trace=301083, class=java.lang.Object@500000a7)
OBJ 500036f0 (sz=32, trace=300024, class=java.util.concurrent.ConcurrentHashMap$HashEntry@50000115)
	key		50001447
	value		500036ef
OBJ 500036f1 (sz=16, trace=301084, class=java.lang.Object@500000a7)
OBJ 500036f2 (sz=32, trace=300027, class=java.util.concurrent.ConcurrentHashMap$HashEntry@50000115)
	key		50001447
	value		500036f1
OBJ 500037c0 (sz=16, trace=301083, class=java.lang.Object@500000a7)
OBJ 500037c1 (sz=32, trace=300024, class=java.util.concurrent.ConcurrentHashMap$HashEntry@50000115)
	key		50001443
	value		500037c0
OBJ 500037c2 (sz=16, trace=301084, class=java.lang.Object@500000a7)
OBJ 500037c3 (sz=32, trace=300027, class=java.util.concurrent.ConcurrentHashMap$HashEntry@50000115)
	key		50001443
	value		500037c2
OBJ 50003876 (sz=24, trace=300318, class=java.lang.String@50000096)
	value		50003877
ARR 50003877 (sz=34, trace=300319, nelems=17, elem type=char[])
OBJ 50003884 (sz=56, trace=300983, class=java.lang.Package@50000c4c)
	pkgName		50003876
	loader		5000119e
OBJ 50003885 (sz=32, trace=300984, class=java.util.HashMap$Entry@5000009e)
	key		50003876
	value		50003884
OBJ 50003897 (sz=24, trace=300464, class=java.lang.String@50000096)
	value		50003898
ARR 50003898 (sz=34, trace=300465, nelems=17, elem type=char[])
ARR 50003899 (sz=32, trace=300466, nelems=3, elem type=java.util.concurrent.ConcurrentHashMap$HashEntry[]@50000116)
	[2]		5000389c
OBJ 5000389a (sz=40, trace=300467, class=java.util.concurrent.ConcurrentHashMap$Segment@50000140)
	sync		5000389b
	table		50003899
OBJ 5000389b (sz=32, trace=300023, class=java.util.concurrent.locks.ReentrantLock$NonfairSync@5000003d)
OBJ 5000389c (sz=32, trace=300468, class=java.util.concurrent.ConcurrentHashMap$HashEntry@50000115)
	key		50003897
	value		500013cb
OBJ 500038a1 (sz=16, trace=300472, class=java.lang.Object@500000a7)
OBJ 500038a2 (sz=32, trace=300024, class=java.util.concurrent.ConcurrentHashMap$HashEntry@50000115)
	key		50001577
	value		500038a1
OBJ 500038a3 (sz=16, trace=300474, class=java.lang.Object@500000a7)
OBJ 500038a4 (sz=32, trace=300027, class=java.util.concurrent.ConcurrentHashMap$HashEntry@50000115)
	key		50001577
	value		500038a3
OBJ 5000397a (sz=16, trace=301090, class=java.lang.Object@500000a7)
OBJ 5000397b (sz=32, trace=300024, class=java.util.concurrent.ConcurrentHashMap$HashEntry@50000115)
	key		500013f2
	value		5000397a
	next		500031da
OBJ 5000397c (sz=16, trace=301091, class=java.lang.Object@500000a7)
OBJ 5000397d (sz=32, trace=300027, class=java.util.concurrent.ConcurrentHashMap$HashEntry@50000115)
	key		500013f2
	value		5000397c
	next		500031dd
OBJ 50003982 (sz=16, trace=301096, class=java.lang.Object@500000a7)
OBJ 50003983 (sz=32, trace=300024, class=java.util.concurrent.ConcurrentHashMap$HashEntry@50000115)
	key		5000151f
	value		50003982
OBJ 50003984 (sz=16, trace=301097, class=java.lang.Object@500000a7)
OBJ 50003985 (sz=32, trace=300027, class=java.util.concurrent.ConcurrentHashMap$HashEntry@50000115)
	key		5000151f
	value		50003984
OBJ 50003986 (sz=16, trace=301098, class=java.lang.Object@500000a7)
OBJ 50003987 (sz=32, trace=300024, class=java.util.concurrent.ConcurrentHashMap$HashEntry@50000115)
	key		5000150d
	value		50003986
OBJ 50003989 (sz=32, trace=300486, class=java.util.concurrent.ConcurrentHashMap$HashEntry@50000115)
	key		50001511
	value		50001d73
OBJ 5000398a (sz=16, trace=301099, class=java.lang.Object@500000a7)
OBJ 5000398b (sz=32, trace=300027, class=java.util.concurrent.ConcurrentHashMap$HashEntry@50000115)
	key		5000150d
	value		5000398a
OBJ 5000398d (sz=32, trace=300486, class=java.util.concurrent.ConcurrentHashMap$HashEntry@50000115)
	key		50001511
	value		50001d75
OBJ 50003a40 (sz=24, trace=300318, class=java.lang.String@50000096)
	value		50003a41
ARR 50003a41 (sz=18, trace=300319, nelems=9, elem type=char[])
OBJ 50003a4e (sz=56, trace=300983, class=java.lang.Package@50000c4c)
	pkgName		50003a40
	loader		5000119e
OBJ 50003a4f (sz=32, trace=300984, class=java.util.HashMap$Entry@5000009e)
	key		50003a40
	value		50003a4e
OBJ 50003a5e (sz=24, trace=300464, class=java.lang.String@50000096)
	value		50003a5f
ARR 50003a5f (sz=18, trace=300465, nelems=9, elem type=char[])
ARR 50003a60 (sz=32, trace=300466, nelems=4, elem type=java.util.concurrent.ConcurrentHashMap$HashEntry[]@50000116)
	[2]		5000026d
	[3]		50003a63
OBJ 50003a61 (sz=40, trace=300467, class=java.util.concurrent.ConcurrentHashMap$Segment@50000140)
	sync		50003a62
	table		50003a60
OBJ 50003a62 (sz=32, trace=300023, class=java.util.concurrent.locks.ReentrantLock$NonfairSync@5000003d)
OBJ 50003a63 (sz=32, trace=300468, class=java.util.concurrent.ConcurrentHashMap$HashEntry@50000115)
	key		50003a5e
	value		500013cb
OBJ 50003a68 (sz=16, trace=300472, class=java.lang.Object@500000a7)
OBJ 50003a6a (sz=16, trace=300474, class=java.lang.Object@500000a7)
ARR 50003a6e (sz=24, trace=301101, nelems=1, elem type=java.lang.String[]@50000097)
	[0]		50001729
OBJ 50003a6f (sz=56, trace=301102, class=java.util.HashMap@5000010b)
	table		50003a70
ARR 50003a70 (sz=80, trace=301103, nelems=5, elem type=java.util.HashMap$Entry[]@5000009f)
	[3]		50003a73
	[4]		50003a75
OBJ 50003a73 (sz=32, trace=301106, class=java.util.HashMap$Entry@5000009e)
	key		5000003a
	value		5000172e
OBJ 50003a74 (sz=32, trace=301106, class=java.util.HashMap$Entry@5000009e)
	key		500000c4
	value		5000172b
OBJ 50003a75 (sz=32, trace=301107, class=java.util.HashMap$Entry@5000009e)
	key		5000010d
	value		50003a6e
	next		50003a74
ARR 50003a78 (sz=16, trace=301109, nelems=0, elem type=java.lang.annotation.Annotation[]@50003a77)
ARR 50003a79 (sz=16, trace=301110, nelems=0, elem type=java.lang.annotation.Annotation[]@50003a77)
OBJ 50003a7a (sz=56, trace=301111, class=java.util.HashMap@5000010b)
ARR 50003a7b (sz=80, trace=301112, nelems=0, elem type=java.util.HashMap$Entry[]@5000009f)
OBJ 50003a7d (sz=16, trace=301114, class=java.util.Collections$EmptyIterator@50003a7c)
OBJ 50003a7e (sz=16, trace=301115, class=java.lang.Object@500000a7)
OBJ 50003a7f (sz=32, trace=300024, class=java.util.concurrent.ConcurrentHashMap$HashEntry@50000115)
	key		50001525
	value		50003a7e
OBJ 50003a81 (sz=32, trace=300486, class=java.util.concurrent.ConcurrentHashMap$HashEntry@50000115)
	key		50001537
	value		5000184b
OBJ 50003a82 (sz=16, trace=301116, class=java.lang.Object@500000a7)
OBJ 50003a83 (sz=32, trace=300027, class=java.util.concurrent.ConcurrentHashMap$HashEntry@50000115)
	key		50001525
	value		50003a82
OBJ 50003a85 (sz=32, trace=300486, class=java.util.concurrent.ConcurrentHashMap$HashEntry@50000115)
	key		50001537
	value		5000184d
OBJ 50003b54 (sz=16, trace=300480, class=java.lang.Object@500000a7)
OBJ 50003b56 (sz=16, trace=300481, class=java.lang.Object@500000a7)
OBJ 50003b58 (sz=40, trace=300487, class=java.lang.ref.SoftReference@50000118)
OBJ 50003b59 (sz=40, trace=301119, class=java.lang.ref.SoftReference@50000118)
OBJ 50003b65 (sz=16, trace=301131, class=java.lang.Object@500000a7)
OBJ 50003b66 (sz=32, trace=300024, class=java.util.concurrent.ConcurrentHashMap$HashEntry@50000115)
	key		50001544
	value		50003b65
OBJ 50003b67 (sz=16, trace=301132, class=java.lang.Object@500000a7)
OBJ 50003b68 (sz=32, trace=300027, class=java.util.concurrent.ConcurrentHashMap$HashEntry@50000115)
	key		50001544
	value		50003b67
OBJ 50003c1b (sz=24, trace=300318, class=java.lang.String@50000096)
	value		50003c1c
ARR 50003c1c (sz=30, trace=300319, nelems=15, elem type=char[])
OBJ 50003c29 (sz=56, trace=300983, class=java.lang.Package@50000c4c)
	pkgName		50003c1b
	loader		5000119e
ARR 50003c2a (sz=144, trace=301134, nelems=32, elem type=java.util.HashMap$Entry[]@5000009f)
	[1]		5000024d
	[4]		5000194c
	[6]		50000e7f
	[7]		50003eb7
	[10]		5000221d
	[12]		50007ed8
	[13]		50002e60
	[14]		50003a4f
	[16]		50007072
	[17]		50004398
	[19]		500026ca
	[20]		50003c2b
	[23]		500025e9
	[25]		50002cab
	[28]		50004476
	[29]		50000ace
	[30]		50003ff4
	[31]		50001efa
OBJ 50003c2b (sz=32, trace=300984, class=java.util.HashMap$Entry@5000009e)
	key		50003c1b
	value		50003c29
OBJ 50003c3d (sz=24, trace=300464, class=java.lang.String@50000096)
	value		50003c3e
ARR 50003c3e (sz=30, trace=300465, nelems=15, elem type=char[])
ARR 50003c3f (sz=32, trace=300466, nelems=4, elem type=java.util.concurrent.ConcurrentHashMap$HashEntry[]@50000116)
	[2]		50007085
	[3]		50003ec9
OBJ 50003c40 (sz=40, trace=300467, class=java.util.concurrent.ConcurrentHashMap$Segment@50000140)
	sync		50003c41
	table		50003c3f
OBJ 50003c41 (sz=32, trace=300023, class=java.util.concurrent.locks.ReentrantLock$NonfairSync@5000003d)
OBJ 50003c42 (sz=32, trace=300468, class=java.util.concurrent.ConcurrentHashMap$HashEntry@50000115)
	key		50003c3d
	value		500013cb
OBJ 50003c47 (sz=16, trace=300472, class=java.lang.Object@500000a7)
OBJ 50003c48 (sz=32, trace=300024, class=java.util.concurrent.ConcurrentHashMap$HashEntry@50000115)
	key		50001557
	value		50003c47
OBJ 50003c49 (sz=16, trace=300474, class=java.lang.Object@500000a7)
OBJ 50003c4a (sz=32, trace=300027, class=java.util.concurrent.ConcurrentHashMap$HashEntry@50000115)
	key		50001557
	value		50003c49
OBJ 50003d18 (sz=16, trace=300472, class=java.lang.Object@500000a7)
OBJ 50003d19 (sz=32, trace=300024, class=java.util.concurrent.ConcurrentHashMap$HashEntry@50000115)
	key		500014b3
	value		50003d18
	next		50001e68
OBJ 50003d1b (sz=32, trace=300486, class=java.util.concurrent.ConcurrentHashMap$HashEntry@50000115)
	key		500014bd
	value		5000251e
OBJ 50003d1c (sz=32, trace=300486, class=java.util.concurrent.ConcurrentHashMap$HashEntry@50000115)
	key		500014ad
	value		50003a68
OBJ 50003d1d (sz=16, trace=300474, class=java.lang.Object@500000a7)
OBJ 50003d1e (sz=32, trace=300027, class=java.util.concurrent.ConcurrentHashMap$HashEntry@50000115)
	key		500014b3
	value		50003d1d
	next		50001e6c
OBJ 50003d20 (sz=32, trace=300486, class=java.util.concurrent.ConcurrentHashMap$HashEntry@50000115)
	key		500014bd
	value		50002520
OBJ 50003d21 (sz=32, trace=300486, class=java.util.concurrent.ConcurrentHashMap$HashEntry@50000115)
	key		500014ad
	value		50003a6a
OBJ 50003df2 (sz=16, trace=301135, class=java.lang.Object@500000a7)
OBJ 50003df4 (sz=16, trace=301136, class=java.lang.Object@500000a7)
OBJ 50003ea8 (sz=24, trace=300318, class=java.lang.String@50000096)
	value		50003ea9
ARR 50003ea9 (sz=36, trace=300319, nelems=18, elem type=char[])
OBJ 50003eb6 (sz=56, trace=300983, class=java.lang.Package@50000c4c)
	pkgName		50003ea8
	loader		5000119e
OBJ 50003eb7 (sz=32, trace=300984, class=java.util.HashMap$Entry@5000009e)
	key		50003ea8
	value		50003eb6
	next		50002af7
OBJ 50003ec7 (sz=24, trace=300464, class=java.lang.String@50000096)
	value		50003ec8
ARR 50003ec8 (sz=36, trace=300465, nelems=18, elem type=char[])
OBJ 50003ec9 (sz=32, trace=300468, class=java.util.concurrent.ConcurrentHashMap$HashEntry@50000115)
	key		50003ec7
	value		500013cb
	next		50003c42
OBJ 50003ece (sz=16, trace=300472, class=java.lang.Object@500000a7)
OBJ 50003ecf (sz=32, trace=300024, class=java.util.concurrent.ConcurrentHashMap$HashEntry@50000115)
	key		500013e7
	value		50003ece
OBJ 50003ed1 (sz=16, trace=300474, class=java.lang.Object@500000a7)
OBJ 50003ed2 (sz=32, trace=300027, class=java.util.concurrent.ConcurrentHashMap$HashEntry@50000115)
	key		500013e7
	value		50003ed1
OBJ 50003f89 (sz=24, trace=300318, class=java.lang.String@50000096)
	value		50003f8a
ARR 50003f8a (sz=24, trace=300319, nelems=12, elem type=char[])
OBJ 50003f99 (sz=24, trace=300913, class=java.util.jar.Manifest@500021bf)
	attr		50003f9a
	entries		50003f9d
OBJ 50003f9a (sz=16, trace=300915, class=java.util.jar.Attributes@500021c3)
	map		50003f9b
OBJ 50003f9b (sz=56, trace=300916, class=java.util.HashMap@5000010b)
	table		50003f9c
ARR 50003f9c (sz=80, trace=300917, nelems=14, elem type=java.util.HashMap$Entry[]@5000009f)
	[1]		50003fbf
	[2]		50003fb9
	[3]		50003fc5
	[6]		50003fcb
	[10]		50003fb3
	[13]		50003fd1
OBJ 50003f9d (sz=56, trace=300918, class=java.util.HashMap@5000010b)
	table		50003f9e
ARR 50003f9e (sz=80, trace=300919, nelems=0, elem type=java.util.HashMap$Entry[]@5000009f)
OBJ 50003fa4 (sz=24, trace=300926, class=java.lang.String@50000096)
	value		50003fa5
ARR 50003fa5 (sz=6, trace=300930, nelems=3, elem type=char[])
OBJ 50003fa6 (sz=24, trace=300949, class=java.util.jar.Attributes$Name@500021d4)
	name		50001e45
OBJ 50003fa7 (sz=32, trace=300952, class=java.util.HashMap$Entry@5000009e)
	key		50003fa6
	value		50003fa4
OBJ 50003faa (sz=24, trace=300926, class=java.lang.String@50000096)
	value		50003fab
ARR 50003fab (sz=32, trace=300930, nelems=16, elem type=char[])
OBJ 50003fac (sz=24, trace=300949, class=java.util.jar.Attributes$Name@500021d4)
	name		500021ea
OBJ 50003fad (sz=32, trace=300952, class=java.util.HashMap$Entry@5000009e)
	key		50003fac
	value		50003faa
OBJ 50003fb0 (sz=24, trace=300926, class=java.lang.String@50000096)
	value		50003fb1
ARR 50003fb1 (sz=72, trace=300930, nelems=36, elem type=char[])
OBJ 50003fb2 (sz=24, trace=300949, class=java.util.jar.Attributes$Name@500021d4)
	name		500021f0
OBJ 50003fb3 (sz=32, trace=300952, class=java.util.HashMap$Entry@5000009e)
	key		50003fb2
	value		50003fb0
OBJ 50003fb6 (sz=24, trace=300926, class=java.lang.String@50000096)
	value		50003fb7
ARR 50003fb7 (sz=26, trace=300930, nelems=13, elem type=char[])
OBJ 50003fb8 (sz=24, trace=300949, class=java.util.jar.Attributes$Name@500021d4)
	name		50001e4e
OBJ 50003fb9 (sz=32, trace=300952, class=java.util.HashMap$Entry@5000009e)
	key		50003fb8
	value		50003fb6
OBJ 50003fbc (sz=24, trace=300926, class=java.lang.String@50000096)
	value		50003fbd
ARR 50003fbd (sz=24, trace=300930, nelems=12, elem type=char[])
OBJ 50003fbe (sz=24, trace=300949, class=java.util.jar.Attributes$Name@500021d4)
	name		50001e50
OBJ 50003fbf (sz=32, trace=300952, class=java.util.HashMap$Entry@5000009e)
	key		50003fbe
	value		50003fbc
	next		50003fad
OBJ 50003fc2 (sz=24, trace=300926, class=java.lang.String@50000096)
	value		50003fc3
ARR 50003fc3 (sz=6, trace=300930, nelems=3, elem type=char[])
OBJ 50003fc4 (sz=24, trace=300949, class=java.util.jar.Attributes$Name@500021d4)
	name		50001e4f
OBJ 50003fc5 (sz=32, trace=300952, class=java.util.HashMap$Entry@5000009e)
	key		50003fc4
	value		50003fc2
OBJ 50003fc6 (sz=24, trace=300924, class=java.lang.String@50000096)
	value		50003fc7
ARR 50003fc7 (sz=16, trace=300925, nelems=8, elem type=char[])
OBJ 50003fc8 (sz=24, trace=300926, class=java.lang.String@50000096)
	value		50003fc9
ARR 50003fc9 (sz=6, trace=300930, nelems=3, elem type=char[])
OBJ 50003fca (sz=24, trace=300949, class=java.util.jar.Attributes$Name@500021d4)
	name		50003fc6
OBJ 50003fcb (sz=32, trace=300952, class=java.util.HashMap$Entry@5000009e)
	key		50003fca
	value		50003fc8
	next		50003fa7
OBJ 50003fcc (sz=24, trace=300924, class=java.lang.String@50000096)
	value		50003fcd
ARR 50003fcd (sz=20, trace=300925, nelems=10, elem type=char[])
OBJ 50003fce (sz=24, trace=300926, class=java.lang.String@50000096)
	value		50003fcf
ARR 50003fcf (sz=38, trace=300930, nelems=19, elem type=char[])
OBJ 50003fd0 (sz=24, trace=300949, class=java.util.jar.Attributes$Name@500021d4)
	name		50003fcc
OBJ 50003fd1 (sz=32, trace=300952, class=java.util.HashMap$Entry@5000009e)
	key		50003fd0
	value		50003fce
OBJ 50003fe6 (sz=40, trace=300977, class=java.lang.ref.SoftReference@50000118)
	referent	50003f99
	queue		50001716
OBJ 50003ff3 (sz=56, trace=300983, class=java.lang.Package@50000c4c)
	pkgName		50003f89
	implTitle	50003fb6
	implVersion	50003fc2
	implVendor	50003fbc
	loader		5000119e
OBJ 50003ff4 (sz=32, trace=300984, class=java.util.HashMap$Entry@5000009e)
	key		50003f89
	value		50003ff3
OBJ 50004022 (sz=32, trace=300346, class=java.security.CodeSource@500000c0)
	location	50001fbe
OBJ 50004023 (sz=32, trace=300372, class=java.security.Permissions@50000c6d)
	permsMap	50004024
OBJ 50004024 (sz=56, trace=300373, class=java.util.HashMap@5000010b)
	table		50004025
ARR 50004025 (sz=80, trace=300374, nelems=13, elem type=java.util.HashMap$Entry[]@5000009f)
	[7]		50004031
	[12]		50004036
OBJ 5000402b (sz=32, trace=300391, class=java.io.FilePermission@50000ca0)
	name		50001f16
	cpath		500016a9
OBJ 5000402e (sz=24, trace=300425, class=java.io.FilePermissionCollection@50000cbb)
	perms		5000402f
OBJ 5000402f (sz=24, trace=300426, class=java.util.ArrayList@5000004e)
	elementData	50004030
ARR 50004030 (sz=56, trace=300427, nelems=1, elem type=java.lang.Object[]@500000a8)
	[0]		5000402b
OBJ 50004031 (sz=32, trace=300428, class=java.util.HashMap$Entry@5000009e)
	key		50000ca0
	value		5000402e
OBJ 50004032 (sz=24, trace=300431, class=java.lang.RuntimePermission@50000111)
	name		50001232
	path		50001233
OBJ 50004033 (sz=32, trace=300456, class=java.security.BasicPermissionCollection@50000cd1)
	perms		50004034
	permClass	50000111
OBJ 50004034 (sz=56, trace=300457, class=java.util.HashMap@5000010b)
	table		50004035
ARR 50004035 (sz=80, trace=300458, nelems=14, elem type=java.util.HashMap$Entry[]@5000009f)
	[13]		50004037
OBJ 50004036 (sz=32, trace=300428, class=java.util.HashMap$Entry@5000009e)
	key		50000111
	value		50004033
OBJ 50004037 (sz=32, trace=300459, class=java.util.HashMap$Entry@5000009e)
	key		50001234
	value		50004032
OBJ 50004038 (sz=40, trace=300460, class=java.security.ProtectionDomain@5000011f)
	codesource	50004022
	classloader	5000119e
	principals	5000403a
	permissions	50004023
	key		50004039
OBJ 50004039 (sz=16, trace=300461, class=java.security.ProtectionDomain$Key@500000f2)
	this$0		50004038
ARR 5000403a (sz=16, trace=300462, nelems=0, elem type=java.security.Principal[]@50000106)
OBJ 5000403b (sz=32, trace=300463, class=java.util.HashMap$Entry@5000009e)
	key		50004022
	value		50004038
OBJ 5000403c (sz=24, trace=300464, class=java.lang.String@50000096)
	value		5000403d
ARR 5000403d (sz=24, trace=300465, nelems=12, elem type=char[])
OBJ 5000403e (sz=32, trace=300468, class=java.util.concurrent.ConcurrentHashMap$HashEntry@50000115)
	key		5000403c
	value		500013cb
	next		50002272
OBJ 50004043 (sz=32, trace=300477, class=java.util.HashMap$Entry@5000009e)
	key		50004038
	value		50001808
OBJ 50004046 (sz=16, trace=301135, class=java.lang.Object@500000a7)
OBJ 50004047 (sz=32, trace=300024, class=java.util.concurrent.ConcurrentHashMap$HashEntry@50000115)
	key		500014a3
	value		50004046
OBJ 50004048 (sz=16, trace=301136, class=java.lang.Object@500000a7)
OBJ 50004049 (sz=32, trace=300027, class=java.util.concurrent.ConcurrentHashMap$HashEntry@50000115)
	key		500014a3
	value		50004048
OBJ 50004117 (sz=16, trace=301135, class=java.lang.Object@500000a7)
OBJ 50004118 (sz=32, trace=300024, class=java.util.concurrent.ConcurrentHashMap$HashEntry@50000115)
	key		500014f9
	value		50004117
OBJ 50004119 (sz=16, trace=301136, class=java.lang.Object@500000a7)
OBJ 5000411a (sz=32, trace=300027, class=java.util.concurrent.ConcurrentHashMap$HashEntry@50000115)
	key		500014f9
	value		50004119
OBJ 500041e8 (sz=16, trace=301135, class=java.lang.Object@500000a7)
OBJ 500041eb (sz=16, trace=301136, class=java.lang.Object@500000a7)
OBJ 500041ee (sz=16, trace=301135, class=java.lang.Object@500000a7)
OBJ 500041ef (sz=32, trace=300024, class=java.util.concurrent.ConcurrentHashMap$HashEntry@50000115)
	key		50001515
	value		500041ee
OBJ 500041f0 (sz=16, trace=301136, class=java.lang.Object@500000a7)
OBJ 500041f1 (sz=32, trace=300027, class=java.util.concurrent.ConcurrentHashMap$HashEntry@50000115)
	key		50001515
	value		500041f0
OBJ 500041f2 (sz=16, trace=301135, class=java.lang.Object@500000a7)
OBJ 500041f3 (sz=32, trace=300024, class=java.util.concurrent.ConcurrentHashMap$HashEntry@50000115)
	key		50001411
	value		500041f2
ARR 500041f4 (sz=80, trace=300473, nelems=16, elem type=java.util.concurrent.ConcurrentHashMap$HashEntry[]@50000116)
	[2]		500041f5
	[3]		5000103e
	[5]		5000794c
	[7]		500041f3
	[8]		50004da1
	[9]		50002e86
	[10]		50001148
	[11]		5000821a
	[12]		50000bbc
	[15]		500019a7
OBJ 500041f5 (sz=32, trace=300486, class=java.util.concurrent.ConcurrentHashMap$HashEntry@50000115)
	key		50001417
	value		500019a4
OBJ 500041f6 (sz=32, trace=300486, class=java.util.concurrent.ConcurrentHashMap$HashEntry@50000115)
	key		50001409
	value		5000338a
OBJ 500041f7 (sz=16, trace=301136, class=java.lang.Object@500000a7)
OBJ 500041f8 (sz=32, trace=300027, class=java.util.concurrent.ConcurrentHashMap$HashEntry@50000115)
	key		50001411
	value		500041f7
ARR 500041f9 (sz=80, trace=300475, nelems=16, elem type=java.util.concurrent.ConcurrentHashMap$HashEntry[]@50000116)
	[2]		500041fa
	[3]		50001043
	[5]		5000794e
	[7]		500041f8
	[8]		50004da3
	[9]		50002e88
	[10]		5000114b
	[11]		5000821c
	[12]		50000bbe
	[15]		500019ab
OBJ 500041fa (sz=32, trace=300486, class=java.util.concurrent.ConcurrentHashMap$HashEntry@50000115)
	key		50001417
	value		500019a8
OBJ 500041fb (sz=32, trace=300486, class=java.util.concurrent.ConcurrentHashMap$HashEntry@50000115)
	key		50001409
	value		5000338c
OBJ 500042c9 (sz=16, trace=301135, class=java.lang.Object@500000a7)
OBJ 500042ca (sz=32, trace=300024, class=java.util.concurrent.ConcurrentHashMap$HashEntry@50000115)
	key		500014cb
	value		500042c9
OBJ 500042cc (sz=16, trace=301136, class=java.lang.Object@500000a7)
OBJ 500042cd (sz=32, trace=300027, class=java.util.concurrent.ConcurrentHashMap$HashEntry@50000115)
	key		500014cb
	value		500042cc
OBJ 500042cf (sz=16, trace=301135, class=java.lang.Object@500000a7)
OBJ 500042d0 (sz=32, trace=300024, class=java.util.concurrent.ConcurrentHashMap$HashEntry@50000115)
	key		5000149f
	value		500042cf
OBJ 500042d2 (sz=32, trace=300486, class=java.util.concurrent.ConcurrentHashMap$HashEntry@50000115)
	key		5000148b
	value		50001e73
OBJ 500042d3 (sz=16, trace=301136, class=java.lang.Object@500000a7)
OBJ 500042d4 (sz=32, trace=300027, class=java.util.concurrent.ConcurrentHashMap$HashEntry@50000115)
	key		5000149f
	value		500042d3
OBJ 500042d6 (sz=32, trace=300486, class=java.util.concurrent.ConcurrentHashMap$HashEntry@50000115)
	key		5000148b
	value		50001e75
OBJ 50004389 (sz=24, trace=300318, class=java.lang.String@50000096)
	value		5000438a
ARR 5000438a (sz=30, trace=300319, nelems=15, elem type=char[])
OBJ 50004397 (sz=56, trace=300983, class=java.lang.Package@50000c4c)
	pkgName		50004389
	loader		5000119e
OBJ 50004398 (sz=32, trace=300984, class=java.util.HashMap$Entry@5000009e)
	key		50004389
	value		50004397
	next		50000c5c
OBJ 500043a8 (sz=24, trace=300464, class=java.lang.String@50000096)
	value		500043a9
ARR 500043a9 (sz=30, trace=300465, nelems=15, elem type=char[])
OBJ 500043aa (sz=32, trace=300468, class=java.util.concurrent.ConcurrentHashMap$HashEntry@50000115)
	key		500043a8
	value		500013cb
	next		500025ff
ARR 500043ab (sz=32, trace=301041, nelems=2, elem type=java.util.concurrent.ConcurrentHashMap$HashEntry[]@50000116)
	[1]		500043aa
OBJ 500043b1 (sz=16, trace=301135, class=java.lang.Object@500000a7)
OBJ 500043b2 (sz=32, trace=300024, class=java.util.concurrent.ConcurrentHashMap$HashEntry@50000115)
	key		50001555
	value		500043b1
	next		50003c48
OBJ 500043b3 (sz=16, trace=301136, class=java.lang.Object@500000a7)
OBJ 500043b4 (sz=32, trace=300027, class=java.util.concurrent.ConcurrentHashMap$HashEntry@50000115)
	key		50001555
	value		500043b3
	next		50003c4a
OBJ 50004467 (sz=24, trace=300318, class=java.lang.String@50000096)
	value		50004468
ARR 50004468 (sz=74, trace=300319, nelems=37, elem type=char[])
OBJ 50004475 (sz=56, trace=300983, class=java.lang.Package@50000c4c)
	pkgName		50004467
	loader		5000119e
OBJ 50004476 (sz=32, trace=300984, class=java.util.HashMap$Entry@5000009e)
	key		50004467
	value		50004475
OBJ 50004486 (sz=24, trace=300464, class=java.lang.String@50000096)
	value		50004487
ARR 50004487 (sz=74, trace=300465, nelems=37, elem type=char[])
ARR 50004488 (sz=32, trace=300466, nelems=4, elem type=java.util.concurrent.ConcurrentHashMap$HashEntry[]@50000116)
	[1]		50007eea
	[3]		5000448b
OBJ 50004489 (sz=40, trace=300467, class=java.util.concurrent.ConcurrentHashMap$Segment@50000140)
	sync		5000448a
	table		50004488
OBJ 5000448a (sz=32, trace=300023, class=java.util.concurrent.locks.ReentrantLock$NonfairSync@5000003d)
OBJ 5000448b (sz=32, trace=300468, class=java.util.concurrent.ConcurrentHashMap$HashEntry@50000115)
	key		50004486
	value		500013cb
OBJ 50004491 (sz=16, trace=301135, class=java.lang.Object@500000a7)
OBJ 50004492 (sz=32, trace=300024, class=java.util.concurrent.ConcurrentHashMap$HashEntry@50000115)
	key		500014e1
	value		50004491
OBJ 50004493 (sz=16, trace=301136, class=java.lang.Object@500000a7)
OBJ 50004494 (sz=32, trace=300027, class=java.util.concurrent.ConcurrentHashMap$HashEntry@50000115)
	key		500014e1
	value		50004493
OBJ 50004563 (sz=16, trace=301135, class=java.lang.Object@500000a7)
OBJ 50004564 (sz=32, trace=300024, class=java.util.concurrent.ConcurrentHashMap$HashEntry@50000115)
	key		500014a9
	value		50004563
	next		50001016
OBJ 50004565 (sz=16, trace=301136, class=java.lang.Object@500000a7)
OBJ 50004566 (sz=32, trace=300027, class=java.util.concurrent.ConcurrentHashMap$HashEntry@50000115)
	key		500014a9
	value		50004565
	next		5000101b
OBJ 50004634 (sz=16, trace=301135, class=java.lang.Object@500000a7)
OBJ 50004635 (sz=32, trace=300024, class=java.util.concurrent.ConcurrentHashMap$HashEntry@50000115)
	key		5000156f
	value		50004634
OBJ 50004636 (sz=16, trace=301136, class=java.lang.Object@500000a7)
OBJ 50004637 (sz=32, trace=300027, class=java.util.concurrent.ConcurrentHashMap$HashEntry@50000115)
	key		5000156f
	value		50004636
OBJ 50004706 (sz=16, trace=301135, class=java.lang.Object@500000a7)
OBJ 50004708 (sz=16, trace=301136, class=java.lang.Object@500000a7)
OBJ 500047d8 (sz=16, trace=301135, class=java.lang.Object@500000a7)
OBJ 500047d9 (sz=32, trace=300024, class=java.util.concurrent.ConcurrentHashMap$HashEntry@50000115)
	key		5000141b
	value		500047d8
OBJ 500047da (sz=16, trace=301136, class=java.lang.Object@500000a7)
OBJ 500047db (sz=32, trace=300027, class=java.util.concurrent.ConcurrentHashMap$HashEntry@50000115)
	key		5000141b
	value		500047da
OBJ 500048a9 (sz=16, trace=301135, class=java.lang.Object@500000a7)
OBJ 500048aa (sz=32, trace=300024, class=java.util.concurrent.ConcurrentHashMap$HashEntry@50000115)
	key		500014ff
	value		500048a9
OBJ 500048ac (sz=32, trace=300486, class=java.util.concurrent.ConcurrentHashMap$HashEntry@50000115)
	key		500014fb
	value		5000116f
OBJ 500048ad (sz=16, trace=301136, class=java.lang.Object@500000a7)
OBJ 500048ae (sz=32, trace=300027, class=java.util.concurrent.ConcurrentHashMap$HashEntry@50000115)
	key		500014ff
	value		500048ad
OBJ 500048b0 (sz=32, trace=300486, class=java.util.concurrent.ConcurrentHashMap$HashEntry@50000115)
	key		500014fb
	value		50001172
OBJ 5000497e (sz=32, trace=301138, class=org.junit.runners.BlockJUnit4ClassRunner@50003975)
	fTestClass	50004f4a
	fSorter		50004b23
	fFilteredChildren	500075f4
	fScheduler	50004bf5
OBJ 5000497f (sz=16, trace=301139, class=java.lang.Object@500000a7)
OBJ 50004981 (sz=16, trace=301140, class=java.lang.Object@500000a7)
OBJ 50004a51 (sz=16, trace=301142, class=java.lang.Object@500000a7)
OBJ 50004a52 (sz=32, trace=300024, class=java.util.concurrent.ConcurrentHashMap$HashEntry@50000115)
	key		50001450
	value		50004a51
	next		500032b2
OBJ 50004a53 (sz=16, trace=301143, class=java.lang.Object@500000a7)
OBJ 50004a54 (sz=32, trace=300027, class=java.util.concurrent.ConcurrentHashMap$HashEntry@50000115)
	key		50001450
	value		50004a53
	next		500032b8
OBJ 50004b22 (sz=16, trace=301145, class=org.junit.runner.manipulation.Sorter$1@50004b21)
OBJ 50004b23 (sz=16, trace=301146, class=org.junit.runner.manipulation.Sorter@50004a50)
	fComparator	50004b22
OBJ 50004b24 (sz=16, trace=301147, class=java.lang.Object@500000a7)
OBJ 50004b25 (sz=32, trace=300024, class=java.util.concurrent.ConcurrentHashMap$HashEntry@50000115)
	key		500014d3
	value		50004b24
OBJ 50004b26 (sz=16, trace=301148, class=java.lang.Object@500000a7)
OBJ 50004b27 (sz=32, trace=300027, class=java.util.concurrent.ConcurrentHashMap$HashEntry@50000115)
	key		500014d3
	value		50004b26
OBJ 50004bf5 (sz=16, trace=301150, class=org.junit.runners.ParentRunner$1@50004bf4)
	this$0		5000497e
OBJ 50004bf6 (sz=16, trace=301151, class=java.lang.Object@500000a7)
OBJ 50004bf7 (sz=32, trace=300024, class=java.util.concurrent.ConcurrentHashMap$HashEntry@50000115)
	key		5000145a
	value		50004bf6
OBJ 50004bf8 (sz=16, trace=301152, class=java.lang.Object@500000a7)
OBJ 50004bf9 (sz=32, trace=300027, class=java.util.concurrent.ConcurrentHashMap$HashEntry@50000115)
	key		5000145a
	value		50004bf8
OBJ 50004cca (sz=16, trace=301151, class=java.lang.Object@500000a7)
OBJ 50004ccb (sz=32, trace=300024, class=java.util.concurrent.ConcurrentHashMap$HashEntry@50000115)
	key		5000147b
	value		50004cca
OBJ 50004ccc (sz=16, trace=301152, class=java.lang.Object@500000a7)
OBJ 50004ccd (sz=32, trace=300027, class=java.util.concurrent.ConcurrentHashMap$HashEntry@50000115)
	key		5000147b
	value		50004ccc
OBJ 50004cce (sz=16, trace=301151, class=java.lang.Object@500000a7)
OBJ 50004ccf (sz=32, trace=300024, class=java.util.concurrent.ConcurrentHashMap$HashEntry@50000115)
	key		500014bb
	value		50004cce
OBJ 50004cd0 (sz=16, trace=301152, class=java.lang.Object@500000a7)
OBJ 50004cd1 (sz=32, trace=300027, class=java.util.concurrent.ConcurrentHashMap$HashEntry@50000115)
	key		500014bb
	value		50004cd0
OBJ 50004da0 (sz=16, trace=301151, class=java.lang.Object@500000a7)
OBJ 50004da1 (sz=32, trace=300024, class=java.util.concurrent.ConcurrentHashMap$HashEntry@50000115)
	key		5000140f
	value		50004da0
OBJ 50004da2 (sz=16, trace=301152, class=java.lang.Object@500000a7)
OBJ 50004da3 (sz=32, trace=300027, class=java.util.concurrent.ConcurrentHashMap$HashEntry@50000115)
	key		5000140f
	value		50004da2
OBJ 50004e73 (sz=16, trace=301151, class=java.lang.Object@500000a7)
OBJ 50004e75 (sz=16, trace=301152, class=java.lang.Object@500000a7)
OBJ 50004f45 (sz=16, trace=301151, class=java.lang.Object@500000a7)
OBJ 50004f46 (sz=32, trace=300024, class=java.util.concurrent.ConcurrentHashMap$HashEntry@50000115)
	key		500014cd
	value		50004f45
OBJ 50004f47 (sz=16, trace=301152, class=java.lang.Object@500000a7)
OBJ 50004f48 (sz=32, trace=300027, class=java.util.concurrent.ConcurrentHashMap$HashEntry@50000115)
	key		500014cd
	value		50004f47
OBJ 50004f4a (sz=24, trace=301154, class=org.junit.runners.model.TestClass@50004cc9)
	fClass		50001f47
	fMethodsForAnnotations	50004f4b
	fFieldsForAnnotations	50004f4d
OBJ 50004f4b (sz=56, trace=301155, class=java.util.HashMap@5000010b)
	table		50004f4c
ARR 50004f4c (sz=80, trace=301156, nelems=13, elem type=java.util.HashMap$Entry[]@5000009f)
	[0]		500074e0
	[1]		50006ed6
	[2]		50006e25
	[9]		50007243
	[10]		500074ce
	[12]		50006fab
OBJ 50004f4d (sz=56, trace=301157, class=java.util.HashMap@5000010b)
	table		50004f4e
ARR 50004f4e (sz=80, trace=301158, nelems=10, elem type=java.util.HashMap$Entry[]@5000009f)
	[0]		500074dc
	[9]		5000723f
OBJ 50004f4f (sz=40, trace=301159, class=java.lang.ref.SoftReference@50000118)
OBJ 50004f54 (sz=16, trace=301164, class=java.lang.Object@500000a7)
OBJ 50004f55 (sz=32, trace=300024, class=java.util.concurrent.ConcurrentHashMap$HashEntry@50000115)
	key		50001569
	value		50004f54
OBJ 50004f57 (sz=16, trace=301165, class=java.lang.Object@500000a7)
OBJ 50004f58 (sz=32, trace=300027, class=java.util.concurrent.ConcurrentHashMap$HashEntry@50000115)
	key		50001569
	value		50004f57
OBJ 50005028 (sz=16, trace=301167, class=java.lang.Object@500000a7)
OBJ 50005029 (sz=32, trace=300024, class=java.util.concurrent.ConcurrentHashMap$HashEntry@50000115)
	key		50001553
	value		50005028
	next		500043b2
OBJ 5000502a (sz=16, trace=301168, class=java.lang.Object@500000a7)
OBJ 5000502b (sz=32, trace=300027, class=java.util.concurrent.ConcurrentHashMap$HashEntry@50000115)
	key		50001553
	value		5000502a
	next		500043b4
OBJ 500050fa (sz=16, trace=301170, class=org.junit.internal.MethodSorter$1@500050f9)
OBJ 500050fb (sz=16, trace=301171, class=java.lang.Object@500000a7)
OBJ 500050fc (sz=32, trace=300024, class=java.util.concurrent.ConcurrentHashMap$HashEntry@50000115)
	key		5000150f
	value		500050fb
OBJ 500050fd (sz=16, trace=301172, class=java.lang.Object@500000a7)
OBJ 500050fe (sz=32, trace=300027, class=java.util.concurrent.ConcurrentHashMap$HashEntry@50000115)
	key		5000150f
	value		500050fd
OBJ 500051cd (sz=16, trace=301174, class=org.junit.internal.MethodSorter$2@500051cc)
OBJ 500051ce (sz=16, trace=301175, class=java.lang.Object@500000a7)
OBJ 500051d0 (sz=16, trace=301176, class=java.lang.Object@500000a7)
OBJ 5000529f (sz=40, trace=301178, class=java.lang.ref.SoftReference@50000118)
OBJ 500052a2 (sz=80, trace=301180, class=java.lang.reflect.Method@50000040)
	clazz		50001f47
	name		50002285
	returnType	500011a8
	parameterTypes	50002284
	exceptionTypes	50002283
	annotations	50002282
	methodAccessor	5000858a
	root		50002281
	declaredAnnotations	50006a01
OBJ 500052a3 (sz=80, trace=301180, class=java.lang.reflect.Method@50000040)
	clazz		50001f47
	name		5000225a
	returnType	500011a8
	parameterTypes	50002255
	exceptionTypes	500011ad
	annotations	50002254
	methodAccessor	50000b26
	root		50002253
	declaredAnnotations	50006e28
OBJ 500052a4 (sz=80, trace=301180, class=java.lang.reflect.Method@50000040)
	clazz		50001f47
	name		5000227e
	returnType	500011a8
	parameterTypes	50002276
	exceptionTypes	500011ad
	annotations	50002275
	methodAccessor	5000858e
	root		50002274
	declaredAnnotations	500052ae
OBJ 500052a5 (sz=80, trace=301180, class=java.lang.reflect.Method@50000040)
	clazz		50001f47
	name		50002261
	returnType	500011a8
	parameterTypes	50002260
	exceptionTypes	5000225e
	annotations	5000225d
	methodAccessor	50008912
	root		5000225c
	declaredAnnotations	500069c5
OBJ 500052a9 (sz=16, trace=301184, class=java.lang.Object@500000a7)
OBJ 500052aa (sz=32, trace=300024, class=java.util.concurrent.ConcurrentHashMap$HashEntry@50000115)
	key		5000143f
	value		500052a9
OBJ 500052ab (sz=16, trace=301185, class=java.lang.Object@500000a7)
OBJ 500052ac (sz=32, trace=300027, class=java.util.concurrent.ConcurrentHashMap$HashEntry@50000115)
	key		5000143f
	value		500052ab
OBJ 500052ad (sz=16, trace=301186, class=org.junit.runners.model.FrameworkMethod@50004e72)
	fMethod		500052a4
OBJ 500052ae (sz=64, trace=301187, class=java.util.LinkedHashMap@500000f9)
	values		50006819
	table		500052af
	header		500052b0
ARR 500052af (sz=80, trace=301188, nelems=11, elem type=java.util.HashMap$Entry[]@5000009f)
	[10]		50006818
OBJ 500052b0 (sz=40, trace=300627, class=java.util.LinkedHashMap$Entry@5000010e)
	before		50006818
	after		50006818
OBJ 500052e3 (sz=16, trace=301224, class=java.lang.Object@500000a7)
OBJ 500052e4 (sz=32, trace=300024, class=java.util.concurrent.ConcurrentHashMap$HashEntry@50000115)
	key		5000158c
	value		500052e3
	next		50003033
ARR 500052e5 (sz=80, trace=300473, nelems=15, elem type=java.util.concurrent.ConcurrentHashMap$HashEntry[]@50000116)
	[0]		500052e4
	[1]		50000f11
	[3]		500068f3
	[5]		5000295f
	[6]		500052e7
	[9]		500052e6
	[11]		500073ee
	[14]		5000295d
OBJ 500052e6 (sz=32, trace=300486, class=java.util.concurrent.ConcurrentHashMap$HashEntry@50000115)
	key		50001582
	value		5000227d
OBJ 500052e7 (sz=32, trace=300486, class=java.util.concurrent.ConcurrentHashMap$HashEntry@50000115)
	key		50001584
	value		50003df2
OBJ 500052e8 (sz=16, trace=300546, class=java.lang.Object@500000a7)
OBJ 500052e9 (sz=32, trace=300027, class=java.util.concurrent.ConcurrentHashMap$HashEntry@50000115)
	key		5000158c
	value		500052e8
	next		50003035
ARR 500052ea (sz=80, trace=300475, nelems=15, elem type=java.util.concurrent.ConcurrentHashMap$HashEntry[]@50000116)
	[0]		500052e9
	[1]		50000f13
	[3]		500068f5
	[5]		50002963
	[6]		500052ec
	[9]		500052eb
	[11]		500073f0
	[14]		50002961
OBJ 500052eb (sz=32, trace=300486, class=java.util.concurrent.ConcurrentHashMap$HashEntry@50000115)
	key		50001582
	value		50002280
OBJ 500052ec (sz=32, trace=300486, class=java.util.concurrent.ConcurrentHashMap$HashEntry@50000115)
	key		50001584
	value		50003df4
OBJ 500053bc (sz=32, trace=301227, class=sun.reflect.annotation.AnnotationType@500053bb)
OBJ 500053bd (sz=56, trace=301228, class=java.util.HashMap@5000010b)
ARR 500053be (sz=80, trace=301229, nelems=0, elem type=java.util.HashMap$Entry[]@5000009f)
OBJ 500053bf (sz=56, trace=301230, class=java.util.HashMap@5000010b)
ARR 500053c0 (sz=80, trace=301231, nelems=0, elem type=java.util.HashMap$Entry[]@5000009f)
OBJ 500053c1 (sz=56, trace=301232, class=java.util.HashMap@5000010b)
ARR 500053c2 (sz=80, trace=301233, nelems=0, elem type=java.util.HashMap$Entry[]@5000009f)
OBJ 500053c4 (sz=24, trace=301235, class=java.lang.annotation.RetentionPolicy@500053c3)
	name		5000176a
OBJ 500053c5 (sz=24, trace=301236, class=java.lang.annotation.RetentionPolicy@500053c3)
	name		5000176b
OBJ 500053c6 (sz=24, trace=301237, class=java.lang.annotation.RetentionPolicy@500053c3)
	name		5000176c
ARR 500053c8 (sz=32, trace=301238, nelems=3, elem type=java.lang.annotation.RetentionPolicy[]@500053c7)
	[0]		500053c4
	[1]		500053c5
	[2]		500053c6
OBJ 500053cb (sz=40, trace=301241, class=java.lang.ref.SoftReference@50000118)
OBJ 500053cd (sz=80, trace=301180, class=java.lang.reflect.Method@50000040)
OBJ 500053ce (sz=80, trace=301180, class=java.lang.reflect.Method@50000040)
OBJ 500053cf (sz=32, trace=301243, class=java.util.HashMap$Entry@5000009e)
OBJ 500053d0 (sz=32, trace=301244, class=java.util.HashMap$Entry@5000009e)
ARR 500053d4 (sz=1040, trace=301247, nelems=256, elem type=java.lang.Long[]@500053d3)
	[0]		500053d5
	[1]		500053d6
	[2]		500053d7
	[3]		500053d8
	[4]		500053d9
	[5]		500053da
	[6]		500053db
	[7]		500053dc
	[8]		500053dd
	[9]		500053de
	[10]		500053df
	[11]		500053e0
	[12]		500053e1
	[13]		500053e2
	[14]		500053e3
	[15]		500053e4
	[16]		500053e5
	[17]		500053e6
	[18]		500053e7
	[19]		500053e8
	[20]		500053e9
	[21]		500053ea
	[22]		500053eb
	[23]		500053ec
	[24]		500053ed
	[25]		500053ee
	[26]		500053ef
	[27]		500053f0
	[28]		500053f1
	[29]		500053f2
	[30]		500053f3
	[31]		500053f4
	[32]		500053f5
	[33]		500053f6
	[34]		500053f7
	[35]		500053f8
	[36]		500053f9
	[37]		500053fa
	[38]		500053fb
	[39]		500053fc
	[40]		500053fd
	[41]		500053fe
	[42]		500053ff
	[43]		50005400
	[44]		50005401
	[45]		50005402
	[46]		50005403
	[47]		50005404
	[48]		50005405
	[49]		50005406
	[50]		50005407
	[51]		50005408
	[52]		50005409
	[53]		5000540a
	[54]		5000540b
	[55]		5000540c
	[56]		5000540d
	[57]		5000540e
	[58]		5000540f
	[59]		50005410
	[60]		50005411
	[61]		50005412
	[62]		50005413
	[63]		50005414
	[64]		50005415
	[65]		50005416
	[66]		50005417
	[67]		50005418
	[68]		50005419
	[69]		5000541a
	[70]		5000541b
	[71]		5000541c
	[72]		5000541d
	[73]		5000541e
	[74]		5000541f
	[75]		50005420
	[76]		50005421
	[77]		50005422
	[78]		50005423
	[79]		50005424
	[80]		50005425
	[81]		50005426
	[82]		50005427
	[83]		50005428
	[84]		50005429
	[85]		5000542a
	[86]		5000542b
	[87]		5000542c
	[88]		5000542d
	[89]		5000542e
	[90]		5000542f
	[91]		50005430
	[92]		50005431
	[93]		50005432
	[94]		50005433
	[95]		50005434
	[96]		50005435
	[97]		50005436
	[98]		50005437
	[99]		50005438
	[100]		50005439
	[101]		5000543a
	[102]		5000543b
	[103]		5000543c
	[104]		5000543d
	[105]		5000543e
	[106]		5000543f
	[107]		50005440
	[108]		50005441
	[109]		50005442
	[110]		50005443
	[111]		50005444
	[112]		50005445
	[113]		50005446
	[114]		50005447
	[115]		50005448
	[116]		50005449
	[117]		5000544a
	[118]		5000544b
	[119]		5000544c
	[120]		5000544d
	[121]		5000544e
	[122]		5000544f
	[123]		50005450
	[124]		50005451
	[125]		50005452
	[126]		50005453
	[127]		50005454
	[128]		50005455
	[129]		50005456
	[130]		50005457
	[131]		50005458
	[132]		50005459
	[133]		5000545a
	[134]		5000545b
	[135]		5000545c
	[136]		5000545d
	[137]		5000545e
	[138]		5000545f
	[139]		50005460
	[140]		50005461
	[141]		50005462
	[142]		50005463
	[143]		50005464
	[144]		50005465
	[145]		50005466
	[146]		50005467
	[147]		50005468
	[148]		50005469
	[149]		5000546a
	[150]		5000546b
	[151]		5000546c
	[152]		5000546d
	[153]		5000546e
	[154]		5000546f
	[155]		50005470
	[156]		50005471
	[157]		50005472
	[158]		50005473
	[159]		50005474
	[160]		50005475
	[161]		50005476
	[162]		50005477
	[163]		50005478
	[164]		50005479
	[165]		5000547a
	[166]		5000547b
	[167]		5000547c
	[168]		5000547d
	[169]		5000547e
	[170]		5000547f
	[171]		50005480
	[172]		50005481
	[173]		50005482
	[174]		50005483
	[175]		50005484
	[176]		50005485
	[177]		50005486
	[178]		50005487
	[179]		50005488
	[180]		50005489
	[181]		5000548a
	[182]		5000548b
	[183]		5000548c
	[184]		5000548d
	[185]		5000548e
	[186]		5000548f
	[187]		50005490
	[188]		50005491
	[189]		50005492
	[190]		50005493
	[191]		50005494
	[192]		50005495
	[193]		50005496
	[194]		50005497
	[195]		50005498
	[196]		50005499
	[197]		5000549a
	[198]		5000549b
	[199]		5000549c
	[200]		5000549d
	[201]		5000549e
	[202]		5000549f
	[203]		500054a0
	[204]		500054a1
	[205]		500054a2
	[206]		500054a3
	[207]		500054a4
	[208]		500054a5
	[209]		500054a6
	[210]		500054a7
	[211]		500054a8
	[212]		500054a9
	[213]		500054aa
	[214]		500054ab
	[215]		500054ac
	[216]		500054ad
	[217]		500054ae
	[218]		500054af
	[219]		500054b0
	[220]		500054b1
	[221]		500054b2
	[222]		500054b3
	[223]		500054b4
	[224]		500054b5
	[225]		500054b6
	[226]		500054b7
	[227]		500054b8
	[228]		500054b9
	[229]		500054ba
	[230]		500054bb
	[231]		500054bc
	[232]		500054bd
	[233]		500054be
	[234]		500054bf
	[235]		500054c0
	[236]		500054c1
	[237]		500054c2
	[238]		500054c3
	[239]		500054c4
	[240]		500054c5
	[241]		500054c6
	[242]		500054c7
	[243]		500054c8
	[244]		500054c9
	[245]		500054ca
	[246]		500054cb
	[247]		500054cc
	[248]		500054cd
	[249]		500054ce
	[250]		500054cf
	[251]		500054d0
	[252]		500054d1
	[253]		500054d2
	[254]		500054d3
	[255]		500054d4
OBJ 500053d5 (sz=24, trace=301248, class=java.lang.Long@500000e7)
OBJ 500053d6 (sz=24, trace=301248, class=java.lang.Long@500000e7)
OBJ 500053d7 (sz=24, trace=301248, class=java.lang.Long@500000e7)
OBJ 500053d8 (sz=24, trace=301248, class=java.lang.Long@500000e7)
OBJ 500053d9 (sz=24, trace=301248, class=java.lang.Long@500000e7)
OBJ 500053da (sz=24, trace=301248, class=java.lang.Long@500000e7)
OBJ 500053db (sz=24, trace=301248, class=java.lang.Long@500000e7)
OBJ 500053dc (sz=24, trace=301248, class=java.lang.Long@500000e7)
OBJ 500053dd (sz=24, trace=301248, class=java.lang.Long@500000e7)
OBJ 500053de (sz=24, trace=301248, class=java.lang.Long@500000e7)
OBJ 500053df (sz=24, trace=301248, class=java.lang.Long@500000e7)
OBJ 500053e0 (sz=24, trace=301248, class=java.lang.Long@500000e7)
OBJ 500053e1 (sz=24, trace=301248, class=java.lang.Long@500000e7)
OBJ 500053e2 (sz=24, trace=301248, class=java.lang.Long@500000e7)
OBJ 500053e3 (sz=24, trace=301248, class=java.lang.Long@500000e7)
OBJ 500053e4 (sz=24, trace=301248, class=java.lang.Long@500000e7)
OBJ 500053e5 (sz=24, trace=301248, class=java.lang.Long@500000e7)
OBJ 500053e6 (sz=24, trace=301248, class=java.lang.Long@500000e7)
OBJ 500053e7 (sz=24, trace=301248, class=java.lang.Long@500000e7)
OBJ 500053e8 (sz=24, trace=301248, class=java.lang.Long@500000e7)
OBJ 500053e9 (sz=24, trace=301248, class=java.lang.Long@500000e7)
OBJ 500053ea (sz=24, trace=301248, class=java.lang.Long@500000e7)
OBJ 500053eb (sz=24, trace=301248, class=java.lang.Long@500000e7)
OBJ 500053ec (sz=24, trace=301248, class=java.lang.Long@500000e7)
OBJ 500053ed (sz=24, trace=301248, class=java.lang.Long@500000e7)
OBJ 500053ee (sz=24, trace=301248, class=java.lang.Long@500000e7)
OBJ 500053ef (sz=24, trace=301248, class=java.lang.Long@500000e7)
OBJ 500053f0 (sz=24, trace=301248, class=java.lang.Long@500000e7)
OBJ 500053f1 (sz=24, trace=301248, class=java.lang.Long@500000e7)
OBJ 500053f2 (sz=24, trace=301248, class=java.lang.Long@500000e7)
OBJ 500053f3 (sz=24, trace=301248, class=java.lang.Long@500000e7)
OBJ 500053f4 (sz=24, trace=301248, class=java.lang.Long@500000e7)
OBJ 500053f5 (sz=24, trace=301248, class=java.lang.Long@500000e7)
OBJ 500053f6 (sz=24, trace=301248, class=java.lang.Long@500000e7)
OBJ 500053f7 (sz=24, trace=301248, class=java.lang.Long@500000e7)
OBJ 500053f8 (sz=24, trace=301248, class=java.lang.Long@500000e7)
OBJ 500053f9 (sz=24, trace=301248, class=java.lang.Long@500000e7)
OBJ 500053fa (sz=24, trace=301248, class=java.lang.Long@500000e7)
OBJ 500053fb (sz=24, trace=301248, class=java.lang.Long@500000e7)
OBJ 500053fc (sz=24, trace=301248, class=java.lang.Long@500000e7)
OBJ 500053fd (sz=24, trace=301248, class=java.lang.Long@500000e7)
OBJ 500053fe (sz=24, trace=301248, class=java.lang.Long@500000e7)
OBJ 500053ff (sz=24, trace=301248, class=java.lang.Long@500000e7)
OBJ 50005400 (sz=24, trace=301248, class=java.lang.Long@500000e7)
OBJ 50005401 (sz=24, trace=301248, class=java.lang.Long@500000e7)
OBJ 50005402 (sz=24, trace=301248, class=java.lang.Long@500000e7)
OBJ 50005403 (sz=24, trace=301248, class=java.lang.Long@500000e7)
OBJ 50005404 (sz=24, trace=301248, class=java.lang.Long@500000e7)
OBJ 50005405 (sz=24, trace=301248, class=java.lang.Long@500000e7)
OBJ 50005406 (sz=24, trace=301248, class=java.lang.Long@500000e7)
OBJ 50005407 (sz=24, trace=301248, class=java.lang.Long@500000e7)
OBJ 50005408 (sz=24, trace=301248, class=java.lang.Long@500000e7)
OBJ 50005409 (sz=24, trace=301248, class=java.lang.Long@500000e7)
OBJ 5000540a (sz=24, trace=301248, class=java.lang.Long@500000e7)
OBJ 5000540b (sz=24, trace=301248, class=java.lang.Long@500000e7)
OBJ 5000540c (sz=24, trace=301248, class=java.lang.Long@500000e7)
OBJ 5000540d (sz=24, trace=301248, class=java.lang.Long@500000e7)
OBJ 5000540e (sz=24, trace=301248, class=java.lang.Long@500000e7)
OBJ 5000540f (sz=24, trace=301248, class=java.lang.Long@500000e7)
OBJ 50005410 (sz=24, trace=301248, class=java.lang.Long@500000e7)
OBJ 50005411 (sz=24, trace=301248, class=java.lang.Long@500000e7)
OBJ 50005412 (sz=24, trace=301248, class=java.lang.Long@500000e7)
OBJ 50005413 (sz=24, trace=301248, class=java.lang.Long@500000e7)
OBJ 50005414 (sz=24, trace=301248, class=java.lang.Long@500000e7)
OBJ 50005415 (sz=24, trace=301248, class=java.lang.Long@500000e7)
OBJ 50005416 (sz=24, trace=301248, class=java.lang.Long@500000e7)
OBJ 50005417 (sz=24, trace=301248, class=java.lang.Long@500000e7)
OBJ 50005418 (sz=24, trace=301248, class=java.lang.Long@500000e7)
OBJ 50005419 (sz=24, trace=301248, class=java.lang.Long@500000e7)
OBJ 5000541a (sz=24, trace=301248, class=java.lang.Long@500000e7)
OBJ 5000541b (sz=24, trace=301248, class=java.lang.Long@500000e7)
OBJ 5000541c (sz=24, trace=301248, class=java.lang.Long@500000e7)
OBJ 5000541d (sz=24, trace=301248, class=java.lang.Long@500000e7)
OBJ 5000541e (sz=24, trace=301248, class=java.lang.Long@500000e7)
OBJ 5000541f (sz=24, trace=301248, class=java.lang.Long@500000e7)
OBJ 50005420 (sz=24, trace=301248, class=java.lang.Long@500000e7)
OBJ 50005421 (sz=24, trace=301248, class=java.lang.Long@500000e7)
OBJ 50005422 (sz=24, trace=301248, class=java.lang.Long@500000e7)
OBJ 50005423 (sz=24, trace=301248, class=java.lang.Long@500000e7)
OBJ 50005424 (sz=24, trace=301248, class=java.lang.Long@500000e7)
OBJ 50005425 (sz=24, trace=301248, class=java.lang.Long@500000e7)
OBJ 50005426 (sz=24, trace=301248, class=java.lang.Long@500000e7)
OBJ 50005427 (sz=24, trace=301248, class=java.lang.Long@500000e7)
OBJ 50005428 (sz=24, trace=301248, class=java.lang.Long@500000e7)
OBJ 50005429 (sz=24, trace=301248, class=java.lang.Long@500000e7)
OBJ 5000542a (sz=24, trace=301248, class=java.lang.Long@500000e7)
OBJ 5000542b (sz=24, trace=301248, class=java.lang.Long@500000e7)
OBJ 5000542c (sz=24, trace=301248, class=java.lang.Long@500000e7)
OBJ 5000542d (sz=24, trace=301248, class=java.lang.Long@500000e7)
OBJ 5000542e (sz=24, trace=301248, class=java.lang.Long@500000e7)
OBJ 5000542f (sz=24, trace=301248, class=java.lang.Long@500000e7)
OBJ 50005430 (sz=24, trace=301248, class=java.lang.Long@500000e7)
OBJ 50005431 (sz=24, trace=301248, class=java.lang.Long@500000e7)
OBJ 50005432 (sz=24, trace=301248, class=java.lang.Long@500000e7)
OBJ 50005433 (sz=24, trace=301248, class=java.lang.Long@500000e7)
OBJ 50005434 (sz=24, trace=301248, class=java.lang.Long@500000e7)
OBJ 50005435 (sz=24, trace=301248, class=java.lang.Long@500000e7)
OBJ 50005436 (sz=24, trace=301248, class=java.lang.Long@500000e7)
OBJ 50005437 (sz=24, trace=301248, class=java.lang.Long@500000e7)
OBJ 50005438 (sz=24, trace=301248, class=java.lang.Long@500000e7)
OBJ 50005439 (sz=24, trace=301248, class=java.lang.Long@500000e7)
OBJ 5000543a (sz=24, trace=301248, class=java.lang.Long@500000e7)
OBJ 5000543b (sz=24, trace=301248, class=java.lang.Long@500000e7)
OBJ 5000543c (sz=24, trace=301248, class=java.lang.Long@500000e7)
OBJ 5000543d (sz=24, trace=301248, class=java.lang.Long@500000e7)
OBJ 5000543e (sz=24, trace=301248, class=java.lang.Long@500000e7)
OBJ 5000543f (sz=24, trace=301248, class=java.lang.Long@500000e7)
OBJ 50005440 (sz=24, trace=301248, class=java.lang.Long@500000e7)
OBJ 50005441 (sz=24, trace=301248, class=java.lang.Long@500000e7)
OBJ 50005442 (sz=24, trace=301248, class=java.lang.Long@500000e7)
OBJ 50005443 (sz=24, trace=301248, class=java.lang.Long@500000e7)
OBJ 50005444 (sz=24, trace=301248, class=java.lang.Long@500000e7)
OBJ 50005445 (sz=24, trace=301248, class=java.lang.Long@500000e7)
OBJ 50005446 (sz=24, trace=301248, class=java.lang.Long@500000e7)
OBJ 50005447 (sz=24, trace=301248, class=java.lang.Long@500000e7)
OBJ 50005448 (sz=24, trace=301248, class=java.lang.Long@500000e7)
OBJ 50005449 (sz=24, trace=301248, class=java.lang.Long@500000e7)
OBJ 5000544a (sz=24, trace=301248, class=java.lang.Long@500000e7)
OBJ 5000544b (sz=24, trace=301248, class=java.lang.Long@500000e7)
OBJ 5000544c (sz=24, trace=301248, class=java.lang.Long@500000e7)
OBJ 5000544d (sz=24, trace=301248, class=java.lang.Long@500000e7)
OBJ 5000544e (sz=24, trace=301248, class=java.lang.Long@500000e7)
OBJ 5000544f (sz=24, trace=301248, class=java.lang.Long@500000e7)
OBJ 50005450 (sz=24, trace=301248, class=java.lang.Long@500000e7)
OBJ 50005451 (sz=24, trace=301248, class=java.lang.Long@500000e7)
OBJ 50005452 (sz=24, trace=301248, class=java.lang.Long@500000e7)
OBJ 50005453 (sz=24, trace=301248, class=java.lang.Long@500000e7)
OBJ 50005454 (sz=24, trace=301248, class=java.lang.Long@500000e7)
OBJ 50005455 (sz=24, trace=301248, class=java.lang.Long@500000e7)
OBJ 50005456 (sz=24, trace=301248, class=java.lang.Long@500000e7)
OBJ 50005457 (sz=24, trace=301248, class=java.lang.Long@500000e7)
OBJ 50005458 (sz=24, trace=301248, class=java.lang.Long@500000e7)
OBJ 50005459 (sz=24, trace=301248, class=java.lang.Long@500000e7)
OBJ 5000545a (sz=24, trace=301248, class=java.lang.Long@500000e7)
OBJ 5000545b (sz=24, trace=301248, class=java.lang.Long@500000e7)
OBJ 5000545c (sz=24, trace=301248, class=java.lang.Long@500000e7)
OBJ 5000545d (sz=24, trace=301248, class=java.lang.Long@500000e7)
OBJ 5000545e (sz=24, trace=301248, class=java.lang.Long@500000e7)
OBJ 5000545f (sz=24, trace=301248, class=java.lang.Long@500000e7)
OBJ 50005460 (sz=24, trace=301248, class=java.lang.Long@500000e7)
OBJ 50005461 (sz=24, trace=301248, class=java.lang.Long@500000e7)
OBJ 50005462 (sz=24, trace=301248, class=java.lang.Long@500000e7)
OBJ 50005463 (sz=24, trace=301248, class=java.lang.Long@500000e7)
OBJ 50005464 (sz=24, trace=301248, class=java.lang.Long@500000e7)
OBJ 50005465 (sz=24, trace=301248, class=java.lang.Long@500000e7)
OBJ 50005466 (sz=24, trace=301248, class=java.lang.Long@500000e7)
OBJ 50005467 (sz=24, trace=301248, class=java.lang.Long@500000e7)
OBJ 50005468 (sz=24, trace=301248, class=java.lang.Long@500000e7)
OBJ 50005469 (sz=24, trace=301248, class=java.lang.Long@500000e7)
OBJ 5000546a (sz=24, trace=301248, class=java.lang.Long@500000e7)
OBJ 5000546b (sz=24, trace=301248, class=java.lang.Long@500000e7)
OBJ 5000546c (sz=24, trace=301248, class=java.lang.Long@500000e7)
OBJ 5000546d (sz=24, trace=301248, class=java.lang.Long@500000e7)
OBJ 5000546e (sz=24, trace=301248, class=java.lang.Long@500000e7)
OBJ 5000546f (sz=24, trace=301248, class=java.lang.Long@500000e7)
OBJ 50005470 (sz=24, trace=301248, class=java.lang.Long@500000e7)
OBJ 50005471 (sz=24, trace=301248, class=java.lang.Long@500000e7)
OBJ 50005472 (sz=24, trace=301248, class=java.lang.Long@500000e7)
OBJ 50005473 (sz=24, trace=301248, class=java.lang.Long@500000e7)
OBJ 50005474 (sz=24, trace=301248, class=java.lang.Long@500000e7)
OBJ 50005475 (sz=24, trace=301248, class=java.lang.Long@500000e7)
OBJ 50005476 (sz=24, trace=301248, class=java.lang.Long@500000e7)
OBJ 50005477 (sz=24, trace=301248, class=java.lang.Long@500000e7)
OBJ 50005478 (sz=24, trace=301248, class=java.lang.Long@500000e7)
OBJ 50005479 (sz=24, trace=301248, class=java.lang.Long@500000e7)
OBJ 5000547a (sz=24, trace=301248, class=java.lang.Long@500000e7)
OBJ 5000547b (sz=24, trace=301248, class=java.lang.Long@500000e7)
OBJ 5000547c (sz=24, trace=301248, class=java.lang.Long@500000e7)
OBJ 5000547d (sz=24, trace=301248, class=java.lang.Long@500000e7)
OBJ 5000547e (sz=24, trace=301248, class=java.lang.Long@500000e7)
OBJ 5000547f (sz=24, trace=301248, class=java.lang.Long@500000e7)
OBJ 50005480 (sz=24, trace=301248, class=java.lang.Long@500000e7)
OBJ 50005481 (sz=24, trace=301248, class=java.lang.Long@500000e7)
OBJ 50005482 (sz=24, trace=301248, class=java.lang.Long@500000e7)
OBJ 50005483 (sz=24, trace=301248, class=java.lang.Long@500000e7)
OBJ 50005484 (sz=24, trace=301248, class=java.lang.Long@500000e7)
OBJ 50005485 (sz=24, trace=301248, class=java.lang.Long@500000e7)
OBJ 50005486 (sz=24, trace=301248, class=java.lang.Long@500000e7)
OBJ 50005487 (sz=24, trace=301248, class=java.lang.Long@500000e7)
OBJ 50005488 (sz=24, trace=301248, class=java.lang.Long@500000e7)
OBJ 50005489 (sz=24, trace=301248, class=java.lang.Long@500000e7)
OBJ 5000548a (sz=24, trace=301248, class=java.lang.Long@500000e7)
OBJ 5000548b (sz=24, trace=301248, class=java.lang.Long@500000e7)
OBJ 5000548c (sz=24, trace=301248, class=java.lang.Long@500000e7)
OBJ 5000548d (sz=24, trace=301248, class=java.lang.Long@500000e7)
OBJ 5000548e (sz=24, trace=301248, class=java.lang.Long@500000e7)
OBJ 5000548f (sz=24, trace=301248, class=java.lang.Long@500000e7)
OBJ 50005490 (sz=24, trace=301248, class=java.lang.Long@500000e7)
OBJ 50005491 (sz=24, trace=301248, class=java.lang.Long@500000e7)
OBJ 50005492 (sz=24, trace=301248, class=java.lang.Long@500000e7)
OBJ 50005493 (sz=24, trace=301248, class=java.lang.Long@500000e7)
OBJ 50005494 (sz=24, trace=301248, class=java.lang.Long@500000e7)
OBJ 50005495 (sz=24, trace=301248, class=java.lang.Long@500000e7)
OBJ 50005496 (sz=24, trace=301248, class=java.lang.Long@500000e7)
OBJ 50005497 (sz=24, trace=301248, class=java.lang.Long@500000e7)
OBJ 50005498 (sz=24, trace=301248, class=java.lang.Long@500000e7)
OBJ 50005499 (sz=24, trace=301248, class=java.lang.Long@500000e7)
OBJ 5000549a (sz=24, trace=301248, class=java.lang.Long@500000e7)
OBJ 5000549b (sz=24, trace=301248, class=java.lang.Long@500000e7)
OBJ 5000549c (sz=24, trace=301248, class=java.lang.Long@500000e7)
OBJ 5000549d (sz=24, trace=301248, class=java.lang.Long@500000e7)
OBJ 5000549e (sz=24, trace=301248, class=java.lang.Long@500000e7)
OBJ 5000549f (sz=24, trace=301248, class=java.lang.Long@500000e7)
OBJ 500054a0 (sz=24, trace=301248, class=java.lang.Long@500000e7)
OBJ 500054a1 (sz=24, trace=301248, class=java.lang.Long@500000e7)
OBJ 500054a2 (sz=24, trace=301248, class=java.lang.Long@500000e7)
OBJ 500054a3 (sz=24, trace=301248, class=java.lang.Long@500000e7)
OBJ 500054a4 (sz=24, trace=301248, class=java.lang.Long@500000e7)
OBJ 500054a5 (sz=24, trace=301248, class=java.lang.Long@500000e7)
OBJ 500054a6 (sz=24, trace=301248, class=java.lang.Long@500000e7)
OBJ 500054a7 (sz=24, trace=301248, class=java.lang.Long@500000e7)
OBJ 500054a8 (sz=24, trace=301248, class=java.lang.Long@500000e7)
OBJ 500054a9 (sz=24, trace=301248, class=java.lang.Long@500000e7)
OBJ 500054aa (sz=24, trace=301248, class=java.lang.Long@500000e7)
OBJ 500054ab (sz=24, trace=301248, class=java.lang.Long@500000e7)
OBJ 500054ac (sz=24, trace=301248, class=java.lang.Long@500000e7)
OBJ 500054ad (sz=24, trace=301248, class=java.lang.Long@500000e7)
OBJ 500054ae (sz=24, trace=301248, class=java.lang.Long@500000e7)
OBJ 500054af (sz=24, trace=301248, class=java.lang.Long@500000e7)
OBJ 500054b0 (sz=24, trace=301248, class=java.lang.Long@500000e7)
OBJ 500054b1 (sz=24, trace=301248, class=java.lang.Long@500000e7)
OBJ 500054b2 (sz=24, trace=301248, class=java.lang.Long@500000e7)
OBJ 500054b3 (sz=24, trace=301248, class=java.lang.Long@500000e7)
OBJ 500054b4 (sz=24, trace=301248, class=java.lang.Long@500000e7)
OBJ 500054b5 (sz=24, trace=301248, class=java.lang.Long@500000e7)
OBJ 500054b6 (sz=24, trace=301248, class=java.lang.Long@500000e7)
OBJ 500054b7 (sz=24, trace=301248, class=java.lang.Long@500000e7)
OBJ 500054b8 (sz=24, trace=301248, class=java.lang.Long@500000e7)
OBJ 500054b9 (sz=24, trace=301248, class=java.lang.Long@500000e7)
OBJ 500054ba (sz=24, trace=301248, class=java.lang.Long@500000e7)
OBJ 500054bb (sz=24, trace=301248, class=java.lang.Long@500000e7)
OBJ 500054bc (sz=24, trace=301248, class=java.lang.Long@500000e7)
OBJ 500054bd (sz=24, trace=301248, class=java.lang.Long@500000e7)
OBJ 500054be (sz=24, trace=301248, class=java.lang.Long@500000e7)
OBJ 500054bf (sz=24, trace=301248, class=java.lang.Long@500000e7)
OBJ 500054c0 (sz=24, trace=301248, class=java.lang.Long@500000e7)
OBJ 500054c1 (sz=24, trace=301248, class=java.lang.Long@500000e7)
OBJ 500054c2 (sz=24, trace=301248, class=java.lang.Long@500000e7)
OBJ 500054c3 (sz=24, trace=301248, class=java.lang.Long@500000e7)
OBJ 500054c4 (sz=24, trace=301248, class=java.lang.Long@500000e7)
OBJ 500054c5 (sz=24, trace=301248, class=java.lang.Long@500000e7)
OBJ 500054c6 (sz=24, trace=301248, class=java.lang.Long@500000e7)
OBJ 500054c7 (sz=24, trace=301248, class=java.lang.Long@500000e7)
OBJ 500054c8 (sz=24, trace=301248, class=java.lang.Long@500000e7)
OBJ 500054c9 (sz=24, trace=301248, class=java.lang.Long@500000e7)
OBJ 500054ca (sz=24, trace=301248, class=java.lang.Long@500000e7)
OBJ 500054cb (sz=24, trace=301248, class=java.lang.Long@500000e7)
OBJ 500054cc (sz=24, trace=301248, class=java.lang.Long@500000e7)
OBJ 500054cd (sz=24, trace=301248, class=java.lang.Long@500000e7)
OBJ 500054ce (sz=24, trace=301248, class=java.lang.Long@500000e7)
OBJ 500054cf (sz=24, trace=301248, class=java.lang.Long@500000e7)
OBJ 500054d0 (sz=24, trace=301248, class=java.lang.Long@500000e7)
OBJ 500054d1 (sz=24, trace=301248, class=java.lang.Long@500000e7)
OBJ 500054d2 (sz=24, trace=301248, class=java.lang.Long@500000e7)
OBJ 500054d3 (sz=24, trace=301248, class=java.lang.Long@500000e7)
OBJ 500054d4 (sz=24, trace=301248, class=java.lang.Long@500000e7)
OBJ 500054d6 (sz=32, trace=301250, class=java.util.HashMap$Entry@5000009e)
OBJ 500054d7 (sz=32, trace=301243, class=java.util.HashMap$Entry@5000009e)
OBJ 500054d8 (sz=32, trace=301244, class=java.util.HashMap$Entry@5000009e)
OBJ 500054f9 (sz=16, trace=301224, class=java.lang.Object@500000a7)
OBJ 500054fa (sz=32, trace=300024, class=java.util.concurrent.ConcurrentHashMap$HashEntry@50000115)
	key		50001485
	value		500054f9
OBJ 500054fb (sz=16, trace=300546, class=java.lang.Object@500000a7)
OBJ 500054fc (sz=32, trace=300027, class=java.util.concurrent.ConcurrentHashMap$HashEntry@50000115)
	key		50001485
	value		500054fb
OBJ 500055ca (sz=32, trace=301250, class=java.util.HashMap$Entry@5000009e)
OBJ 500055cd (sz=64, trace=301187, class=java.util.LinkedHashMap@500000f9)
ARR 500055ce (sz=80, trace=301261, nelems=0, elem type=java.util.HashMap$Entry[]@5000009f)
OBJ 500055cf (sz=40, trace=300627, class=java.util.LinkedHashMap$Entry@5000010e)
OBJ 500055f5 (sz=16, trace=301224, class=java.lang.Object@500000a7)
OBJ 500055f6 (sz=32, trace=300024, class=java.util.concurrent.ConcurrentHashMap$HashEntry@50000115)
	key		500014eb
	value		500055f5
OBJ 500055f7 (sz=16, trace=300546, class=java.lang.Object@500000a7)
OBJ 500055f8 (sz=32, trace=300027, class=java.util.concurrent.ConcurrentHashMap$HashEntry@50000115)
	key		500014eb
	value		500055f7
OBJ 500055f9 (sz=32, trace=301263, class=sun.reflect.annotation.AnnotationType@500053bb)
OBJ 500055fa (sz=56, trace=301228, class=java.util.HashMap@5000010b)
ARR 500055fb (sz=80, trace=301229, nelems=0, elem type=java.util.HashMap$Entry[]@5000009f)
OBJ 500055fc (sz=56, trace=301230, class=java.util.HashMap@5000010b)
ARR 500055fd (sz=80, trace=301231, nelems=0, elem type=java.util.HashMap$Entry[]@5000009f)
OBJ 500055fe (sz=56, trace=301232, class=java.util.HashMap@5000010b)
ARR 500055ff (sz=80, trace=301233, nelems=0, elem type=java.util.HashMap$Entry[]@5000009f)
OBJ 50005601 (sz=40, trace=301241, class=java.lang.ref.SoftReference@50000118)
OBJ 50005603 (sz=80, trace=301180, class=java.lang.reflect.Method@50000040)
OBJ 50005604 (sz=32, trace=301243, class=java.util.HashMap$Entry@5000009e)
OBJ 50005605 (sz=32, trace=301244, class=java.util.HashMap$Entry@5000009e)
OBJ 50005606 (sz=64, trace=301264, class=java.util.LinkedHashMap@500000f9)
ARR 50005607 (sz=80, trace=301265, nelems=0, elem type=java.util.HashMap$Entry[]@5000009f)
OBJ 50005608 (sz=40, trace=301266, class=java.util.LinkedHashMap$Entry@5000010e)
OBJ 50005609 (sz=16, trace=301104, class=java.util.HashMap$EntrySet@5000004d)
OBJ 5000562f (sz=16, trace=301224, class=java.lang.Object@500000a7)
OBJ 50005630 (sz=32, trace=300024, class=java.util.concurrent.ConcurrentHashMap$HashEntry@50000115)
	key		500014e3
	value		5000562f
ARR 50005631 (sz=80, trace=300473, nelems=16, elem type=java.util.concurrent.ConcurrentHashMap$HashEntry[]@50000116)
	[1]		5000731d
	[2]		50000da7
	[3]		50000197
	[4]		50007954
	[6]		500055f6
	[7]		500074d2
	[10]		50002523
	[11]		50005632
	[13]		50005630
	[15]		500076da
OBJ 50005632 (sz=32, trace=300486, class=java.util.concurrent.ConcurrentHashMap$HashEntry@50000115)
	key		500014e5
	value		50001175
OBJ 50005633 (sz=16, trace=300546, class=java.lang.Object@500000a7)
OBJ 50005634 (sz=32, trace=300027, class=java.util.concurrent.ConcurrentHashMap$HashEntry@50000115)
	key		500014e3
	value		50005633
ARR 50005635 (sz=80, trace=300475, nelems=16, elem type=java.util.concurrent.ConcurrentHashMap$HashEntry[]@50000116)
	[1]		5000731f
	[2]		50000da9
	[3]		5000019c
	[4]		50007956
	[6]		500055f8
	[7]		500074d4
	[10]		50002526
	[11]		50005636
	[13]		50005634
	[15]		500076dc
OBJ 50005636 (sz=32, trace=300486, class=java.util.concurrent.ConcurrentHashMap$HashEntry@50000115)
	key		500014e5
	value		50001177
OBJ 50005638 (sz=40, trace=300487, class=java.lang.ref.SoftReference@50000118)
OBJ 50005639 (sz=80, trace=300488, class=java.lang.reflect.Method@50000040)
OBJ 5000563e (sz=24, trace=301280, class=sun.reflect.NativeMethodAccessorImpl@5000563d)
OBJ 50005640 (sz=16, trace=301282, class=sun.reflect.DelegatingMethodAccessorImpl@5000563f)
OBJ 50005641 (sz=56, trace=301283, class=java.util.HashMap@5000010b)
ARR 50005642 (sz=48, trace=301284, nelems=0, elem type=java.util.HashMap$Entry[]@5000009f)
OBJ 50005643 (sz=32, trace=301285, class=java.util.HashMap$Entry@5000009e)
OBJ 50005644 (sz=32, trace=301285, class=java.util.HashMap$Entry@5000009e)
OBJ 50005645 (sz=32, trace=301285, class=java.util.HashMap$Entry@5000009e)
OBJ 50005647 (sz=40, trace=300411, class=java.util.LinkedHashMap$Entry@5000010e)
OBJ 5000564a (sz=24, trace=301289, class=sun.reflect.annotation.AnnotationInvocationHandler@50005649)
ARR 5000564b (sz=24, trace=301290, nelems=1, elem type=java.lang.String[]@50000097)
	[0]		50001796
OBJ 50005650 (sz=24, trace=301295, class=java.util.Arrays$ArrayList@5000397e)
	a		5000564b
OBJ 50005651 (sz=56, trace=301296, class=java.util.HashMap@5000010b)
	table		50005652
ARR 50005652 (sz=80, trace=301297, nelems=10, elem type=java.util.HashMap$Entry[]@5000009f)
	[4]		50005f42
	[5]		50005656
	[9]		50005b49
OBJ 50005653 (sz=40, trace=301298, class=java.util.WeakHashMap$Entry@50000038)
	referent	5000177e
	queue		5000177c
	value		50005651
OBJ 50005656 (sz=32, trace=301301, class=java.util.HashMap$Entry@5000009e)
	key		50005650
	value		50005a95
OBJ 5000565f (sz=80, trace=300488, class=java.lang.reflect.Method@50000040)
	clazz		500000a7
	name		50001784
	returnType	5000119f
	parameterTypes	5000178b
	exceptionTypes	500011ad
	root		5000178a
OBJ 50005661 (sz=80, trace=300488, class=java.lang.reflect.Method@50000040)
	clazz		500000a7
	name		50001783
	returnType	500011a4
	parameterTypes	50001788
	exceptionTypes	500011ad
	root		50001787
OBJ 50005663 (sz=80, trace=300488, class=java.lang.reflect.Method@50000040)
	clazz		500000a7
	name		50001786
	returnType	50000096
	parameterTypes	50001793
	exceptionTypes	500011ad
	root		50001792
OBJ 500056ae (sz=40, trace=301384, class=java.lang.ref.SoftReference@50000118)
OBJ 500056b3 (sz=40, trace=301389, class=java.lang.ref.SoftReference@50000118)
OBJ 500056b6 (sz=40, trace=301392, class=java.lang.ref.SoftReference@50000118)
OBJ 500056b7 (sz=40, trace=301393, class=java.lang.ref.SoftReference@50000118)
OBJ 5000574f (sz=56, trace=301476, class=java.util.HashMap@5000010b)
	table		50005750
ARR 50005750 (sz=80, trace=301477, nelems=16, elem type=java.util.HashMap$Entry[]@5000009f)
	[6]		500057d5
	[8]		500057af
	[10]		5000579c
	[13]		50005763
	[14]		500057e8
	[15]		50005776
OBJ 50005751 (sz=32, trace=301478, class=sun.misc.ProxyGenerator$PrimitiveTypeInfo@5000574e)
	baseTypeString	50005752
	wrapperClassName	50005755
	wrapperValueOfDesc	50005759
	unwrapMethodName	5000575d
	unwrapMethodDesc	50005761
OBJ 50005752 (sz=24, trace=301479, class=java.lang.String@50000096)
	value		50005753
ARR 50005753 (sz=2, trace=301480, nelems=1, elem type=char[])
ARR 50005754 (sz=28, trace=301481, nelems=14, elem type=char[])
OBJ 50005755 (sz=24, trace=301482, class=java.lang.String@50000096)
	value		50005754
OBJ 50005759 (sz=24, trace=301486, class=java.lang.String@50000096)
	value		5000575a
ARR 5000575a (sz=38, trace=301487, nelems=19, elem type=char[])
OBJ 5000575d (sz=24, trace=301490, class=java.lang.String@50000096)
	value		5000575e
ARR 5000575e (sz=18, trace=301491, nelems=9, elem type=char[])
OBJ 50005761 (sz=24, trace=301494, class=java.lang.String@50000096)
	value		50005762
ARR 50005762 (sz=6, trace=301495, nelems=3, elem type=char[])
OBJ 50005763 (sz=32, trace=301496, class=java.util.HashMap$Entry@5000009e)
	key		500011a3
	value		50005751
OBJ 50005764 (sz=32, trace=301497, class=sun.misc.ProxyGenerator$PrimitiveTypeInfo@5000574e)
	baseTypeString	50005765
	wrapperClassName	50005768
	wrapperValueOfDesc	5000576c
	unwrapMethodName	50005770
	unwrapMethodDesc	50005774
OBJ 50005765 (sz=24, trace=301498, class=java.lang.String@50000096)
	value		50005766
ARR 50005766 (sz=2, trace=301499, nelems=1, elem type=char[])
ARR 50005767 (sz=38, trace=301500, nelems=19, elem type=char[])
OBJ 50005768 (sz=24, trace=301482, class=java.lang.String@50000096)
	value		50005767
OBJ 5000576c (sz=24, trace=301503, class=java.lang.String@50000096)
	value		5000576d
ARR 5000576d (sz=48, trace=301504, nelems=24, elem type=char[])
OBJ 50005770 (sz=24, trace=301507, class=java.lang.String@50000096)
	value		50005771
ARR 50005771 (sz=18, trace=301508, nelems=9, elem type=char[])
OBJ 50005774 (sz=24, trace=301511, class=java.lang.String@50000096)
	value		50005775
ARR 50005775 (sz=6, trace=301512, nelems=3, elem type=char[])
OBJ 50005776 (sz=32, trace=301513, class=java.util.HashMap$Entry@5000009e)
	key		500011a5
	value		50005764
OBJ 50005777 (sz=32, trace=301514, class=sun.misc.ProxyGenerator$PrimitiveTypeInfo@5000574e)
	baseTypeString	50005778
	wrapperClassName	5000577b
	wrapperValueOfDesc	5000577f
	unwrapMethodName	50005783
	unwrapMethodDesc	50005787
OBJ 50005778 (sz=24, trace=301515, class=java.lang.String@50000096)
	value		50005779
ARR 50005779 (sz=2, trace=301516, nelems=1, elem type=char[])
ARR 5000577a (sz=32, trace=301517, nelems=16, elem type=char[])
OBJ 5000577b (sz=24, trace=301482, class=java.lang.String@50000096)
	value		5000577a
OBJ 5000577f (sz=24, trace=301520, class=java.lang.String@50000096)
	value		50005780
ARR 50005780 (sz=42, trace=301521, nelems=21, elem type=char[])
OBJ 50005783 (sz=24, trace=301524, class=java.lang.String@50000096)
	value		50005784
ARR 50005784 (sz=22, trace=301525, nelems=11, elem type=char[])
OBJ 50005787 (sz=24, trace=301528, class=java.lang.String@50000096)
	value		50005788
ARR 50005788 (sz=6, trace=301529, nelems=3, elem type=char[])
OBJ 50005789 (sz=32, trace=301530, class=java.util.HashMap$Entry@5000009e)
	key		500011a2
	value		50005777
OBJ 5000578a (sz=32, trace=301531, class=sun.misc.ProxyGenerator$PrimitiveTypeInfo@5000574e)
	baseTypeString	5000578b
	wrapperClassName	5000578e
	wrapperValueOfDesc	50005792
	unwrapMethodName	50005796
	unwrapMethodDesc	5000579a
OBJ 5000578b (sz=24, trace=301532, class=java.lang.String@50000096)
	value		5000578c
ARR 5000578c (sz=2, trace=301533, nelems=1, elem type=char[])
ARR 5000578d (sz=30, trace=301534, nelems=15, elem type=char[])
OBJ 5000578e (sz=24, trace=301482, class=java.lang.String@50000096)
	value		5000578d
OBJ 50005792 (sz=24, trace=301537, class=java.lang.String@50000096)
	value		50005793
ARR 50005793 (sz=40, trace=301538, nelems=20, elem type=char[])
OBJ 50005796 (sz=24, trace=301541, class=java.lang.String@50000096)
	value		50005797
ARR 50005797 (sz=20, trace=301542, nelems=10, elem type=char[])
OBJ 5000579a (sz=24, trace=301545, class=java.lang.String@50000096)
	value		5000579b
ARR 5000579b (sz=6, trace=301546, nelems=3, elem type=char[])
OBJ 5000579c (sz=32, trace=301547, class=java.util.HashMap$Entry@5000009e)
	key		500011a0
	value		5000578a
OBJ 5000579d (sz=32, trace=301548, class=sun.misc.ProxyGenerator$PrimitiveTypeInfo@5000574e)
	baseTypeString	5000579e
	wrapperClassName	500057a1
	wrapperValueOfDesc	500057a5
	unwrapMethodName	500057a9
	unwrapMethodDesc	500057ad
OBJ 5000579e (sz=24, trace=301549, class=java.lang.String@50000096)
	value		5000579f
ARR 5000579f (sz=2, trace=301550, nelems=1, elem type=char[])
ARR 500057a0 (sz=34, trace=301551, nelems=17, elem type=char[])
OBJ 500057a1 (sz=24, trace=301482, class=java.lang.String@50000096)
	value		500057a0
OBJ 500057a5 (sz=24, trace=301554, class=java.lang.String@50000096)
	value		500057a6
ARR 500057a6 (sz=44, trace=301555, nelems=22, elem type=char[])
OBJ 500057a9 (sz=24, trace=301558, class=java.lang.String@50000096)
	value		500057aa
ARR 500057aa (sz=16, trace=301559, nelems=8, elem type=char[])
OBJ 500057ad (sz=24, trace=301562, class=java.lang.String@50000096)
	value		500057ae
ARR 500057ae (sz=6, trace=301563, nelems=3, elem type=char[])
OBJ 500057af (sz=32, trace=301564, class=java.util.HashMap$Entry@5000009e)
	key		5000119f
	value		5000579d
OBJ 500057b0 (sz=32, trace=301565, class=sun.misc.ProxyGenerator$PrimitiveTypeInfo@5000574e)
	baseTypeString	500057b1
	wrapperClassName	500057b4
	wrapperValueOfDesc	500057b8
	unwrapMethodName	500057bc
	unwrapMethodDesc	500057c0
OBJ 500057b1 (sz=24, trace=301566, class=java.lang.String@50000096)
	value		500057b2
ARR 500057b2 (sz=2, trace=301567, nelems=1, elem type=char[])
ARR 500057b3 (sz=28, trace=301568, nelems=14, elem type=char[])
OBJ 500057b4 (sz=24, trace=301482, class=java.lang.String@50000096)
	value		500057b3
OBJ 500057b8 (sz=24, trace=301571, class=java.lang.String@50000096)
	value		500057b9
ARR 500057b9 (sz=38, trace=301572, nelems=19, elem type=char[])
OBJ 500057bc (sz=24, trace=301575, class=java.lang.String@50000096)
	value		500057bd
ARR 500057bd (sz=18, trace=301576, nelems=9, elem type=char[])
OBJ 500057c0 (sz=24, trace=301579, class=java.lang.String@50000096)
	value		500057c1
ARR 500057c1 (sz=6, trace=301580, nelems=3, elem type=char[])
OBJ 500057c2 (sz=32, trace=301581, class=java.util.HashMap$Entry@5000009e)
	key		500011a6
	value		500057b0
	next		50005789
OBJ 500057c3 (sz=32, trace=301582, class=sun.misc.ProxyGenerator$PrimitiveTypeInfo@5000574e)
	baseTypeString	500057c4
	wrapperClassName	500057c7
	wrapperValueOfDesc	500057cb
	unwrapMethodName	500057cf
	unwrapMethodDesc	500057d3
OBJ 500057c4 (sz=24, trace=301583, class=java.lang.String@50000096)
	value		500057c5
ARR 500057c5 (sz=2, trace=301584, nelems=1, elem type=char[])
ARR 500057c6 (sz=30, trace=301585, nelems=15, elem type=char[])
OBJ 500057c7 (sz=24, trace=301482, class=java.lang.String@50000096)
	value		500057c6
OBJ 500057cb (sz=24, trace=301588, class=java.lang.String@50000096)
	value		500057cc
ARR 500057cc (sz=40, trace=301589, nelems=20, elem type=char[])
OBJ 500057cf (sz=24, trace=301592, class=java.lang.String@50000096)
	value		500057d0
ARR 500057d0 (sz=20, trace=301593, nelems=10, elem type=char[])
OBJ 500057d3 (sz=24, trace=301596, class=java.lang.String@50000096)
	value		500057d4
ARR 500057d4 (sz=6, trace=301597, nelems=3, elem type=char[])
OBJ 500057d5 (sz=32, trace=301598, class=java.util.HashMap$Entry@5000009e)
	key		500011a7
	value		500057c3
OBJ 500057d6 (sz=32, trace=301599, class=sun.misc.ProxyGenerator$PrimitiveTypeInfo@5000574e)
	baseTypeString	500057d7
	wrapperClassName	500057da
	wrapperValueOfDesc	500057de
	unwrapMethodName	500057e2
	unwrapMethodDesc	500057e6
OBJ 500057d7 (sz=24, trace=301600, class=java.lang.String@50000096)
	value		500057d8
ARR 500057d8 (sz=2, trace=301601, nelems=1, elem type=char[])
ARR 500057d9 (sz=34, trace=301602, nelems=17, elem type=char[])
OBJ 500057da (sz=24, trace=301482, class=java.lang.String@50000096)
	value		500057d9
OBJ 500057de (sz=24, trace=301605, class=java.lang.String@50000096)
	value		500057df
ARR 500057df (sz=44, trace=301606, nelems=22, elem type=char[])
OBJ 500057e2 (sz=24, trace=301609, class=java.lang.String@50000096)
	value		500057e3
ARR 500057e3 (sz=24, trace=301610, nelems=12, elem type=char[])
OBJ 500057e6 (sz=24, trace=301613, class=java.lang.String@50000096)
	value		500057e7
ARR 500057e7 (sz=6, trace=301614, nelems=3, elem type=char[])
OBJ 500057e8 (sz=32, trace=301615, class=java.util.HashMap$Entry@5000009e)
	key		500011a4
	value		500057d6
	next		500057c2
OBJ 50005a94 (sz=40, trace=301811, class=java.util.WeakHashMap$Entry@50000038)
	referent	50005a93
	queue		500017b4
OBJ 50005a95 (sz=32, trace=301812, class=java.lang.ref.WeakReference@50000088)
	referent	50005a93
	queue		50001716
OBJ 50005a97 (sz=40, trace=301813, class=java.lang.ref.SoftReference@50000118)
OBJ 50005a98 (sz=72, trace=300087, class=java.lang.reflect.Constructor@5000006e)
OBJ 50005a9a (sz=24, trace=300089, class=sun.reflect.NativeConstructorAccessorImpl@50000123)
OBJ 50005a9b (sz=16, trace=300090, class=sun.reflect.DelegatingConstructorAccessorImpl@500000a5)
OBJ 50005a9d (sz=80, trace=300488, class=java.lang.reflect.Method@50000040)
	clazz		500000a7
	name		50001783
	returnType	500011a4
	parameterTypes	50001788
	exceptionTypes	500011ad
	root		50001787
OBJ 50005a9f (sz=80, trace=300488, class=java.lang.reflect.Method@50000040)
	clazz		500055cb
	name		50001271
	returnType	500053c3
	parameterTypes	50001799
	exceptionTypes	500011ad
	root		50001798
OBJ 50005aa1 (sz=80, trace=300488, class=java.lang.reflect.Method@50000040)
	clazz		500000a7
	name		50001784
	returnType	5000119f
	parameterTypes	5000178b
	exceptionTypes	500011ad
	root		5000178a
OBJ 50005aa3 (sz=80, trace=300488, class=java.lang.reflect.Method@50000040)
	clazz		50003a6c
	name		50001785
	returnType	50000080
	parameterTypes	5000178f
	exceptionTypes	500011ad
	signature	5000178e
	root		5000178d
OBJ 50005aa5 (sz=80, trace=300488, class=java.lang.reflect.Method@50000040)
	clazz		500000a7
	name		50001786
	returnType	50000096
	parameterTypes	50001793
	exceptionTypes	500011ad
	root		50001792
OBJ 50005aa6 (sz=16, trace=301820, class=com.sun.proxy.$Proxy0@50005a93)
OBJ 50005aa7 (sz=40, trace=300411, class=java.util.LinkedHashMap$Entry@5000010e)
OBJ 50005acc (sz=16, trace=301224, class=java.lang.Object@500000a7)
OBJ 50005ace (sz=16, trace=300546, class=java.lang.Object@500000a7)
OBJ 50005ad1 (sz=32, trace=301263, class=sun.reflect.annotation.AnnotationType@500053bb)
OBJ 50005ad2 (sz=56, trace=301228, class=java.util.HashMap@5000010b)
ARR 50005ad3 (sz=80, trace=301229, nelems=0, elem type=java.util.HashMap$Entry[]@5000009f)
OBJ 50005ad4 (sz=56, trace=301230, class=java.util.HashMap@5000010b)
ARR 50005ad5 (sz=80, trace=301231, nelems=0, elem type=java.util.HashMap$Entry[]@5000009f)
OBJ 50005ad6 (sz=56, trace=301232, class=java.util.HashMap@5000010b)
ARR 50005ad7 (sz=80, trace=301233, nelems=0, elem type=java.util.HashMap$Entry[]@5000009f)
OBJ 50005ada (sz=40, trace=301241, class=java.lang.ref.SoftReference@50000118)
OBJ 50005adc (sz=80, trace=301180, class=java.lang.reflect.Method@50000040)
OBJ 50005add (sz=32, trace=301243, class=java.util.HashMap$Entry@5000009e)
OBJ 50005ade (sz=32, trace=301244, class=java.util.HashMap$Entry@5000009e)
OBJ 50005adf (sz=64, trace=301187, class=java.util.LinkedHashMap@500000f9)
ARR 50005ae0 (sz=80, trace=301261, nelems=0, elem type=java.util.HashMap$Entry[]@5000009f)
OBJ 50005ae1 (sz=40, trace=300627, class=java.util.LinkedHashMap$Entry@5000010e)
OBJ 50005b08 (sz=32, trace=301263, class=sun.reflect.annotation.AnnotationType@500053bb)
OBJ 50005b09 (sz=56, trace=301228, class=java.util.HashMap@5000010b)
ARR 50005b0a (sz=80, trace=301229, nelems=0, elem type=java.util.HashMap$Entry[]@5000009f)
OBJ 50005b0b (sz=56, trace=301230, class=java.util.HashMap@5000010b)
ARR 50005b0c (sz=80, trace=301231, nelems=0, elem type=java.util.HashMap$Entry[]@5000009f)
OBJ 50005b0d (sz=56, trace=301232, class=java.util.HashMap@5000010b)
ARR 50005b0e (sz=80, trace=301233, nelems=0, elem type=java.util.HashMap$Entry[]@5000009f)
OBJ 50005b10 (sz=40, trace=301241, class=java.lang.ref.SoftReference@50000118)
OBJ 50005b12 (sz=64, trace=301187, class=java.util.LinkedHashMap@500000f9)
ARR 50005b13 (sz=80, trace=301261, nelems=0, elem type=java.util.HashMap$Entry[]@5000009f)
OBJ 50005b14 (sz=40, trace=300627, class=java.util.LinkedHashMap$Entry@5000010e)
OBJ 50005b3a (sz=64, trace=301264, class=java.util.LinkedHashMap@500000f9)
ARR 50005b3b (sz=80, trace=301265, nelems=0, elem type=java.util.HashMap$Entry[]@5000009f)
OBJ 50005b3c (sz=40, trace=301266, class=java.util.LinkedHashMap$Entry@5000010e)
OBJ 50005b3d (sz=16, trace=301104, class=java.util.HashMap$EntrySet@5000004d)
OBJ 50005b40 (sz=24, trace=301289, class=sun.reflect.annotation.AnnotationInvocationHandler@50005649)
ARR 50005b41 (sz=24, trace=301290, nelems=1, elem type=java.lang.String[]@50000097)
	[0]		50001780
OBJ 50005b46 (sz=24, trace=301295, class=java.util.Arrays$ArrayList@5000397e)
	a		50005b41
OBJ 50005b49 (sz=32, trace=301301, class=java.util.HashMap$Entry@5000009e)
	key		50005b46
	value		50005e60
OBJ 50005b96 (sz=40, trace=301384, class=java.lang.ref.SoftReference@50000118)
OBJ 50005b99 (sz=40, trace=301393, class=java.lang.ref.SoftReference@50000118)
OBJ 50005e5f (sz=40, trace=301811, class=java.util.WeakHashMap$Entry@50000038)
	referent	50005e5e
	queue		500017b4
OBJ 50005e60 (sz=32, trace=301812, class=java.lang.ref.WeakReference@50000088)
	referent	50005e5e
	queue		50001716
OBJ 50005e62 (sz=40, trace=301813, class=java.lang.ref.SoftReference@50000118)
OBJ 50005e63 (sz=72, trace=300087, class=java.lang.reflect.Constructor@5000006e)
OBJ 50005e65 (sz=24, trace=300089, class=sun.reflect.NativeConstructorAccessorImpl@50000123)
OBJ 50005e66 (sz=16, trace=300090, class=sun.reflect.DelegatingConstructorAccessorImpl@500000a5)
OBJ 50005e68 (sz=80, trace=300488, class=java.lang.reflect.Method@50000040)
	clazz		500000a7
	name		50001783
	returnType	500011a4
	parameterTypes	50001788
	exceptionTypes	500011ad
	root		50001787
OBJ 50005e6a (sz=80, trace=300488, class=java.lang.reflect.Method@50000040)
	clazz		500000a7
	name		50001784
	returnType	5000119f
	parameterTypes	5000178b
	exceptionTypes	500011ad
	root		5000178a
OBJ 50005e6c (sz=80, trace=300488, class=java.lang.reflect.Method@50000040)
	clazz		50003a6c
	name		50001785
	returnType	50000080
	parameterTypes	5000178f
	exceptionTypes	500011ad
	signature	5000178e
	root		5000178d
OBJ 50005e6e (sz=80, trace=300488, class=java.lang.reflect.Method@50000040)
	clazz		500000a7
	name		50001786
	returnType	50000096
	parameterTypes	50001793
	exceptionTypes	500011ad
	root		50001792
OBJ 50005e6f (sz=16, trace=301828, class=com.sun.proxy.$Proxy1@50005e5e)
OBJ 50005e70 (sz=40, trace=300411, class=java.util.LinkedHashMap$Entry@5000010e)
OBJ 50005e95 (sz=64, trace=301264, class=java.util.LinkedHashMap@500000f9)
ARR 50005e96 (sz=80, trace=301265, nelems=0, elem type=java.util.HashMap$Entry[]@5000009f)
OBJ 50005e97 (sz=40, trace=301266, class=java.util.LinkedHashMap$Entry@5000010e)
OBJ 50005ebd (sz=40, trace=300411, class=java.util.LinkedHashMap$Entry@5000010e)
OBJ 50005ebf (sz=24, trace=301289, class=sun.reflect.annotation.AnnotationInvocationHandler@50005649)
OBJ 50005ecd (sz=16, trace=301820, class=com.sun.proxy.$Proxy0@50005a93)
OBJ 50005ece (sz=40, trace=300411, class=java.util.LinkedHashMap$Entry@5000010e)
OBJ 50005ef3 (sz=64, trace=301264, class=java.util.LinkedHashMap@500000f9)
ARR 50005ef4 (sz=80, trace=301265, nelems=0, elem type=java.util.HashMap$Entry[]@5000009f)
OBJ 50005ef5 (sz=40, trace=301266, class=java.util.LinkedHashMap$Entry@5000010e)
OBJ 50005ef6 (sz=16, trace=301104, class=java.util.HashMap$EntrySet@5000004d)
OBJ 50005f1d (sz=40, trace=300487, class=java.lang.ref.SoftReference@50000118)
OBJ 50005f1e (sz=80, trace=300488, class=java.lang.reflect.Method@50000040)
OBJ 50005f21 (sz=24, trace=301280, class=sun.reflect.NativeMethodAccessorImpl@5000563d)
OBJ 50005f22 (sz=16, trace=301282, class=sun.reflect.DelegatingMethodAccessorImpl@5000563f)
OBJ 50005f23 (sz=24, trace=301840, class=java.lang.annotation.ElementType@50005ad9)
	name		50002206
OBJ 50005f24 (sz=24, trace=301841, class=java.lang.annotation.ElementType@50005ad9)
	name		50002207
OBJ 50005f25 (sz=24, trace=301842, class=java.lang.annotation.ElementType@50005ad9)
	name		50002208
OBJ 50005f26 (sz=24, trace=301843, class=java.lang.annotation.ElementType@50005ad9)
	name		50002209
OBJ 50005f27 (sz=24, trace=301844, class=java.lang.annotation.ElementType@50005ad9)
	name		5000220b
OBJ 50005f28 (sz=24, trace=301845, class=java.lang.annotation.ElementType@50005ad9)
	name		5000220c
OBJ 50005f29 (sz=24, trace=301846, class=java.lang.annotation.ElementType@50005ad9)
	name		5000220d
OBJ 50005f2a (sz=24, trace=301847, class=java.lang.annotation.ElementType@50005ad9)
	name		5000220e
ARR 50005f2c (sz=48, trace=301848, nelems=8, elem type=java.lang.annotation.ElementType[]@50005f2b)
	[0]		50005f23
	[1]		50005f24
	[2]		50005f25
	[3]		50005f26
	[4]		50005f27
	[5]		50005f28
	[6]		50005f29
	[7]		50005f2a
OBJ 50005f2d (sz=56, trace=301283, class=java.util.HashMap@5000010b)
ARR 50005f2e (sz=80, trace=301849, nelems=0, elem type=java.util.HashMap$Entry[]@5000009f)
OBJ 50005f2f (sz=32, trace=301285, class=java.util.HashMap$Entry@5000009e)
OBJ 50005f30 (sz=32, trace=301285, class=java.util.HashMap$Entry@5000009e)
OBJ 50005f31 (sz=32, trace=301285, class=java.util.HashMap$Entry@5000009e)
OBJ 50005f32 (sz=32, trace=301285, class=java.util.HashMap$Entry@5000009e)
OBJ 50005f33 (sz=32, trace=301285, class=java.util.HashMap$Entry@5000009e)
OBJ 50005f34 (sz=32, trace=301285, class=java.util.HashMap$Entry@5000009e)
OBJ 50005f35 (sz=32, trace=301285, class=java.util.HashMap$Entry@5000009e)
OBJ 50005f36 (sz=32, trace=301285, class=java.util.HashMap$Entry@5000009e)
OBJ 50005f37 (sz=40, trace=300411, class=java.util.LinkedHashMap$Entry@5000010e)
OBJ 50005f39 (sz=24, trace=301289, class=sun.reflect.annotation.AnnotationInvocationHandler@50005649)
ARR 50005f3a (sz=24, trace=301290, nelems=1, elem type=java.lang.String[]@50000097)
	[0]		5000179a
OBJ 50005f3f (sz=24, trace=301295, class=java.util.Arrays$ArrayList@5000397e)
	a		50005f3a
OBJ 50005f42 (sz=32, trace=301301, class=java.util.HashMap$Entry@5000009e)
	key		50005f3f
	value		500062c5
OBJ 50005f8f (sz=40, trace=301384, class=java.lang.ref.SoftReference@50000118)
OBJ 50005f92 (sz=40, trace=301393, class=java.lang.ref.SoftReference@50000118)
OBJ 500062c4 (sz=40, trace=301811, class=java.util.WeakHashMap$Entry@50000038)
	referent	500062c3
	queue		500017b4
OBJ 500062c5 (sz=32, trace=301812, class=java.lang.ref.WeakReference@50000088)
	referent	500062c3
	queue		50001716
OBJ 500062c7 (sz=40, trace=301813, class=java.lang.ref.SoftReference@50000118)
OBJ 500062c8 (sz=72, trace=300087, class=java.lang.reflect.Constructor@5000006e)
OBJ 500062ca (sz=24, trace=300089, class=sun.reflect.NativeConstructorAccessorImpl@50000123)
OBJ 500062cb (sz=16, trace=300090, class=sun.reflect.DelegatingConstructorAccessorImpl@500000a5)
OBJ 500062cd (sz=80, trace=300488, class=java.lang.reflect.Method@50000040)
	clazz		500000a7
	name		50001783
	returnType	500011a4
	parameterTypes	50001788
	exceptionTypes	500011ad
	root		50001787
OBJ 500062cf (sz=80, trace=300488, class=java.lang.reflect.Method@50000040)
	clazz		50005ad0
	name		50001271
	returnType	50005f2b
	parameterTypes	5000179d
	exceptionTypes	500011ad
	root		5000179c
OBJ 500062d1 (sz=80, trace=300488, class=java.lang.reflect.Method@50000040)
	clazz		500000a7
	name		50001784
	returnType	5000119f
	parameterTypes	5000178b
	exceptionTypes	500011ad
	root		5000178a
OBJ 500062d3 (sz=80, trace=300488, class=java.lang.reflect.Method@50000040)
	clazz		50003a6c
	name		50001785
	returnType	50000080
	parameterTypes	5000178f
	exceptionTypes	500011ad
	signature	5000178e
	root		5000178d
OBJ 500062d5 (sz=80, trace=300488, class=java.lang.reflect.Method@50000040)
	clazz		500000a7
	name		50001786
	returnType	50000096
	parameterTypes	50001793
	exceptionTypes	500011ad
	root		50001792
OBJ 500062d6 (sz=16, trace=301857, class=com.sun.proxy.$Proxy2@500062c3)
OBJ 500062d7 (sz=40, trace=300411, class=java.util.LinkedHashMap$Entry@5000010e)
OBJ 500062d8 (sz=64, trace=301264, class=java.util.LinkedHashMap@500000f9)
ARR 500062d9 (sz=80, trace=301265, nelems=0, elem type=java.util.HashMap$Entry[]@5000009f)
OBJ 500062da (sz=40, trace=301266, class=java.util.LinkedHashMap$Entry@5000010e)
OBJ 500062dd (sz=24, trace=301289, class=sun.reflect.annotation.AnnotationInvocationHandler@50005649)
OBJ 500062e9 (sz=16, trace=301828, class=com.sun.proxy.$Proxy1@50005e5e)
OBJ 500062ea (sz=40, trace=300411, class=java.util.LinkedHashMap$Entry@5000010e)
OBJ 5000630f (sz=64, trace=301264, class=java.util.LinkedHashMap@500000f9)
ARR 50006310 (sz=80, trace=301265, nelems=0, elem type=java.util.HashMap$Entry[]@5000009f)
OBJ 50006311 (sz=40, trace=301266, class=java.util.LinkedHashMap$Entry@5000010e)
OBJ 50006337 (sz=40, trace=300411, class=java.util.LinkedHashMap$Entry@5000010e)
OBJ 50006339 (sz=24, trace=301289, class=sun.reflect.annotation.AnnotationInvocationHandler@50005649)
OBJ 50006345 (sz=16, trace=301820, class=com.sun.proxy.$Proxy0@50005a93)
OBJ 50006346 (sz=40, trace=300411, class=java.util.LinkedHashMap$Entry@5000010e)
OBJ 5000636b (sz=64, trace=301264, class=java.util.LinkedHashMap@500000f9)
ARR 5000636c (sz=80, trace=301265, nelems=0, elem type=java.util.HashMap$Entry[]@5000009f)
OBJ 5000636d (sz=40, trace=301266, class=java.util.LinkedHashMap$Entry@5000010e)
OBJ 50006393 (sz=40, trace=300411, class=java.util.LinkedHashMap$Entry@5000010e)
OBJ 50006395 (sz=24, trace=301289, class=sun.reflect.annotation.AnnotationInvocationHandler@50005649)
OBJ 500063a1 (sz=16, trace=301857, class=com.sun.proxy.$Proxy2@500062c3)
OBJ 500063a2 (sz=40, trace=300411, class=java.util.LinkedHashMap$Entry@5000010e)
OBJ 500063a3 (sz=64, trace=301264, class=java.util.LinkedHashMap@500000f9)
ARR 500063a4 (sz=80, trace=301265, nelems=0, elem type=java.util.HashMap$Entry[]@5000009f)
OBJ 500063a5 (sz=40, trace=301266, class=java.util.LinkedHashMap$Entry@5000010e)
OBJ 500063cb (sz=16, trace=301224, class=java.lang.Object@500000a7)
OBJ 500063cc (sz=32, trace=300024, class=java.util.concurrent.ConcurrentHashMap$HashEntry@50000115)
	key		50001535
	value		500063cb
OBJ 500063cd (sz=16, trace=300546, class=java.lang.Object@500000a7)
OBJ 500063ce (sz=32, trace=300027, class=java.util.concurrent.ConcurrentHashMap$HashEntry@50000115)
	key		50001535
	value		500063cd
OBJ 500063cf (sz=40, trace=300411, class=java.util.LinkedHashMap$Entry@5000010e)
OBJ 500063d1 (sz=24, trace=301289, class=sun.reflect.annotation.AnnotationInvocationHandler@50005649)
OBJ 500063dd (sz=16, trace=301857, class=com.sun.proxy.$Proxy2@500062c3)
OBJ 500063de (sz=40, trace=300411, class=java.util.LinkedHashMap$Entry@5000010e)
OBJ 500063df (sz=64, trace=301264, class=java.util.LinkedHashMap@500000f9)
	table		500063e0
	header		500063e1
ARR 500063e0 (sz=80, trace=301265, nelems=15, elem type=java.util.HashMap$Entry[]@5000009f)
	[2]		500063e4
	[14]		500063e5
OBJ 500063e1 (sz=40, trace=301266, class=java.util.LinkedHashMap$Entry@5000010e)
	before		500063e5
	after		500063e4
OBJ 500063e2 (sz=16, trace=301104, class=java.util.HashMap$EntrySet@5000004d)
OBJ 500063e4 (sz=40, trace=301858, class=java.util.LinkedHashMap$Entry@5000010e)
	key		500017a7
	value		500055c9
	before		500063e1
	after		500063e5
OBJ 500063e5 (sz=40, trace=301858, class=java.util.LinkedHashMap$Entry@5000010e)
	key		500017a8
	value		50005455
	before		500063e4
	after		500063e1
OBJ 500063e7 (sz=24, trace=301860, class=sun.reflect.annotation.AnnotationInvocationHandler@50005649)
	type		500053b9
	memberValues	500063df
ARR 500063e8 (sz=24, trace=301290, nelems=1, elem type=java.lang.String[]@50000097)
	[0]		500017a5
OBJ 500063ed (sz=24, trace=301295, class=java.util.Arrays$ArrayList@5000397e)
	a		500063e8
OBJ 500063ee (sz=56, trace=301296, class=java.util.HashMap@5000010b)
	table		500063ef
ARR 500063ef (sz=80, trace=301297, nelems=9, elem type=java.util.HashMap$Entry[]@5000009f)
	[4]		500063f3
	[8]		50006af9
OBJ 500063f0 (sz=40, trace=301298, class=java.util.WeakHashMap$Entry@50000038)
	referent	5000119e
	queue		5000177c
	value		500063ee
OBJ 500063f3 (sz=32, trace=301301, class=java.util.HashMap$Entry@5000009e)
	key		500063ed
	value		500067ef
OBJ 50006440 (sz=40, trace=301384, class=java.lang.ref.SoftReference@50000118)
OBJ 50006443 (sz=40, trace=301393, class=java.lang.ref.SoftReference@50000118)
OBJ 500067e1 (sz=16, trace=301864, class=java.lang.Object@500000a7)
OBJ 500067e2 (sz=32, trace=300024, class=java.util.concurrent.ConcurrentHashMap$HashEntry@50000115)
	key		5000141f
	value		500067e1
ARR 500067e3 (sz=144, trace=300473, nelems=31, elem type=java.util.concurrent.ConcurrentHashMap$HashEntry[]@50000116)
	[0]		50002355
	[8]		500067e5
	[11]		50001045
	[15]		5000100c
	[20]		50008590
	[22]		50003104
	[23]		50002356
	[24]		500067e4
	[25]		50002353
	[26]		500067e2
	[27]		500067e6
	[29]		500047d9
	[30]		50006ed9
OBJ 500067e4 (sz=32, trace=300486, class=java.util.concurrent.ConcurrentHashMap$HashEntry@50000115)
	key		50001426
	value		50004e73
	next		50000f00
OBJ 500067e5 (sz=32, trace=300486, class=java.util.concurrent.ConcurrentHashMap$HashEntry@50000115)
	key		50001434
	value		5000242d
OBJ 500067e6 (sz=32, trace=300486, class=java.util.concurrent.ConcurrentHashMap$HashEntry@50000115)
	key		5000141d
	value		500051ce
OBJ 500067e7 (sz=16, trace=301865, class=java.lang.Object@500000a7)
OBJ 500067e8 (sz=32, trace=300027, class=java.util.concurrent.ConcurrentHashMap$HashEntry@50000115)
	key		5000141f
	value		500067e7
ARR 500067e9 (sz=144, trace=300475, nelems=31, elem type=java.util.concurrent.ConcurrentHashMap$HashEntry[]@50000116)
	[0]		5000235a
	[8]		500067eb
	[11]		50001048
	[15]		5000100f
	[20]		50008592
	[22]		50003106
	[23]		5000235b
	[24]		500067ea
	[25]		50002358
	[26]		500067e8
	[27]		500067ec
	[29]		500047db
	[30]		50006edb
OBJ 500067ea (sz=32, trace=300486, class=java.util.concurrent.ConcurrentHashMap$HashEntry@50000115)
	key		50001426
	value		50004e75
	next		50000f05
OBJ 500067eb (sz=32, trace=300486, class=java.util.concurrent.ConcurrentHashMap$HashEntry@50000115)
	key		50001434
	value		5000242f
OBJ 500067ec (sz=32, trace=300486, class=java.util.concurrent.ConcurrentHashMap$HashEntry@50000115)
	key		5000141d
	value		500051d0
OBJ 500067ee (sz=40, trace=301811, class=java.util.WeakHashMap$Entry@50000038)
	referent	500067ed
	queue		500017b4
OBJ 500067ef (sz=32, trace=301812, class=java.lang.ref.WeakReference@50000088)
	referent	500067ed
	queue		50001716
OBJ 500067f1 (sz=16, trace=301866, class=java.lang.Object@500000a7)
OBJ 500067f3 (sz=16, trace=301867, class=java.lang.Object@500000a7)
OBJ 500067f5 (sz=16, trace=301866, class=java.lang.Object@500000a7)
OBJ 500067f6 (sz=32, trace=300024, class=java.util.concurrent.ConcurrentHashMap$HashEntry@50000115)
	key		500014bf
	value		500067f5
ARR 500067f7 (sz=80, trace=300473, nelems=16, elem type=java.util.concurrent.ConcurrentHashMap$HashEntry[]@50000116)
	[1]		50004f46
	[2]		500042ca
	[3]		5000113b
	[4]		50001154
	[12]		500067f8
	[13]		500075c1
	[15]		500067f6
OBJ 500067f8 (sz=32, trace=300486, class=java.util.concurrent.ConcurrentHashMap$HashEntry@50000115)
	key		500014c5
	value		500067f1
OBJ 500067f9 (sz=16, trace=301867, class=java.lang.Object@500000a7)
OBJ 500067fa (sz=32, trace=300027, class=java.util.concurrent.ConcurrentHashMap$HashEntry@50000115)
	key		500014bf
	value		500067f9
ARR 500067fb (sz=80, trace=300475, nelems=16, elem type=java.util.concurrent.ConcurrentHashMap$HashEntry[]@50000116)
	[1]		50004f48
	[2]		500042cd
	[3]		50001140
	[4]		50001157
	[12]		500067fc
	[13]		500075c3
	[15]		500067fa
OBJ 500067fc (sz=32, trace=300486, class=java.util.concurrent.ConcurrentHashMap$HashEntry@50000115)
	key		500014c5
	value		500067f3
OBJ 500067fe (sz=16, trace=301866, class=java.lang.Object@500000a7)
OBJ 500067ff (sz=32, trace=300024, class=java.util.concurrent.ConcurrentHashMap$HashEntry@50000115)
	key		50001567
	value		500067fe
	next		50004f55
OBJ 50006800 (sz=16, trace=301867, class=java.lang.Object@500000a7)
OBJ 50006801 (sz=32, trace=300027, class=java.util.concurrent.ConcurrentHashMap$HashEntry@50000115)
	key		50001567
	value		50006800
	next		50004f58
OBJ 50006802 (sz=16, trace=301866, class=java.lang.Object@500000a7)
OBJ 50006803 (sz=32, trace=300024, class=java.util.concurrent.ConcurrentHashMap$HashEntry@50000115)
	key		50001405
	value		50006802
OBJ 50006804 (sz=16, trace=301867, class=java.lang.Object@500000a7)
OBJ 50006805 (sz=32, trace=300027, class=java.util.concurrent.ConcurrentHashMap$HashEntry@50000115)
	key		50001405
	value		50006804
OBJ 50006806 (sz=40, trace=301813, class=java.lang.ref.SoftReference@50000118)
OBJ 50006807 (sz=72, trace=300087, class=java.lang.reflect.Constructor@5000006e)
OBJ 50006809 (sz=24, trace=300089, class=sun.reflect.NativeConstructorAccessorImpl@50000123)
OBJ 5000680a (sz=16, trace=300090, class=sun.reflect.DelegatingConstructorAccessorImpl@500000a5)
OBJ 5000680c (sz=80, trace=300488, class=java.lang.reflect.Method@50000040)
	clazz		500000a7
	name		50001783
	returnType	500011a4
	parameterTypes	50001788
	exceptionTypes	500011ad
	root		50001787
OBJ 5000680e (sz=80, trace=300488, class=java.lang.reflect.Method@50000040)
	clazz		500053b9
	name		500017a7
	returnType	50000080
	parameterTypes	500017ac
	exceptionTypes	500011ad
	signature	500017ab
	annotationDefault	500017aa
	root		500017a9
OBJ 50006810 (sz=80, trace=300488, class=java.lang.reflect.Method@50000040)
	clazz		500000a7
	name		50001784
	returnType	5000119f
	parameterTypes	5000178b
	exceptionTypes	500011ad
	root		5000178a
OBJ 50006812 (sz=80, trace=300488, class=java.lang.reflect.Method@50000040)
	clazz		500053b9
	name		500017a8
	returnType	500011a6
	parameterTypes	500017b1
	exceptionTypes	500011ad
	annotationDefault	500017b0
	root		500017af
OBJ 50006814 (sz=80, trace=300488, class=java.lang.reflect.Method@50000040)
	clazz		50003a6c
	name		50001785
	returnType	50000080
	parameterTypes	5000178f
	exceptionTypes	500011ad
	signature	5000178e
	root		5000178d
OBJ 50006816 (sz=80, trace=300488, class=java.lang.reflect.Method@50000040)
	clazz		500000a7
	name		50001786
	returnType	50000096
	parameterTypes	50001793
	exceptionTypes	500011ad
	root		50001792
OBJ 50006817 (sz=16, trace=301874, class=com.sun.proxy.$Proxy3@500067ed)
	h		500063e7
OBJ 50006818 (sz=40, trace=300411, class=java.util.LinkedHashMap$Entry@5000010e)
	key		500053b9
	value		50006817
	before		500052b0
	after		500052b0
OBJ 50006819 (sz=16, trace=301875, class=java.util.HashMap$Values@5000570b)
	this$0		500052ae
OBJ 5000681d (sz=24, trace=301878, class=java.util.ArrayList@5000004e)
	elementData	5000681e
ARR 5000681e (sz=56, trace=301879, nelems=3, elem type=java.lang.Object[]@500000a8)
	[0]		500052ad
	[1]		500069c4
	[2]		50006e27
OBJ 5000681f (sz=32, trace=301880, class=java.util.HashMap$Entry@5000009e)
	key		500053b9
	value		5000681d
OBJ 50006821 (sz=16, trace=301882, class=java.lang.Object@500000a7)
OBJ 50006823 (sz=16, trace=301883, class=java.lang.Object@500000a7)
OBJ 500068f2 (sz=16, trace=301885, class=java.lang.Object@500000a7)
OBJ 500068f3 (sz=32, trace=300024, class=java.util.concurrent.ConcurrentHashMap$HashEntry@50000115)
	key		50001588
	value		500068f2
OBJ 500068f4 (sz=16, trace=301886, class=java.lang.Object@500000a7)
OBJ 500068f5 (sz=32, trace=300027, class=java.util.concurrent.ConcurrentHashMap$HashEntry@50000115)
	key		50001588
	value		500068f4
ARR 500069c2 (sz=656, trace=300485, nelems=122, elem type=java.lang.Object[]@500000a8)
	[0]		50000e02
	[1]		50000ef9
	[2]		50000efa
	[3]		5000100a
	[4]		50001136
	[5]		50001277
	[6]		50001368
	[7]		5000145b
	[8]		5000154d
	[9]		50001641
	[10]		50001735
	[11]		50001849
	[12]		50001999
	[13]		50001a98
	[14]		50001d67
	[15]		50001e64
	[16]		50001f47
	[17]		500020f5
	[18]		500020f6
	[19]		5000227c
	[20]		50002351
	[21]		5000242c
	[22]		5000251d
	[23]		50002604
	[24]		500026e2
	[25]		500027b4
	[26]		5000288b
	[27]		50002a30
	[28]		50002a31
	[29]		50002b11
	[30]		50002be3
	[31]		50002cc5
	[32]		50002d98
	[33]		50002e77
	[34]		50002f56
	[35]		50003027
	[36]		50003102
	[37]		500031d4
	[38]		500032ac
	[39]		5000353a
	[40]		5000360c
	[41]		5000360d
	[42]		5000360e
	[43]		500036ea
	[44]		500037bf
	[45]		50003974
	[46]		50003975
	[47]		50003a6d
	[48]		50003b52
	[49]		50003d17
	[50]		50003df0
	[51]		50003df1
	[52]		50004044
	[53]		50004045
	[54]		50004116
	[55]		500041e7
	[56]		500042c8
	[57]		500043b0
	[58]		50004490
	[59]		50004562
	[60]		50004633
	[61]		50004705
	[62]		500047d7
	[63]		500048a8
	[64]		5000497d
	[65]		50004a50
	[66]		50004b21
	[67]		50004bf4
	[68]		50004cc9
	[69]		50004d9f
	[70]		50004e72
	[71]		50004f44
	[72]		50005027
	[73]		500050f9
	[74]		500051cc
	[75]		5000529e
	[76]		500053b9
	[77]		500055c9
	[78]		500067ed
	[79]		500068f1
	[80]		500069c3
	[81]		50006e0e
	[82]		50006fa8
	[83]		50007094
	[84]		50007165
	[85]		50007237
	[86]		5000731b
	[87]		500073f2
	[88]		500074cb
	[89]		500075bb
	[90]		50007837
	[91]		50007947
	[92]		50007a26
	[93]		50007aff
	[94]		50007bd5
	[95]		50007e09
	[96]		50007e0a
	[97]		50007eef
	[98]		50008042
	[99]		5000811c
	[100]		500082e9
	[101]		500082ea
	[102]		500083cf
	[103]		500084a6
	[104]		50008587
	[105]		50008675
	[106]		500087c9
	[107]		500087ca
	[108]		500088b6
	[109]		50000bba
	[110]		50000275
	[111]		5000043b
	[112]		500006c3
	[113]		5000085e
	[114]		50000c93
	[115]		50000da3
	[116]		50000e99
	[117]		50000f93
	[118]		50001131
	[119]		500024d0
	[120]		500025c6
	[121]		50001166
OBJ 500069c4 (sz=16, trace=301186, class=org.junit.runners.model.FrameworkMethod@50004e72)
	fMethod		500052a5
OBJ 500069c5 (sz=64, trace=301187, class=java.util.LinkedHashMap@500000f9)
	values		500069fd
	table		500069c6
	header		500069c7
ARR 500069c6 (sz=80, trace=301188, nelems=11, elem type=java.util.HashMap$Entry[]@5000009f)
	[10]		500069fc
OBJ 500069c7 (sz=40, trace=300627, class=java.util.LinkedHashMap$Entry@5000010e)
	before		500069fc
	after		500069fc
OBJ 500069e8 (sz=64, trace=301264, class=java.util.LinkedHashMap@500000f9)
	table		500069e9
	header		500069ea
ARR 500069e9 (sz=80, trace=301265, nelems=15, elem type=java.util.HashMap$Entry[]@5000009f)
	[2]		500069ec
	[14]		500069ed
OBJ 500069ea (sz=40, trace=301266, class=java.util.LinkedHashMap$Entry@5000010e)
	before		500069ed
	after		500069ec
OBJ 500069ec (sz=40, trace=301858, class=java.util.LinkedHashMap$Entry@5000010e)
	key		500017a7
	value		500055c9
	before		500069ea
	after		500069ed
OBJ 500069ed (sz=40, trace=301858, class=java.util.LinkedHashMap$Entry@5000010e)
	key		500017a8
	value		50005455
	before		500069ec
	after		500069ea
OBJ 500069ef (sz=24, trace=301860, class=sun.reflect.annotation.AnnotationInvocationHandler@50005649)
	type		500053b9
	memberValues	500069e8
OBJ 500069fb (sz=16, trace=301874, class=com.sun.proxy.$Proxy3@500067ed)
	h		500069ef
OBJ 500069fc (sz=40, trace=300411, class=java.util.LinkedHashMap$Entry@5000010e)
	key		500053b9
	value		500069fb
	before		500069c7
	after		500069c7
OBJ 500069fd (sz=16, trace=301875, class=java.util.HashMap$Values@5000570b)
	this$0		500069c5
OBJ 50006a00 (sz=16, trace=301186, class=org.junit.runners.model.FrameworkMethod@50004e72)
	fMethod		500052a2
OBJ 50006a01 (sz=64, trace=301187, class=java.util.LinkedHashMap@500000f9)
	values		50006e21
	table		50006a02
	header		50006a03
ARR 50006a02 (sz=80, trace=301188, nelems=3, elem type=java.util.HashMap$Entry[]@5000009f)
	[2]		50006e20
OBJ 50006a03 (sz=40, trace=300627, class=java.util.LinkedHashMap$Entry@5000010e)
	before		50006e20
	after		50006e20
OBJ 50006a24 (sz=32, trace=301227, class=sun.reflect.annotation.AnnotationType@500053bb)
OBJ 50006a25 (sz=56, trace=301228, class=java.util.HashMap@5000010b)
ARR 50006a26 (sz=80, trace=301229, nelems=0, elem type=java.util.HashMap$Entry[]@5000009f)
OBJ 50006a27 (sz=56, trace=301230, class=java.util.HashMap@5000010b)
ARR 50006a28 (sz=80, trace=301231, nelems=0, elem type=java.util.HashMap$Entry[]@5000009f)
OBJ 50006a29 (sz=56, trace=301232, class=java.util.HashMap@5000010b)
ARR 50006a2a (sz=80, trace=301233, nelems=0, elem type=java.util.HashMap$Entry[]@5000009f)
OBJ 50006a2c (sz=40, trace=301241, class=java.lang.ref.SoftReference@50000118)
OBJ 50006a2e (sz=64, trace=301187, class=java.util.LinkedHashMap@500000f9)
ARR 50006a2f (sz=80, trace=301261, nelems=0, elem type=java.util.HashMap$Entry[]@5000009f)
OBJ 50006a30 (sz=40, trace=300627, class=java.util.LinkedHashMap$Entry@5000010e)
OBJ 50006a56 (sz=64, trace=301264, class=java.util.LinkedHashMap@500000f9)
ARR 50006a57 (sz=80, trace=301265, nelems=0, elem type=java.util.HashMap$Entry[]@5000009f)
OBJ 50006a58 (sz=40, trace=301266, class=java.util.LinkedHashMap$Entry@5000010e)
OBJ 50006a7e (sz=40, trace=300411, class=java.util.LinkedHashMap$Entry@5000010e)
OBJ 50006a80 (sz=24, trace=301289, class=sun.reflect.annotation.AnnotationInvocationHandler@50005649)
OBJ 50006a8c (sz=16, trace=301820, class=com.sun.proxy.$Proxy0@50005a93)
OBJ 50006a8d (sz=40, trace=300411, class=java.util.LinkedHashMap$Entry@5000010e)
OBJ 50006ab2 (sz=64, trace=301264, class=java.util.LinkedHashMap@500000f9)
ARR 50006ab3 (sz=80, trace=301265, nelems=0, elem type=java.util.HashMap$Entry[]@5000009f)
OBJ 50006ab4 (sz=40, trace=301266, class=java.util.LinkedHashMap$Entry@5000010e)
OBJ 50006ada (sz=40, trace=300411, class=java.util.LinkedHashMap$Entry@5000010e)
OBJ 50006adc (sz=24, trace=301289, class=sun.reflect.annotation.AnnotationInvocationHandler@50005649)
OBJ 50006ae8 (sz=16, trace=301857, class=com.sun.proxy.$Proxy2@500062c3)
OBJ 50006ae9 (sz=40, trace=300411, class=java.util.LinkedHashMap$Entry@5000010e)
OBJ 50006aea (sz=64, trace=301264, class=java.util.LinkedHashMap@500000f9)
	table		50006aeb
	header		50006aec
ARR 50006aeb (sz=80, trace=301265, nelems=0, elem type=java.util.HashMap$Entry[]@5000009f)
OBJ 50006aec (sz=40, trace=301266, class=java.util.LinkedHashMap$Entry@5000010e)
	before		50006aec
	after		50006aec
OBJ 50006aed (sz=16, trace=301104, class=java.util.HashMap$EntrySet@5000004d)
OBJ 50006af0 (sz=24, trace=301860, class=sun.reflect.annotation.AnnotationInvocationHandler@50005649)
	type		500068f1
	memberValues	50006aea
ARR 50006af1 (sz=24, trace=301290, nelems=1, elem type=java.lang.String[]@50000097)
	[0]		5000179e
OBJ 50006af6 (sz=24, trace=301295, class=java.util.Arrays$ArrayList@5000397e)
	a		50006af1
OBJ 50006af9 (sz=32, trace=301301, class=java.util.HashMap$Entry@5000009e)
	key		50006af6
	value		50006e10
OBJ 50006b46 (sz=40, trace=301384, class=java.lang.ref.SoftReference@50000118)
OBJ 50006b49 (sz=40, trace=301393, class=java.lang.ref.SoftReference@50000118)
OBJ 50006e0f (sz=40, trace=301811, class=java.util.WeakHashMap$Entry@50000038)
	referent	50006e0e
	queue		500017b4
OBJ 50006e10 (sz=32, trace=301812, class=java.lang.ref.WeakReference@50000088)
	referent	50006e0e
	queue		50001716
OBJ 50006e12 (sz=40, trace=301813, class=java.lang.ref.SoftReference@50000118)
OBJ 50006e13 (sz=72, trace=300087, class=java.lang.reflect.Constructor@5000006e)
OBJ 50006e15 (sz=24, trace=300089, class=sun.reflect.NativeConstructorAccessorImpl@50000123)
OBJ 50006e16 (sz=16, trace=300090, class=sun.reflect.DelegatingConstructorAccessorImpl@500000a5)
OBJ 50006e18 (sz=80, trace=300488, class=java.lang.reflect.Method@50000040)
	clazz		500000a7
	name		50001783
	returnType	500011a4
	parameterTypes	50001788
	exceptionTypes	500011ad
	root		50001787
OBJ 50006e1a (sz=80, trace=300488, class=java.lang.reflect.Method@50000040)
	clazz		500000a7
	name		50001784
	returnType	5000119f
	parameterTypes	5000178b
	exceptionTypes	500011ad
	root		5000178a
OBJ 50006e1c (sz=80, trace=300488, class=java.lang.reflect.Method@50000040)
	clazz		50003a6c
	name		50001785
	returnType	50000080
	parameterTypes	5000178f
	exceptionTypes	500011ad
	signature	5000178e
	root		5000178d
OBJ 50006e1e (sz=80, trace=300488, class=java.lang.reflect.Method@50000040)
	clazz		500000a7
	name		50001786
	returnType	50000096
	parameterTypes	50001793
	exceptionTypes	500011ad
	root		50001792
OBJ 50006e1f (sz=16, trace=301892, class=com.sun.proxy.$Proxy4@50006e0e)
	h		50006af0
OBJ 50006e20 (sz=40, trace=300411, class=java.util.LinkedHashMap$Entry@5000010e)
	key		500068f1
	value		50006e1f
	before		50006a03
	after		50006a03
OBJ 50006e21 (sz=16, trace=301875, class=java.util.HashMap$Values@5000570b)
	this$0		50006a01
OBJ 50006e23 (sz=24, trace=301878, class=java.util.ArrayList@5000004e)
	elementData	50006e24
ARR 50006e24 (sz=56, trace=301879, nelems=1, elem type=java.lang.Object[]@500000a8)
	[0]		50006a00
OBJ 50006e25 (sz=32, trace=301880, class=java.util.HashMap$Entry@5000009e)
	key		500068f1
	value		50006e23
OBJ 50006e27 (sz=16, trace=301186, class=org.junit.runners.model.FrameworkMethod@50004e72)
	fMethod		500052a3
OBJ 50006e28 (sz=64, trace=301187, class=java.util.LinkedHashMap@500000f9)
	values		50006e60
	table		50006e29
	header		50006e2a
ARR 50006e29 (sz=80, trace=301188, nelems=11, elem type=java.util.HashMap$Entry[]@5000009f)
	[10]		50006e5f
OBJ 50006e2a (sz=40, trace=300627, class=java.util.LinkedHashMap$Entry@5000010e)
	before		50006e5f
	after		50006e5f
OBJ 50006e4b (sz=64, trace=301264, class=java.util.LinkedHashMap@500000f9)
	table		50006e4c
	header		50006e4d
ARR 50006e4c (sz=80, trace=301265, nelems=15, elem type=java.util.HashMap$Entry[]@5000009f)
	[2]		50006e4f
	[14]		50006e50
OBJ 50006e4d (sz=40, trace=301266, class=java.util.LinkedHashMap$Entry@5000010e)
	before		50006e50
	after		50006e4f
OBJ 50006e4f (sz=40, trace=301858, class=java.util.LinkedHashMap$Entry@5000010e)
	key		500017a7
	value		500055c9
	before		50006e4d
	after		50006e50
OBJ 50006e50 (sz=40, trace=301858, class=java.util.LinkedHashMap$Entry@5000010e)
	key		500017a8
	value		50005455
	before		50006e4f
	after		50006e4d
OBJ 50006e52 (sz=24, trace=301860, class=sun.reflect.annotation.AnnotationInvocationHandler@50005649)
	type		500053b9
	memberValues	50006e4b
OBJ 50006e5e (sz=16, trace=301874, class=com.sun.proxy.$Proxy3@500067ed)
	h		50006e52
OBJ 50006e5f (sz=40, trace=300411, class=java.util.LinkedHashMap$Entry@5000010e)
	key		500053b9
	value		50006e5e
	before		50006e2a
	after		50006e2a
OBJ 50006e60 (sz=16, trace=301875, class=java.util.HashMap$Values@5000570b)
	this$0		50006e28
OBJ 50006e63 (sz=40, trace=301893, class=java.lang.ref.SoftReference@50000118)
OBJ 50006e66 (sz=40, trace=301178, class=java.lang.ref.SoftReference@50000118)
OBJ 50006ed0 (sz=40, trace=301893, class=java.lang.ref.SoftReference@50000118)
OBJ 50006ed4 (sz=24, trace=301924, class=java.util.ArrayList@5000004e)
	elementData	50006ed5
ARR 50006ed5 (sz=56, trace=301925, nelems=0, elem type=java.lang.Object[]@500000a8)
OBJ 50006ed6 (sz=32, trace=301926, class=java.util.HashMap$Entry@5000009e)
	key		500069c3
	value		50006ed4
OBJ 50006ed8 (sz=16, trace=301928, class=java.lang.Object@500000a7)
OBJ 50006ed9 (sz=32, trace=300024, class=java.util.concurrent.ConcurrentHashMap$HashEntry@50000115)
	key		50001419
	value		50006ed8
OBJ 50006eda (sz=16, trace=301929, class=java.lang.Object@500000a7)
OBJ 50006edb (sz=32, trace=300027, class=java.util.concurrent.ConcurrentHashMap$HashEntry@50000115)
	key		50001419
	value		50006eda
OBJ 50006fa9 (sz=24, trace=301924, class=java.util.ArrayList@5000004e)
	elementData	50006faa
ARR 50006faa (sz=56, trace=301931, nelems=0, elem type=java.lang.Object[]@500000a8)
OBJ 50006fab (sz=32, trace=301926, class=java.util.HashMap$Entry@5000009e)
	key		50006fa8
	value		50006fa9
OBJ 50006fad (sz=16, trace=301933, class=java.lang.Object@500000a7)
OBJ 50006faf (sz=16, trace=301934, class=java.lang.Object@500000a7)
OBJ 50007063 (sz=24, trace=300318, class=java.lang.String@50000096)
	value		50007064
ARR 50007064 (sz=64, trace=300319, nelems=32, elem type=char[])
OBJ 50007071 (sz=56, trace=300983, class=java.lang.Package@50000c4c)
	pkgName		50007063
	loader		5000119e
OBJ 50007072 (sz=32, trace=300984, class=java.util.HashMap$Entry@5000009e)
	key		50007063
	value		50007071
	next		50003521
OBJ 50007083 (sz=24, trace=300464, class=java.lang.String@50000096)
	value		50007084
ARR 50007084 (sz=64, trace=300465, nelems=32, elem type=char[])
OBJ 50007085 (sz=32, trace=300468, class=java.util.concurrent.ConcurrentHashMap$HashEntry@50000115)
	key		50007083
	value		500013cb
OBJ 5000708a (sz=16, trace=300472, class=java.lang.Object@500000a7)
OBJ 5000708b (sz=32, trace=300024, class=java.util.concurrent.ConcurrentHashMap$HashEntry@50000115)
	key		500014d5
	value		5000708a
	next		50001c5a
ARR 5000708c (sz=80, trace=300473, nelems=16, elem type=java.util.concurrent.ConcurrentHashMap$HashEntry[]@50000116)
	[0]		5000708d
	[2]		5000708e
	[8]		50002e7c
	[10]		5000708b
	[14]		50008300
	[15]		50002f58
OBJ 5000708d (sz=32, trace=300486, class=java.util.concurrent.ConcurrentHashMap$HashEntry@50000115)
	key		500014dd
	value		5000497f
OBJ 5000708e (sz=32, trace=300486, class=java.util.concurrent.ConcurrentHashMap$HashEntry@50000115)
	key		500014db
	value		500041e8
OBJ 5000708f (sz=16, trace=300474, class=java.lang.Object@500000a7)
OBJ 50007090 (sz=32, trace=300027, class=java.util.concurrent.ConcurrentHashMap$HashEntry@50000115)
	key		500014d5
	value		5000708f
	next		50001c5f
ARR 50007091 (sz=80, trace=300475, nelems=16, elem type=java.util.concurrent.ConcurrentHashMap$HashEntry[]@50000116)
	[0]		50007092
	[2]		50007093
	[8]		50002e7f
	[10]		50007090
	[14]		50008302
	[15]		50002f5a
OBJ 50007092 (sz=32, trace=300486, class=java.util.concurrent.ConcurrentHashMap$HashEntry@50000115)
	key		500014dd
	value		50004981
OBJ 50007093 (sz=32, trace=300486, class=java.util.concurrent.ConcurrentHashMap$HashEntry@50000115)
	key		500014db
	value		500041eb
OBJ 50007095 (sz=16, trace=301936, class=java.lang.Object@500000a7)
OBJ 50007096 (sz=32, trace=300024, class=java.util.concurrent.ConcurrentHashMap$HashEntry@50000115)
	key		5000156b
	value		50007095
OBJ 50007097 (sz=16, trace=301937, class=java.lang.Object@500000a7)
OBJ 50007098 (sz=32, trace=300027, class=java.util.concurrent.ConcurrentHashMap$HashEntry@50000115)
	key		5000156b
	value		50007097
OBJ 50007166 (sz=32, trace=301939, class=org.junit.internal.runners.rules.RuleFieldValidator@50007094)
	name		50001f5c
	fAnnotation	50007165
OBJ 50007167 (sz=16, trace=301940, class=java.lang.Object@500000a7)
OBJ 50007168 (sz=32, trace=300024, class=java.util.concurrent.ConcurrentHashMap$HashEntry@50000115)
	key		50001542
	value		50007167
OBJ 50007169 (sz=16, trace=301941, class=java.lang.Object@500000a7)
OBJ 5000716a (sz=32, trace=300027, class=java.util.concurrent.ConcurrentHashMap$HashEntry@50000115)
	key		50001542
	value		50007169
OBJ 50007238 (sz=32, trace=301943, class=org.junit.internal.runners.rules.RuleFieldValidator@50007094)
	name		50001f5d
	fAnnotation	50007237
OBJ 50007239 (sz=32, trace=301944, class=org.junit.internal.runners.rules.RuleFieldValidator@50007094)
	name		50001f5e
	fAnnotation	50007165
OBJ 5000723a (sz=32, trace=301945, class=org.junit.internal.runners.rules.RuleFieldValidator@50007094)
	name		50001f5f
	fAnnotation	50007237
ARR 5000723c (sz=32, trace=301946, nelems=4, elem type=org.junit.internal.runners.rules.RuleFieldValidator[]@5000723b)
	[0]		50007166
	[1]		50007238
	[2]		50007239
	[3]		5000723a
OBJ 5000723d (sz=24, trace=301947, class=java.util.ArrayList@5000004e)
	elementData	5000723e
ARR 5000723e (sz=56, trace=301948, nelems=0, elem type=java.lang.Object[]@500000a8)
OBJ 5000723f (sz=32, trace=301949, class=java.util.HashMap$Entry@5000009e)
	key		50007165
	value		5000723d
OBJ 50007241 (sz=24, trace=301924, class=java.util.ArrayList@5000004e)
	elementData	50007242
ARR 50007242 (sz=56, trace=301951, nelems=0, elem type=java.lang.Object[]@500000a8)
OBJ 50007243 (sz=32, trace=301926, class=java.util.HashMap$Entry@5000009e)
	key		50007165
	value		50007241
OBJ 50007248 (sz=16, trace=301953, class=java.lang.Object@500000a7)
OBJ 5000724a (sz=16, trace=301954, class=java.lang.Object@500000a7)
OBJ 5000731c (sz=16, trace=301953, class=java.lang.Object@500000a7)
OBJ 5000731d (sz=32, trace=300024, class=java.util.concurrent.ConcurrentHashMap$HashEntry@50000115)
	key		500014f3
	value		5000731c
OBJ 5000731e (sz=16, trace=301954, class=java.lang.Object@500000a7)
OBJ 5000731f (sz=32, trace=300027, class=java.util.concurrent.ConcurrentHashMap$HashEntry@50000115)
	key		500014f3
	value		5000731e
OBJ 500073ed (sz=16, trace=300472, class=java.lang.Object@500000a7)
OBJ 500073ee (sz=32, trace=300024, class=java.util.concurrent.ConcurrentHashMap$HashEntry@50000115)
	key		50001580
	value		500073ed
OBJ 500073ef (sz=16, trace=300474, class=java.lang.Object@500000a7)
OBJ 500073f0 (sz=32, trace=300027, class=java.util.concurrent.ConcurrentHashMap$HashEntry@50000115)
	key		50001580
	value		500073ef
OBJ 500073f3 (sz=16, trace=301956, class=java.lang.Object@500000a7)
OBJ 500073f4 (sz=32, trace=300024, class=java.util.concurrent.ConcurrentHashMap$HashEntry@50000115)
	key		500014a7
	value		500073f3
OBJ 500073f5 (sz=16, trace=301957, class=java.lang.Object@500000a7)
OBJ 500073f6 (sz=32, trace=300027, class=java.util.concurrent.ConcurrentHashMap$HashEntry@50000115)
	key		500014a7
	value		500073f5
OBJ 500073f7 (sz=16, trace=301958, class=java.lang.Object@500000a7)
OBJ 500073f8 (sz=32, trace=300024, class=java.util.concurrent.ConcurrentHashMap$HashEntry@50000115)
	key		5000157b
	value		500073f7
OBJ 500073f9 (sz=16, trace=301959, class=java.lang.Object@500000a7)
OBJ 500073fa (sz=32, trace=300027, class=java.util.concurrent.ConcurrentHashMap$HashEntry@50000115)
	key		5000157b
	value		500073f9
OBJ 500073fb (sz=16, trace=301960, class=java.lang.Object@500000a7)
OBJ 500073fc (sz=32, trace=300024, class=java.util.concurrent.ConcurrentHashMap$HashEntry@50000115)
	key		50001491
	value		500073fb
	next		50001d6c
OBJ 500073fd (sz=16, trace=301961, class=java.lang.Object@500000a7)
OBJ 500073fe (sz=32, trace=300027, class=java.util.concurrent.ConcurrentHashMap$HashEntry@50000115)
	key		50001491
	value		500073fd
	next		50001d6f
OBJ 500074cc (sz=24, trace=301924, class=java.util.ArrayList@5000004e)
	elementData	500074cd
ARR 500074cd (sz=56, trace=301963, nelems=0, elem type=java.lang.Object[]@500000a8)
OBJ 500074ce (sz=32, trace=301926, class=java.util.HashMap$Entry@5000009e)
	key		500074cb
	value		500074cc
	next		5000681f
OBJ 500074d1 (sz=16, trace=301966, class=java.lang.Object@500000a7)
OBJ 500074d2 (sz=32, trace=300024, class=java.util.concurrent.ConcurrentHashMap$HashEntry@50000115)
	key		500014e9
	value		500074d1
OBJ 500074d3 (sz=16, trace=301967, class=java.lang.Object@500000a7)
OBJ 500074d4 (sz=32, trace=300027, class=java.util.concurrent.ConcurrentHashMap$HashEntry@50000115)
	key		500014e9
	value		500074d3
OBJ 500074d5 (sz=16, trace=301968, class=java.lang.Object@500000a7)
OBJ 500074d6 (sz=32, trace=300024, class=java.util.concurrent.ConcurrentHashMap$HashEntry@50000115)
	key		50001533
	value		500074d5
OBJ 500074d7 (sz=16, trace=301969, class=java.lang.Object@500000a7)
OBJ 500074d8 (sz=32, trace=300027, class=java.util.concurrent.ConcurrentHashMap$HashEntry@50000115)
	key		50001533
	value		500074d7
OBJ 500074da (sz=24, trace=301947, class=java.util.ArrayList@5000004e)
	elementData	500074db
ARR 500074db (sz=56, trace=301971, nelems=0, elem type=java.lang.Object[]@500000a8)
OBJ 500074dc (sz=32, trace=301949, class=java.util.HashMap$Entry@5000009e)
	key		50007237
	value		500074da
OBJ 500074de (sz=24, trace=301924, class=java.util.ArrayList@5000004e)
	elementData	500074df
ARR 500074df (sz=56, trace=301973, nelems=0, elem type=java.lang.Object[]@500000a8)
OBJ 500074e0 (sz=32, trace=301926, class=java.util.HashMap$Entry@5000009e)
	key		50007237
	value		500074de
OBJ 500074e2 (sz=16, trace=301975, class=java.util.HashMap$Values@5000570b)
OBJ 500074e4 (sz=16, trace=301977, class=java.lang.Object@500000a7)
OBJ 500074e5 (sz=32, trace=300024, class=java.util.concurrent.ConcurrentHashMap$HashEntry@50000115)
	key		50001501
	value		500074e4
	next		5000102a
OBJ 500074e6 (sz=16, trace=301978, class=java.lang.Object@500000a7)
OBJ 500074e7 (sz=32, trace=300027, class=java.util.concurrent.ConcurrentHashMap$HashEntry@50000115)
	key		50001501
	value		500074e6
	next		5000102f
OBJ 500075b7 (sz=16, trace=300472, class=java.lang.Object@500000a7)
OBJ 500075b8 (sz=32, trace=300024, class=java.util.concurrent.ConcurrentHashMap$HashEntry@50000115)
	key		50001546
	value		500075b7
OBJ 500075b9 (sz=16, trace=300474, class=java.lang.Object@500000a7)
OBJ 500075ba (sz=32, trace=300027, class=java.util.concurrent.ConcurrentHashMap$HashEntry@50000115)
	key		50001546
	value		500075b9
OBJ 500075bc (sz=16, trace=301977, class=java.lang.Object@500000a7)
OBJ 500075bd (sz=32, trace=300024, class=java.util.concurrent.ConcurrentHashMap$HashEntry@50000115)
OBJ 500075be (sz=16, trace=301978, class=java.lang.Object@500000a7)
OBJ 500075bf (sz=32, trace=300027, class=java.util.concurrent.ConcurrentHashMap$HashEntry@50000115)
OBJ 500075c0 (sz=16, trace=301980, class=java.lang.Object@500000a7)
OBJ 500075c1 (sz=32, trace=300024, class=java.util.concurrent.ConcurrentHashMap$HashEntry@50000115)
	key		500014c1
	value		500075c0
	next		50001759
OBJ 500075c2 (sz=16, trace=301981, class=java.lang.Object@500000a7)
OBJ 500075c3 (sz=32, trace=300027, class=java.util.concurrent.ConcurrentHashMap$HashEntry@50000115)
	key		500014c1
	value		500075c2
	next		5000175b
OBJ 500075c7 (sz=16, trace=301983, class=java.util.regex.Pattern$4@500075c6)
OBJ 500075c8 (sz=16, trace=301984, class=java.util.regex.Pattern$Node@500075c5)
OBJ 500075ca (sz=16, trace=301986, class=java.util.regex.Pattern$LastNode@500075c9)
	next		500075c8
OBJ 500075cb (sz=72, trace=301987, class=java.util.regex.Pattern@500075c4)
	pattern		50001f65
	normalizedPattern	50001f65
	root		500075e6
	matchRoot	500075d1
OBJ 500075d1 (sz=24, trace=301992, class=java.util.regex.Pattern$GroupHead@500075ce)
	next		500075d8
OBJ 500075d3 (sz=24, trace=301994, class=java.util.regex.Pattern$GroupTail@500075d2)
	next		500075db
OBJ 500075d6 (sz=16, trace=301996, class=java.util.regex.Pattern$Dot@500075d5)
	next		500075c8
OBJ 500075d8 (sz=32, trace=301998, class=java.util.regex.Pattern$Curly@500075d7)
	next		500075d3
	atom		500075d6
OBJ 500075db (sz=24, trace=302000, class=java.util.regex.Pattern$Single@500075da)
	next		500075dc
OBJ 500075dc (sz=24, trace=301992, class=java.util.regex.Pattern$GroupHead@500075ce)
	next		500075df
OBJ 500075dd (sz=24, trace=301994, class=java.util.regex.Pattern$GroupTail@500075d2)
	next		500075e0
OBJ 500075de (sz=16, trace=301996, class=java.util.regex.Pattern$Dot@500075d5)
	next		500075c8
OBJ 500075df (sz=32, trace=301998, class=java.util.regex.Pattern$Curly@500075d7)
	next		500075dd
	atom		500075de
OBJ 500075e0 (sz=24, trace=302000, class=java.util.regex.Pattern$Single@500075da)
	next		500075ca
OBJ 500075e6 (sz=24, trace=302005, class=java.util.regex.Pattern$Start@500075e5)
	next		500075d1
ARR 500075e9 (sz=16, trace=302008, nelems=0, elem type=java.lang.annotation.Annotation[]@50003a77)
OBJ 500075ea (sz=32, trace=302009, class=org.junit.runner.Description@500075bb)
	fChildren	500075eb
	fDisplayName	50001f66
	fUniqueId	50001f66
	fAnnotations	500075e9
OBJ 500075eb (sz=24, trace=302010, class=java.util.ArrayList@5000004e)
	elementData	500075ec
ARR 500075ec (sz=56, trace=302011, nelems=0, elem type=java.lang.Object[]@500000a8)
ARR 500075ed (sz=16, trace=302012, nelems=0, elem type=java.lang.annotation.Annotation[]@50003a77)
OBJ 500075ee (sz=32, trace=302013, class=org.junit.runner.Description@500075bb)
	fChildren	500075ef
	fDisplayName	50001f67
	fUniqueId	50001f67
	fAnnotations	500075ed
OBJ 500075ef (sz=24, trace=302010, class=java.util.ArrayList@5000004e)
	elementData	500075f0
ARR 500075f0 (sz=56, trace=302014, nelems=0, elem type=java.lang.Object[]@500000a8)
OBJ 500075f4 (sz=24, trace=302017, class=java.util.ArrayList@5000004e)
	elementData	500075f5
ARR 500075f5 (sz=32, trace=302018, nelems=3, elem type=java.lang.Object[]@500000a8)
	[0]		500052ad
	[1]		500069c4
	[2]		50006e27
OBJ 500075fa (sz=72, trace=302022, class=java.util.regex.Pattern@500075c4)
	pattern		500021a3
	normalizedPattern	500021a3
	root		5000763a
	matchRoot	500075fe
OBJ 500075fe (sz=24, trace=302000, class=java.util.regex.Pattern$Single@500075da)
	next		5000760a
OBJ 500075ff (sz=24, trace=301992, class=java.util.regex.Pattern$GroupHead@500075ce)
	next		50007603
OBJ 50007600 (sz=24, trace=301994, class=java.util.regex.Pattern$GroupTail@500075d2)
	next		50007608
OBJ 50007602 (sz=24, trace=302027, class=java.util.regex.Pattern$Ctype@50007601)
	next		500075c8
OBJ 50007603 (sz=32, trace=302028, class=java.util.regex.Pattern$Curly@500075d7)
	next		50007604
	atom		50007602
OBJ 50007604 (sz=24, trace=302000, class=java.util.regex.Pattern$Single@500075da)
	next		50007600
OBJ 50007608 (sz=16, trace=302032, class=java.util.regex.Pattern$BranchConn@50007607)
	next		50007615
OBJ 5000760a (sz=32, trace=302034, class=java.util.regex.Pattern$Branch@50007609)
	next		500075c8
	atoms		5000760c
	conn		50007608
ARR 5000760c (sz=24, trace=302035, nelems=1, elem type=java.util.regex.Pattern$Node[]@5000760b)
	[0]		500075ff
OBJ 5000760d (sz=24, trace=301992, class=java.util.regex.Pattern$GroupHead@500075ce)
	next		50007612
OBJ 5000760e (sz=24, trace=301994, class=java.util.regex.Pattern$GroupTail@500075d2)
	next		50007614
OBJ 50007610 (sz=24, trace=302037, class=java.util.regex.Pattern$BitClass@5000760f)
	next		500075c8
	bits		50007611
ARR 50007611 (sz=256, trace=302038, nelems=256, elem type=boolean[])
OBJ 50007612 (sz=32, trace=301998, class=java.util.regex.Pattern$Curly@500075d7)
	next		5000760e
	atom		50007610
OBJ 50007614 (sz=16, trace=302032, class=java.util.regex.Pattern$BranchConn@50007607)
	next		5000761d
OBJ 50007615 (sz=32, trace=302034, class=java.util.regex.Pattern$Branch@50007609)
	next		500075c8
	atoms		50007616
	conn		50007614
ARR 50007616 (sz=24, trace=302035, nelems=1, elem type=java.util.regex.Pattern$Node[]@5000760b)
	[0]		5000760d
OBJ 50007617 (sz=24, trace=301992, class=java.util.regex.Pattern$GroupHead@500075ce)
	next		5000761a
OBJ 50007618 (sz=24, trace=301994, class=java.util.regex.Pattern$GroupTail@500075d2)
	next		5000761c
OBJ 50007619 (sz=24, trace=302027, class=java.util.regex.Pattern$Ctype@50007601)
	next		500075c8
OBJ 5000761a (sz=32, trace=302028, class=java.util.regex.Pattern$Curly@500075d7)
	next		50007618
	atom		50007619
OBJ 5000761c (sz=16, trace=302032, class=java.util.regex.Pattern$BranchConn@50007607)
	next		50007626
OBJ 5000761d (sz=32, trace=302034, class=java.util.regex.Pattern$Branch@50007609)
	next		500075c8
	atoms		5000761e
	conn		5000761c
ARR 5000761e (sz=24, trace=302035, nelems=1, elem type=java.util.regex.Pattern$Node[]@5000760b)
	[0]		50007617
OBJ 5000761f (sz=24, trace=301992, class=java.util.regex.Pattern$GroupHead@500075ce)
	next		50007621
OBJ 50007620 (sz=24, trace=301994, class=java.util.regex.Pattern$GroupTail@500075d2)
	next		50007625
OBJ 50007621 (sz=24, trace=302000, class=java.util.regex.Pattern$Single@500075da)
	next		50007623
OBJ 50007622 (sz=24, trace=302027, class=java.util.regex.Pattern$Ctype@50007601)
	next		500075c8
OBJ 50007623 (sz=32, trace=302028, class=java.util.regex.Pattern$Curly@500075d7)
	next		50007620
	atom		50007622
OBJ 50007625 (sz=16, trace=302032, class=java.util.regex.Pattern$BranchConn@50007607)
	next		5000762e
OBJ 50007626 (sz=32, trace=302034, class=java.util.regex.Pattern$Branch@50007609)
	next		500075c8
	atoms		50007627
	conn		50007625
ARR 50007627 (sz=24, trace=302035, nelems=1, elem type=java.util.regex.Pattern$Node[]@5000760b)
	[0]		5000761f
OBJ 50007628 (sz=24, trace=301992, class=java.util.regex.Pattern$GroupHead@500075ce)
	next		5000762a
OBJ 50007629 (sz=24, trace=301994, class=java.util.regex.Pattern$GroupTail@500075d2)
	next		5000762d
OBJ 5000762a (sz=24, trace=302037, class=java.util.regex.Pattern$BitClass@5000760f)
	next		50007629
	bits		5000762b
ARR 5000762b (sz=256, trace=302038, nelems=256, elem type=boolean[])
OBJ 5000762d (sz=16, trace=302032, class=java.util.regex.Pattern$BranchConn@50007607)
	next		50007630
OBJ 5000762e (sz=32, trace=302034, class=java.util.regex.Pattern$Branch@50007609)
	next		500075c8
	atoms		5000762f
	conn		5000762d
ARR 5000762f (sz=24, trace=302035, nelems=1, elem type=java.util.regex.Pattern$Node[]@5000760b)
	[0]		50007628
OBJ 50007630 (sz=24, trace=301992, class=java.util.regex.Pattern$GroupHead@500075ce)
	next		50007639
OBJ 50007631 (sz=24, trace=301994, class=java.util.regex.Pattern$GroupTail@500075d2)
	next		500075ca
OBJ 50007632 (sz=24, trace=302037, class=java.util.regex.Pattern$BitClass@5000760f)
	next		500075c8
	bits		50007633
ARR 50007633 (sz=256, trace=302038, nelems=256, elem type=boolean[])
OBJ 50007635 (sz=24, trace=302040, class=java.util.regex.Pattern$1@50007634)
	next		500075c8
OBJ 50007636 (sz=24, trace=302040, class=java.util.regex.Pattern$1@50007634)
	next		500075c8
OBJ 50007638 (sz=24, trace=302042, class=java.util.regex.Pattern$5@50007637)
	next		500075c8
	val$lhs		50007635
	val$rhs		50007636
OBJ 50007639 (sz=24, trace=302042, class=java.util.regex.Pattern$5@50007637)
	next		50007631
	val$lhs		50007638
	val$rhs		50007632
OBJ 5000763a (sz=24, trace=302043, class=java.util.regex.Pattern$Start@500075e5)
	next		500075fe
OBJ 5000763d (sz=40, trace=302046, class=java.util.Locale$Category@5000763c)
	name		50002187
	languageKey	50002188
	scriptKey	50002189
	countryKey	5000218a
	variantKey	5000218b
OBJ 5000763e (sz=40, trace=302047, class=java.util.Locale$Category@5000763c)
	name		5000218c
	languageKey	5000218d
	scriptKey	5000218e
	countryKey	5000218f
	variantKey	50002190
ARR 50007640 (sz=24, trace=302048, nelems=2, elem type=java.util.Locale$Category[]@5000763f)
	[0]		5000763d
	[1]		5000763e
ARR 50007642 (sz=8, trace=302050, nelems=2, elem type=int[])
ARR 50007654 (sz=512, trace=302067, nelems=128, elem type=int[])
OBJ 50007659 (sz=16, trace=302071, class=java.util.Formatter$Flags@50007658)
OBJ 5000765a (sz=16, trace=302072, class=java.util.Formatter$Flags@50007658)
OBJ 5000765b (sz=16, trace=302073, class=java.util.Formatter$Flags@50007658)
OBJ 5000765c (sz=16, trace=302074, class=java.util.Formatter$Flags@50007658)
OBJ 5000765d (sz=16, trace=302075, class=java.util.Formatter$Flags@50007658)
OBJ 5000765e (sz=16, trace=302076, class=java.util.Formatter$Flags@50007658)
OBJ 5000765f (sz=16, trace=302077, class=java.util.Formatter$Flags@50007658)
OBJ 50007660 (sz=16, trace=302078, class=java.util.Formatter$Flags@50007658)
OBJ 50007661 (sz=16, trace=302079, class=java.util.Formatter$Flags@50007658)
OBJ 50007662 (sz=16, trace=302080, class=java.util.Formatter$Flags@50007658)
OBJ 500076d9 (sz=16, trace=302103, class=java.lang.Object@500000a7)
OBJ 500076da (sz=32, trace=300024, class=java.util.concurrent.ConcurrentHashMap$HashEntry@50000115)
	key		500014df
	value		500076d9
	next		50004492
OBJ 500076db (sz=16, trace=302104, class=java.lang.Object@500000a7)
OBJ 500076dc (sz=32, trace=300027, class=java.util.concurrent.ConcurrentHashMap$HashEntry@50000115)
	key		500014df
	value		500076db
	next		50004494
OBJ 500076e1 (sz=16, trace=302109, class=java.lang.Object@500000a7)
OBJ 500076e3 (sz=16, trace=302110, class=java.lang.Object@500000a7)
OBJ 500076e6 (sz=32, trace=302111, class=org.junit.runner.Description@500075bb)
	fChildren	500076e7
	fDisplayName	50002249
	fUniqueId	50002249
	fAnnotations	50003a79
OBJ 500076e7 (sz=24, trace=302010, class=java.util.ArrayList@5000004e)
	elementData	500076e8
ARR 500076e8 (sz=56, trace=302016, nelems=3, elem type=java.lang.Object[]@500000a8)
	[0]		50007710
	[1]		50007739
	[2]		50007762
OBJ 5000770e (sz=24, trace=302098, class=java.lang.String@50000096)
	value		5000770f
ARR 5000770f (sz=172, trace=302099, nelems=86, elem type=char[])
OBJ 50007710 (sz=32, trace=302100, class=org.junit.runner.Description@500075bb)
	fChildren	50007711
	fDisplayName	5000770e
	fUniqueId	5000770e
	fAnnotations	5000224a
	fTestClass	50001f47
OBJ 50007711 (sz=24, trace=302010, class=java.util.ArrayList@5000004e)
	elementData	50007712
ARR 50007712 (sz=56, trace=302101, nelems=0, elem type=java.lang.Object[]@500000a8)
OBJ 50007737 (sz=24, trace=302098, class=java.lang.String@50000096)
	value		50007738
ARR 50007738 (sz=148, trace=302099, nelems=74, elem type=char[])
OBJ 50007739 (sz=32, trace=302100, class=org.junit.runner.Description@500075bb)
	fChildren	5000773a
	fDisplayName	50007737
	fUniqueId	50007737
	fAnnotations	50002243
	fTestClass	50001f47
OBJ 5000773a (sz=24, trace=302010, class=java.util.ArrayList@5000004e)
	elementData	5000773b
ARR 5000773b (sz=56, trace=302101, nelems=0, elem type=java.lang.Object[]@500000a8)
OBJ 50007760 (sz=24, trace=302098, class=java.lang.String@50000096)
	value		50007761
ARR 50007761 (sz=156, trace=302099, nelems=78, elem type=char[])
OBJ 50007762 (sz=32, trace=302100, class=org.junit.runner.Description@500075bb)
	fChildren	50007763
	fDisplayName	50007760
	fUniqueId	50007760
	fAnnotations	50002245
	fTestClass	50001f47
OBJ 50007763 (sz=24, trace=302010, class=java.util.ArrayList@5000004e)
	elementData	50007764
ARR 50007764 (sz=56, trace=302101, nelems=0, elem type=java.lang.Object[]@500000a8)
OBJ 50007765 (sz=16, trace=302114, class=java.lang.Object@500000a7)
OBJ 50007767 (sz=16, trace=302115, class=java.lang.Object@500000a7)
OBJ 50007838 (sz=16, trace=302117, class=org.eclipse.jdt.internal.junit4.runner.JUnit4Identifier@50007837)
	fPlan		500076e6
ARR 50007839 (sz=2, trace=302118, nelems=1, elem type=char[])
OBJ 5000783a (sz=24, trace=302119, class=java.lang.String@50000096)
	value		50007839
OBJ 5000783b (sz=32, trace=302120, class=java.util.HashMap$Entry@5000009e)
	key		50007838
	value		5000783a
OBJ 50007848 (sz=16, trace=302133, class=org.eclipse.jdt.internal.junit4.runner.JUnit4Identifier@50007837)
	fPlan		50007710
ARR 50007849 (sz=2, trace=302134, nelems=1, elem type=char[])
OBJ 5000784a (sz=24, trace=302135, class=java.lang.String@50000096)
	value		50007849
OBJ 5000784b (sz=32, trace=302120, class=java.util.HashMap$Entry@5000009e)
	key		50007848
	value		5000784a
OBJ 50007857 (sz=16, trace=302133, class=org.eclipse.jdt.internal.junit4.runner.JUnit4Identifier@50007837)
	fPlan		50007739
ARR 50007858 (sz=2, trace=302134, nelems=1, elem type=char[])
OBJ 50007859 (sz=24, trace=302135, class=java.lang.String@50000096)
	value		50007858
OBJ 5000785a (sz=32, trace=302120, class=java.util.HashMap$Entry@5000009e)
	key		50007857
	value		50007859
OBJ 50007866 (sz=16, trace=302133, class=org.eclipse.jdt.internal.junit4.runner.JUnit4Identifier@50007837)
	fPlan		50007762
ARR 50007867 (sz=2, trace=302134, nelems=1, elem type=char[])
OBJ 50007868 (sz=24, trace=302135, class=java.lang.String@50000096)
	value		50007867
OBJ 50007869 (sz=32, trace=302120, class=java.util.HashMap$Entry@5000009e)
	key		50007866
	value		50007868
OBJ 50007875 (sz=16, trace=302144, class=java.lang.Object@500000a7)
OBJ 50007876 (sz=32, trace=300024, class=java.util.concurrent.ConcurrentHashMap$HashEntry@50000115)
	key		500014b1
	value		50007875
OBJ 50007877 (sz=16, trace=302145, class=java.lang.Object@500000a7)
OBJ 50007878 (sz=32, trace=300027, class=java.util.concurrent.ConcurrentHashMap$HashEntry@50000115)
	key		500014b1
	value		50007877
OBJ 50007948 (sz=24, trace=302147, class=org.junit.runner.notification.RunNotifier@50007947)
	fListeners	50007951
OBJ 50007949 (sz=24, trace=302148, class=java.util.ArrayList@5000004e)
	elementData	5000794a
ARR 5000794a (sz=56, trace=302149, nelems=1, elem type=java.lang.Object[]@500000a8)
	[0]		50007952
OBJ 5000794b (sz=16, trace=302150, class=java.lang.Object@500000a7)
OBJ 5000794c (sz=32, trace=300024, class=java.util.concurrent.ConcurrentHashMap$HashEntry@50000115)
	key		50001413
	value		5000794b
OBJ 5000794d (sz=16, trace=302151, class=java.lang.Object@500000a7)
OBJ 5000794e (sz=32, trace=300027, class=java.util.concurrent.ConcurrentHashMap$HashEntry@50000115)
	key		50001413
	value		5000794d
OBJ 50007951 (sz=24, trace=302153, class=java.util.Collections$SynchronizedRandomAccessList@50007950)
	c		50007949
	mutex		50007951
	list		50007949
OBJ 50007952 (sz=16, trace=302154, class=org.eclipse.jdt.internal.junit4.runner.JUnit4TestListener@5000242c)
	fNotified	50001d72
OBJ 50007953 (sz=16, trace=302155, class=java.lang.Object@500000a7)
OBJ 50007954 (sz=32, trace=300024, class=java.util.concurrent.ConcurrentHashMap$HashEntry@50000115)
	key		500014ed
	value		50007953
	next		50000d06
OBJ 50007955 (sz=16, trace=302156, class=java.lang.Object@500000a7)
OBJ 50007956 (sz=32, trace=300027, class=java.util.concurrent.ConcurrentHashMap$HashEntry@50000115)
	key		500014ed
	value		50007955
	next		50000d09
OBJ 50007a27 (sz=24, trace=302158, class=org.eclipse.jdt.internal.junit4.runner.JUnit4TestReference$1@50007a26)
	this$0		50002e7a
	val$notifier	50007948
OBJ 50007a28 (sz=16, trace=302159, class=java.lang.Object@500000a7)
OBJ 50007a29 (sz=32, trace=300024, class=java.util.concurrent.ConcurrentHashMap$HashEntry@50000115)
	key		5000148d
	value		50007a28
ARR 50007a2a (sz=144, trace=300473, nelems=32, elem type=java.util.concurrent.ConcurrentHashMap$HashEntry[]@50000116)
	[2]		500042d0
	[3]		50002e82
	[6]		50008678
	[7]		50007a2b
	[9]		50007a2c
	[10]		50000e07
	[12]		500073fc
	[14]		5000804c
	[18]		50007a29
	[20]		500087dd
	[23]		50007d39
	[25]		50000915
	[31]		50004ccb
OBJ 50007a2b (sz=32, trace=300486, class=java.util.concurrent.ConcurrentHashMap$HashEntry@50000115)
	key		50001499
	value		50007248
OBJ 50007a2c (sz=32, trace=300486, class=java.util.concurrent.ConcurrentHashMap$HashEntry@50000115)
	key		50001497
	value		50006821
OBJ 50007a2d (sz=16, trace=302160, class=java.lang.Object@500000a7)
OBJ 50007a2e (sz=32, trace=300027, class=java.util.concurrent.ConcurrentHashMap$HashEntry@50000115)
	key		5000148d
	value		50007a2d
ARR 50007a2f (sz=144, trace=300475, nelems=32, elem type=java.util.concurrent.ConcurrentHashMap$HashEntry[]@50000116)
	[2]		500042d4
	[3]		50002e84
	[6]		5000867a
	[7]		50007a30
	[9]		50007a31
	[10]		50000e0c
	[12]		500073fe
	[14]		5000804e
	[18]		50007a2e
	[20]		500087df
	[23]		50007d3b
	[25]		50000918
	[31]		50004ccd
OBJ 50007a30 (sz=32, trace=300486, class=java.util.concurrent.ConcurrentHashMap$HashEntry@50000115)
	key		50001499
	value		5000724a
OBJ 50007a31 (sz=32, trace=300486, class=java.util.concurrent.ConcurrentHashMap$HashEntry@50000115)
	key		50001497
	value		50006823
OBJ 50007b00 (sz=16, trace=302159, class=java.lang.Object@500000a7)
OBJ 50007b01 (sz=32, trace=300024, class=java.util.concurrent.ConcurrentHashMap$HashEntry@50000115)
	key		500014fd
	value		50007b00
ARR 50007b02 (sz=80, trace=300473, nelems=15, elem type=java.util.concurrent.ConcurrentHashMap$HashEntry[]@50000116)
	[0]		5000043d
	[1]		500074e5
	[3]		500048aa
	[4]		50007b01
	[5]		500048ac
	[10]		50004118
	[13]		50007b03
	[14]		50000ea3
OBJ 50007b03 (sz=32, trace=300486, class=java.util.concurrent.ConcurrentHashMap$HashEntry@50000115)
	key		500014f7
	value		50005acc
OBJ 50007b04 (sz=16, trace=302160, class=java.lang.Object@500000a7)
OBJ 50007b05 (sz=32, trace=300027, class=java.util.concurrent.ConcurrentHashMap$HashEntry@50000115)
	key		500014fd
	value		50007b04
ARR 50007b06 (sz=80, trace=300475, nelems=15, elem type=java.util.concurrent.ConcurrentHashMap$HashEntry[]@50000116)
	[0]		5000043f
	[1]		500074e7
	[3]		500048ae
	[4]		50007b05
	[5]		500048b0
	[10]		5000411a
	[13]		50007b07
	[14]		50000ea5
OBJ 50007b07 (sz=32, trace=300486, class=java.util.concurrent.ConcurrentHashMap$HashEntry@50000115)
	key		500014f7
	value		50005ace
OBJ 50007bd6 (sz=40, trace=302162, class=org.junit.runner.Result@50007aff)
OBJ 50007bd7 (sz=16, trace=302163, class=java.lang.Object@500000a7)
OBJ 50007bd8 (sz=32, trace=300024, class=java.util.concurrent.ConcurrentHashMap$HashEntry@50000115)
	key		50001489
	value		50007bd7
	next		500042d2
OBJ 50007bd9 (sz=16, trace=302164, class=java.lang.Object@500000a7)
OBJ 50007bda (sz=32, trace=300027, class=java.util.concurrent.ConcurrentHashMap$HashEntry@50000115)
	key		50001489
	value		50007bd9
	next		500042d6
OBJ 50007bdb (sz=16, trace=302165, class=java.util.concurrent.atomic.AtomicInteger@500000eb)
OBJ 50007bdc (sz=16, trace=302166, class=java.util.concurrent.atomic.AtomicInteger@500000eb)
OBJ 50007bdd (sz=24, trace=302167, class=java.util.ArrayList@5000004e)
ARR 50007bde (sz=56, trace=302168, nelems=0, elem type=java.lang.Object[]@500000a8)
OBJ 50007bdf (sz=24, trace=302169, class=java.util.Collections$SynchronizedRandomAccessList@50007950)
OBJ 50007be0 (sz=16, trace=302170, class=org.junit.runner.Result$Listener@50007bd5)
OBJ 50007c61 (sz=16, trace=302174, class=java.lang.Object@500000a7)
OBJ 50007c62 (sz=32, trace=300024, class=java.util.concurrent.ConcurrentHashMap$HashEntry@50000115)
	key		5000152d
	value		50007c61
	next		50001739
ARR 50007c63 (sz=144, trace=300473, nelems=32, elem type=java.util.concurrent.ConcurrentHashMap$HashEntry[]@50000116)
	[0]		50003b66
	[1]		50007168
	[3]		50000f0a
	[4]		50002b13
	[7]		50003a81
	[9]		500063cc
	[14]		50008722
	[15]		50007c62
	[21]		5000105f
	[23]		50007c64
	[28]		50003a7f
	[30]		500082ec
	[31]		50007c65
OBJ 50007c64 (sz=32, trace=300486, class=java.util.concurrent.ConcurrentHashMap$HashEntry@50000115)
	key		50001527
	value		50006fad
OBJ 50007c65 (sz=32, trace=300486, class=java.util.concurrent.ConcurrentHashMap$HashEntry@50000115)
	key		50001521
	value		50001736
OBJ 50007c66 (sz=16, trace=302175, class=java.lang.Object@500000a7)
OBJ 50007c67 (sz=32, trace=300027, class=java.util.concurrent.ConcurrentHashMap$HashEntry@50000115)
	key		5000152d
	value		50007c66
	next		5000173d
ARR 50007c68 (sz=144, trace=300475, nelems=32, elem type=java.util.concurrent.ConcurrentHashMap$HashEntry[]@50000116)
	[0]		50003b68
	[1]		5000716a
	[3]		50000f0f
	[4]		50002b15
	[7]		50003a85
	[9]		500063ce
	[14]		50008724
	[15]		50007c67
	[21]		50001061
	[23]		50007c69
	[28]		50003a83
	[30]		500082ee
	[31]		50007c6a
OBJ 50007c69 (sz=32, trace=300486, class=java.util.concurrent.ConcurrentHashMap$HashEntry@50000115)
	key		50001527
	value		50006faf
OBJ 50007c6a (sz=32, trace=300486, class=java.util.concurrent.ConcurrentHashMap$HashEntry@50000115)
	key		50001521
	value		5000173a
OBJ 50007d38 (sz=16, trace=300472, class=java.lang.Object@500000a7)
OBJ 50007d39 (sz=32, trace=300024, class=java.util.concurrent.ConcurrentHashMap$HashEntry@50000115)
	key		50001483
	value		50007d38
	next		500054fa
OBJ 50007d3a (sz=16, trace=300474, class=java.lang.Object@500000a7)
OBJ 50007d3b (sz=32, trace=300027, class=java.util.concurrent.ConcurrentHashMap$HashEntry@50000115)
	key		50001483
	value		50007d3a
	next		500054fc
OBJ 50007e11 (sz=16, trace=302183, class=java.lang.Object@500000a7)
OBJ 50007e12 (sz=32, trace=300024, class=java.util.concurrent.ConcurrentHashMap$HashEntry@50000115)
	key		500014b9
	value		50007e11
ARR 50007e13 (sz=144, trace=300473, nelems=31, elem type=java.util.concurrent.ConcurrentHashMap$HashEntry[]@50000116)
	[0]		50003d1b
	[5]		50004ccf
	[6]		50007e12
	[8]		5000136a
	[10]		50003d19
	[11]		50007876
	[15]		50001e6a
	[18]		50003d1c
	[19]		50004564
	[22]		500073f4
	[28]		50000277
	[29]		50004047
	[30]		50000862
OBJ 50007e14 (sz=16, trace=302184, class=java.lang.Object@500000a7)
OBJ 50007e15 (sz=32, trace=300027, class=java.util.concurrent.ConcurrentHashMap$HashEntry@50000115)
	key		500014b9
	value		50007e14
ARR 50007e16 (sz=144, trace=300475, nelems=31, elem type=java.util.concurrent.ConcurrentHashMap$HashEntry[]@50000116)
	[0]		50003d20
	[5]		50004cd1
	[6]		50007e15
	[8]		5000136c
	[10]		50003d1e
	[11]		50007878
	[15]		50001e6e
	[18]		50003d21
	[19]		50004566
	[22]		500073f6
	[28]		50000279
	[29]		50004049
	[30]		5000086d
OBJ 50007ec9 (sz=24, trace=300318, class=java.lang.String@50000096)
	value		50007eca
ARR 50007eca (sz=64, trace=300319, nelems=32, elem type=char[])
OBJ 50007ed7 (sz=56, trace=300983, class=java.lang.Package@50000c4c)
	pkgName		50007ec9
	loader		5000119e
OBJ 50007ed8 (sz=32, trace=300984, class=java.util.HashMap$Entry@5000009e)
	key		50007ec9
	value		50007ed7
OBJ 50007ee8 (sz=24, trace=300464, class=java.lang.String@50000096)
	value		50007ee9
ARR 50007ee9 (sz=64, trace=300465, nelems=32, elem type=char[])
OBJ 50007eea (sz=32, trace=300468, class=java.util.concurrent.ConcurrentHashMap$HashEntry@50000115)
	key		50007ee8
	value		500013cb
OBJ 50007ef1 (sz=32, trace=302186, class=org.junit.runner.Description@500075bb)
OBJ 50007ef2 (sz=24, trace=302010, class=java.util.ArrayList@5000004e)
ARR 50007ef3 (sz=56, trace=302016, nelems=0, elem type=java.lang.Object[]@500000a8)
OBJ 50007f19 (sz=24, trace=302098, class=java.lang.String@50000096)
ARR 50007f1a (sz=192, trace=302099, nelems=0, elem type=char[])
OBJ 50007f1b (sz=32, trace=302100, class=org.junit.runner.Description@500075bb)
OBJ 50007f1c (sz=24, trace=302010, class=java.util.ArrayList@5000004e)
ARR 50007f1d (sz=56, trace=302101, nelems=0, elem type=java.lang.Object[]@500000a8)
OBJ 50007f42 (sz=24, trace=302098, class=java.lang.String@50000096)
ARR 50007f43 (sz=168, trace=302099, nelems=0, elem type=char[])
OBJ 50007f44 (sz=32, trace=302100, class=org.junit.runner.Description@500075bb)
OBJ 50007f45 (sz=24, trace=302010, class=java.util.ArrayList@5000004e)
ARR 50007f46 (sz=56, trace=302101, nelems=0, elem type=java.lang.Object[]@500000a8)
OBJ 50007f6b (sz=24, trace=302098, class=java.lang.String@50000096)
ARR 50007f6c (sz=176, trace=302099, nelems=0, elem type=char[])
OBJ 50007f6d (sz=32, trace=302100, class=org.junit.runner.Description@500075bb)
OBJ 50007f6e (sz=24, trace=302010, class=java.util.ArrayList@5000004e)
ARR 50007f6f (sz=56, trace=302101, nelems=0, elem type=java.lang.Object[]@500000a8)
OBJ 50007f70 (sz=24, trace=302189, class=org.junit.internal.runners.model.EachTestNotifier@50007eef)
OBJ 50007f71 (sz=24, trace=302190, class=org.junit.runners.ParentRunner$2@500042c8)
OBJ 50007f72 (sz=16, trace=302191, class=java.lang.Object@500000a7)
OBJ 50007f73 (sz=32, trace=300024, class=java.util.concurrent.ConcurrentHashMap$HashEntry@50000115)
OBJ 50007f74 (sz=16, trace=302192, class=java.lang.Object@500000a7)
OBJ 50007f75 (sz=32, trace=300027, class=java.util.concurrent.ConcurrentHashMap$HashEntry@50000115)
OBJ 5000804a (sz=32, trace=302201, class=java.util.ArrayList$Itr@50001c12)
OBJ 5000804b (sz=16, trace=302202, class=java.lang.Object@500000a7)
OBJ 5000804c (sz=32, trace=300024, class=java.util.concurrent.ConcurrentHashMap$HashEntry@50000115)
	key		5000148f
	value		5000804b
OBJ 5000804d (sz=16, trace=302203, class=java.lang.Object@500000a7)
OBJ 5000804e (sz=32, trace=300027, class=java.util.concurrent.ConcurrentHashMap$HashEntry@50000115)
	key		5000148f
	value		5000804d
OBJ 50008147 (sz=16, trace=302208, class=java.lang.Object@500000a7)
OBJ 50008148 (sz=32, trace=300024, class=java.util.concurrent.ConcurrentHashMap$HashEntry@50000115)
	key		50001449
	value		50008147
ARR 50008149 (sz=144, trace=300473, nelems=31, elem type=java.util.concurrent.ConcurrentHashMap$HashEntry[]@50000116)
	[0]		50004bf7
	[2]		500087e6
	[3]		500032b5
	[6]		50004a52
	[8]		50008148
	[9]		500036f0
	[14]		5000154f
	[18]		500037c1
	[20]		50001c3d
	[23]		500052aa
	[27]		5000117d
	[28]		500032b6
	[30]		500006c8
OBJ 5000814a (sz=16, trace=302209, class=java.lang.Object@500000a7)
OBJ 5000814b (sz=32, trace=300027, class=java.util.concurrent.ConcurrentHashMap$HashEntry@50000115)
	key		50001449
	value		5000814a
ARR 5000814c (sz=144, trace=300475, nelems=31, elem type=java.util.concurrent.ConcurrentHashMap$HashEntry[]@50000116)
	[0]		50004bf9
	[2]		500087e8
	[3]		500032bb
	[6]		50004a54
	[8]		5000814b
	[9]		500036f2
	[14]		50001552
	[18]		500037c3
	[20]		50001c3f
	[23]		500052ac
	[27]		50001182
	[28]		500032bc
	[30]		500006ca
OBJ 50008219 (sz=16, trace=300472, class=java.lang.Object@500000a7)
OBJ 5000821a (sz=32, trace=300024, class=java.util.concurrent.ConcurrentHashMap$HashEntry@50000115)
	key		50001407
	value		50008219
	next		500041f6
OBJ 5000821b (sz=16, trace=300474, class=java.lang.Object@500000a7)
OBJ 5000821c (sz=32, trace=300027, class=java.util.concurrent.ConcurrentHashMap$HashEntry@50000115)
	key		50001407
	value		5000821b
	next		500041fb
OBJ 500082eb (sz=16, trace=302208, class=java.lang.Object@500000a7)
OBJ 500082ec (sz=32, trace=300024, class=java.util.concurrent.ConcurrentHashMap$HashEntry@50000115)
	key		50001523
	value		500082eb
OBJ 500082ed (sz=16, trace=302209, class=java.lang.Object@500000a7)
OBJ 500082ee (sz=32, trace=300027, class=java.util.concurrent.ConcurrentHashMap$HashEntry@50000115)
	key		50001523
	value		500082ed
OBJ 500082f1 (sz=72, trace=301160, class=java.lang.reflect.Constructor@5000006e)
OBJ 500082f3 (sz=24, trace=300089, class=sun.reflect.NativeConstructorAccessorImpl@50000123)
OBJ 500082f4 (sz=16, trace=300090, class=sun.reflect.DelegatingConstructorAccessorImpl@500000a5)
OBJ 500082ff (sz=16, trace=302223, class=java.lang.Object@500000a7)
OBJ 50008300 (sz=32, trace=300024, class=java.util.concurrent.ConcurrentHashMap$HashEntry@50000115)
	key		500014d1
	value		500082ff
	next		50004b25
OBJ 50008301 (sz=16, trace=302224, class=java.lang.Object@500000a7)
OBJ 50008302 (sz=32, trace=300027, class=java.util.concurrent.ConcurrentHashMap$HashEntry@50000115)
	key		500014d1
	value		50008301
	next		50004b27
OBJ 500083d5 (sz=16, trace=302231, class=java.lang.Object@500000a7)
OBJ 500083d6 (sz=32, trace=300024, class=java.util.concurrent.ConcurrentHashMap$HashEntry@50000115)
	key		50001561
	value		500083d5
OBJ 500083d7 (sz=16, trace=302232, class=java.lang.Object@500000a7)
OBJ 500083d8 (sz=32, trace=300027, class=java.util.concurrent.ConcurrentHashMap$HashEntry@50000115)
	key		50001561
	value		500083d7
OBJ 500084b6 (sz=16, trace=302249, class=java.lang.Object@500000a7)
OBJ 500084b7 (sz=32, trace=300024, class=java.util.concurrent.ConcurrentHashMap$HashEntry@50000115)
	key		50001573
	value		500084b6
OBJ 500084b8 (sz=16, trace=302250, class=java.lang.Object@500000a7)
OBJ 500084b9 (sz=32, trace=300027, class=java.util.concurrent.ConcurrentHashMap$HashEntry@50000115)
	key		50001573
	value		500084b8
OBJ 50008589 (sz=24, trace=301280, class=sun.reflect.NativeMethodAccessorImpl@5000563d)
	method		500052a2
	parent		5000858a
OBJ 5000858a (sz=16, trace=301282, class=sun.reflect.DelegatingMethodAccessorImpl@5000563f)
	delegate	50008589
OBJ 5000858d (sz=24, trace=301280, class=sun.reflect.NativeMethodAccessorImpl@5000563d)
	method		500052a4
	parent		5000858e
OBJ 5000858e (sz=16, trace=301282, class=sun.reflect.DelegatingMethodAccessorImpl@5000563f)
	delegate	5000858d
OBJ 5000858f (sz=16, trace=302255, class=java.lang.Object@500000a7)
OBJ 50008590 (sz=32, trace=300024, class=java.util.concurrent.ConcurrentHashMap$HashEntry@50000115)
	key		5000142e
	value		5000858f
OBJ 50008591 (sz=16, trace=302256, class=java.lang.Object@500000a7)
OBJ 50008592 (sz=32, trace=300027, class=java.util.concurrent.ConcurrentHashMap$HashEntry@50000115)
	key		5000142e
	value		50008591
OBJ 50008631 (sz=32, trace=300346, class=java.security.CodeSource@500000c0)
	location	50001e97
OBJ 50008632 (sz=32, trace=300372, class=java.security.Permissions@50000c6d)
	permsMap	50008633
OBJ 50008633 (sz=56, trace=300373, class=java.util.HashMap@5000010b)
	table		50008634
ARR 50008634 (sz=80, trace=300374, nelems=13, elem type=java.util.HashMap$Entry[]@5000009f)
	[7]		50008663
	[12]		50008668
OBJ 5000864d (sz=24, trace=300403, class=java.lang.String@50000096)
	value		5000864e
ARR 5000864e (sz=210, trace=300404, nelems=105, elem type=char[])
OBJ 5000864f (sz=32, trace=300405, class=java.io.FilePermission@50000ca0)
	name		5000864d
	cpath		5000865e
OBJ 50008653 (sz=24, trace=300408, class=java.lang.String@50000096)
	value		5000865b
ARR 5000865b (sz=210, trace=300409, nelems=105, elem type=char[])
OBJ 5000865c (sz=24, trace=300410, class=java.io.ExpiringCache$Entry@5000008b)
	val		50008653
OBJ 5000865d (sz=40, trace=300411, class=java.util.LinkedHashMap$Entry@5000010e)
	key		5000864d
	value		5000865c
	before		50001f2b
	after		5000896d
OBJ 5000865e (sz=24, trace=300412, class=java.lang.String@50000096)
	value		5000865f
ARR 5000865f (sz=208, trace=300413, nelems=104, elem type=char[])
OBJ 50008660 (sz=24, trace=300425, class=java.io.FilePermissionCollection@50000cbb)
	perms		50008661
OBJ 50008661 (sz=24, trace=300426, class=java.util.ArrayList@5000004e)
	elementData	50008662
ARR 50008662 (sz=56, trace=300427, nelems=1, elem type=java.lang.Object[]@500000a8)
	[0]		5000864f
OBJ 50008663 (sz=32, trace=300428, class=java.util.HashMap$Entry@5000009e)
	key		50000ca0
	value		50008660
OBJ 50008664 (sz=24, trace=300431, class=java.lang.RuntimePermission@50000111)
	name		50001232
	path		50001233
OBJ 50008665 (sz=32, trace=300456, class=java.security.BasicPermissionCollection@50000cd1)
	perms		50008666
	permClass	50000111
OBJ 50008666 (sz=56, trace=300457, class=java.util.HashMap@5000010b)
	table		50008667
ARR 50008667 (sz=80, trace=300458, nelems=14, elem type=java.util.HashMap$Entry[]@5000009f)
	[13]		50008669
OBJ 50008668 (sz=32, trace=300428, class=java.util.HashMap$Entry@5000009e)
	key		50000111
	value		50008665
OBJ 50008669 (sz=32, trace=300459, class=java.util.HashMap$Entry@5000009e)
	key		50001234
	value		50008664
OBJ 5000866a (sz=40, trace=300460, class=java.security.ProtectionDomain@5000011f)
	codesource	50008631
	classloader	5000119e
	principals	5000866c
	permissions	50008632
	key		5000866b
OBJ 5000866b (sz=16, trace=300461, class=java.security.ProtectionDomain$Key@500000f2)
	this$0		5000866a
ARR 5000866c (sz=16, trace=300462, nelems=0, elem type=java.security.Principal[]@50000106)
OBJ 5000866d (sz=32, trace=300463, class=java.util.HashMap$Entry@5000009e)
	key		50008631
	value		5000866a
OBJ 50008674 (sz=32, trace=300477, class=java.util.HashMap$Entry@5000009e)
	key		5000866a
	value		50001808
	next		5000227b
OBJ 50008677 (sz=16, trace=302262, class=java.lang.Object@500000a7)
OBJ 50008678 (sz=32, trace=300024, class=java.util.concurrent.ConcurrentHashMap$HashEntry@50000115)
	key		5000149b
	value		50008677
OBJ 50008679 (sz=16, trace=302263, class=java.lang.Object@500000a7)
OBJ 5000867a (sz=32, trace=300027, class=java.util.concurrent.ConcurrentHashMap$HashEntry@50000115)
	key		5000149b
	value		50008679
OBJ 50008721 (sz=16, trace=300472, class=java.lang.Object@500000a7)
OBJ 50008722 (sz=32, trace=300024, class=java.util.concurrent.ConcurrentHashMap$HashEntry@50000115)
	key		50001531
	value		50008721
	next		500074d6
OBJ 50008723 (sz=16, trace=300474, class=java.lang.Object@500000a7)
OBJ 50008724 (sz=32, trace=300027, class=java.util.concurrent.ConcurrentHashMap$HashEntry@50000115)
	key		50001531
	value		50008723
	next		500074d8
OBJ 500087cb (sz=16, trace=302262, class=java.lang.Object@500000a7)
OBJ 500087cd (sz=16, trace=302263, class=java.lang.Object@500000a7)
ARR 500087d1 (sz=56, trace=302265, nelems=10, elem type=com.emc.vipr.transform.compression.LZMAOutputStream$LzmaProfile[]@500087d0)
	[0]		500087d2
	[1]		500087d3
	[2]		500087d4
	[3]		500087d5
	[4]		500087d6
	[5]		500087d7
	[6]		500087d8
	[7]		500087d9
	[8]		500087da
	[9]		500087db
OBJ 500087d2 (sz=40, trace=302266, class=com.emc.vipr.transform.compression.LZMAOutputStream$LzmaProfile@50008675)
OBJ 500087d3 (sz=40, trace=302267, class=com.emc.vipr.transform.compression.LZMAOutputStream$LzmaProfile@50008675)
OBJ 500087d4 (sz=40, trace=302268, class=com.emc.vipr.transform.compression.LZMAOutputStream$LzmaProfile@50008675)
OBJ 500087d5 (sz=40, trace=302269, class=com.emc.vipr.transform.compression.LZMAOutputStream$LzmaProfile@50008675)
OBJ 500087d6 (sz=40, trace=302270, class=com.emc.vipr.transform.compression.LZMAOutputStream$LzmaProfile@50008675)
OBJ 500087d7 (sz=40, trace=302271, class=com.emc.vipr.transform.compression.LZMAOutputStream$LzmaProfile@50008675)
OBJ 500087d8 (sz=40, trace=302272, class=com.emc.vipr.transform.compression.LZMAOutputStream$LzmaProfile@50008675)
OBJ 500087d9 (sz=40, trace=302273, class=com.emc.vipr.transform.compression.LZMAOutputStream$LzmaProfile@50008675)
OBJ 500087da (sz=40, trace=302274, class=com.emc.vipr.transform.compression.LZMAOutputStream$LzmaProfile@50008675)
OBJ 500087db (sz=40, trace=302275, class=com.emc.vipr.transform.compression.LZMAOutputStream$LzmaProfile@50008675)
OBJ 500087dc (sz=16, trace=302276, class=java.lang.Object@500000a7)
OBJ 500087dd (sz=32, trace=300024, class=java.util.concurrent.ConcurrentHashMap$HashEntry@50000115)
	key		50001487
	value		500087dc
	next		50007bd8
OBJ 500087de (sz=16, trace=302277, class=java.lang.Object@500000a7)
OBJ 500087df (sz=32, trace=300027, class=java.util.concurrent.ConcurrentHashMap$HashEntry@50000115)
	key		50001487
	value		500087de
	next		50007bda
OBJ 500087e0 (sz=48, trace=302278, class=java.lang.ThreadGroup@50000001)
	parent		500011b6
	name		50001e96
	threads		500023eb
ARR 500087e1 (sz=32, trace=302279, nelems=1, elem type=java.lang.ThreadGroup[]@50000002)
	[0]		500087e0
OBJ 500087e5 (sz=16, trace=302283, class=java.lang.Object@500000a7)
OBJ 500087e6 (sz=32, trace=300024, class=java.util.concurrent.ConcurrentHashMap$HashEntry@50000115)
	key		50001458
	value		500087e5
OBJ 500087e7 (sz=16, trace=302284, class=java.lang.Object@500000a7)
OBJ 500087e8 (sz=32, trace=300027, class=java.util.concurrent.ConcurrentHashMap$HashEntry@50000115)
	key		50001458
	value		500087e7
OBJ 500088c3 (sz=24, trace=302205, class=org.junit.runners.ParentRunner$3@5000811c)
OBJ 500088e8 (sz=24, trace=302098, class=java.lang.String@50000096)
ARR 500088e9 (sz=168, trace=302099, nelems=0, elem type=char[])
OBJ 500088ea (sz=32, trace=302207, class=org.junit.runner.Description@500075bb)
OBJ 500088eb (sz=24, trace=302010, class=java.util.ArrayList@5000004e)
ARR 500088ec (sz=56, trace=302101, nelems=0, elem type=java.lang.Object[]@500000a8)
OBJ 500088f0 (sz=16, trace=302213, class=com.emc.vipr.transform.compression.LZMAOutputStreamTest@50001f47)
OBJ 500088f1 (sz=24, trace=302214, class=org.junit.internal.runners.statements.InvokeMethod@500048a8)
OBJ 500088f2 (sz=24, trace=302215, class=org.junit.internal.runners.statements.RunBefores@50004562)
OBJ 500088fe (sz=24, trace=302230, class=org.junit.internal.runners.model.EachTestNotifier@50007eef)
OBJ 5000890c (sz=32, trace=302247, class=java.util.ArrayList$Itr@50001c12)
ARR 5000890f (sz=16, trace=302253, nelems=0, elem type=java.lang.Object[]@500000a8)
OBJ 50008910 (sz=24, trace=302254, class=org.junit.runners.model.FrameworkMethod$1@50008587)
OBJ 50008911 (sz=24, trace=301280, class=sun.reflect.NativeMethodAccessorImpl@5000563d)
	method		500052a5
	parent		50008912
OBJ 50008912 (sz=16, trace=301282, class=sun.reflect.DelegatingMethodAccessorImpl@5000563f)
	delegate	50008911
OBJ 50008913 (sz=16, trace=302297, class=java.lang.Object@500000a7)
OBJ 50008914 (sz=32, trace=300024, class=java.util.concurrent.ConcurrentHashMap$HashEntry@50000115)
	key		50001565
	value		50008913
	next		500067ff
ARR 50008915 (sz=144, trace=300473, nelems=32, elem type=java.util.concurrent.ConcurrentHashMap$HashEntry[]@50000116)
	[2]		500073f8
	[3]		50001c6f
	[6]		500038a2
	[8]		50001ad7
	[9]		500084b7
	[12]		50001c6d
	[17]		50004635
	[19]		50008916
	[20]		50007096
	[23]		50008914
	[31]		50000f18
OBJ 50008916 (sz=32, trace=300486, class=java.util.concurrent.ConcurrentHashMap$HashEntry@50000115)
	key		5000156d
	value		50007765
OBJ 50008917 (sz=16, trace=302298, class=java.lang.Object@500000a7)
OBJ 50008918 (sz=32, trace=300027, class=java.util.concurrent.ConcurrentHashMap$HashEntry@50000115)
	key		50001565
	value		50008917
	next		50006801
ARR 50008919 (sz=144, trace=300475, nelems=32, elem type=java.util.concurrent.ConcurrentHashMap$HashEntry[]@50000116)
	[2]		500073fa
	[3]		50001c73
	[6]		500038a4
	[8]		50001ad9
	[9]		500084b9
	[12]		50001c71
	[17]		50004637
	[19]		5000891a
	[20]		50007098
	[23]		50008918
	[31]		50000f1d
OBJ 5000891a (sz=32, trace=300486, class=java.util.concurrent.ConcurrentHashMap$HashEntry@50000115)
	key		5000156d
	value		50007767
OBJ 5000891f (sz=24, trace=302303, class=java.lang.String@50000096)
ARR 50008920 (sz=144, trace=302304, nelems=0, elem type=char[])
OBJ 5000893d (sz=24, trace=302312, class=java.lang.String@50000096)
	value		5000893e
ARR 5000893e (sz=150, trace=302313, nelems=75, elem type=char[])
OBJ 50008946 (sz=24, trace=302321, class=java.lang.String@50000096)
	value		50008947
ARR 50008947 (sz=142, trace=302322, nelems=71, elem type=char[])
OBJ 5000896a (sz=24, trace=302345, class=java.lang.String@50000096)
	value		5000896b
ARR 5000896b (sz=142, trace=300409, nelems=71, elem type=char[])
OBJ 5000896c (sz=24, trace=302346, class=java.io.ExpiringCache$Entry@5000008b)
	val		5000896a
OBJ 5000896d (sz=40, trace=300411, class=java.util.LinkedHashMap$Entry@5000010e)
	key		50008946
	value		5000896c
	before		5000865d
	after		50008aef
OBJ 50008985 (sz=24, trace=302355, class=java.lang.String@50000096)
	value		50008986
ARR 50008986 (sz=18, trace=302356, nelems=9, elem type=char[])
OBJ 50008987 (sz=24, trace=302355, class=java.lang.String@50000096)
	value		50008988
ARR 50008988 (sz=18, trace=302356, nelems=9, elem type=char[])
OBJ 5000898b (sz=24, trace=302359, class=java.io.File@500000ec)
	path		50008990
OBJ 50008990 (sz=24, trace=302362, class=java.lang.String@50000096)
	value		50008991
ARR 50008991 (sz=164, trace=302363, nelems=82, elem type=char[])
OBJ 50008992 (sz=24, trace=302364, class=sun.misc.MetaIndex@500000ce)
	contents	50001e2a
OBJ 50008994 (sz=32, trace=302366, class=java.util.HashMap$Entry@5000009e)
	key		5000898b
	value		50008992
OBJ 50008997 (sz=24, trace=302355, class=java.lang.String@50000096)
	value		50008998
ARR 50008998 (sz=108, trace=302356, nelems=54, elem type=char[])
OBJ 50008999 (sz=24, trace=302355, class=java.lang.String@50000096)
	value		5000899a
ARR 5000899a (sz=14, trace=302356, nelems=7, elem type=char[])
OBJ 5000899b (sz=24, trace=302355, class=java.lang.String@50000096)
	value		5000899c
ARR 5000899c (sz=14, trace=302356, nelems=7, elem type=char[])
OBJ 5000899d (sz=24, trace=302355, class=java.lang.String@50000096)
	value		5000899e
ARR 5000899e (sz=12, trace=302356, nelems=6, elem type=char[])
OBJ 500089a1 (sz=24, trace=302359, class=java.io.File@500000ec)
	path		500089a6
OBJ 500089a6 (sz=24, trace=302362, class=java.lang.String@50000096)
	value		500089a7
ARR 500089a7 (sz=168, trace=302363, nelems=84, elem type=char[])
OBJ 500089a8 (sz=24, trace=302364, class=sun.misc.MetaIndex@500000ce)
	contents	50001df2
OBJ 500089aa (sz=32, trace=302366, class=java.util.HashMap$Entry@5000009e)
	key		500089a1
	value		500089a8
OBJ 500089ad (sz=24, trace=302355, class=java.lang.String@50000096)
	value		500089ae
ARR 500089ae (sz=24, trace=302356, nelems=12, elem type=char[])
OBJ 500089af (sz=24, trace=302355, class=java.lang.String@50000096)
	value		500089b0
ARR 500089b0 (sz=24, trace=302356, nelems=12, elem type=char[])
OBJ 500089b1 (sz=24, trace=302355, class=java.lang.String@50000096)
	value		500089b2
ARR 500089b2 (sz=42, trace=302356, nelems=21, elem type=char[])
OBJ 500089b3 (sz=24, trace=302355, class=java.lang.String@50000096)
	value		500089b4
ARR 500089b4 (sz=40, trace=302356, nelems=20, elem type=char[])
OBJ 500089b7 (sz=24, trace=302359, class=java.io.File@500000ec)
	path		500089bc
OBJ 500089bc (sz=24, trace=302362, class=java.lang.String@50000096)
	value		500089bd
ARR 500089bd (sz=158, trace=302363, nelems=79, elem type=char[])
OBJ 500089be (sz=24, trace=302364, class=sun.misc.MetaIndex@500000ce)
	contents	50001dfc
OBJ 500089c0 (sz=32, trace=302366, class=java.util.HashMap$Entry@5000009e)
	key		500089b7
	value		500089be
OBJ 500089c3 (sz=24, trace=302355, class=java.lang.String@50000096)
	value		500089c4
ARR 500089c4 (sz=30, trace=302356, nelems=15, elem type=char[])
OBJ 500089c5 (sz=24, trace=302355, class=java.lang.String@50000096)
	value		500089c6
ARR 500089c6 (sz=22, trace=302356, nelems=11, elem type=char[])
OBJ 500089c9 (sz=24, trace=302359, class=java.io.File@500000ec)
	path		500089ce
OBJ 500089ce (sz=24, trace=302362, class=java.lang.String@50000096)
	value		500089cf
ARR 500089cf (sz=158, trace=302363, nelems=79, elem type=char[])
OBJ 500089d0 (sz=24, trace=302364, class=sun.misc.MetaIndex@500000ce)
	contents	50001e27
OBJ 500089d2 (sz=32, trace=302366, class=java.util.HashMap$Entry@5000009e)
	key		500089c9
	value		500089d0
OBJ 500089d5 (sz=24, trace=302355, class=java.lang.String@50000096)
	value		500089d6
ARR 500089d6 (sz=24, trace=302356, nelems=12, elem type=char[])
OBJ 500089d7 (sz=24, trace=302355, class=java.lang.String@50000096)
	value		500089d8
ARR 500089d8 (sz=24, trace=302356, nelems=12, elem type=char[])
OBJ 500089db (sz=24, trace=302359, class=java.io.File@500000ec)
	path		500089e0
OBJ 500089e0 (sz=24, trace=302362, class=java.lang.String@50000096)
	value		500089e1
ARR 500089e1 (sz=160, trace=302363, nelems=80, elem type=char[])
OBJ 500089e2 (sz=24, trace=302364, class=sun.misc.MetaIndex@500000ce)
	contents	50001e26
OBJ 500089e4 (sz=32, trace=302366, class=java.util.HashMap$Entry@5000009e)
	key		500089db
	value		500089e2
	next		500089d2
OBJ 500089eb (sz=24, trace=302355, class=java.lang.String@50000096)
	value		500089ec
ARR 500089ec (sz=54, trace=302356, nelems=27, elem type=char[])
OBJ 500089ed (sz=24, trace=302355, class=java.lang.String@50000096)
	value		500089ee
ARR 500089ee (sz=96, trace=302356, nelems=48, elem type=char[])
OBJ 500089ef (sz=24, trace=302355, class=java.lang.String@50000096)
	value		500089f0
ARR 500089f0 (sz=28, trace=302356, nelems=14, elem type=char[])
OBJ 500089f1 (sz=24, trace=302355, class=java.lang.String@50000096)
	value		500089f2
ARR 500089f2 (sz=108, trace=302356, nelems=54, elem type=char[])
OBJ 500089f3 (sz=24, trace=302355, class=java.lang.String@50000096)
	value		500089f4
ARR 500089f4 (sz=18, trace=302356, nelems=9, elem type=char[])
OBJ 500089f5 (sz=24, trace=302355, class=java.lang.String@50000096)
	value		500089f6
ARR 500089f6 (sz=106, trace=302356, nelems=53, elem type=char[])
OBJ 500089f7 (sz=24, trace=302355, class=java.lang.String@50000096)
	value		500089f8
ARR 500089f8 (sz=22, trace=302356, nelems=11, elem type=char[])
OBJ 500089f9 (sz=24, trace=302355, class=java.lang.String@50000096)
	value		500089fa
ARR 500089fa (sz=114, trace=302356, nelems=57, elem type=char[])
OBJ 500089fb (sz=24, trace=302355, class=java.lang.String@50000096)
	value		500089fc
ARR 500089fc (sz=114, trace=302356, nelems=57, elem type=char[])
OBJ 500089fd (sz=24, trace=302355, class=java.lang.String@50000096)
	value		500089fe
ARR 500089fe (sz=14, trace=302356, nelems=7, elem type=char[])
OBJ 500089ff (sz=24, trace=302355, class=java.lang.String@50000096)
	value		50008a00
ARR 50008a00 (sz=114, trace=302356, nelems=57, elem type=char[])
OBJ 50008a02 (sz=24, trace=302355, class=java.lang.String@50000096)
	value		50008a03
ARR 50008a03 (sz=32, trace=302356, nelems=16, elem type=char[])
OBJ 50008a04 (sz=24, trace=302355, class=java.lang.String@50000096)
	value		50008a05
ARR 50008a05 (sz=38, trace=302356, nelems=19, elem type=char[])
OBJ 50008a06 (sz=24, trace=302355, class=java.lang.String@50000096)
	value		50008a07
ARR 50008a07 (sz=98, trace=302356, nelems=49, elem type=char[])
OBJ 50008a08 (sz=24, trace=302355, class=java.lang.String@50000096)
	value		50008a09
ARR 50008a09 (sz=14, trace=302356, nelems=7, elem type=char[])
OBJ 50008a0a (sz=24, trace=302355, class=java.lang.String@50000096)
	value		50008a0b
ARR 50008a0b (sz=106, trace=302356, nelems=53, elem type=char[])
OBJ 50008a0d (sz=24, trace=302355, class=java.lang.String@50000096)
	value		50008a0e
ARR 50008a0e (sz=14, trace=302356, nelems=7, elem type=char[])
OBJ 50008a0f (sz=24, trace=302355, class=java.lang.String@50000096)
	value		50008a10
ARR 50008a10 (sz=18, trace=302356, nelems=9, elem type=char[])
OBJ 50008a11 (sz=24, trace=302355, class=java.lang.String@50000096)
	value		50008a12
ARR 50008a12 (sz=100, trace=302356, nelems=50, elem type=char[])
OBJ 50008a13 (sz=24, trace=302355, class=java.lang.String@50000096)
	value		50008a14
ARR 50008a14 (sz=30, trace=302356, nelems=15, elem type=char[])
OBJ 50008a15 (sz=24, trace=302355, class=java.lang.String@50000096)
	value		50008a16
ARR 50008a16 (sz=110, trace=302356, nelems=55, elem type=char[])
OBJ 50008a17 (sz=24, trace=302355, class=java.lang.String@50000096)
	value		50008a18
ARR 50008a18 (sz=18, trace=302356, nelems=9, elem type=char[])
OBJ 50008a19 (sz=24, trace=302355, class=java.lang.String@50000096)
	value		50008a1a
ARR 50008a1a (sz=16, trace=302356, nelems=8, elem type=char[])
OBJ 50008a1c (sz=24, trace=302355, class=java.lang.String@50000096)
	value		50008a1d
ARR 50008a1d (sz=18, trace=302356, nelems=9, elem type=char[])
OBJ 50008a1e (sz=24, trace=302355, class=java.lang.String@50000096)
	value		50008a1f
ARR 50008a1f (sz=110, trace=302356, nelems=55, elem type=char[])
OBJ 50008a20 (sz=24, trace=302355, class=java.lang.String@50000096)
	value		50008a21
ARR 50008a21 (sz=74, trace=302356, nelems=37, elem type=char[])
OBJ 50008a22 (sz=24, trace=302355, class=java.lang.String@50000096)
	value		50008a23
ARR 50008a23 (sz=102, trace=302356, nelems=51, elem type=char[])
OBJ 50008a24 (sz=24, trace=302355, class=java.lang.String@50000096)
	value		50008a25
ARR 50008a25 (sz=38, trace=302356, nelems=19, elem type=char[])
OBJ 50008a26 (sz=24, trace=302355, class=java.lang.String@50000096)
	value		50008a27
ARR 50008a27 (sz=26, trace=302356, nelems=13, elem type=char[])
OBJ 50008a28 (sz=24, trace=302355, class=java.lang.String@50000096)
	value		50008a29
ARR 50008a29 (sz=24, trace=302356, nelems=12, elem type=char[])
OBJ 50008a2a (sz=24, trace=302355, class=java.lang.String@50000096)
	value		50008a2b
ARR 50008a2b (sz=24, trace=302356, nelems=12, elem type=char[])
OBJ 50008a2c (sz=24, trace=302355, class=java.lang.String@50000096)
	value		50008a2d
ARR 50008a2d (sz=132, trace=302356, nelems=66, elem type=char[])
OBJ 50008a30 (sz=24, trace=302359, class=java.io.File@500000ec)
	path		50008a35
OBJ 50008a35 (sz=24, trace=302362, class=java.lang.String@50000096)
	value		50008a36
ARR 50008a36 (sz=170, trace=302363, nelems=85, elem type=char[])
OBJ 50008a37 (sz=24, trace=302364, class=sun.misc.MetaIndex@500000ce)
	contents	50001e29
OBJ 50008a39 (sz=32, trace=302366, class=java.util.HashMap$Entry@5000009e)
	key		50008a30
	value		50008a37
	next		50008994
OBJ 50008a3c (sz=24, trace=302355, class=java.lang.String@50000096)
	value		50008a3d
ARR 50008a3d (sz=54, trace=302356, nelems=27, elem type=char[])
OBJ 50008a3e (sz=24, trace=302355, class=java.lang.String@50000096)
	value		50008a3f
ARR 50008a3f (sz=10, trace=302356, nelems=5, elem type=char[])
OBJ 50008a40 (sz=24, trace=302355, class=java.lang.String@50000096)
	value		50008a41
ARR 50008a41 (sz=18, trace=302356, nelems=9, elem type=char[])
OBJ 50008a42 (sz=24, trace=302355, class=java.lang.String@50000096)
	value		50008a43
ARR 50008a43 (sz=28, trace=302356, nelems=14, elem type=char[])
OBJ 50008a44 (sz=24, trace=302355, class=java.lang.String@50000096)
	value		50008a45
ARR 50008a45 (sz=32, trace=302356, nelems=16, elem type=char[])
OBJ 50008a46 (sz=24, trace=302355, class=java.lang.String@50000096)
	value		50008a47
ARR 50008a47 (sz=30, trace=302356, nelems=15, elem type=char[])
OBJ 50008a48 (sz=24, trace=302355, class=java.lang.String@50000096)
	value		50008a49
ARR 50008a49 (sz=42, trace=302356, nelems=21, elem type=char[])
OBJ 50008a4a (sz=24, trace=302355, class=java.lang.String@50000096)
	value		50008a4b
ARR 50008a4b (sz=28, trace=302356, nelems=14, elem type=char[])
OBJ 50008a4c (sz=24, trace=302355, class=java.lang.String@50000096)
	value		50008a4d
ARR 50008a4d (sz=28, trace=302356, nelems=14, elem type=char[])
OBJ 50008a4e (sz=24, trace=302355, class=java.lang.String@50000096)
	value		50008a4f
ARR 50008a4f (sz=24, trace=302356, nelems=12, elem type=char[])
OBJ 50008a50 (sz=24, trace=302355, class=java.lang.String@50000096)
	value		50008a51
ARR 50008a51 (sz=38, trace=302356, nelems=19, elem type=char[])
OBJ 50008a52 (sz=24, trace=302355, class=java.lang.String@50000096)
	value		50008a53
ARR 50008a53 (sz=8, trace=302356, nelems=4, elem type=char[])
OBJ 50008a54 (sz=24, trace=302355, class=java.lang.String@50000096)
	value		50008a55
ARR 50008a55 (sz=36, trace=302356, nelems=18, elem type=char[])
OBJ 50008a56 (sz=24, trace=302355, class=java.lang.String@50000096)
	value		50008a57
ARR 50008a57 (sz=24, trace=302356, nelems=12, elem type=char[])
OBJ 50008a58 (sz=24, trace=302355, class=java.lang.String@50000096)
	value		50008a59
ARR 50008a59 (sz=26, trace=302356, nelems=13, elem type=char[])
OBJ 50008a5a (sz=24, trace=302355, class=java.lang.String@50000096)
	value		50008a5b
ARR 50008a5b (sz=38, trace=302356, nelems=19, elem type=char[])
OBJ 50008a5c (sz=24, trace=302355, class=java.lang.String@50000096)
	value		50008a5d
ARR 50008a5d (sz=30, trace=302356, nelems=15, elem type=char[])
OBJ 50008a5e (sz=24, trace=302355, class=java.lang.String@50000096)
	value		50008a5f
ARR 50008a5f (sz=32, trace=302356, nelems=16, elem type=char[])
OBJ 50008a60 (sz=24, trace=302355, class=java.lang.String@50000096)
	value		50008a61
ARR 50008a61 (sz=24, trace=302356, nelems=12, elem type=char[])
OBJ 50008a62 (sz=24, trace=302355, class=java.lang.String@50000096)
	value		50008a63
ARR 50008a63 (sz=24, trace=302356, nelems=12, elem type=char[])
OBJ 50008a64 (sz=24, trace=302355, class=java.lang.String@50000096)
	value		50008a65
ARR 50008a65 (sz=16, trace=302356, nelems=8, elem type=char[])
OBJ 50008a66 (sz=24, trace=302355, class=java.lang.String@50000096)
	value		50008a67
ARR 50008a67 (sz=28, trace=302356, nelems=14, elem type=char[])
OBJ 50008a68 (sz=24, trace=302355, class=java.lang.String@50000096)
	value		50008a69
ARR 50008a69 (sz=38, trace=302356, nelems=19, elem type=char[])
OBJ 50008a6a (sz=24, trace=302355, class=java.lang.String@50000096)
	value		50008a6b
ARR 50008a6b (sz=20, trace=302356, nelems=10, elem type=char[])
OBJ 50008a6c (sz=24, trace=302355, class=java.lang.String@50000096)
	value		50008a6d
ARR 50008a6d (sz=30, trace=302356, nelems=15, elem type=char[])
OBJ 50008a6e (sz=24, trace=302355, class=java.lang.String@50000096)
	value		50008a6f
ARR 50008a6f (sz=24, trace=302356, nelems=12, elem type=char[])
OBJ 50008a70 (sz=24, trace=302355, class=java.lang.String@50000096)
	value		50008a71
ARR 50008a71 (sz=30, trace=302356, nelems=15, elem type=char[])
OBJ 50008a72 (sz=24, trace=302355, class=java.lang.String@50000096)
	value		50008a73
ARR 50008a73 (sz=16, trace=302356, nelems=8, elem type=char[])
OBJ 50008a74 (sz=24, trace=302355, class=java.lang.String@50000096)
	value		50008a75
ARR 50008a75 (sz=30, trace=302356, nelems=15, elem type=char[])
OBJ 50008a76 (sz=24, trace=302355, class=java.lang.String@50000096)
	value		50008a77
ARR 50008a77 (sz=30, trace=302356, nelems=15, elem type=char[])
OBJ 50008a78 (sz=24, trace=302355, class=java.lang.String@50000096)
	value		50008a79
ARR 50008a79 (sz=16, trace=302356, nelems=8, elem type=char[])
OBJ 50008a7a (sz=24, trace=302355, class=java.lang.String@50000096)
	value		50008a7b
ARR 50008a7b (sz=16, trace=302356, nelems=8, elem type=char[])
OBJ 50008a7c (sz=24, trace=302355, class=java.lang.String@50000096)
	value		50008a7d
ARR 50008a7d (sz=34, trace=302356, nelems=17, elem type=char[])
OBJ 50008a7e (sz=24, trace=302355, class=java.lang.String@50000096)
	value		50008a7f
ARR 50008a7f (sz=28, trace=302356, nelems=14, elem type=char[])
OBJ 50008a81 (sz=24, trace=302355, class=java.lang.String@50000096)
	value		50008a82
ARR 50008a82 (sz=20, trace=302356, nelems=10, elem type=char[])
OBJ 50008a83 (sz=24, trace=302355, class=java.lang.String@50000096)
	value		50008a84
ARR 50008a84 (sz=16, trace=302356, nelems=8, elem type=char[])
OBJ 50008a85 (sz=24, trace=302355, class=java.lang.String@50000096)
	value		50008a86
ARR 50008a86 (sz=24, trace=302356, nelems=12, elem type=char[])
OBJ 50008a87 (sz=24, trace=302355, class=java.lang.String@50000096)
	value		50008a88
ARR 50008a88 (sz=22, trace=302356, nelems=11, elem type=char[])
OBJ 50008a89 (sz=24, trace=302355, class=java.lang.String@50000096)
	value		50008a8a
ARR 50008a8a (sz=38, trace=302356, nelems=19, elem type=char[])
OBJ 50008a8b (sz=24, trace=302355, class=java.lang.String@50000096)
	value		50008a8c
ARR 50008a8c (sz=34, trace=302356, nelems=17, elem type=char[])
OBJ 50008a8d (sz=24, trace=302355, class=java.lang.String@50000096)
	value		50008a8e
ARR 50008a8e (sz=26, trace=302356, nelems=13, elem type=char[])
OBJ 50008a8f (sz=24, trace=302355, class=java.lang.String@50000096)
	value		50008a90
ARR 50008a90 (sz=20, trace=302356, nelems=10, elem type=char[])
OBJ 50008a91 (sz=24, trace=302355, class=java.lang.String@50000096)
	value		50008a92
ARR 50008a92 (sz=44, trace=302356, nelems=22, elem type=char[])
OBJ 50008a93 (sz=24, trace=302355, class=java.lang.String@50000096)
	value		50008a94
ARR 50008a94 (sz=24, trace=302356, nelems=12, elem type=char[])
OBJ 50008a95 (sz=24, trace=302355, class=java.lang.String@50000096)
	value		50008a96
ARR 50008a96 (sz=12, trace=302356, nelems=6, elem type=char[])
OBJ 50008a98 (sz=24, trace=302368, class=java.io.File@500000ec)
	path		50008a9d
OBJ 50008a9d (sz=24, trace=302371, class=java.lang.String@50000096)
	value		50008a9e
ARR 50008a9e (sz=156, trace=302372, nelems=78, elem type=char[])
OBJ 50008a9f (sz=24, trace=302373, class=sun.misc.MetaIndex@500000ce)
	contents	50001e28
OBJ 50008aa1 (sz=32, trace=302375, class=java.util.HashMap$Entry@5000009e)
	key		50008a98
	value		50008a9f
OBJ 50008ae6 (sz=24, trace=302381, class=java.lang.String@50000096)
	value		50008ae7
ARR 50008ae7 (sz=170, trace=302382, nelems=85, elem type=char[])
OBJ 50008aec (sz=24, trace=302385, class=java.lang.String@50000096)
	value		50008aed
ARR 50008aed (sz=170, trace=302386, nelems=85, elem type=char[])
OBJ 50008aee (sz=24, trace=302387, class=java.io.ExpiringCache$Entry@5000008b)
	val		50008ae6
OBJ 50008aef (sz=40, trace=300411, class=java.util.LinkedHashMap$Entry@5000010e)
	key		50008aec
	value		50008aee
	before		5000896d
	after		50008b0b
OBJ 50008af3 (sz=24, trace=302391, class=java.lang.String@50000096)
	value		50008af4
ARR 50008af4 (sz=170, trace=302392, nelems=85, elem type=char[])
OBJ 50008af8 (sz=64, trace=302394, class=java.net.URL@50000071)
	protocol	500015bb
	host		500011ca
	file		50008af3
	authority	500011ca
	path		50008af3
	handler		500015ba
OBJ 50008b02 (sz=24, trace=302381, class=java.lang.String@50000096)
	value		50008b03
ARR 50008b03 (sz=156, trace=302382, nelems=78, elem type=char[])
OBJ 50008b08 (sz=24, trace=302385, class=java.lang.String@50000096)
	value		50008b09
ARR 50008b09 (sz=156, trace=302386, nelems=78, elem type=char[])
OBJ 50008b0a (sz=24, trace=302387, class=java.io.ExpiringCache$Entry@5000008b)
	val		50008b02
OBJ 50008b0b (sz=40, trace=300411, class=java.util.LinkedHashMap$Entry@5000010e)
	key		50008b08
	value		50008b0a
	before		50008aef
	after		50008b27
OBJ 50008b0f (sz=24, trace=302391, class=java.lang.String@50000096)
	value		50008b10
ARR 50008b10 (sz=156, trace=302392, nelems=78, elem type=char[])
OBJ 50008b14 (sz=64, trace=302394, class=java.net.URL@50000071)
	protocol	500015bb
	host		500011ca
	file		50008b0f
	authority	500011ca
	path		50008b0f
	handler		500015ba
OBJ 50008b1e (sz=24, trace=302381, class=java.lang.String@50000096)
	value		50008b1f
ARR 50008b1f (sz=172, trace=302382, nelems=86, elem type=char[])
OBJ 50008b24 (sz=24, trace=302385, class=java.lang.String@50000096)
	value		50008b25
ARR 50008b25 (sz=172, trace=302386, nelems=86, elem type=char[])
OBJ 50008b26 (sz=24, trace=302387, class=java.io.ExpiringCache$Entry@5000008b)
	val		50008b1e
OBJ 50008b27 (sz=40, trace=300411, class=java.util.LinkedHashMap$Entry@5000010e)
	key		50008b24
	value		50008b26
	before		50008b0b
	after		50008b43
OBJ 50008b2b (sz=24, trace=302391, class=java.lang.String@50000096)
	value		50008b2c
ARR 50008b2c (sz=172, trace=302392, nelems=86, elem type=char[])
OBJ 50008b30 (sz=64, trace=302394, class=java.net.URL@50000071)
	protocol	500015bb
	host		500011ca
	file		50008b2b
	authority	500011ca
	path		50008b2b
	handler		500015ba
OBJ 50008b3a (sz=24, trace=302381, class=java.lang.String@50000096)
	value		50008b3b
ARR 50008b3b (sz=160, trace=302382, nelems=80, elem type=char[])
OBJ 50008b40 (sz=24, trace=302385, class=java.lang.String@50000096)
	value		50008b41
ARR 50008b41 (sz=160, trace=302386, nelems=80, elem type=char[])
OBJ 50008b42 (sz=24, trace=302387, class=java.io.ExpiringCache$Entry@5000008b)
	val		50008b3a
OBJ 50008b43 (sz=40, trace=300411, class=java.util.LinkedHashMap$Entry@5000010e)
	key		50008b40
	value		50008b42
	before		50008b27
	after		50008b5f
OBJ 50008b47 (sz=24, trace=302391, class=java.lang.String@50000096)
	value		50008b48
ARR 50008b48 (sz=160, trace=302392, nelems=80, elem type=char[])
OBJ 50008b4c (sz=64, trace=302394, class=java.net.URL@50000071)
	protocol	500015bb
	host		500011ca
	file		50008b47
	authority	500011ca
	path		50008b47
	handler		500015ba
OBJ 50008b56 (sz=24, trace=302381, class=java.lang.String@50000096)
	value		50008b57
ARR 50008b57 (sz=158, trace=302382, nelems=79, elem type=char[])
OBJ 50008b5c (sz=24, trace=302385, class=java.lang.String@50000096)
	value		50008b5d
ARR 50008b5d (sz=158, trace=302386, nelems=79, elem type=char[])
OBJ 50008b5e (sz=24, trace=302387, class=java.io.ExpiringCache$Entry@5000008b)
	val		50008b56
OBJ 50008b5f (sz=40, trace=300411, class=java.util.LinkedHashMap$Entry@5000010e)
	key		50008b5c
	value		50008b5e
	before		50008b43
	after		50008b7b
OBJ 50008b63 (sz=24, trace=302391, class=java.lang.String@50000096)
	value		50008b64
ARR 50008b64 (sz=158, trace=302392, nelems=79, elem type=char[])
OBJ 50008b68 (sz=64, trace=302394, class=java.net.URL@50000071)
	protocol	500015bb
	host		500011ca
	file		50008b63
	authority	500011ca
	path		50008b63
	handler		500015ba
OBJ 50008b72 (sz=24, trace=302381, class=java.lang.String@50000096)
	value		50008b73
ARR 50008b73 (sz=168, trace=302382, nelems=84, elem type=char[])
OBJ 50008b78 (sz=24, trace=302385, class=java.lang.String@50000096)
	value		50008b79
ARR 50008b79 (sz=168, trace=302386, nelems=84, elem type=char[])
OBJ 50008b7a (sz=24, trace=302387, class=java.io.ExpiringCache$Entry@5000008b)
	val		50008b72
OBJ 50008b7b (sz=40, trace=300411, class=java.util.LinkedHashMap$Entry@5000010e)
	key		50008b78
	value		50008b7a
	next		500015fa
	before		50008b5f
	after		50008b97
OBJ 50008b7f (sz=24, trace=302391, class=java.lang.String@50000096)
	value		50008b80
ARR 50008b80 (sz=168, trace=302392, nelems=84, elem type=char[])
OBJ 50008b84 (sz=64, trace=302394, class=java.net.URL@50000071)
	protocol	500015bb
	host		500011ca
	file		50008b7f
	authority	500011ca
	path		50008b7f
	handler		500015ba
OBJ 50008b8e (sz=24, trace=302381, class=java.lang.String@50000096)
	value		50008b8f
ARR 50008b8f (sz=158, trace=302382, nelems=79, elem type=char[])
OBJ 50008b94 (sz=24, trace=302385, class=java.lang.String@50000096)
	value		50008b95
ARR 50008b95 (sz=158, trace=302386, nelems=79, elem type=char[])
OBJ 50008b96 (sz=24, trace=302387, class=java.io.ExpiringCache$Entry@5000008b)
	val		50008b8e
OBJ 50008b97 (sz=40, trace=300411, class=java.util.LinkedHashMap$Entry@5000010e)
	key		50008b94
	value		50008b96
	before		50008b7b
	after		50008bb3
OBJ 50008b9b (sz=24, trace=302391, class=java.lang.String@50000096)
	value		50008b9c
ARR 50008b9c (sz=158, trace=302392, nelems=79, elem type=char[])
OBJ 50008ba0 (sz=64, trace=302394, class=java.net.URL@50000071)
	protocol	500015bb
	host		500011ca
	file		50008b9b
	authority	500011ca
	path		50008b9b
	handler		500015ba
OBJ 50008baa (sz=24, trace=302381, class=java.lang.String@50000096)
	value		50008bab
ARR 50008bab (sz=162, trace=302382, nelems=81, elem type=char[])
OBJ 50008bb0 (sz=24, trace=302385, class=java.lang.String@50000096)
	value		50008bb1
ARR 50008bb1 (sz=162, trace=302386, nelems=81, elem type=char[])
OBJ 50008bb2 (sz=24, trace=302387, class=java.io.ExpiringCache$Entry@5000008b)
	val		50008baa
OBJ 50008bb3 (sz=40, trace=300411, class=java.util.LinkedHashMap$Entry@5000010e)
	key		50008bb0
	value		50008bb2
	before		50008b97
	after		50008bc4
OBJ 50008bb7 (sz=24, trace=302391, class=java.lang.String@50000096)
	value		50008bb8
ARR 50008bb8 (sz=162, trace=302392, nelems=81, elem type=char[])
OBJ 50008bbc (sz=64, trace=302394, class=java.net.URL@50000071)
	protocol	500015bb
	host		500011ca
	file		50008bb7
	authority	500011ca
	path		50008bb7
	handler		500015ba
OBJ 50008bc1 (sz=24, trace=302345, class=java.lang.String@50000096)
	value		50008bc2
ARR 50008bc2 (sz=150, trace=300409, nelems=75, elem type=char[])
OBJ 50008bc3 (sz=24, trace=302396, class=java.io.ExpiringCache$Entry@5000008b)
	val		50008bc1
OBJ 50008bc4 (sz=40, trace=300411, class=java.util.LinkedHashMap$Entry@5000010e)
	key		5000893d
	value		50008bc3
	before		50008bb3
	after		500015e1
OBJ 50008bce (sz=24, trace=302391, class=java.lang.String@50000096)
	value		50008bcf
ARR 50008bcf (sz=150, trace=302392, nelems=75, elem type=char[])
OBJ 50008bd3 (sz=64, trace=302394, class=java.net.URL@50000071)
	protocol	500015bb
	host		500011ca
	file		50008bce
	authority	500011ca
	path		50008bce
	handler		500015ba
OBJ 50008bd5 (sz=40, trace=302398, class=sun.misc.URLClassPath@500000f6)
	path		50008bd6
	urls		50008bd8
	loaders		50008bda
	lmap		50008bdc
	jarHandler	50008be3
OBJ 50008bd6 (sz=24, trace=302399, class=java.util.ArrayList@5000004e)
	elementData	50008bd7
ARR 50008bd7 (sz=56, trace=302400, nelems=9, elem type=java.lang.Object[]@500000a8)
	[0]		50008af8
	[1]		50008b14
	[2]		50008b30
	[3]		50008b4c
	[4]		50008b68
	[5]		50008b84
	[6]		50008ba0
	[7]		50008bbc
	[8]		50008bd3
OBJ 50008bd8 (sz=32, trace=302401, class=java.util.Stack@50000026)
	elementData	50008bd9
ARR 50008bd9 (sz=56, trace=302402, nelems=0, elem type=java.lang.Object[]@500000a8)
OBJ 50008bda (sz=24, trace=302403, class=java.util.ArrayList@5000004e)
	elementData	50008bdb
ARR 50008bdb (sz=56, trace=302404, nelems=7, elem type=java.lang.Object[]@500000a8)
	[0]		50008bf6
	[1]		50008c0e
	[2]		50008c44
	[3]		50008c5c
	[4]		50008c74
	[5]		50008c8c
	[6]		50008ca4
OBJ 50008bdc (sz=56, trace=302405, class=java.util.HashMap@5000010b)
	table		50008bdd
ARR 50008bdd (sz=80, trace=302406, nelems=16, elem type=java.util.HashMap$Entry[]@5000009f)
	[2]		50008c61
	[3]		50008c13
	[6]		50008c79
	[14]		50008c91
	[15]		50008d1e
OBJ 50008be3 (sz=16, trace=302412, class=sun.net.www.protocol.jar.Handler@50000079)
OBJ 50008be7 (sz=24, trace=302415, class=java.lang.String@50000096)
	value		50008be8
ARR 50008be8 (sz=184, trace=300039, nelems=92, elem type=char[])
OBJ 50008bf2 (sz=24, trace=300054, class=java.lang.String@50000096)
	value		50008bf3
ARR 50008bf3 (sz=184, trace=300055, nelems=92, elem type=char[])
OBJ 50008bf4 (sz=64, trace=300056, class=java.net.URL@50000071)
	protocol	5000187d
	host		500011ca
	file		50008bf2
	authority	500011ca
	path		50008bf2
	handler		50008be3
OBJ 50008bf6 (sz=48, trace=300058, class=sun.misc.URLClassPath$JarLoader@500001ac)
	base		50008bf4
	csu		50008af8
	metaIndex	50008a37
	handler		50008be3
	lmap		50008bdc
OBJ 50008bfb (sz=32, trace=300061, class=java.util.HashMap$Entry@5000009e)
	key		50008be7
	value		50008bf6
OBJ 50008bff (sz=24, trace=302415, class=java.lang.String@50000096)
	value		50008c00
ARR 50008c00 (sz=170, trace=300039, nelems=85, elem type=char[])
OBJ 50008c0a (sz=24, trace=300054, class=java.lang.String@50000096)
	value		50008c0b
ARR 50008c0b (sz=170, trace=300055, nelems=85, elem type=char[])
OBJ 50008c0c (sz=64, trace=300056, class=java.net.URL@50000071)
	protocol	5000187d
	host		500011ca
	file		50008c0a
	authority	500011ca
	path		50008c0a
	handler		50008be3
OBJ 50008c0e (sz=48, trace=300058, class=sun.misc.URLClassPath$JarLoader@500001ac)
	base		50008c0c
	csu		50008b14
	metaIndex	50008a9f
	handler		50008be3
	lmap		50008bdc
OBJ 50008c13 (sz=32, trace=300061, class=java.util.HashMap$Entry@5000009e)
	key		50008bff
	value		50008c0e
OBJ 50008c35 (sz=24, trace=302415, class=java.lang.String@50000096)
	value		50008c36
ARR 50008c36 (sz=174, trace=300039, nelems=87, elem type=char[])
OBJ 50008c40 (sz=24, trace=300054, class=java.lang.String@50000096)
	value		50008c41
ARR 50008c41 (sz=174, trace=300055, nelems=87, elem type=char[])
OBJ 50008c42 (sz=64, trace=300056, class=java.net.URL@50000071)
	protocol	5000187d
	host		500011ca
	file		50008c40
	authority	500011ca
	path		50008c40
	handler		50008be3
OBJ 50008c44 (sz=48, trace=300058, class=sun.misc.URLClassPath$JarLoader@500001ac)
	base		50008c42
	csu		50008b4c
	metaIndex	500089e2
	handler		50008be3
	lmap		50008bdc
OBJ 50008c49 (sz=32, trace=300061, class=java.util.HashMap$Entry@5000009e)
	key		50008c35
	value		50008c44
OBJ 50008c4d (sz=24, trace=302415, class=java.lang.String@50000096)
	value		50008c4e
ARR 50008c4e (sz=172, trace=300039, nelems=86, elem type=char[])
OBJ 50008c58 (sz=24, trace=300054, class=java.lang.String@50000096)
	value		50008c59
ARR 50008c59 (sz=172, trace=300055, nelems=86, elem type=char[])
OBJ 50008c5a (sz=64, trace=300056, class=java.net.URL@50000071)
	protocol	5000187d
	host		500011ca
	file		50008c58
	authority	500011ca
	path		50008c58
	handler		50008be3
OBJ 50008c5c (sz=48, trace=300058, class=sun.misc.URLClassPath$JarLoader@500001ac)
	base		50008c5a
	csu		50008b68
	metaIndex	500089be
	handler		50008be3
	lmap		50008bdc
OBJ 50008c61 (sz=32, trace=300061, class=java.util.HashMap$Entry@5000009e)
	key		50008c4d
	value		50008c5c
	next		50008c49
OBJ 50008c65 (sz=24, trace=302415, class=java.lang.String@50000096)
	value		50008c66
ARR 50008c66 (sz=182, trace=300039, nelems=91, elem type=char[])
OBJ 50008c70 (sz=24, trace=300054, class=java.lang.String@50000096)
	value		50008c71
ARR 50008c71 (sz=182, trace=300055, nelems=91, elem type=char[])
OBJ 50008c72 (sz=64, trace=300056, class=java.net.URL@50000071)
	protocol	5000187d
	host		500011ca
	file		50008c70
	authority	500011ca
	path		50008c70
	handler		50008be3
OBJ 50008c74 (sz=48, trace=300058, class=sun.misc.URLClassPath$JarLoader@500001ac)
	base		50008c72
	csu		50008b84
	metaIndex	500089a8
	handler		50008be3
	lmap		50008bdc
OBJ 50008c79 (sz=32, trace=300061, class=java.util.HashMap$Entry@5000009e)
	key		50008c65
	value		50008c74
OBJ 50008c7d (sz=24, trace=302415, class=java.lang.String@50000096)
	value		50008c7e
ARR 50008c7e (sz=172, trace=300039, nelems=86, elem type=char[])
OBJ 50008c88 (sz=24, trace=300054, class=java.lang.String@50000096)
	value		50008c89
ARR 50008c89 (sz=172, trace=300055, nelems=86, elem type=char[])
OBJ 50008c8a (sz=64, trace=300056, class=java.net.URL@50000071)
	protocol	5000187d
	host		500011ca
	file		50008c88
	authority	500011ca
	path		50008c88
	handler		50008be3
OBJ 50008c8c (sz=48, trace=300058, class=sun.misc.URLClassPath$JarLoader@500001ac)
	base		50008c8a
	csu		50008ba0
	metaIndex	500089d0
	handler		50008be3
	lmap		50008bdc
OBJ 50008c91 (sz=32, trace=300061, class=java.util.HashMap$Entry@5000009e)
	key		50008c7d
	value		50008c8c
OBJ 50008ca0 (sz=24, trace=300054, class=java.lang.String@50000096)
	value		50008ca1
ARR 50008ca1 (sz=176, trace=300055, nelems=88, elem type=char[])
OBJ 50008ca2 (sz=64, trace=300056, class=java.net.URL@50000071)
	protocol	5000187d
	host		500011ca
	file		50008ca0
	authority	500011ca
	path		50008ca0
	handler		50008be3
OBJ 50008ca4 (sz=48, trace=300058, class=sun.misc.URLClassPath$JarLoader@500001ac)
	base		50008ca2
	jar		50008cad
	csu		50008bbc
	index		50008ccd
	handler		50008be3
	lmap		50008bdc
OBJ 50008cad (sz=64, trace=300100, class=java.util.jar.JarFile@50000258)
	name		50008bb7
	zc		50008cb5
	streams		50008caf
	inflaterCache	50008cb3
OBJ 50008cae (sz=40, trace=300101, class=java.lang.ref.Finalizer@50000107)
	referent	50008cad
	queue		50001194
	next		50001b8b
	prev		50008cc5
OBJ 50008caf (sz=56, trace=300102, class=java.util.WeakHashMap@50000074)
	table		50008cb2
	queue		50008cb0
OBJ 50008cb0 (sz=32, trace=300103, class=java.lang.ref.ReferenceQueue@50000117)
	lock		50008cb1
	head		50008ccc
OBJ 50008cb1 (sz=16, trace=300104, class=java.lang.ref.ReferenceQueue$Lock@50000020)
ARR 50008cb2 (sz=80, trace=300105, nelems=13, elem type=java.util.WeakHashMap$Entry[]@50000039)
	[12]		50008ccc
OBJ 50008cb3 (sz=24, trace=300107, class=java.util.ArrayDeque@500002b1)
	elements	50008cb4
ARR 50008cb4 (sz=80, trace=300108, nelems=0, elem type=java.lang.Object[]@500000a8)
OBJ 50008cb5 (sz=32, trace=300110, class=java.util.zip.ZipCoder@500002b4)
	cs		50001886
	enc		50008cb9
ARR 50008cb8 (sz=1, trace=300131, nelems=1, elem type=byte[])
OBJ 50008cb9 (sz=48, trace=300132, class=sun.nio.cs.UTF_8$Encoder@50000016)
	charset		50001886
	replacement	50008cb8
	malformedInputAction	50001dcc
	unmappableCharacterAction	50001dcc
OBJ 50008cc4 (sz=32, trace=300151, class=java.util.zip.Inflater@500002ed)
	zsRef		50008cc6
	buf		50008ccb
OBJ 50008cc5 (sz=40, trace=300152, class=java.lang.ref.Finalizer@50000107)
	referent	50008cc4
	queue		50001194
	next		50008cae
	prev		50008db9
OBJ 50008cc6 (sz=24, trace=300154, class=java.util.zip.ZStreamRef@500002f1)
ARR 50008ccb (sz=147, trace=300159, nelems=147, elem type=byte[])
OBJ 50008ccc (sz=40, trace=300160, class=java.util.WeakHashMap$Entry@50000038)
	queue		50001715
	next		50008ccc
	value		50008cc4
OBJ 50008ccd (sz=24, trace=300161, class=sun.misc.JarIndex@500002d6)
	indexMap	50008cce
	jarMap		50008cd0
	jarFiles	50008d0f
OBJ 50008cce (sz=56, trace=300162, class=java.util.HashMap@5000010b)
	table		50008ccf
ARR 50008ccf (sz=80, trace=300163, nelems=15, elem type=java.util.HashMap$Entry[]@5000009f)
	[1]		50008d04
	[3]		50008cf8
	[8]		50008d0a
	[13]		50008cfe
	[14]		50008cf2
OBJ 50008cd0 (sz=56, trace=300164, class=java.util.HashMap@5000010b)
	table		50008cd1
ARR 50008cd1 (sz=80, trace=300165, nelems=3, elem type=java.util.HashMap$Entry[]@5000009f)
	[2]		50008ced
ARR 50008cd6 (sz=24, trace=300168, nelems=2, elem type=java.lang.Object[]@500000a8)
	[0]		50001888
	[1]		50001886
OBJ 50008ce4 (sz=24, trace=300178, class=java.lang.String@50000096)
	value		50008ce5
ARR 50008ce5 (sz=18, trace=300179, nelems=9, elem type=char[])
OBJ 50008ce6 (sz=24, trace=300180, class=java.lang.String@50000096)
	value		50008ce7
ARR 50008ce7 (sz=6, trace=300181, nelems=3, elem type=char[])
OBJ 50008ce8 (sz=32, trace=300183, class=java.util.LinkedList@50000317)
	first		50008ce9
	last		50008ce9
OBJ 50008ce9 (sz=24, trace=300185, class=java.util.LinkedList$Node@50000319)
	item		50008ce4
OBJ 50008cea (sz=32, trace=300186, class=java.util.HashMap$Entry@5000009e)
	key		50008ce6
	value		50008ce8
OBJ 50008ceb (sz=32, trace=300187, class=java.util.LinkedList@50000317)
	first		50008cec
	last		50008d0b
OBJ 50008cec (sz=24, trace=300188, class=java.util.LinkedList$Node@50000319)
	item		50008ce6
	next		50008cf3
OBJ 50008ced (sz=32, trace=300189, class=java.util.HashMap$Entry@5000009e)
	key		50008ce4
	value		50008ceb
OBJ 50008cee (sz=24, trace=300180, class=java.lang.String@50000096)
	value		50008cef
ARR 50008cef (sz=18, trace=300181, nelems=9, elem type=char[])
OBJ 50008cf0 (sz=32, trace=300183, class=java.util.LinkedList@50000317)
	first		50008cf1
	last		50008cf1
OBJ 50008cf1 (sz=24, trace=300185, class=java.util.LinkedList$Node@50000319)
	item		50008ce4
OBJ 50008cf2 (sz=32, trace=300186, class=java.util.HashMap$Entry@5000009e)
	key		50008cee
	value		50008cf0
OBJ 50008cf3 (sz=24, trace=300190, class=java.util.LinkedList$Node@50000319)
	item		50008cee
	next		50008cf9
	prev		50008cec
OBJ 50008cf4 (sz=24, trace=300180, class=java.lang.String@50000096)
	value		50008cf5
ARR 50008cf5 (sz=30, trace=300181, nelems=15, elem type=char[])
OBJ 50008cf6 (sz=32, trace=300183, class=java.util.LinkedList@50000317)
	first		50008cf7
	last		50008cf7
OBJ 50008cf7 (sz=24, trace=300185, class=java.util.LinkedList$Node@50000319)
	item		50008ce4
OBJ 50008cf8 (sz=32, trace=300186, class=java.util.HashMap$Entry@5000009e)
	key		50008cf4
	value		50008cf6
	next		50008cea
OBJ 50008cf9 (sz=24, trace=300190, class=java.util.LinkedList$Node@50000319)
	item		50008cf4
	next		50008cff
	prev		50008cf3
OBJ 50008cfa (sz=24, trace=300180, class=java.lang.String@50000096)
	value		50008cfb
ARR 50008cfb (sz=44, trace=300181, nelems=22, elem type=char[])
OBJ 50008cfc (sz=32, trace=300183, class=java.util.LinkedList@50000317)
	first		50008cfd
	last		50008cfd
OBJ 50008cfd (sz=24, trace=300185, class=java.util.LinkedList$Node@50000319)
	item		50008ce4
OBJ 50008cfe (sz=32, trace=300186, class=java.util.HashMap$Entry@5000009e)
	key		50008cfa
	value		50008cfc
OBJ 50008cff (sz=24, trace=300190, class=java.util.LinkedList$Node@50000319)
	item		50008cfa
	next		50008d05
	prev		50008cf9
OBJ 50008d00 (sz=24, trace=300180, class=java.lang.String@50000096)
	value		50008d01
ARR 50008d01 (sz=60, trace=300181, nelems=30, elem type=char[])
OBJ 50008d02 (sz=32, trace=300183, class=java.util.LinkedList@50000317)
	first		50008d03
	last		50008d03
OBJ 50008d03 (sz=24, trace=300185, class=java.util.LinkedList$Node@50000319)
	item		50008ce4
OBJ 50008d04 (sz=32, trace=300186, class=java.util.HashMap$Entry@5000009e)
	key		50008d00
	value		50008d02
OBJ 50008d05 (sz=24, trace=300190, class=java.util.LinkedList$Node@50000319)
	item		50008d00
	next		50008d0b
	prev		50008cff
OBJ 50008d06 (sz=24, trace=300180, class=java.lang.String@50000096)
	value		50008d07
ARR 50008d07 (sz=52, trace=300181, nelems=26, elem type=char[])
OBJ 50008d08 (sz=32, trace=300183, class=java.util.LinkedList@50000317)
	first		50008d09
	last		50008d09
OBJ 50008d09 (sz=24, trace=300185, class=java.util.LinkedList$Node@50000319)
	item		50008ce4
OBJ 50008d0a (sz=32, trace=300186, class=java.util.HashMap$Entry@5000009e)
	key		50008d06
	value		50008d08
OBJ 50008d0b (sz=24, trace=300190, class=java.util.LinkedList$Node@50000319)
	item		50008d06
	prev		50008d05
ARR 50008d0f (sz=24, trace=300191, nelems=1, elem type=java.lang.String[]@50000097)
	[0]		50008ce4
OBJ 50008d1c (sz=24, trace=300203, class=java.lang.String@50000096)
	value		50008d1d
ARR 50008d1d (sz=176, trace=300204, nelems=88, elem type=char[])
OBJ 50008d1e (sz=32, trace=300205, class=java.util.HashMap$Entry@5000009e)
	key		50008d1c
	value		50008ca4
	next		50008bfb
OBJ 50008db8 (sz=32, trace=302443, class=java.io.FileInputStream@50000015)
	fd		50008dbb
	closeLock	50008dba
OBJ 50008db9 (sz=40, trace=300148, class=java.lang.ref.Finalizer@50000107)
	referent	50008db8
	queue		50001194
	next		50008cc5
	prev		50001133
OBJ 50008dba (sz=16, trace=302444, class=java.lang.Object@500000a7)
OBJ 50008dbb (sz=24, trace=302445, class=java.io.FileDescriptor@500000c9)
	useCount	50008dbc
OBJ 50008dbc (sz=16, trace=302446, class=java.util.concurrent.atomic.AtomicInteger@500000eb)
OBJ 50008dbe (sz=40, trace=302447, class=java.io.BufferedInputStream@5000012a)
	in		50008db8
	buf		50008dbf
ARR 50008dbf (sz=8192, trace=302448, nelems=8192, elem type=byte[])
OBJ 50008dc3 (sz=16, trace=302451, class=sun.net.DefaultProgressMeteringPolicy@50008dc2)
OBJ 50008dc4 (sz=24, trace=302452, class=sun.net.ProgressMonitor@50008dc0)
	progressSourceList	50008dc5
	progressListenerList	50008dc7
OBJ 50008dc5 (sz=24, trace=302453, class=java.util.ArrayList@5000004e)
	elementData	50008dc6
ARR 50008dc6 (sz=56, trace=302454, nelems=0, elem type=java.lang.Object[]@500000a8)
OBJ 50008dc7 (sz=24, trace=302455, class=java.util.ArrayList@5000004e)
	elementData	50008dc8
ARR 50008dc8 (sz=56, trace=302456, nelems=0, elem type=java.lang.Object[]@500000a8)
OBJ 50008dca (sz=40, trace=302458, class=java.util.WeakHashMap$Entry@50000038)
	referent	50008dbe
	queue		50001fcb
OBJ 50008dcb (sz=24, trace=302459, class=java.io.ByteArrayOutputStream@5000220a)
ARR 50008dcd (sz=4112, trace=302461, nelems=0, elem type=byte[])
ARR 50008dce (sz=3608, trace=302462, nelems=0, elem type=byte[])
ARR 50008dcf (sz=3608, trace=302463, nelems=0, elem type=byte[])
OBJ 50008dd6 (sz=16, trace=302468, class=java.lang.Object@500000a7)
OBJ 50008dd7 (sz=32, trace=300024, class=java.util.concurrent.ConcurrentHashMap$HashEntry@50000115)
	key		500013f0
	value		50008dd6
	next		5000397b
OBJ 50008dd8 (sz=16, trace=302469, class=java.lang.Object@500000a7)
OBJ 50008dd9 (sz=32, trace=300027, class=java.util.concurrent.ConcurrentHashMap$HashEntry@50000115)
	key		500013f0
	value		50008dd8
	next		5000397d
CLS 500000a7 (name=java.lang.Object, trace=300000)
	constant pool entry 80	5000012d
	constant pool entry 46	5000001b
	constant pool entry 43	50001011
	constant pool entry 36	50006e65
	constant pool entry 18	500000a7
	constant pool entry 14	500011c3
	constant pool entry 11	500011c2
	constant pool entry 6	500011db
CLS 50000001 (name=java.lang.ThreadGroup, trace=300000)
	super		500000a7
	constant pool entry 276	5000012d
	constant pool entry 184	5000003a
	constant pool entry 75	500000a7
	constant pool entry 46	50000083
	constant pool entry 44	50000001
	constant pool entry 3	50001713
CLS 50000002 (name=java.lang.ThreadGroup[], trace=300000)
	super		500000a7
CLS 50000003 (name=sun.reflect.ConstructorAccessor, trace=300000)
CLS 50000004 (name=java.lang.AbstractStringBuilder, trace=300000)
	super		500000a7
	constant pool entry 305	5000012d
	constant pool entry 220	500000e7
	constant pool entry 216	5000016a
	constant pool entry 184	500000ee
	constant pool entry 91	500000a7
	constant pool entry 90	50000004
	constant pool entry 28	50000096
CLS 5000001b (name=java.lang.Throwable, trace=300000)
	super		500000a7
	static UNASSIGNED_STACK	500011bf
	static SUPPRESSED_SENTINEL	500011be
	static NULL_CAUSE_MESSAGE	500011bb
	static SELF_SUPPRESSION_MESSAGE	500011bc
	static CAUSE_CAPTION	500011ba
	static SUPPRESSED_CAPTION	500011b9
	static EMPTY_THROWABLE_ARRAY	500011bd
	constant pool entry 332	5000012d
	constant pool entry 214	5000006d
	constant pool entry 201	50000080
	constant pool entry 92	500000a7
	constant pool entry 79	500011bc
	constant pool entry 78	500011bb
	constant pool entry 77	5000001b
	constant pool entry 72	5000004e
	constant pool entry 64	5000000a
	constant pool entry 44	500011ba
	constant pool entry 40	500011b9
CLS 5000006b (name=java.lang.Error, trace=300000)
	super		5000001b
	constant pool entry 7	5000001b
CLS 50000005 (name=java.lang.VirtualMachineError, trace=300000)
	super		5000006b
CLS 50000006 (name=java.lang.VirtualMachineError[], trace=300000)
	super		500000a7
CLS 50000007 (name=sun.misc.JavaIOFileDescriptorAccess, trace=300000)
CLS 50000008 (name=java.security.cert.Certificate, trace=300000)
	super		500000a7
CLS 50000009 (name=java.security.cert.Certificate[], trace=300000)
	super		500000a7
CLS 5000000a (name=java.lang.StackTraceElement, trace=300000)
	super		500000a7
CLS 5000000b (name=java.lang.StackTraceElement[], trace=300000)
	super		500000a7
CLS 5000000c (name=sun.misc.Hashing$Holder, trace=300000)
	super		500000a7
	static SEED_MAKER	50001667
	static LANG_ACCESS	5000127f
	constant pool entry 48	50000019
	constant pool entry 43	50000145
	constant pool entry 39	5000003a
	constant pool entry 36	500000da
	constant pool entry 34	50000103
	constant pool entry 18	5000000c
	constant pool entry 5	50000077
	constant pool entry 2	50000044
CLS 500000ad (name=java.io.Reader, trace=300000)
	super		500000a7
	constant pool entry 20	500000a7
	constant pool entry 19	500000ad
CLS 5000000d (name=java.io.BufferedReader, trace=300000)
	super		500000ad
	constant pool entry 161	5000012d
	constant pool entry 43	500000ad
	constant pool entry 42	5000000d
	constant pool entry 30	50000096
CLS 5000000e (name=java.util.concurrent.ConcurrentMap, trace=300000)
CLS 5000000f (name=java.util.Locale, trace=300000)
	super		500000a7
	static LOCALECACHE	50001210
	static ENGLISH	5000120f
	static FRENCH	5000120e
	static GERMAN	5000120d
	static ITALIAN	5000120c
	static JAPANESE	5000120b
	static KOREAN	5000120a
	static CHINESE	50001209
	static SIMPLIFIED_CHINESE	50001203
	static TRADITIONAL_CHINESE	50001202
	static FRANCE	50001208
	static GERMANY	50001207
	static ITALY	50001206
	static JAPAN	50001205
	static KOREA	50001204
	static CHINA	50001203
	static PRC	50001203
	static TAIWAN	50001202
	static UK	50001201
	static US	500011fd
	static CANADA	50001200
	static CANADA_FRENCH	500011ff
	static ROOT	500011fe
	static defaultLocale	500011fd
	static defaultFormatLocale	500011fd
	static serialPersistentFields	500011fc
	constant pool entry 869	5000012d
	constant pool entry 673	50000080
	constant pool entry 656	50000125
	constant pool entry 496	500000fc
	constant pool entry 469	50000112
	constant pool entry 273	5000763c
	constant pool entry 268	50007641
	constant pool entry 262	50000023
	constant pool entry 258	500011fb
	constant pool entry 256	500011fa
	constant pool entry 254	500011f9
	constant pool entry 249	500011f8
	constant pool entry 246	500011f7
	constant pool entry 244	500011f6
	constant pool entry 242	500011f5
	constant pool entry 240	500011f4
	constant pool entry 238	500011f3
	constant pool entry 236	500011f2
	constant pool entry 234	500011f1
	constant pool entry 231	500011f0
	constant pool entry 229	500011ef
	constant pool entry 227	500011ee
	constant pool entry 223	500000ef
	constant pool entry 219	500011ed
	constant pool entry 216	500011ec
	constant pool entry 213	500011eb
	constant pool entry 195	500011ea
	constant pool entry 194	500011e9
	constant pool entry 193	500011e8
	constant pool entry 192	500011e7
	constant pool entry 191	500011e6
	constant pool entry 189	500011e5
	constant pool entry 163	5000016a
	constant pool entry 143	500000a7
	constant pool entry 46	500011e4
	constant pool entry 45	500011e3
	constant pool entry 44	500011e2
	constant pool entry 39	500011e1
	constant pool entry 38	50000096
	constant pool entry 35	500011e0
	constant pool entry 34	500011df
	constant pool entry 33	500000d0
	constant pool entry 20	5000000f
	constant pool entry 16	500000ba
	constant pool entry 10	500011ca
CLS 50000010 (name=java.security.PrivilegedAction, trace=300000)
CLS 50000011 (name=java.security.AccessControlContext, trace=300000)
	super		500000a7
	constant pool entry 270	5000012d
	constant pool entry 158	500000fc
	constant pool entry 71	500000a7
	constant pool entry 67	50000011
	constant pool entry 18	5000011f
CLS 50000136 (name=java.lang.LinkageError, trace=300000)
	super		5000006b
	constant pool entry 5	5000006b
CLS 50000012 (name=java.lang.IncompatibleClassChangeError, trace=300000)
	super		50000136
	constant pool entry 4	50000136
CLS 5000001d (name=java.util.AbstractMap, trace=300000)
	super		500000a7
	constant pool entry 42	500000a7
	constant pool entry 41	5000001d
CLS 50000139 (name=sun.util.PreHashedMap, trace=300000)
	super		5000001d
	constant pool entry 95	5000012d
	constant pool entry 23	5000001d
	constant pool entry 22	50000139
	constant pool entry 20	50000096
	constant pool entry 10	500000a8
	constant pool entry 7	500000a7
CLS 50000013 (name=sun.nio.cs.StandardCharsets$Classes, trace=300000)
	super		50000139
	constant pool entry 193	5000012d
	constant pool entry 81	50000139
	constant pool entry 80	50000013
	constant pool entry 79	500018a9
	constant pool entry 78	50001ab7
	constant pool entry 77	50001aba
	constant pool entry 76	50001ab9
	constant pool entry 75	50001abe
	constant pool entry 74	50001abd
	constant pool entry 73	500018af
	constant pool entry 72	50001ac1
	constant pool entry 71	50001ac4
	constant pool entry 70	50001ac3
	constant pool entry 69	500018ad
	constant pool entry 68	50001acc
	constant pool entry 67	50001aca
	constant pool entry 66	50001946
	constant pool entry 65	50001ac8
	constant pool entry 64	50001ac7
	constant pool entry 63	50001adf
	constant pool entry 62	50001ad5
	constant pool entry 61	50001ad3
	constant pool entry 60	50001927
	constant pool entry 59	50001ad1
	constant pool entry 58	50001940
	constant pool entry 57	50001a86
	constant pool entry 56	50001ae7
	constant pool entry 55	50001ae5
	constant pool entry 54	50001ae4
	constant pool entry 53	50001af0
	constant pool entry 52	50001931
	constant pool entry 51	50001aee
	constant pool entry 50	5000193a
	constant pool entry 49	50001af3
	constant pool entry 48	50001936
	constant pool entry 47	50001af6
	constant pool entry 46	50001af5
	constant pool entry 45	50001afd
	constant pool entry 44	50001afc
	constant pool entry 43	50001b08
	constant pool entry 42	50001b07
	constant pool entry 41	50001b05
	constant pool entry 40	50001b03
	constant pool entry 39	50001b0e
	constant pool entry 38	50001b0d
	constant pool entry 37	50001b15
	constant pool entry 36	50001b14
	constant pool entry 35	50001b12
	constant pool entry 34	50001b11
	constant pool entry 33	500018bc
	constant pool entry 32	50001b25
	constant pool entry 31	50001b1d
	constant pool entry 30	50001b1c
	constant pool entry 29	5000189f
	constant pool entry 28	50001b3b
	constant pool entry 27	50001b40
	constant pool entry 26	50001b3d
	constant pool entry 25	5000189b
	constant pool entry 24	50001b4d
	constant pool entry 23	50001b4b
	constant pool entry 22	50001b4a
	constant pool entry 21	500018ab
	constant pool entry 20	50001b5e
	constant pool entry 19	50001b5c
	constant pool entry 18	50001b5b
	constant pool entry 17	50001b59
	constant pool entry 16	50001b58
	constant pool entry 15	50001b6a
	constant pool entry 14	50001b69
	constant pool entry 13	50001b66
	constant pool entry 12	50001b65
	constant pool entry 11	500018a3
	constant pool entry 10	50001b80
	constant pool entry 9	500018a7
	constant pool entry 8	50001b7e
	constant pool entry 7	50001b71
	constant pool entry 6	50001961
	constant pool entry 5	50001b84
	constant pool entry 4	50001957
	constant pool entry 3	500000a7
CLS 50000025 (name=java.lang.invoke.MethodHandle, trace=300000)
	super		500000a7
CLS 50000014 (name=java.lang.invoke.BoundMethodHandle, trace=300000)
	super		50000025
CLS 5000001a (name=java.io.InputStream, trace=300000)
	super		500000a7
	constant pool entry 15	500000a7
CLS 50000015 (name=java.io.FileInputStream, trace=300000)
	super		5000001a
	static runningFinalize	50001710
	constant pool entry 108	5000003a
	constant pool entry 42	5000001a
	constant pool entry 41	50000015
	constant pool entry 38	5000008d
	constant pool entry 19	500000c9
	constant pool entry 10	500000a7
	constant pool entry 5	500000ec
	constant pool entry 3	50000159
CLS 50000049 (name=java.nio.charset.CharsetEncoder, trace=300000)
	super		500000a7
	static stateNames	50001db7
	constant pool entry 363	5000012d
	constant pool entry 295	50000080
	constant pool entry 238	500000bc
	constant pool entry 209	500000a9
	constant pool entry 197	5000007a
	constant pool entry 109	500000a7
	constant pool entry 108	50001db6
	constant pool entry 107	50001db5
	constant pool entry 106	50001db4
	constant pool entry 105	50001db3
	constant pool entry 104	50000096
	constant pool entry 102	50000049
	constant pool entry 89	50000158
	constant pool entry 12	50001a8e
CLS 50000016 (name=sun.nio.cs.UTF_8$Encoder, trace=300000)
	super		50000049
	constant pool entry 92	50000103
	constant pool entry 90	5000005a
	constant pool entry 84	50000158
	constant pool entry 82	500000bc
	constant pool entry 80	500000dc
	constant pool entry 41	50000049
	constant pool entry 40	50000016
CLS 50000017 (name=java.lang.Iterable, trace=300000)
CLS 500000f7 (name=java.lang.invoke.CallSite, trace=300000)
	super		500000a7
CLS 50000018 (name=java.lang.invoke.ConstantCallSite, trace=300000)
	super		500000f7
CLS 50000019 (name=sun.misc.SharedSecrets, trace=300000)
	super		500000a7
	static unsafe	50001226
	static javaUtilJarAccess	5000025b
	static javaLangAccess	5000127f
	static javaNetAccess	5000127e
	static javaNioAccess	5000127d
	static javaIOFileDescriptorAccess	5000127c
	static javaSecurityProtectionDomainAccess	5000127b
	static javaSecurityAccess	50001279
	static javaUtilZipFileAccess	500001b1
	constant pool entry 122	5000007c
	constant pool entry 29	50000019
	constant pool entry 25	500001ae
CLS 5000001c (name=java.lang.Throwable[], trace=300000)
	super		500000a7
CLS 5000001e (name=java.nio.Buffer, trace=300000)
	super		500000a7
	constant pool entry 29	500000a7
	constant pool entry 28	5000001e
CLS 5000001f (name=java.util.RandomAccess, trace=300000)
CLS 50000020 (name=java.lang.ref.ReferenceQueue$Lock, trace=300000)
	super		500000a7
	constant pool entry 4	500000a7
	constant pool entry 3	50000020
CLS 50000021 (name=sun.net.www.ParseUtil, trace=300000)
	super		500000a7
	static encodedInPath	500015d3
	static hexDigits	500015d2
	constant pool entry 520	5000012d
	constant pool entry 390	50000080
	constant pool entry 386	50000103
	constant pool entry 269	500000ec
	constant pool entry 156	500000a7
	constant pool entry 155	500015d1
	constant pool entry 154	500015d0
	constant pool entry 153	500015cf
	constant pool entry 152	500015ce
	constant pool entry 149	500015cd
	constant pool entry 146	500015cc
	constant pool entry 143	500015cb
	constant pool entry 136	500015ca
	constant pool entry 125	500000b9
	constant pool entry 123	50000021
	constant pool entry 119	500015c9
	constant pool entry 98	500015c8
	constant pool entry 95	500015c7
	constant pool entry 88	500015c6
	constant pool entry 87	500011c9
	constant pool entry 86	500015c5
	constant pool entry 72	500015c4
	constant pool entry 65	500011ca
	constant pool entry 64	500015bb
	constant pool entry 63	50000071
	constant pool entry 60	500015ae
	constant pool entry 57	500015c3
	constant pool entry 55	500015c2
	constant pool entry 54	500015c1
	constant pool entry 49	500015c0
	constant pool entry 42	500015bf
	constant pool entry 21	500015be
	constant pool entry 17	50000065
	constant pool entry 11	50000096
CLS 50000022 (name=sun.misc.JavaNetAccess, trace=300000)
CLS 50000023 (name=java.io.ObjectStreamField, trace=300000)
	super		500000a7
	constant pool entry 136	50000080
	constant pool entry 128	500000da
	constant pool entry 127	500000b2
	constant pool entry 126	500000e7
	constant pool entry 125	5000016a
	constant pool entry 124	500000b5
	constant pool entry 123	50000078
	constant pool entry 122	50000131
	constant pool entry 120	50000159
	constant pool entry 115	50000096
	constant pool entry 37	50000065
	constant pool entry 35	50000023
	constant pool entry 22	500000a7
CLS 50000024 (name=java.io.ObjectStreamField[], trace=300000)
	super		500000a7
CLS 500000fb (name=java.util.AbstractCollection, trace=300000)
	super		500000a7
	constant pool entry 97	50000056
	constant pool entry 95	50000080
	constant pool entry 86	50000121
	constant pool entry 34	500000fb
	constant pool entry 13	500000a8
	constant pool entry 7	500000a7
CLS 5000006a (name=java.util.AbstractList, trace=300000)
	super		500000fb
	constant pool entry 127	50000121
	constant pool entry 117	500000a7
	constant pool entry 113	50005ec7
	constant pool entry 46	500000fb
	constant pool entry 45	5000006a
	constant pool entry 30	50000113
	constant pool entry 23	50005ec8
	constant pool entry 21	50003980
CLS 50000091 (name=java.util.Vector, trace=300000)
	super		5000006a
	constant pool entry 304	5000012d
	constant pool entry 219	5000003a
	constant pool entry 217	500000ee
	constant pool entry 76	5000006a
	constant pool entry 48	50000091
	constant pool entry 10	500000a7
CLS 50000026 (name=java.util.Stack, trace=300000)
	super		50000091
	constant pool entry 11	50000091
	constant pool entry 10	50000026
CLS 50000027 (name=java.util.Collections$EmptyMap, trace=300000)
	super		5000001d
	constant pool entry 53	5000006d
	constant pool entry 8	5000001d
	constant pool entry 7	50000027
CLS 50000028 (name=sun.misc.Launcher$Factory, trace=300000)
	super		500000a7
	static PREFIX	500015b1
	constant pool entry 55	50000080
	constant pool entry 25	500000a7
	constant pool entry 24	50000028
	constant pool entry 23	500015b1
	constant pool entry 12	50000076
	constant pool entry 8	500015b3
	constant pool entry 7	50001228
	constant pool entry 3	50000065
CLS 50000029 (name=sun.reflect.MethodAccessor, trace=300000)
CLS 50000122 (name=sun.util.locale.LocaleObjectCache, trace=300000)
	super		500000a7
	constant pool entry 61	5000000e
	constant pool entry 23	500000a7
	constant pool entry 22	50000122
	constant pool entry 12	50000031
	constant pool entry 7	500000f3
	constant pool entry 4	50000117
CLS 5000002a (name=sun.util.locale.BaseLocale$Cache, trace=300000)
	super		50000122
	constant pool entry 13	50000122
CLS 5000002b (name=java.util.concurrent.locks.AbstractQueuedSynchronizer$Node, trace=300000)
	super		500000a7
CLS 5000002c (name=java.security.ProtectionDomain$3, trace=300000)
	super		500000a7
	constant pool entry 5	500000a7
CLS 5000004a (name=java.lang.ClassLoader, trace=300000)
	super		500000a7
	static nocerts	500013cb
	static scl	5000119e
	static loadedLibraryNames	500013ca
	static systemNativeLibraries	500013c9
	static nativeLibraryContext	500013c8
	static usr_paths	500013c7
	static sys_paths	500013c6
	constant pool entry 870	5000012d
	constant pool entry 602	5000005c
	constant pool entry 596	500000f6
	constant pool entry 590	500000c4
	constant pool entry 565	5000011d
	constant pool entry 542	50000071
	constant pool entry 524	500000d3
	constant pool entry 522	500000fc
	constant pool entry 515	50000080
	constant pool entry 505	500002b8
	constant pool entry 489	5000006d
	constant pool entry 465	5000003a
	constant pool entry 252	5000009c
	constant pool entry 248	50000026
	constant pool entry 247	50000008
	constant pool entry 218	5000007b
	constant pool entry 211	50000146
	constant pool entry 195	500000ec
	constant pool entry 194	500013c5
	constant pool entry 191	500013c4
	constant pool entry 187	50000096
	constant pool entry 170	50000c4c
	constant pool entry 152	500000e5
	constant pool entry 130	5000004a
	constant pool entry 107	500011ca
	constant pool entry 75	500013c3
	constant pool entry 46	5000007e
	constant pool entry 34	500000a7
	constant pool entry 30	50000042
	constant pool entry 26	500000f3
	constant pool entry 16	5000010b
	constant pool entry 12	50000009
	constant pool entry 11	500000c0
	constant pool entry 10	5000011f
	constant pool entry 8	50000091
CLS 500000d2 (name=java.security.SecureClassLoader, trace=300000)
	super		5000004a
	constant pool entry 96	500000b3
	constant pool entry 74	5000003a
	constant pool entry 36	5000004a
	constant pool entry 35	500000d2
	constant pool entry 32	50001e87
	constant pool entry 16	5000011f
	constant pool entry 13	50000c6d
	constant pool entry 2	5000010b
CLS 500000e8 (name=java.net.URLClassLoader, trace=300000)
	super		500000d2
	constant pool entry 383	5000004a
	constant pool entry 381	50000019
	constant pool entry 372	50000c6c
	constant pool entry 352	500000ec
	constant pool entry 350	50000045
	constant pool entry 328	500021c3
	constant pool entry 326	500021d4
	constant pool entry 324	500021bf
	constant pool entry 315	500002b8
	constant pool entry 300	50000c47
	constant pool entry 298	50000096
	constant pool entry 285	50000c4c
	constant pool entry 248	50000c94
	constant pool entry 243	500000fc
	constant pool entry 237	5000003a
	constant pool entry 143	500000d2
	constant pool entry 139	50000120
	constant pool entry 136	500000e8
	constant pool entry 116	500016fd
	constant pool entry 115	500015cc
	constant pool entry 111	50000ca0
	constant pool entry 103	50000071
	constant pool entry 100	50008d44
	constant pool entry 98	500011d7
	constant pool entry 86	500015ae
	constant pool entry 78	500000c0
	constant pool entry 54	50000065
	constant pool entry 49	5000007e
	constant pool entry 47	500007f0
	constant pool entry 46	50000080
	constant pool entry 43	5000019d
	constant pool entry 22	50000c96
	constant pool entry 18	50008dc9
	constant pool entry 10	500000f6
	constant pool entry 5	50000074
CLS 5000002d (name=sun.misc.Launcher$ExtClassLoader, trace=300000)
	super		500000e8
	constant pool entry 198	5000012d
	constant pool entry 141	5000004a
	constant pool entry 115	50000096
	constant pool entry 102	5000003a
	constant pool entry 92	5000005c
	constant pool entry 90	500000fc
	constant pool entry 53	500000e8
	constant pool entry 31	50000071
	constant pool entry 25	50001ddd
	constant pool entry 22	50000091
	constant pool entry 19	500000ec
	constant pool entry 15	500000d7
	constant pool entry 13	50001e3f
	constant pool entry 5	5000002d
	constant pool entry 2	5000007f
CLS 5000002e (name=java.lang.Runnable, trace=300000)
CLS 5000002f (name=java.lang.Runnable[], trace=300000)
	super		500000a7
CLS 50000030 (name=sun.nio.cs.Surrogate$Parser, trace=300000)
	super		500000a7
	constant pool entry 61	50000080
	constant pool entry 44	500000bc
	constant pool entry 19	500000a7
	constant pool entry 18	50000030
	constant pool entry 16	50000143
CLS 500000a0 (name=java.lang.ref.Reference, trace=300000)
	super		500000a7
	static lock	50001197
	constant pool entry 88	50000001
	constant pool entry 85	50000083
	constant pool entry 77	50000117
	constant pool entry 22	500000a7
	constant pool entry 21	500000a0
	constant pool entry 16	50001712
	constant pool entry 15	500000c8
	constant pool entry 10	50000167
CLS 50000118 (name=java.lang.ref.SoftReference, trace=300000)
	super		500000a0
	constant pool entry 7	500000a0
	constant pool entry 6	50000118
CLS 50000031 (name=sun.util.locale.LocaleObjectCache$CacheEntry, trace=300000)
	super		50000118
	constant pool entry 4	50000118
	constant pool entry 3	50000031
CLS 50000032 (name=java.nio.ByteOrder, trace=300000)
	super		500000a7
	static BIG_ENDIAN	5000175d
	static LITTLE_ENDIAN	5000175c
	constant pool entry 30	500000cf
	constant pool entry 10	500000a7
	constant pool entry 8	5000173f
	constant pool entry 5	5000173c
	constant pool entry 4	50000032
CLS 50000033 (name=java.io.ExpiringCache, trace=300000)
	super		500000a7
	constant pool entry 85	500000c2
	constant pool entry 79	5000003a
	constant pool entry 32	500000a7
	constant pool entry 31	50000033
	constant pool entry 18	5000008b
	constant pool entry 8	50000165
CLS 50000034 (name=java.util.HashMap$Holder, trace=300000)
	super		500000a7
	static UNSAFE	50001226
	constant pool entry 65	50000080
	constant pool entry 60	5000007c
	constant pool entry 49	500000fc
	constant pool entry 26	50000034
	constant pool entry 19	500012a0
	constant pool entry 18	5000010b
	constant pool entry 3	500013fb
	constant pool entry 2	500000d0
CLS 50000035 (name=java.io.FilterInputStream, trace=300000)
	super		5000001a
	constant pool entry 13	5000001a
	constant pool entry 12	50000035
CLS 50000036 (name=java.lang.NoSuchMethodError, trace=300000)
	super		50000012
	constant pool entry 4	50000012
CLS 50000037 (name=java.net.URLStreamHandlerFactory, trace=300000)
CLS 50000088 (name=java.lang.ref.WeakReference, trace=300000)
	super		500000a0
	constant pool entry 4	500000a0
CLS 50000038 (name=java.util.WeakHashMap$Entry, trace=300000)
	super		50000088
	constant pool entry 21	50000088
	constant pool entry 20	50000038
CLS 50000039 (name=java.util.WeakHashMap$Entry[], trace=300000)
	super		500000a7
CLS 5000003a (name=java.lang.System, trace=300000)
	super		500000a7
	static in	5000126b
	static out	5000126a
	static err	50001264
	static props	50001263
	static lineSeparator	50001262
	constant pool entry 285	50000001
	constant pool entry 282	50000083
	constant pool entry 279	5000003f
	constant pool entry 265	500000c9
	constant pool entry 262	50000129
	constant pool entry 259	5000011d
	constant pool entry 255	500000c4
	constant pool entry 249	50000145
	constant pool entry 196	50000019
	constant pool entry 93	50000051
	constant pool entry 84	50001261
	constant pool entry 81	500000db
	constant pool entry 80	5000012b
	constant pool entry 78	5000012a
	constant pool entry 74	5000010c
	constant pool entry 71	50000015
	constant pool entry 69	50001260
	constant pool entry 58	5000125f
	constant pool entry 54	5000125e
	constant pool entry 50	5000125d
	constant pool entry 47	500011ca
	constant pool entry 45	5000125c
	constant pool entry 42	50000096
	constant pool entry 39	5000125b
	constant pool entry 31	50000100
	constant pool entry 21	5000125a
	constant pool entry 17	50001259
	constant pool entry 14	50001258
	constant pool entry 7	5000003a
CLS 5000003b (name=java.util.AbstractSet, trace=300000)
	super		500000fb
	constant pool entry 18	500000fb
CLS 50000158 (name=java.nio.CharBuffer, trace=300000)
	super		5000001e
	constant pool entry 57	5000001e
	constant pool entry 41	50000158
	constant pool entry 7	5000003c
CLS 5000003c (name=java.nio.HeapCharBuffer, trace=300000)
	super		50000158
	constant pool entry 140	5000012d
	constant pool entry 40	50000158
CLS 5000004c (name=java.util.concurrent.locks.AbstractOwnableSynchronizer, trace=300000)
	super		500000a7
	constant pool entry 4	500000a7
	constant pool entry 3	5000004c
CLS 500000ca (name=java.util.concurrent.locks.AbstractQueuedSynchronizer, trace=300000)
	super		5000004c
	static unsafe	50001226
	constant pool entry 320	50000080
	constant pool entry 235	5000007c
	constant pool entry 106	5000004c
	constant pool entry 102	50001225
	constant pool entry 101	50001224
	constant pool entry 100	50001223
	constant pool entry 99	50001222
	constant pool entry 96	50001221
	constant pool entry 95	500000ca
	constant pool entry 8	5000002b
CLS 50000144 (name=java.util.concurrent.locks.ReentrantLock$Sync, trace=300000)
	super		500000ca
	constant pool entry 53	50000083
	constant pool entry 18	500000ca
	constant pool entry 17	50000144
CLS 5000003d (name=java.util.concurrent.locks.ReentrantLock$NonfairSync, trace=300000)
	super		50000144
	constant pool entry 8	50000144
CLS 5000003e (name=java.util.WeakHashMap$Holder, trace=300000)
	super		500000a7
	constant pool entry 34	500000fc
	constant pool entry 16	5000003e
	constant pool entry 3	500013fb
	constant pool entry 2	500000d0
CLS 5000003f (name=java.lang.Terminator, trace=300000)
	super		500000a7
	static handler	50002067
	constant pool entry 12	5000003f
	constant pool entry 10	50002066
	constant pool entry 9	50002065
	constant pool entry 6	50002064
	constant pool entry 5	500000a6
	constant pool entry 3	50000102
CLS 50000063 (name=java.lang.reflect.AccessibleObject, trace=300000)
	super		500000a7
	static ACCESS_PERMISSION	50001737
	static reflectionFactory	5000122c
	constant pool entry 112	500000fc
	constant pool entry 80	5000003a
	constant pool entry 33	500000a7
	constant pool entry 32	50000063
	constant pool entry 30	500000ea
	constant pool entry 27	500000cb
	constant pool entry 25	50001734
	constant pool entry 24	50000075
	constant pool entry 7	50000080
	constant pool entry 5	5000006e
CLS 50000040 (name=java.lang.reflect.Method, trace=300000)
	super		50000063
	constant pool entry 305	5000005a
	constant pool entry 303	500053bb
	constant pool entry 300	5000011c
	constant pool entry 298	50000019
	constant pool entry 295	50003a76
	constant pool entry 292	500000c2
	constant pool entry 287	500000ea
	constant pool entry 282	50000029
	constant pool entry 277	500000c4
	constant pool entry 259	5000015d
	constant pool entry 254	500000f0
	constant pool entry 243	50000081
	constant pool entry 239	50000081
	constant pool entry 98	50000063
	constant pool entry 91	500054d5
	constant pool entry 82	50003a6c
	constant pool entry 59	50000080
	constant pool entry 49	5000173b
	constant pool entry 41	50000065
	constant pool entry 30	50000081
	constant pool entry 19	50000040
CLS 50000041 (name=java.lang.Compiler$1, trace=300000)
	super		500000a7
	constant pool entry 45	5000003a
	constant pool entry 24	500000a7
	constant pool entry 23	50000041
	constant pool entry 21	5000222e
	constant pool entry 18	5000222d
	constant pool entry 11	50000065
	constant pool entry 2	5000222c
CLS 50000042 (name=java.util.HashSet, trace=300000)
	super		5000003b
	static PRESENT	50001808
	constant pool entry 44	5000003b
	constant pool entry 42	500000a7
	constant pool entry 23	50000042
	constant pool entry 2	5000010b
CLS 50000043 (name=sun.misc.JavaSecurityAccess, trace=300000)
CLS 50000044 (name=java.util.Random, trace=300000)
	super		500000a7
	static seedUniquifier	5000159b
	static serialPersistentFields	5000159a
	static unsafe	50001226
	constant pool entry 258	5000012d
	constant pool entry 195	50000080
	constant pool entry 192	50000159
	constant pool entry 191	500000da
	constant pool entry 188	500000e7
	constant pool entry 185	5000007c
	constant pool entry 140	5000003a
	constant pool entry 78	500000a7
	constant pool entry 66	50000023
	constant pool entry 54	50001599
	constant pool entry 52	50001598
	constant pool entry 44	50001597
	constant pool entry 13	50000053
	constant pool entry 12	50000044
CLS 50000045 (name=java.security.Permission, trace=300000)
	super		500000a7
	constant pool entry 17	500000a7
	constant pool entry 16	50000045
CLS 5000005a (name=java.nio.ByteBuffer, trace=300000)
	super		5000001e
	constant pool entry 174	50000032
	constant pool entry 172	500000cf
	constant pool entry 57	5000001e
	constant pool entry 49	5000005a
	constant pool entry 13	50000046
CLS 50000046 (name=java.nio.HeapByteBuffer, trace=300000)
	super		5000005a
	constant pool entry 261	5000012d
	constant pool entry 187	500000cf
	constant pool entry 174	5000003a
	constant pool entry 72	5000005a
	constant pool entry 2	50000046
CLS 50000047 (name=java.util.Hashtable$Entry, trace=300000)
	super		500000a7
	constant pool entry 22	500000a7
	constant pool entry 6	50000047
CLS 50000048 (name=java.util.Hashtable$Entry[], trace=300000)
	super		500000a7
CLS 5000004b (name=java.lang.invoke.MethodTypeForm, trace=300000)
	super		500000a7
CLS 5000004d (name=java.util.HashMap$EntrySet, trace=300000)
	super		5000003b
	constant pool entry 45	5000010b
	constant pool entry 13	5000003b
	constant pool entry 12	5000004d
CLS 5000004e (name=java.util.ArrayList, trace=300000)
	super		5000006a
	constant pool entry 278	5000012d
	constant pool entry 207	5000003a
	constant pool entry 193	500000ee
	constant pool entry 190	50000059
	constant pool entry 66	5000006a
	constant pool entry 56	50001c12
	constant pool entry 30	5000004e
	constant pool entry 16	500000a8
	constant pool entry 12	500000a7
CLS 500000de (name=java.util.Collections$SynchronizedCollection, trace=300000)
	super		500000a7
	constant pool entry 23	50000059
	constant pool entry 22	500000a7
	constant pool entry 21	500000de
CLS 5000004f (name=java.util.Collections$SynchronizedSet, trace=300000)
	super		500000de
	constant pool entry 8	500000de
CLS 50000132 (name=java.lang.Exception, trace=300000)
	super		5000001b
	constant pool entry 7	5000001b
CLS 500000f4 (name=java.lang.RuntimeException, trace=300000)
	super		50000132
CLS 50000050 (name=java.lang.IllegalArgumentException, trace=300000)
	super		500000f4
CLS 50000051 (name=java.lang.System$2, trace=300000)
	super		500000a7
	constant pool entry 45	50000080
	constant pool entry 13	500000a7
CLS 50000052 (name=java.util.Hashtable$EntrySet, trace=300000)
	super		5000003b
	constant pool entry 59	5000012e
	constant pool entry 21	5000003b
	constant pool entry 20	50000052
CLS 500000a3 (name=java.lang.Number, trace=300000)
	super		500000a7
	constant pool entry 4	500000a7
CLS 50000053 (name=java.util.concurrent.atomic.AtomicLong, trace=300000)
	super		500000a3
	static unsafe	50001226
	constant pool entry 84	50000080
	constant pool entry 73	5000007c
	constant pool entry 20	500000a3
	constant pool entry 14	50001271
	constant pool entry 13	50000053
CLS 50000054 (name=java.util.Comparator, trace=300000)
CLS 50000055 (name=java.util.HashMap$HashIterator, trace=300000)
	super		500000a7
	constant pool entry 56	5000010b
	constant pool entry 23	5000009e
	constant pool entry 20	500000a7
	constant pool entry 19	50000055
CLS 50000056 (name=java.lang.reflect.Array, trace=300000)
	super		500000a7
	constant pool entry 4	50000056
CLS 50000057 (name=sun.misc.PostVMInitHook, trace=300000)
	super		500000a7
	constant pool entry 39	5000003a
	constant pool entry 23	50000057
	constant pool entry 15	500000ec
	constant pool entry 13	50002238
	constant pool entry 11	50002237
	constant pool entry 10	50002236
	constant pool entry 9	50001f0b
	constant pool entry 5	50001285
	constant pool entry 3	50000065
CLS 50000073 (name=java.io.Writer, trace=300000)
	super		500000a7
	constant pool entry 69	50000096
	constant pool entry 20	500000a7
	constant pool entry 19	50000073
CLS 50000058 (name=sun.nio.cs.StreamEncoder, trace=300000)
	super		50000073
	constant pool entry 228	50000080
	constant pool entry 214	500000bc
	constant pool entry 207	50000158
	constant pool entry 204	50000082
	constant pool entry 191	5000005a
	constant pool entry 180	50000049
	constant pool entry 178	5000007a
	constant pool entry 153	500000a9
	constant pool entry 78	50000073
	constant pool entry 8	50000058
CLS 50000059 (name=java.util.Collection, trace=300000)
CLS 5000005b (name=java.lang.Compiler, trace=300000)
	super		500000a7
	constant pool entry 35	500000fc
	constant pool entry 7	5000005b
	constant pool entry 4	50000041
CLS 5000005c (name=sun.misc.Launcher, trace=300000)
	super		500000a7
	static factory	50001e43
	static launcher	50001e42
	static bootClassPath	5000139d
	constant pool entry 224	5000012d
	constant pool entry 165	50000021
	constant pool entry 136	50000096
	constant pool entry 134	5000003a
	constant pool entry 130	50000083
	constant pool entry 66	5000002d
	constant pool entry 64	50000098
	constant pool entry 62	50008921
	constant pool entry 57	500000a7
	constant pool entry 56	50001e41
	constant pool entry 54	5000005c
	constant pool entry 52	50000028
	constant pool entry 41	500000ec
	constant pool entry 37	50000071
	constant pool entry 17	50001e40
CLS 5000005d (name=java.lang.StringBuffer, trace=300000)
	super		50000004
	static serialPersistentFields	500016d5
	constant pool entry 366	5000012d
	constant pool entry 323	50000159
	constant pool entry 321	5000016a
	constant pool entry 102	50000004
	constant pool entry 97	50000023
	constant pool entry 71	5000016f
	constant pool entry 66	500016d4
	constant pool entry 64	500016d3
	constant pool entry 62	50001271
	constant pool entry 24	5000005d
	constant pool entry 23	50000096
CLS 5000005e (name=java.lang.invoke.WrongMethodTypeException, trace=300000)
	super		500000f4
CLS 5000005f (name=sun.nio.cs.ArrayDecoder, trace=300000)
CLS 50000060 (name=java.security.ProtectionDomain$1, trace=300000)
	super		500000a7
	constant pool entry 12	500000a7
CLS 5000009b (name=java.io.InputStreamReader, trace=300000)
	super		500000ad
	constant pool entry 53	5000008f
	constant pool entry 21	500000ad
	constant pool entry 20	5000009b
CLS 50000061 (name=java.io.FileReader, trace=300000)
	super		5000009b
	constant pool entry 7	5000009b
	constant pool entry 1	50000015
CLS 50000062 (name=java.lang.invoke.AdapterMethodHandle, trace=300000)
	super		50000014
CLS 50000064 (name=java.lang.reflect.AccessibleObject[], trace=300000)
	super		500000a7
CLS 50000065 (name=java.lang.StringBuilder, trace=300000)
	super		50000004
	constant pool entry 100	50000004
	constant pool entry 19	50000065
	constant pool entry 16	50000096
CLS 5000009d (name=java.lang.CharacterData, trace=300000)
	super		500000a7
	constant pool entry 49	50000066
	constant pool entry 11	500000a7
CLS 50000066 (name=java.lang.CharacterDataLatin1, trace=300000)
	super		5000009d
	static sharpsMap	5000124b
	static instance	5000124a
	static A	50001249
	static A_DATA	50001247
	static B	50001248
	constant pool entry 97	5000012d
	constant pool entry 85	50000096
	constant pool entry 80	50000080
	constant pool entry 23	5000009d
	constant pool entry 20	50001247
	constant pool entry 18	50001246
	constant pool entry 13	50000066
CLS 50000067 (name=java.lang.ThreadLocal$ThreadLocalMap$Entry, trace=300000)
	super		50000088
	constant pool entry 4	50000088
	constant pool entry 3	50000067
CLS 50000068 (name=java.lang.ThreadLocal$ThreadLocalMap$Entry[], trace=300000)
	super		500000a7
CLS 5000010a (name=java.util.Collections$UnmodifiableCollection, trace=300000)
	super		500000a7
	constant pool entry 17	500000a7
	constant pool entry 16	5000010a
CLS 50000069 (name=java.util.Collections$UnmodifiableList, trace=300000)
	super		5000010a
	constant pool entry 19	5000010a
	constant pool entry 13	50000069
CLS 5000006c (name=java.lang.Error[], trace=300000)
	super		500000a7
CLS 5000006d (name=java.util.Collections, trace=300000)
	super		500000a7
	static EMPTY_SET	500012a3
	static EMPTY_LIST	500012a2
	static EMPTY_MAP	500012a1
	constant pool entry 163	50003a7c
	constant pool entry 144	5000006d
	constant pool entry 142	50000027
	constant pool entry 140	500000bf
	constant pool entry 138	5000013b
	constant pool entry 134	50000128
	constant pool entry 73	500000c3
	constant pool entry 67	50007950
	constant pool entry 62	5000004f
	constant pool entry 51	50000101
	constant pool entry 9	5000001f
CLS 5000006e (name=java.lang.reflect.Constructor, trace=300000)
	super		50000063
	constant pool entry 287	500000ea
	constant pool entry 282	50000003
	constant pool entry 274	500000c4
	constant pool entry 235	50000081
	constant pool entry 99	50000063
	constant pool entry 59	50000080
	constant pool entry 27	50000081
	constant pool entry 16	5000006e
CLS 5000006f (name=java.lang.reflect.Constructor[], trace=300000)
	super		500000a7
CLS 50000070 (name=java.lang.String$CaseInsensitiveComparator, trace=300000)
	super		500000a7
	constant pool entry 11	500000a7
	constant pool entry 10	50000070
CLS 50000071 (name=java.net.URL, trace=300000)
	super		500000a7
	static protocolPathProp	500015af
	static handlers	500015b6
	static streamHandlerLock	500015b5
	static GOPHER	500015b2
	static ENABLE_GOPHER_PROP	500015b4
	static JDK_PACKAGE_PREFIX	500015b1
	constant pool entry 375	50000080
	constant pool entry 361	500000fc
	constant pool entry 256	5000003a
	constant pool entry 172	500015b4
	constant pool entry 137	50000159
	constant pool entry 135	500000df
	constant pool entry 134	500000a7
	constant pool entry 132	5000012e
	constant pool entry 121	500015b3
	constant pool entry 120	50001228
	constant pool entry 117	500015b2
	constant pool entry 112	500000d7
	constant pool entry 111	500015b1
	constant pool entry 110	500015b0
	constant pool entry 109	50000096
	constant pool entry 106	500011ca
	constant pool entry 105	500015af
	constant pool entry 104	500000d0
	constant pool entry 102	50000076
	constant pool entry 63	50000071
	constant pool entry 47	500015ae
	constant pool entry 42	500015ad
	constant pool entry 25	50000092
	constant pool entry 13	50000065
CLS 50000072 (name=java.net.URL[], trace=300000)
	super		500000a7
CLS 50000074 (name=java.util.WeakHashMap, trace=300000)
	super		5000001d
	static NULL_KEY	5000177e
	constant pool entry 319	5000012d
	constant pool entry 216	5000011d
	constant pool entry 208	500000b2
	constant pool entry 197	50000077
	constant pool entry 97	5000003e
	constant pool entry 80	5000001d
	constant pool entry 79	50000074
	constant pool entry 77	500000a7
	constant pool entry 70	50000134
	constant pool entry 4	50000117
	constant pool entry 2	50000039
	constant pool entry 1	50000038
CLS 5000008e (name=java.security.BasicPermission, trace=300000)
	super		50000045
	constant pool entry 83	500000a7
	constant pool entry 70	50000096
	constant pool entry 28	50000045
	constant pool entry 27	50001234
	constant pool entry 24	50000cd1
	constant pool entry 20	5000008e
	constant pool entry 15	50001233
	constant pool entry 13	50001232
CLS 50000075 (name=java.lang.reflect.ReflectPermission, trace=300000)
	super		5000008e
	constant pool entry 4	5000008e
CLS 50000076 (name=java.net.URLStreamHandler, trace=300000)
	super		500000a7
	constant pool entry 126	50000096
	constant pool entry 117	50000071
	constant pool entry 73	500000a7
	constant pool entry 72	50000076
	constant pool entry 64	500015c6
	constant pool entry 61	5000005d
	constant pool entry 43	500015c3
	constant pool entry 41	500016fa
	constant pool entry 39	500015c2
	constant pool entry 36	500015c0
	constant pool entry 34	500015c1
	constant pool entry 29	500011ca
	constant pool entry 21	50000065
CLS 50000077 (name=sun.misc.Hashing, trace=300000)
	super		500000a7
	constant pool entry 115	5000012d
	constant pool entry 79	50000145
	constant pool entry 74	50000083
	constant pool entry 72	5000003a
	constant pool entry 69	50000044
	constant pool entry 66	5000011d
	constant pool entry 59	5000016a
	constant pool entry 30	5000000c
	constant pool entry 20	50000077
CLS 50000078 (name=java.lang.Character, trace=300000)
	super		500000a7
	static TYPE	500011a5
	constant pool entry 415	50000080
	constant pool entry 367	5000009d
	constant pool entry 350	5000013c
	constant pool entry 101	50001245
	constant pool entry 4	50000078
CLS 50000079 (name=sun.net.www.protocol.jar.Handler, trace=300000)
	super		50000076
	static separator	50001880
	constant pool entry 84	50000096
	constant pool entry 50	50000076
	constant pool entry 49	50000079
	constant pool entry 43	500015ae
	constant pool entry 34	500011ca
	constant pool entry 30	50000065
	constant pool entry 27	50000021
	constant pool entry 22	50001883
	constant pool entry 15	50000071
	constant pool entry 11	50001880
	constant pool entry 8	5000187d
CLS 5000007a (name=java.nio.charset.CodingErrorAction, trace=300000)
	super		500000a7
	static IGNORE	50001dce
	static REPLACE	50001dcd
	static REPORT	50001dcc
	constant pool entry 11	500000a7
	constant pool entry 9	50001dcb
	constant pool entry 7	50001dca
	constant pool entry 4	50001dc9
	constant pool entry 3	5000007a
CLS 5000007b (name=java.lang.ClassLoader$NativeLibrary, trace=300000)
	super		500000a7
	constant pool entry 63	50000026
	constant pool entry 51	5000004a
	constant pool entry 17	500000a7
	constant pool entry 16	5000007b
CLS 5000007c (name=sun.misc.Unsafe, trace=300000)
	super		500000a7
	static theUnsafe	50001226
	constant pool entry 350	5000012d
	constant pool entry 261	50000080
	constant pool entry 259	500000c4
	constant pool entry 71	500000a7
	constant pool entry 57	500000a8
	constant pool entry 55	50000174
	constant pool entry 53	50000173
	constant pool entry 51	50000172
	constant pool entry 49	50000170
	constant pool entry 47	5000016f
	constant pool entry 45	50000171
	constant pool entry 43	5000016e
	constant pool entry 40	5000016d
	constant pool entry 37	50001227
	constant pool entry 36	50000096
	constant pool entry 35	5000007c
CLS 5000013f (name=java.nio.charset.spi.CharsetProvider, trace=300000)
	super		500000a7
	constant pool entry 25	5000003a
	constant pool entry 8	500000a7
CLS 500000c5 (name=sun.nio.cs.FastCharsetProvider, trace=300000)
	super		5000013f
	constant pool entry 144	5000012d
	constant pool entry 102	50000080
	constant pool entry 100	500000a7
	constant pool entry 83	500000c2
	constant pool entry 35	5000013f
	constant pool entry 34	500000c5
	constant pool entry 23	50001228
	constant pool entry 20	50000065
	constant pool entry 17	50000095
	constant pool entry 15	50001a86
	constant pool entry 14	500000a9
	constant pool entry 8	50000096
CLS 5000007d (name=sun.nio.cs.StandardCharsets, trace=300000)
	super		500000c5
	static aliases_US_ASCII	500019b6
	static aliases_UTF_8	50001887
	static aliases_UTF_16	500019b5
	static aliases_UTF_16BE	500019b4
	static aliases_UTF_16LE	500019b3
	static aliases_UTF_16LE_BOM	500019b2
	static aliases_UTF_32	500019b1
	static aliases_UTF_32LE	500019b0
	static aliases_UTF_32BE	500019af
	static aliases_UTF_32LE_BOM	500019ae
	static aliases_UTF_32BE_BOM	500019ad
	static aliases_ISO_8859_1	500019ac
	static aliases_ISO_8859_2	500019aa
	static aliases_ISO_8859_4	500019a9
	static aliases_ISO_8859_5	500019a6
	static aliases_ISO_8859_7	500019a5
	static aliases_ISO_8859_9	500019a2
	static aliases_ISO_8859_13	500019a0
	static aliases_ISO_8859_15	5000199d
	static aliases_KOI8_R	5000199b
	static aliases_KOI8_U	50001997
	static aliases_MS1250	50001996
	static aliases_MS1251	50001995
	static aliases_MS1252	50001994
	static aliases_MS1253	50001979
	static aliases_MS1254	50001978
	static aliases_MS1257	50001977
	static aliases_IBM437	50001973
	static aliases_IBM737	50001972
	static aliases_IBM775	50001971
	static aliases_IBM850	50001970
	static aliases_IBM852	5000196f
	static aliases_IBM855	5000196e
	static aliases_IBM857	5000196d
	static aliases_IBM858	5000196c
	static aliases_IBM862	5000196b
	static aliases_IBM866	5000196a
	static aliases_IBM874	50001969
	constant pool entry 571	5000012d
	constant pool entry 258	500000c5
	constant pool entry 257	5000007d
	constant pool entry 255	50001968
	constant pool entry 254	50001967
	constant pool entry 253	50001966
	constant pool entry 252	50001965
	constant pool entry 250	50001964
	constant pool entry 249	50001963
	constant pool entry 248	50001962
	constant pool entry 247	50001961
	constant pool entry 246	50001960
	constant pool entry 244	5000195f
	constant pool entry 243	5000195e
	constant pool entry 242	5000195d
	constant pool entry 241	5000195c
	constant pool entry 240	50001957
	constant pool entry 239	50001956
	constant pool entry 237	50001955
	constant pool entry 236	50001954
	constant pool entry 235	50001953
	constant pool entry 234	50001952
	constant pool entry 233	5000194a
	constant pool entry 231	50001949
	constant pool entry 230	50001948
	constant pool entry 229	50001947
	constant pool entry 228	50001946
	constant pool entry 227	50001945
	constant pool entry 225	50001944
	constant pool entry 224	50001943
	constant pool entry 223	50001940
	constant pool entry 222	5000193f
	constant pool entry 221	5000193e
	constant pool entry 219	5000193d
	constant pool entry 218	5000193c
	constant pool entry 217	5000193b
	constant pool entry 216	5000193a
	constant pool entry 215	50001939
	constant pool entry 213	50001938
	constant pool entry 212	50001937
	constant pool entry 211	50001936
	constant pool entry 210	50001935
	constant pool entry 209	50001934
	constant pool entry 207	50001933
	constant pool entry 206	50001932
	constant pool entry 205	50001931
	constant pool entry 204	50001930
	constant pool entry 202	5000192f
	constant pool entry 201	5000192e
	constant pool entry 200	5000192d
	constant pool entry 199	5000192c
	constant pool entry 197	5000192b
	constant pool entry 196	5000192a
	constant pool entry 195	50001929
	constant pool entry 194	50001928
	constant pool entry 193	50001927
	constant pool entry 192	50001926
	constant pool entry 190	50001925
	constant pool entry 189	50001924
	constant pool entry 187	50001923
	constant pool entry 186	50001922
	constant pool entry 184	50001921
	constant pool entry 183	50001920
	constant pool entry 181	5000191f
	constant pool entry 180	5000191e
	constant pool entry 178	5000191d
	constant pool entry 177	5000191c
	constant pool entry 176	5000191b
	constant pool entry 174	5000191a
	constant pool entry 173	50001919
	constant pool entry 171	50001918
	constant pool entry 169	50001917
	constant pool entry 168	50001916
	constant pool entry 167	50001915
	constant pool entry 165	50001914
	constant pool entry 164	50001913
	constant pool entry 163	50001912
	constant pool entry 162	50001911
	constant pool entry 161	50001910
	constant pool entry 160	5000190f
	constant pool entry 159	5000190e
	constant pool entry 158	5000190d
	constant pool entry 157	5000190c
	constant pool entry 156	5000190b
	constant pool entry 155	5000190a
	constant pool entry 154	50001909
	constant pool entry 153	50001908
	constant pool entry 152	50001907
	constant pool entry 151	50001906
	constant pool entry 149	50001905
	constant pool entry 148	50001904
	constant pool entry 147	50001903
	constant pool entry 146	50001902
	constant pool entry 144	50001901
	constant pool entry 143	50001900
	constant pool entry 142	500018ff
	constant pool entry 141	500018fe
	constant pool entry 140	500018fd
	constant pool entry 139	500018fc
	constant pool entry 138	500018fb
	constant pool entry 137	500018fa
	constant pool entry 136	500018f9
	constant pool entry 135	500018f8
	constant pool entry 134	500018f7
	constant pool entry 133	500018f6
	constant pool entry 132	500018f5
	constant pool entry 130	500018f4
	constant pool entry 129	500018f3
	constant pool entry 128	500018f2
	constant pool entry 127	500018f1
	constant pool entry 126	500018f0
	constant pool entry 125	500018ef
	constant pool entry 124	500018ee
	constant pool entry 123	500018ed
	constant pool entry 122	500018ec
	constant pool entry 121	500018eb
	constant pool entry 120	500018ea
	constant pool entry 119	500018e9
	constant pool entry 118	500018e8
	constant pool entry 117	500018e7
	constant pool entry 116	500018e6
	constant pool entry 115	500018e5
	constant pool entry 113	500018e4
	constant pool entry 112	500018e3
	constant pool entry 111	500018e2
	constant pool entry 110	500018e1
	constant pool entry 109	500018e0
	constant pool entry 108	500018df
	constant pool entry 107	500018de
	constant pool entry 106	500018dd
	constant pool entry 105	500018dc
	constant pool entry 104	500018db
	constant pool entry 103	500018da
	constant pool entry 102	500018d9
	constant pool entry 100	500018d8
	constant pool entry 99	500018d7
	constant pool entry 98	500018d6
	constant pool entry 97	500018d5
	constant pool entry 96	500018d4
	constant pool entry 95	500018d3
	constant pool entry 94	500018d2
	constant pool entry 93	500018d1
	constant pool entry 92	500018d0
	constant pool entry 91	500018cf
	constant pool entry 90	500018ce
	constant pool entry 89	500018cd
	constant pool entry 88	500018cc
	constant pool entry 86	500018cb
	constant pool entry 85	500018ca
	constant pool entry 84	500018c9
	constant pool entry 83	500018c8
	constant pool entry 82	500018c7
	constant pool entry 81	500018c6
	constant pool entry 80	500018c5
	constant pool entry 79	500018c4
	constant pool entry 78	500018c3
	constant pool entry 77	500018c2
	constant pool entry 76	500018c1
	constant pool entry 75	500018c0
	constant pool entry 74	500018bf
	constant pool entry 72	500018be
	constant pool entry 71	500018bd
	constant pool entry 70	500018bc
	constant pool entry 69	500018bb
	constant pool entry 68	500018ba
	constant pool entry 67	500018b9
	constant pool entry 66	500018b8
	constant pool entry 65	500018b7
	constant pool entry 64	500018b6
	constant pool entry 63	500018b5
	constant pool entry 62	500018b4
	constant pool entry 61	500018b3
	constant pool entry 60	500018b2
	constant pool entry 59	500018b1
	constant pool entry 57	500018b0
	constant pool entry 56	500018af
	constant pool entry 54	500018ae
	constant pool entry 53	500018ad
	constant pool entry 51	500018ac
	constant pool entry 50	500018ab
	constant pool entry 48	500018aa
	constant pool entry 47	500018a9
	constant pool entry 45	500018a8
	constant pool entry 44	500018a7
	constant pool entry 42	500018a6
	constant pool entry 40	500018a5
	constant pool entry 39	500018a4
	constant pool entry 38	500018a3
	constant pool entry 36	500018a2
	constant pool entry 35	500018a1
	constant pool entry 34	500018a0
	constant pool entry 33	5000189f
	constant pool entry 31	5000189e
	constant pool entry 30	5000189d
	constant pool entry 29	5000189c
	constant pool entry 28	5000189b
	constant pool entry 26	50001889
	constant pool entry 25	50001888
	constant pool entry 23	5000189a
	constant pool entry 22	50001899
	constant pool entry 21	50001898
	constant pool entry 20	50001897
	constant pool entry 19	50001896
	constant pool entry 18	50001895
	constant pool entry 17	50001894
	constant pool entry 16	50001893
	constant pool entry 15	50001892
	constant pool entry 14	50001891
	constant pool entry 13	50001890
	constant pool entry 12	5000188f
	constant pool entry 11	5000188e
	constant pool entry 10	5000188d
	constant pool entry 9	50000096
	constant pool entry 6	5000012c
	constant pool entry 4	50000013
	constant pool entry 2	50000133
	constant pool entry 1	5000188c
CLS 500000bb (name=java.lang.ReflectiveOperationException, trace=300000)
	super		50000132
	constant pool entry 6	50000132
CLS 5000007e (name=java.lang.ClassNotFoundException, trace=300000)
	super		500000bb
	constant pool entry 6	500000bb
CLS 5000007f (name=sun.misc.Launcher$ExtClassLoader$1, trace=300000)
	super		500000a7
	constant pool entry 33	500000ce
	constant pool entry 8	500000a7
	constant pool entry 7	5000007f
	constant pool entry 4	5000002d
CLS 50000080 (name=java.lang.Class, trace=300000)
	super		500000a7
	static serialPersistentFields	5000122d
	static reflectionFactory	5000122c
	constant pool entry 1052	5000012d
	constant pool entry 872	50000121
	constant pool entry 865	50003a76
	constant pool entry 853	500000c2
	constant pool entry 822	5000006f
	constant pool entry 790	500000d3
	constant pool entry 676	50000096
	constant pool entry 635	500000fc
	constant pool entry 621	5000003a
	constant pool entry 618	5000004a
	constant pool entry 616	500000c4
	constant pool entry 289	50000023
	constant pool entry 270	50003a6c
	constant pool entry 255	5000010b
	constant pool entry 250	500000a7
	constant pool entry 248	5000563a
	constant pool entry 246	5000122b
	constant pool entry 241	5000008a
	constant pool entry 240	500000ea
	constant pool entry 238	500000cb
	constant pool entry 236	5000018a
	constant pool entry 230	5000122a
	constant pool entry 227	50001229
	constant pool entry 225	50000040
	constant pool entry 205	500056ab
	constant pool entry 202	500052a0
	constant pool entry 200	5000006e
	constant pool entry 199	5000006f
	constant pool entry 196	5000015d
	constant pool entry 186	50000118
	constant pool entry 183	5000015e
	constant pool entry 103	50001228
	constant pool entry 42	500000a8
	constant pool entry 35	5000199e
	constant pool entry 32	50000085
	constant pool entry 27	50000080
	constant pool entry 9	50000065
CLS 50000081 (name=java.lang.Class[], trace=300000)
	super		500000a7
CLS 50000082 (name=java.io.OutputStream, trace=300000)
	super		500000a7
	constant pool entry 9	500000a7
CLS 50000083 (name=java.lang.Thread, trace=300000)
	super		500000a7
	static EMPTY_STACK_TRACE	500011cf
	static SUBCLASS_IMPLEMENTATION_PERMISSION	500011ce
	constant pool entry 542	5000012d
	constant pool entry 360	500000fc
	constant pool entry 355	50000096
	constant pool entry 343	50000001
	constant pool entry 339	5000003a
	constant pool entry 143	5000002e
	constant pool entry 142	500011cd
	constant pool entry 141	5000000a
	constant pool entry 134	500011cc
	constant pool entry 110	50000083
	constant pool entry 106	500011cb
	constant pool entry 105	50000111
	constant pool entry 102	500011ca
	constant pool entry 101	500011c9
	constant pool entry 99	500011c8
	constant pool entry 97	500011c7
	constant pool entry 93	500011c6
	constant pool entry 52	500011c5
	constant pool entry 50	50000065
	constant pool entry 49	500000a7
	constant pool entry 13	500011c4
	constant pool entry 9	500011c3
	constant pool entry 6	500011c2
CLS 50000084 (name=java.lang.Thread[], trace=300000)
	super		500000a7
CLS 50000085 (name=java.lang.Class$1, trace=300000)
	super		500000a7
	constant pool entry 30	5000006e
	constant pool entry 7	500000a7
	constant pool entry 6	50000085
CLS 50000124 (name=sun.reflect.MagicAccessorImpl, trace=300000)
	super		500000a7
	constant pool entry 3	500000a7
CLS 50000086 (name=sun.reflect.ConstructorAccessorImpl, trace=300000)
	super		50000124
	constant pool entry 3	50000124
CLS 500000f1 (name=java.io.FileSystem, trace=300000)
	super		500000a7
	constant pool entry 91	5000003a
	constant pool entry 11	500000a7
	constant pool entry 10	500000f1
	constant pool entry 9	500016ce
	constant pool entry 7	500016cd
CLS 50000087 (name=java.io.UnixFileSystem, trace=300000)
	super		500000f1
	constant pool entry 148	500000fc
	constant pool entry 66	500000f1
	constant pool entry 65	50000087
	constant pool entry 48	500000ec
	constant pool entry 37	500016cc
	constant pool entry 28	50000065
	constant pool entry 26	500011ca
	constant pool entry 18	5000005d
	constant pool entry 17	500015ae
	constant pool entry 15	50001285
	constant pool entry 13	500016cb
	constant pool entry 10	50000096
	constant pool entry 7	500016ca
	constant pool entry 6	500000d0
	constant pool entry 2	50000033
CLS 50000089 (name=java.lang.ref.WeakReference[], trace=300000)
	super		500000a7
CLS 5000008a (name=java.lang.Class$3, trace=300000)
	super		500000a7
	constant pool entry 30	5000003a
	constant pool entry 27	50000080
	constant pool entry 11	500000a7
	constant pool entry 10	5000008a
	constant pool entry 3	5000208f
CLS 5000008b (name=java.io.ExpiringCache$Entry, trace=300000)
	super		500000a7
	constant pool entry 5	500000a7
	constant pool entry 4	5000008b
CLS 5000008c (name=java.lang.invoke.MemberName, trace=300000)
	super		500000a7
CLS 5000008d (name=java.lang.ThreadLocal, trace=300000)
	super		500000a7
	static nextHashCode	50001711
	constant pool entry 80	50000067
	constant pool entry 76	50000083
	constant pool entry 25	500000a7
	constant pool entry 24	5000008d
	constant pool entry 22	500000eb
	constant pool entry 17	50000166
CLS 5000008f (name=sun.nio.cs.StreamDecoder, trace=300000)
	super		500000ad
	constant pool entry 246	50000080
	constant pool entry 233	500000bc
	constant pool entry 229	50000158
	constant pool entry 218	5000001a
	constant pool entry 207	5000005a
	constant pool entry 198	50000148
	constant pool entry 196	5000007a
	constant pool entry 164	500000a9
	constant pool entry 87	500000ad
	constant pool entry 8	5000008f
CLS 50000090 (name=java.util.Dictionary, trace=300000)
	super		500000a7
	constant pool entry 3	500000a7
CLS 50000092 (name=java.net.Parts, trace=300000)
	super		500000a7
	constant pool entry 29	50000096
	constant pool entry 10	500000a7
	constant pool entry 9	50000092
CLS 50000093 (name=java.lang.invoke.VolatileCallSite, trace=300000)
	super		500000f7
CLS 50000148 (name=java.nio.charset.CharsetDecoder, trace=300000)
	super		500000a7
	static stateNames	50001dd4
	constant pool entry 284	5000012d
	constant pool entry 234	50000080
	constant pool entry 195	500000bc
	constant pool entry 172	500000a9
	constant pool entry 161	5000007a
	constant pool entry 83	500000a7
	constant pool entry 82	50001db6
	constant pool entry 81	50001db5
	constant pool entry 80	50001db4
	constant pool entry 79	50001db3
	constant pool entry 78	50000096
	constant pool entry 76	50000148
	constant pool entry 18	50001dd3
	constant pool entry 11	50001a8e
CLS 50000094 (name=sun.nio.cs.UTF_8$Decoder, trace=300000)
	super		50000148
	constant pool entry 155	50000080
	constant pool entry 127	50000103
	constant pool entry 125	50000158
	constant pool entry 108	500000bc
	constant pool entry 105	5000005a
	constant pool entry 56	50000148
	constant pool entry 55	50000094
	constant pool entry 53	500000dc
CLS 500000a9 (name=java.nio.charset.Charset, trace=300000)
	super		500000a7
	static bugLevel	500011ca
	static standardProvider	50001a92
	static cache1	50002470
	static cache2	50008cd6
	static gate	50001a91
	static extendedProviderLock	50001a90
	static defaultCharset	50001886
	constant pool entry 337	5000012d
	constant pool entry 229	5000013f
	constant pool entry 205	500000fc
	constant pool entry 200	5000011d
	constant pool entry 91	5000008d
	constant pool entry 89	5000007d
	constant pool entry 57	50001a8f
	constant pool entry 30	500000a9
	constant pool entry 22	500000a7
	constant pool entry 15	50001a8e
	constant pool entry 12	50000096
	constant pool entry 9	500011ca
	constant pool entry 8	50001a8d
	constant pool entry 7	500000d0
CLS 50000095 (name=sun.nio.cs.US_ASCII, trace=300000)
	super		500000a9
	constant pool entry 32	5000007d
	constant pool entry 10	500000a9
	constant pool entry 8	50000156
	constant pool entry 6	5000009a
	constant pool entry 4	50001890
	constant pool entry 1	50001a87
CLS 50000096 (name=java.lang.String, trace=300000)
	super		500000a7
	static serialPersistentFields	500011da
	static CASE_INSENSITIVE_ORDER	500011d9
	constant pool entry 536	5000012d
	constant pool entry 392	5000000f
	constant pool entry 345	50000103
	constant pool entry 317	5000010f
	constant pool entry 305	50000078
	constant pool entry 300	500000ee
	constant pool entry 145	500000a7
	constant pool entry 139	5000003a
	constant pool entry 134	50000070
	constant pool entry 132	50000023
	constant pool entry 125	500011d8
	constant pool entry 124	500011d7
	constant pool entry 121	500011ae
	constant pool entry 116	500075f9
	constant pool entry 103	500011d6
	constant pool entry 102	500011d5
	constant pool entry 101	500011d4
	constant pool entry 81	500011d3
	constant pool entry 43	50000096
	constant pool entry 21	500011d2
	constant pool entry 18	500011d1
CLS 50000097 (name=java.lang.String[], trace=300000)
	super		500000a7
CLS 50000098 (name=sun.misc.Launcher$AppClassLoader, trace=300000)
	super		500000e8
	constant pool entry 116	50000080
	constant pool entry 96	50000c6c
	constant pool entry 85	50000096
	constant pool entry 80	500000fc
	constant pool entry 74	5000003a
	constant pool entry 42	500000e8
	constant pool entry 41	50000098
	constant pool entry 38	5000005c
	constant pool entry 18	50001232
	constant pool entry 17	50000111
	constant pool entry 8	5000004a
	constant pool entry 5	500000a4
	constant pool entry 1	50001e44
CLS 50000099 (name=java.util.Hashtable$Enumerator, trace=300000)
	super		500000a7
	constant pool entry 76	5000012e
	constant pool entry 35	50000047
	constant pool entry 31	500000a7
	constant pool entry 30	50000099
CLS 5000009a (name=sun.nio.cs.US_ASCII$Decoder, trace=300000)
	super		50000148
	constant pool entry 93	50000080
	constant pool entry 90	50000103
	constant pool entry 88	50000096
	constant pool entry 34	50000148
	constant pool entry 33	5000009a
	constant pool entry 31	50000095
CLS 5000009c (name=java.lang.ClassLoader$ParallelLoaders, trace=300000)
	super		500000a7
	static loaderTypes	50001fdd
	constant pool entry 39	5000006d
	constant pool entry 35	500000d3
	constant pool entry 33	50000080
	constant pool entry 10	5000009c
	constant pool entry 9	5000004a
	constant pool entry 6	50000074
CLS 5000009e (name=java.util.HashMap$Entry, trace=300000)
	super		500000a7
	constant pool entry 20	500000a7
	constant pool entry 19	5000009e
CLS 5000009f (name=java.util.HashMap$Entry[], trace=300000)
	super		500000a7
CLS 500000a1 (name=java.lang.ref.Reference[], trace=300000)
	super		500000a7
CLS 500000a2 (name=java.nio.charset.CoderResult$Cache, trace=300000)
	super		500000a7
	constant pool entry 20	500000a7
	constant pool entry 19	500000a2
CLS 500000a4 (name=sun.misc.Launcher$AppClassLoader$1, trace=300000)
	super		500000a7
	constant pool entry 41	5000005c
	constant pool entry 11	500000a7
	constant pool entry 10	500000a4
	constant pool entry 7	50000098
CLS 500000a5 (name=sun.reflect.DelegatingConstructorAccessorImpl, trace=300000)
	super		50000086
	constant pool entry 6	50000086
	constant pool entry 5	500000a5
CLS 500000a6 (name=sun.misc.Signal, trace=300000)
	super		500000a7
	static handlers	5000206e
	static signals	5000206d
	constant pool entry 45	500000a7
	constant pool entry 43	5000012e
	constant pool entry 30	500000e9
	constant pool entry 25	5000016a
	constant pool entry 15	5000014d
	constant pool entry 3	500000a6
CLS 500000a8 (name=java.lang.Object[], trace=300000)
	super		500000a7
CLS 500000aa (name=sun.nio.cs.Unicode, trace=300000)
	super		500000a9
	constant pool entry 57	500000a9
CLS 500000ab (name=java.lang.reflect.Member, trace=300000)
CLS 500000ac (name=java.lang.reflect.Member[], trace=300000)
	super		500000a7
CLS 50000157 (name=java.util.concurrent.atomic.AtomicReferenceFieldUpdater, trace=300000)
	super		500000a7
	constant pool entry 40	500000c4
	constant pool entry 8	500000a7
	constant pool entry 1	500000ae
CLS 500000ae (name=java.util.concurrent.atomic.AtomicReferenceFieldUpdater$AtomicReferenceFieldUpdaterImpl, trace=300000)
	super		50000157
	static unsafe	50001226
	constant pool entry 113	5000007c
	constant pool entry 102	500000f0
	constant pool entry 94	50000114
	constant pool entry 92	5000015d
	constant pool entry 90	50000080
	constant pool entry 45	50000157
	constant pool entry 44	500000ae
	constant pool entry 19	500000a7
CLS 500000af (name=java.lang.reflect.Proxy, trace=300000)
	super		500000a7
	static proxyClassNamePrefix	50001775
	static constructorParams	5000177a
	static loaderToCache	50001779
	static pendingGenerationMarker	50001778
	static nextUniqueNumberLock	50001777
	static proxyClasses	50001776
	constant pool entry 377	5000012d
	constant pool entry 287	5000006d
	constant pool entry 272	5000006e
	constant pool entry 253	5000565c
	constant pool entry 242	500000f0
	constant pool entry 228	500000ee
	constant pool entry 224	500000d3
	constant pool entry 189	5000003a
	constant pool entry 100	50000074
	constant pool entry 99	5000014e
	constant pool entry 98	500000af
	constant pool entry 86	500000a7
	constant pool entry 71	50000088
	constant pool entry 64	50001775
	constant pool entry 61	50001774
	constant pool entry 50	50000080
	constant pool entry 48	500000a0
	constant pool entry 45	5000010b
	constant pool entry 44	500000c2
	constant pool entry 30	50000065
	constant pool entry 25	50000042
	constant pool entry 24	50000096
CLS 500000b0 (name=java.lang.ArrayStoreException, trace=300000)
	super		500000f4
CLS 500000b1 (name=java.lang.BootstrapMethodError, trace=300000)
	super		50000136
CLS 500000b2 (name=java.lang.Float, trace=300000)
	super		500000a3
	static TYPE	500011a0
	constant pool entry 142	50000080
	constant pool entry 31	5000123d
	constant pool entry 11	500000b2
CLS 500000b3 (name=sun.security.util.Debug, trace=300000)
	super		500000a7
	static hexDigits	50001297
	constant pool entry 213	500000fc
	constant pool entry 93	50001296
	constant pool entry 87	50001295
	constant pool entry 86	50000096
	constant pool entry 83	50001294
	constant pool entry 82	500000d0
	constant pool entry 32	500000b3
CLS 50000126 (name=sun.reflect.FieldAccessorImpl, trace=300000)
	super		50000124
CLS 500000b4 (name=sun.reflect.UnsafeFieldAccessorImpl, trace=300000)
	super		50000126
CLS 500000b5 (name=java.lang.Short, trace=300000)
	super		500000a3
	static TYPE	500011a7
	constant pool entry 128	50000080
	constant pool entry 32	500000a3
	constant pool entry 29	50001251
	constant pool entry 16	500000b5
CLS 500000b6 (name=sun.reflect.DelegatingClassLoader, trace=300000)
	super		5000004a
CLS 500000b7 (name=java.nio.charset.CoderResult$1, trace=300000)
	super		500000a2
	constant pool entry 5	500000a2
CLS 500000b8 (name=java.lang.StringCoding$StringDecoder, trace=300000)
	super		500000a7
	constant pool entry 153	5000012d
	constant pool entry 85	5000010f
	constant pool entry 78	50000080
	constant pool entry 73	50000148
	constant pool entry 71	5000007a
	constant pool entry 69	500000a9
	constant pool entry 33	500000a7
	constant pool entry 32	500000b8
	constant pool entry 18	5000005f
	constant pool entry 13	50000164
CLS 500000b9 (name=java.util.BitSet, trace=300000)
	super		500000a7
	static serialPersistentFields	500015d6
	constant pool entry 348	5000012d
	constant pool entry 274	50000080
	constant pool entry 91	500000a7
	constant pool entry 88	50000023
	constant pool entry 76	500015d5
	constant pool entry 71	50000172
	constant pool entry 19	500000b9
CLS 500000ba (name=java.util.Locale$LocaleKey, trace=300000)
	super		500000a7
	constant pool entry 45	50000112
	constant pool entry 11	500000a7
	constant pool entry 8	500000ba
CLS 500000bc (name=java.nio.charset.CoderResult, trace=300000)
	super		500000a7
	static names	50001dc4
	static UNDERFLOW	50001dc3
	static OVERFLOW	50001dc2
	static malformedCache	50001dc1
	static unmappableCache	50001dc0
	constant pool entry 142	5000012d
	constant pool entry 121	50000080
	constant pool entry 43	500000a7
	constant pool entry 41	50000160
	constant pool entry 39	500000b7
	constant pool entry 36	50001dbf
	constant pool entry 35	50001dbe
	constant pool entry 34	50001dbd
	constant pool entry 33	50001dbc
	constant pool entry 32	50000096
	constant pool entry 30	500000bc
CLS 500000bd (name=java.lang.reflect.GenericDeclaration, trace=300000)
CLS 500000be (name=java.lang.reflect.GenericDeclaration[], trace=300000)
	super		500000a7
CLS 500000bf (name=java.util.Collections$EmptyList, trace=300000)
	super		5000006a
	constant pool entry 19	5000006a
	constant pool entry 18	500000bf
CLS 500000c0 (name=java.security.CodeSource, trace=300000)
	super		500000a7
	constant pool entry 181	50000071
	constant pool entry 107	500000a7
	constant pool entry 11	500000c0
CLS 500000c1 (name=java.io.BufferedWriter, trace=300000)
	super		50000073
	constant pool entry 118	5000012d
	constant pool entry 82	500000fc
	constant pool entry 33	50000073
	constant pool entry 32	500000c1
	constant pool entry 15	50000096
	constant pool entry 12	50001260
	constant pool entry 11	500000d0
CLS 500000c2 (name=java.util.Map, trace=300000)
CLS 500000c3 (name=java.util.Collections$SynchronizedMap, trace=300000)
	super		500000a7
	constant pool entry 31	500000c2
	constant pool entry 30	500000a7
	constant pool entry 29	500000c3
CLS 500000c4 (name=sun.reflect.Reflection, trace=300000)
	super		500000a7
	static fieldFilterMap	50003a6f
	static methodFilterMap	50001723
	constant pool entry 223	5000012d
	constant pool entry 152	500000c2
	constant pool entry 129	50000080
	constant pool entry 121	500000f0
	constant pool entry 63	50001722
	constant pool entry 62	5000003a
	constant pool entry 61	50001721
	constant pool entry 60	50001720
	constant pool entry 59	50000096
	constant pool entry 58	500000c4
	constant pool entry 47	500052a0
	constant pool entry 46	5000015e
	constant pool entry 41	5000010b
CLS 500000c6 (name=java.lang.OutOfMemoryError, trace=300000)
	super		50000005
CLS 500000c7 (name=java.lang.OutOfMemoryError[], trace=300000)
	super		500000a7
CLS 500000c8 (name=java.lang.ref.Reference$ReferenceHandler, trace=300000)
	super		50000083
	constant pool entry 41	50000117
	constant pool entry 35	500000a7
	constant pool entry 30	500000a0
	constant pool entry 14	50000083
	constant pool entry 8	50000911
CLS 500000c9 (name=java.io.FileDescriptor, trace=300000)
	super		500000a7
	static in	5000126f
	static out	50001274
	static err	50001273
	constant pool entry 63	50000019
	constant pool entry 17	500000a7
	constant pool entry 14	500000e0
	constant pool entry 8	500000c9
	constant pool entry 3	500000eb
CLS 500000cb (name=sun.reflect.ReflectionFactory$GetReflectionFactoryAction, trace=300000)
	super		500000a7
	constant pool entry 19	500000ea
	constant pool entry 5	500000a7
	constant pool entry 4	500000cb
CLS 500000cc (name=java.lang.NullPointerException, trace=300000)
	super		500000f4
CLS 500000cd (name=java.io.OutputStreamWriter, trace=300000)
	super		50000073
	constant pool entry 58	50000058
	constant pool entry 23	50000073
	constant pool entry 22	500000cd
CLS 500000ce (name=sun.misc.MetaIndex, trace=300000)
	super		500000a7
	static jarMap	50001de0
	constant pool entry 160	5000012d
	constant pool entry 124	50000080
	constant pool entry 104	50000113
	constant pool entry 85	500000c2
	constant pool entry 45	500000a7
	constant pool entry 39	5000010b
	constant pool entry 37	50000097
	constant pool entry 35	50000096
	constant pool entry 28	50001ddf
	constant pool entry 16	50001dde
	constant pool entry 12	5000004e
	constant pool entry 9	50000061
	constant pool entry 8	5000000d
	constant pool entry 5	50001ddd
	constant pool entry 4	500000ec
	constant pool entry 3	500000ce
CLS 500000cf (name=java.nio.Bits, trace=300000)
	super		500000a7
	static unsafe	50001226
	static byteOrder	5000175c
	constant pool entry 485	50000019
	constant pool entry 480	50000032
	constant pool entry 475	50000080
	constant pool entry 457	5000011d
	constant pool entry 447	500000fc
	constant pool entry 433	5000007c
	constant pool entry 353	5000005a
	constant pool entry 158	5000013a
	constant pool entry 122	500000cf
	constant pool entry 121	50001764
	constant pool entry 120	50001763
	constant pool entry 119	50001762
	constant pool entry 117	50001761
	constant pool entry 116	50000096
	constant pool entry 113	50001760
	constant pool entry 112	500000d0
CLS 500000d0 (name=sun.security.action.GetPropertyAction, trace=300000)
	super		500000a7
	constant pool entry 29	5000003a
	constant pool entry 7	500000a7
	constant pool entry 6	500000d0
CLS 500000d1 (name=java.lang.IllegalMonitorStateException, trace=300000)
	super		500000f4
CLS 500000d3 (name=java.util.Set, trace=300000)
CLS 500000d4 (name=java.util.concurrent.locks.ReentrantLock, trace=300000)
	super		500000a7
	constant pool entry 47	50000144
	constant pool entry 41	500000a7
	constant pool entry 40	500000d4
	constant pool entry 2	5000003d
CLS 500000d5 (name=java.util.concurrent.locks.ReentrantLock[], trace=300000)
	super		500000a7
CLS 500000d6 (name=sun.reflect.FieldAccessor, trace=300000)
CLS 500000d7 (name=java.util.StringTokenizer, trace=300000)
	super		500000a7
	constant pool entry 85	50000078
	constant pool entry 80	50000096
	constant pool entry 33	500000a7
	constant pool entry 32	500000d7
CLS 500000d8 (name=sun.reflect.LangReflectAccess, trace=300000)
CLS 500000d9 (name=java.lang.AutoCloseable, trace=300000)
CLS 500000da (name=java.lang.Double, trace=300000)
	super		500000a3
	static TYPE	500011a2
	constant pool entry 197	50000080
	constant pool entry 62	5000123b
	constant pool entry 41	500000da
CLS 50000161 (name=java.io.FilterOutputStream, trace=300000)
	super		50000082
	constant pool entry 13	50000082
	constant pool entry 12	50000161
CLS 500000db (name=java.io.BufferedOutputStream, trace=300000)
	super		50000161
	constant pool entry 62	5000012d
	constant pool entry 48	5000003a
	constant pool entry 45	50000082
	constant pool entry 14	50000161
	constant pool entry 13	500000db
CLS 500000dc (name=sun.nio.cs.UTF_8, trace=300000)
	super		500000aa
	constant pool entry 40	5000001e
	constant pool entry 33	5000007d
	constant pool entry 12	500000aa
	constant pool entry 7	50000016
	constant pool entry 5	50000094
	constant pool entry 4	50001888
	constant pool entry 1	500015be
CLS 500000dd (name=java.security.PrivilegedExceptionAction, trace=300000)
CLS 500000df (name=java.net.URL$1, trace=300000)
	super		500000a7
	constant pool entry 33	50000159
	constant pool entry 28	5000003a
	constant pool entry 9	500000a7
	constant pool entry 8	500000df
	constant pool entry 2	500015b4
CLS 500000e0 (name=java.io.FileDescriptor$1, trace=300000)
	super		500000a7
	constant pool entry 7	500000a7
CLS 500000e1 (name=java.lang.invoke.DirectMethodHandle, trace=300000)
	super		50000025
CLS 500000e2 (name=java.lang.StringCoding$StringEncoder, trace=300000)
	super		500000a7
	constant pool entry 153	5000012d
	constant pool entry 85	5000010f
	constant pool entry 78	50000080
	constant pool entry 73	50000049
	constant pool entry 71	5000007a
	constant pool entry 69	500000a9
	constant pool entry 33	500000a7
	constant pool entry 32	500000e2
	constant pool entry 18	50000137
CLS 500000e3 (name=java.lang.reflect.AnnotatedElement, trace=300000)
CLS 500000e4 (name=java.lang.reflect.AnnotatedElement[], trace=300000)
	super		500000a7
CLS 500000e5 (name=java.lang.SystemClassLoaderAction, trace=300000)
	super		500000a7
	constant pool entry 36	5000003a
	constant pool entry 14	500000e5
	constant pool entry 9	500000a7
	constant pool entry 3	50001fea
CLS 500000e6 (name=java.lang.reflect.ReflectAccess, trace=300000)
	super		500000a7
	constant pool entry 20	500000a7
	constant pool entry 6	5000006e
	constant pool entry 4	50000040
	constant pool entry 2	5000015d
CLS 500000e7 (name=java.lang.Long, trace=300000)
	super		500000a3
	static TYPE	500011a6
	constant pool entry 232	50000080
	constant pool entry 178	5000016a
	constant pool entry 84	500053d2
	constant pool entry 82	500000a3
	constant pool entry 79	5000123f
	constant pool entry 46	500000e7
CLS 500000e9 (name=sun.misc.SignalHandler, trace=300000)
	static SIG_DFL	50002069
	static SIG_IGN	50002068
	constant pool entry 5	500000e9
	constant pool entry 1	5000014d
CLS 500000ea (name=sun.reflect.ReflectionFactory, trace=300000)
	super		500000a7
	static reflectionFactoryAccessPerm	50001230
	static soleInstance	5000122c
	static langReflectAccess	5000122f
	constant pool entry 206	500000fc
	constant pool entry 189	500000d8
	constant pool entry 179	500000c4
	constant pool entry 172	500000f0
	constant pool entry 171	5000006e
	constant pool entry 147	5000003a
	constant pool entry 73	500000a7
	constant pool entry 71	500000ea
	constant pool entry 69	5000122e
	constant pool entry 68	50000111
	constant pool entry 64	500000ff
	constant pool entry 43	500000a5
	constant pool entry 41	50000123
	constant pool entry 33	50000086
	constant pool entry 31	50000080
	constant pool entry 23	5000563f
	constant pool entry 21	5000563d
CLS 500000eb (name=java.util.concurrent.atomic.AtomicInteger, trace=300000)
	super		500000a3
	static unsafe	50001226
	constant pool entry 77	50000080
	constant pool entry 68	5000007c
	constant pool entry 18	500000a3
	constant pool entry 12	50001271
	constant pool entry 11	500000eb
CLS 500000ec (name=java.io.File, trace=300000)
	super		500000a7
	static fs	500015dd
	static separator	500015dc
	static pathSeparator	500015db
	constant pool entry 419	50000080
	constant pool entry 346	5000003a
	constant pool entry 290	500000f1
	constant pool entry 145	500000a7
	constant pool entry 86	50000096
	constant pool entry 51	50000065
	constant pool entry 42	500000ec
	constant pool entry 8	500011ca
CLS 500000ed (name=java.io.File[], trace=300000)
	super		500000a7
CLS 500000ee (name=java.util.Arrays, trace=300000)
	super		500000a7
	constant pool entry 485	5000012d
	constant pool entry 366	50000103
	constant pool entry 364	50000056
	constant pool entry 362	50000080
	constant pool entry 326	500052a8
	constant pool entry 323	5000003a
	constant pool entry 134	500052a6
	constant pool entry 130	500000ee
	constant pool entry 69	5000397e
	constant pool entry 63	500000a7
	constant pool entry 21	500000a8
CLS 500000ef (name=java.util.Locale$Cache, trace=300000)
	super		50000122
	constant pool entry 10	50000122
	constant pool entry 9	500000ef
	constant pool entry 7	500000ba
	constant pool entry 3	5000000f
CLS 500000f0 (name=java.lang.reflect.Modifier, trace=300000)
	super		500000a7
	constant pool entry 128	500000fc
	constant pool entry 122	50000096
	constant pool entry 25	500000e6
	constant pool entry 24	500000ea
	constant pool entry 21	500000cb
	constant pool entry 14	5000171e
	constant pool entry 10	5000171d
	constant pool entry 4	5000171c
	constant pool entry 2	5000005d
CLS 500000f2 (name=java.security.ProtectionDomain$Key, trace=300000)
	super		500000a7
	constant pool entry 4	500000a7
	constant pool entry 3	500000f2
CLS 500000f3 (name=java.util.concurrent.ConcurrentHashMap, trace=300000)
	super		5000001d
	static UNSAFE	50001226
	constant pool entry 466	5000012d
	constant pool entry 373	5000016a
	constant pool entry 366	50000080
	constant pool entry 277	500000a7
	constant pool entry 270	5000007c
	constant pool entry 262	5000011d
	constant pool entry 135	50000119
	constant pool entry 118	5000001d
	constant pool entry 111	500013fa
	constant pool entry 110	500013f9
	constant pool entry 107	500012a0
	constant pool entry 106	500000f3
	constant pool entry 85	500013f8
	constant pool entry 31	50000141
	constant pool entry 20	50000116
	constant pool entry 16	50000140
	constant pool entry 8	50000115
CLS 500000f5 (name=java.lang.NoClassDefFoundError, trace=300000)
	super		50000136
CLS 500000f6 (name=sun.misc.URLClassPath, trace=300000)
	super		500000a7
	static USER_AGENT_JAVA_VERSION	50001e33
	static JAVA_VERSION	50001e34
	constant pool entry 268	500000fc
	constant pool entry 259	500001a3
	constant pool entry 243	5000003a
	constant pool entry 222	50000037
	constant pool entry 122	50001e33
	constant pool entry 111	500000a7
	constant pool entry 110	500000f6
	constant pool entry 106	50001e32
	constant pool entry 105	50001e31
	constant pool entry 103	50000096
	constant pool entry 100	50001e30
	constant pool entry 99	500000d0
	constant pool entry 65	500007f0
	constant pool entry 62	500001a9
	constant pool entry 35	50000071
	constant pool entry 30	500007ed
	constant pool entry 28	500001ab
	constant pool entry 19	5000187d
	constant pool entry 13	5000010b
	constant pool entry 9	50000026
	constant pool entry 6	5000004e
CLS 500000f8 (name=java.io.Closeable, trace=300000)
CLS 5000010b (name=java.util.HashMap, trace=300000)
	super		5000001d
	constant pool entry 392	5000012d
	constant pool entry 287	50000121
	constant pool entry 285	500000d3
	constant pool entry 266	500000a7
	constant pool entry 255	5000011d
	constant pool entry 250	50000103
	constant pool entry 245	500000b2
	constant pool entry 234	50000077
	constant pool entry 116	50000034
	constant pool entry 101	500000c2
	constant pool entry 100	5000001d
	constant pool entry 84	5000004d
	constant pool entry 81	5000570b
	constant pool entry 75	5000015b
	constant pool entry 73	5000570d
	constant pool entry 68	5000010b
	constant pool entry 55	50000108
	constant pool entry 21	5000009e
CLS 500000f9 (name=java.util.LinkedHashMap, trace=300000)
	super		5000010b
	constant pool entry 34	5000010b
	constant pool entry 33	500000f9
	constant pool entry 23	5000681b
	constant pool entry 7	5000010e
CLS 500000fa (name=java.lang.ref.FinalReference, trace=300000)
	super		500000a0
	constant pool entry 3	500000a0
CLS 500000fc (name=java.security.AccessController, trace=300000)
	super		500000a7
	constant pool entry 41	500000fc
	constant pool entry 13	50000011
CLS 500000fd (name=java.util.Hashtable$Holder, trace=300000)
	super		500000a7
	constant pool entry 34	500000fc
	constant pool entry 16	500000fd
	constant pool entry 3	500013fb
	constant pool entry 2	500000d0
CLS 500000fe (name=sun.misc.OSEnvironment, trace=300000)
	super		500000a7
CLS 500000ff (name=sun.reflect.ReflectionFactory$1, trace=300000)
	super		500000a7
	constant pool entry 39	5000003a
	constant pool entry 36	500000ea
	constant pool entry 19	500000a7
	constant pool entry 18	500000ff
	constant pool entry 8	5000208b
	constant pool entry 3	5000208a
CLS 5000012e (name=java.util.Hashtable, trace=300000)
	super		50000090
	static UNSAFE	50001226
	constant pool entry 435	5000012d
	constant pool entry 353	50000080
	constant pool entry 346	5000007c
	constant pool entry 323	5000006d
	constant pool entry 308	50000121
	constant pool entry 306	500000d3
	constant pool entry 288	5000011d
	constant pool entry 285	50000103
	constant pool entry 279	500000b2
	constant pool entry 263	50000077
	constant pool entry 260	500000a7
	constant pool entry 124	500000fd
	constant pool entry 113	50000090
	constant pool entry 105	500012a0
	constant pool entry 87	500000c2
	constant pool entry 82	50000052
	constant pool entry 76	50000099
	constant pool entry 62	5000012e
	constant pool entry 57	50000108
	constant pool entry 29	50000047
CLS 50000100 (name=java.util.Properties, trace=300000)
	super		5000012e
	static hexDigit	500013c2
	constant pool entry 266	5000012d
	constant pool entry 73	50000100
	constant pool entry 62	5000012e
	constant pool entry 16	50000096
	constant pool entry 5	50001bcc
CLS 50000101 (name=java.util.Collections$UnmodifiableRandomAccessList, trace=300000)
	super		50000069
	constant pool entry 6	50000069
CLS 50000102 (name=java.lang.Terminator$1, trace=300000)
	super		500000a7
	constant pool entry 5	500000a7
CLS 50000103 (name=java.lang.Math, trace=300000)
	super		500000a7
	static randomNumberGenerator	50001595
	constant pool entry 164	500000da
	constant pool entry 161	500000b2
	constant pool entry 62	50000103
	constant pool entry 31	50000044
CLS 50000104 (name=sun.reflect.UnsafeStaticFieldAccessorImpl, trace=300000)
	super		500000b4
CLS 50000105 (name=java.security.Principal, trace=300000)
CLS 50000106 (name=java.security.Principal[], trace=300000)
	super		500000a7
CLS 50000107 (name=java.lang.ref.Finalizer, trace=300000)
	super		500000fa
	static queue	50001194
	static unfinalized	50001135
	static lock	50001ea5
	constant pool entry 115	50000001
	constant pool entry 112	50000083
	constant pool entry 38	500000fa
	constant pool entry 33	50000169
	constant pool entry 28	500000a7
	constant pool entry 26	50000117
	constant pool entry 14	5000018a
	constant pool entry 9	50000107
CLS 50000108 (name=java.util.Map$Entry, trace=300000)
CLS 50000109 (name=java.util.Map$Entry[], trace=300000)
	super		500000a7
CLS 5000010c (name=java.io.FileOutputStream, trace=300000)
	super		50000082
	static runningFinalize	50001ec6
	constant pool entry 113	5000003a
	constant pool entry 46	50000082
	constant pool entry 45	5000010c
	constant pool entry 42	5000008d
	constant pool entry 18	500000c9
	constant pool entry 9	500000a7
CLS 5000010d (name=sun.reflect.ConstantPool, trace=300000)
	super		500000a7
	constant pool entry 104	5000012d
	constant pool entry 97	500000c4
	constant pool entry 19	50001729
	constant pool entry 18	50000096
	constant pool entry 17	5000010d
CLS 5000010e (name=java.util.LinkedHashMap$Entry, trace=300000)
	super		5000009e
	constant pool entry 11	5000009e
	constant pool entry 10	5000010e
	constant pool entry 5	500000f9
CLS 5000010f (name=java.lang.StringCoding, trace=300000)
	super		500000a7
	static decoder	50001f5a
	static encoder	50001f55
	constant pool entry 184	50000096
	constant pool entry 165	500000a9
	constant pool entry 88	5000010f
	constant pool entry 86	5000008d
	constant pool entry 67	500000e2
	constant pool entry 28	500000b8
	constant pool entry 6	50000118
CLS 50000110 (name=sun.misc.JavaNioAccess, trace=300000)
CLS 50000111 (name=java.lang.RuntimePermission, trace=300000)
	super		5000008e
	constant pool entry 4	5000008e
CLS 50000112 (name=sun.util.locale.BaseLocale, trace=300000)
	super		500000a7
	static SEP	5000209f
	static CACHE	500020a0
	constant pool entry 97	50000096
	constant pool entry 95	50000125
	constant pool entry 51	5000209f
	constant pool entry 42	500000a7
	constant pool entry 40	5000002a
	constant pool entry 24	5000209e
	constant pool entry 22	5000209d
	constant pool entry 19	5000209c
	constant pool entry 16	5000011a
	constant pool entry 13	50000112
	constant pool entry 5	500011ca
CLS 50000113 (name=java.util.List, trace=300000)
CLS 50000114 (name=sun.reflect.misc.ReflectUtil, trace=300000)
	super		500000a7
	static PROXY_PACKAGE	5000180f
	constant pool entry 110	500000af
	constant pool entry 97	50000096
	constant pool entry 95	5000003a
	constant pool entry 87	500000c4
	constant pool entry 85	500000f0
	constant pool entry 81	50000080
	constant pool entry 33	50000114
	constant pool entry 31	5000180f
CLS 50000115 (name=java.util.concurrent.ConcurrentHashMap$HashEntry, trace=300000)
	super		500000a7
	static UNSAFE	50001226
	constant pool entry 62	50000080
	constant pool entry 57	5000007c
	constant pool entry 17	500000a7
	constant pool entry 11	50001225
	constant pool entry 10	50000115
CLS 50000116 (name=java.util.concurrent.ConcurrentHashMap$HashEntry[], trace=300000)
	super		500000a7
CLS 50000117 (name=java.lang.ref.ReferenceQueue, trace=300000)
	super		500000a7
	static NULL	50001716
	static ENQUEUED	50001715
	constant pool entry 76	5000011d
	constant pool entry 71	500000a0
	constant pool entry 23	500000a7
	constant pool entry 22	50000117
	constant pool entry 20	5000015a
	constant pool entry 10	500000fa
	constant pool entry 2	50000020
CLS 50000119 (name=java.util.concurrent.ConcurrentHashMap$Holder, trace=300000)
	super		500000a7
	constant pool entry 35	500000fc
	constant pool entry 17	50000119
	constant pool entry 3	500013fb
	constant pool entry 2	500000d0
CLS 5000011a (name=sun.util.locale.BaseLocale$Key, trace=300000)
	super		500000a7
	constant pool entry 104	50000080
	constant pool entry 90	50000125
	constant pool entry 83	50000096
	constant pool entry 30	500000a7
	constant pool entry 28	50000112
	constant pool entry 19	5000011a
	constant pool entry 11	500011ca
CLS 5000011b (name=java.lang.StackOverflowError, trace=300000)
	super		50000005
CLS 5000011c (name=sun.misc.JavaLangAccess, trace=300000)
CLS 5000011d (name=sun.misc.VM, trace=300000)
	super		500000a7
	static savedProps	500012ab
	constant pool entry 160	500000fe
	constant pool entry 146	50000145
	constant pool entry 48	5000011d
	constant pool entry 45	50000100
	constant pool entry 33	500012aa
	constant pool entry 32	500012a9
	constant pool entry 31	500012a8
	constant pool entry 28	500012a7
	constant pool entry 27	500011d7
	constant pool entry 26	500012a6
	constant pool entry 19	500012a5
	constant pool entry 18	50000096
	constant pool entry 16	500012a4
CLS 5000011e (name=java.util.Enumeration, trace=300000)
CLS 5000011f (name=java.security.ProtectionDomain, trace=300000)
	super		500000a7
	constant pool entry 284	5000012d
	constant pool entry 217	500000b3
	constant pool entry 214	50000019
	constant pool entry 80	500000a7
	constant pool entry 79	5000011f
	constant pool entry 76	5000002c
	constant pool entry 74	50001293
	constant pool entry 71	50000060
	constant pool entry 54	50000c6c
	constant pool entry 12	50000105
	constant pool entry 9	50000c6d
	constant pool entry 3	500000f2
CLS 50000120 (name=java.net.URLClassLoader$7, trace=300000)
	super		500000a7
	constant pool entry 4	500000a7
CLS 50000121 (name=java.util.Iterator, trace=300000)
CLS 50000123 (name=sun.reflect.NativeConstructorAccessorImpl, trace=300000)
	super		50000086
	constant pool entry 43	500000ea
	constant pool entry 16	50000123
	constant pool entry 12	50000086
CLS 50000125 (name=sun.util.locale.LocaleUtils, trace=300000)
	super		500000a7
	constant pool entry 18	50000125
	constant pool entry 9	50000096
CLS 50000127 (name=java.lang.ArithmeticException, trace=300000)
	super		500000f4
CLS 50000128 (name=java.util.Collections$SetFromMap, trace=300000)
	super		5000003b
	constant pool entry 97	50000159
	constant pool entry 85	500000c2
	constant pool entry 26	5000003b
	constant pool entry 25	50000128
CLS 50000129 (name=sun.misc.Version, trace=300000)
	super		500000a7
	static launcher_name	5000207d
	static java_version	50001e34
	static java_runtime_name	5000204a
	static java_runtime_version	50002054
	constant pool entry 133	5000003a
	constant pool entry 74	5000207d
	constant pool entry 69	50000129
	constant pool entry 8	5000204a
	constant pool entry 7	5000204b
	constant pool entry 6	50002054
	constant pool entry 5	50002055
	constant pool entry 3	50001e34
	constant pool entry 2	50001e30
CLS 5000012a (name=java.io.BufferedInputStream, trace=300000)
	super		50000035
	static bufUpdater	5000171b
	constant pool entry 126	5000012d
	constant pool entry 100	5000001a
	constant pool entry 96	50000157
	constant pool entry 92	5000003a
	constant pool entry 35	50000035
	constant pool entry 33	5000171a
	constant pool entry 32	5000016e
	constant pool entry 31	5000012a
CLS 5000012b (name=java.io.PrintStream, trace=300000)
	super		50000161
	constant pool entry 210	50000096
	constant pool entry 87	50000161
	constant pool entry 40	5000012b
	constant pool entry 24	50000082
	constant pool entry 23	50001f7f
	constant pool entry 17	500000c1
	constant pool entry 14	500000cd
CLS 5000012c (name=sun.nio.cs.StandardCharsets$Cache, trace=300000)
	super		50000139
	constant pool entry 117	5000012d
	constant pool entry 43	50000139
	constant pool entry 42	5000012c
	constant pool entry 41	50001ab7
	constant pool entry 40	50001ab9
	constant pool entry 39	50001abd
	constant pool entry 38	50001ac1
	constant pool entry 37	50001ac3
	constant pool entry 36	50001acc
	constant pool entry 35	50001946
	constant pool entry 34	50001ac7
	constant pool entry 33	50001ad5
	constant pool entry 32	50001927
	constant pool entry 31	50001940
	constant pool entry 30	50001ae7
	constant pool entry 29	50001ae4
	constant pool entry 28	50001931
	constant pool entry 27	5000193a
	constant pool entry 26	50001936
	constant pool entry 25	50001af5
	constant pool entry 24	50001afc
	constant pool entry 23	50001b07
	constant pool entry 22	50001b03
	constant pool entry 21	50001b0d
	constant pool entry 20	50001b14
	constant pool entry 19	50001b11
	constant pool entry 18	50001b25
	constant pool entry 17	50001b1c
	constant pool entry 16	50001b3b
	constant pool entry 15	50001b3d
	constant pool entry 14	50001b4d
	constant pool entry 13	50001b4a
	constant pool entry 12	50001b5e
	constant pool entry 11	50001b5b
	constant pool entry 10	50001b58
	constant pool entry 9	50001b69
	constant pool entry 8	50001b65
	constant pool entry 7	50001b80
	constant pool entry 6	50001b7e
	constant pool entry 5	50001961
	constant pool entry 4	50001957
	constant pool entry 3	500000a7
CLS 5000012d (name=com.sun.demo.jvmti.hprof.Tracker, trace=300000)
	super		500000a7
	constant pool entry 34	50000083
	constant pool entry 8	5000012d
CLS 5000012f (name=java.lang.Thread$UncaughtExceptionHandler, trace=300000)
CLS 50000130 (name=java.lang.Thread$UncaughtExceptionHandler[], trace=300000)
	super		500000a7
CLS 50000131 (name=java.lang.Byte, trace=300000)
	super		500000a3
	static TYPE	500011a3
	constant pool entry 123	50000080
	constant pool entry 27	50001253
	constant pool entry 23	50000131
CLS 50000133 (name=sun.nio.cs.StandardCharsets$Aliases, trace=300000)
	super		50000139
	constant pool entry 517	5000012d
	constant pool entry 243	50000139
	constant pool entry 242	50000133
	constant pool entry 241	50001cc6
	constant pool entry 240	50001cc8
	constant pool entry 239	50001938
	constant pool entry 238	50001cca
	constant pool entry 237	50001ccc
	constant pool entry 236	50001925
	constant pool entry 235	50001923
	constant pool entry 234	50001cce
	constant pool entry 233	50001921
	constant pool entry 232	5000191f
	constant pool entry 231	5000191c
	constant pool entry 230	5000191a
	constant pool entry 229	50001898
	constant pool entry 228	50001cd0
	constant pool entry 227	50001cd2
	constant pool entry 226	5000192b
	constant pool entry 225	50001944
	constant pool entry 224	50001cd4
	constant pool entry 223	50001cd8
	constant pool entry 222	50001cd6
	constant pool entry 221	50001cdb
	constant pool entry 220	50001cdd
	constant pool entry 219	500018ef
	constant pool entry 218	50001ce1
	constant pool entry 217	50001cdf
	constant pool entry 216	50001ce4
	constant pool entry 215	50001ce6
	constant pool entry 214	5000195f
	constant pool entry 213	50001952
	constant pool entry 212	50001ce8
	constant pool entry 211	500018f4
	constant pool entry 210	50001cea
	constant pool entry 209	500018cd
	constant pool entry 208	50001917
	constant pool entry 207	50001cec
	constant pool entry 206	50001cee
	constant pool entry 205	5000189a
	constant pool entry 204	500018ec
	constant pool entry 203	5000189d
	constant pool entry 202	50001cf0
	constant pool entry 201	50001cf2
	constant pool entry 200	50001cf4
	constant pool entry 199	50001928
	constant pool entry 198	50001cf6
	constant pool entry 197	50001894
	constant pool entry 196	50001907
	constant pool entry 195	50001892
	constant pool entry 194	50001903
	constant pool entry 193	50001953
	constant pool entry 192	50001932
	constant pool entry 191	50001cf8
	constant pool entry 190	50001cfc
	constant pool entry 189	50001cfa
	constant pool entry 188	50001902
	constant pool entry 187	50001cff
	constant pool entry 186	50001b3d
	constant pool entry 185	50001924
	constant pool entry 184	50001d01
	constant pool entry 183	50001b4a
	constant pool entry 182	50001922
	constant pool entry 181	50001b58
	constant pool entry 180	50001920
	constant pool entry 179	50001b5b
	constant pool entry 178	5000191e
	constant pool entry 177	5000191b
	constant pool entry 176	50001b69
	constant pool entry 175	50001919
	constant pool entry 174	50001d04
	constant pool entry 173	50001d06
	constant pool entry 172	50001d08
	constant pool entry 171	50001d0a
	constant pool entry 170	50001b7e
	constant pool entry 169	50001d0c
	constant pool entry 168	50001896
	constant pool entry 167	50001d0e
	constant pool entry 166	50001967
	constant pool entry 165	50001ab7
	constant pool entry 164	50001d10
	constant pool entry 163	50001966
	constant pool entry 162	50001962
	constant pool entry 161	5000195c
	constant pool entry 160	500018f7
	constant pool entry 159	500018db
	constant pool entry 158	5000189c
	constant pool entry 157	50001926
	constant pool entry 156	50001d12
	constant pool entry 155	5000192e
	constant pool entry 154	50001947
	constant pool entry 153	5000193f
	constant pool entry 152	5000193b
	constant pool entry 151	50001935
	constant pool entry 150	50001d14
	constant pool entry 149	5000192d
	constant pool entry 148	500018e7
	constant pool entry 147	50001930
	constant pool entry 146	50001ac1
	constant pool entry 145	50001d16
	constant pool entry 144	50001d18
	constant pool entry 143	50001d1a
	constant pool entry 142	500018cf
	constant pool entry 141	500018fb
	constant pool entry 140	500018d2
	constant pool entry 139	500018c5
	constant pool entry 138	500018b3
	constant pool entry 137	50001d1c
	constant pool entry 136	50001929
	constant pool entry 135	500018c1
	constant pool entry 134	500018b1
	constant pool entry 133	50001965
	constant pool entry 132	50001d1e
	constant pool entry 131	500018f1
	constant pool entry 130	50001d20
	constant pool entry 129	50001d22
	constant pool entry 128	50001960
	constant pool entry 127	50001956
	constant pool entry 126	500018f0
	constant pool entry 125	50001d24
	constant pool entry 124	500018fe
	constant pool entry 123	50001d26
	constant pool entry 122	50001931
	constant pool entry 121	50001933
	constant pool entry 120	50001916
	constant pool entry 119	50001d28
	constant pool entry 118	5000192c
	constant pool entry 117	5000194a
	constant pool entry 116	50001d2c
	constant pool entry 115	50001945
	constant pool entry 114	5000193e
	constant pool entry 113	500018fc
	constant pool entry 112	500018d3
	constant pool entry 111	50001939
	constant pool entry 110	500018df
	constant pool entry 109	500018c6
	constant pool entry 108	50001d30
	constant pool entry 107	50001934
	constant pool entry 106	500018b4
	constant pool entry 105	500018e1
	constant pool entry 104	500018d5
	constant pool entry 103	500018fd
	constant pool entry 102	500018c8
	constant pool entry 101	50001897
	constant pool entry 100	500018ed
	constant pool entry 99	50001d35
	constant pool entry 98	50001ae4
	constant pool entry 97	50001904
	constant pool entry 96	500018e0
	constant pool entry 95	500018d4
	constant pool entry 94	500018c7
	constant pool entry 93	500018f5
	constant pool entry 92	500018e5
	constant pool entry 91	500018d9
	constant pool entry 90	500018cc
	constant pool entry 89	500018bf
	constant pool entry 88	50001d37
	constant pool entry 87	50001d39
	constant pool entry 86	50001b03
	constant pool entry 85	50001968
	constant pool entry 84	50001d3b
	constant pool entry 83	50001b4d
	constant pool entry 82	50001d3d
	constant pool entry 81	50001d3f
	constant pool entry 80	50001b5e
	constant pool entry 79	50001d41
	constant pool entry 78	50001961
	constant pool entry 77	50001963
	constant pool entry 76	50001957
	constant pool entry 75	5000195d
	constant pool entry 74	50001d43
	constant pool entry 73	50001af5
	constant pool entry 72	5000192f
	constant pool entry 71	50001ac7
	constant pool entry 70	50001954
	constant pool entry 69	5000188d
	constant pool entry 68	50001946
	constant pool entry 67	50001948
	constant pool entry 66	50001940
	constant pool entry 65	50001943
	constant pool entry 64	5000193a
	constant pool entry 63	5000193c
	constant pool entry 62	500018b6
	constant pool entry 61	50001936
	constant pool entry 60	50001937
	constant pool entry 59	500018f3
	constant pool entry 58	50001b65
	constant pool entry 57	5000191d
	constant pool entry 56	50001927
	constant pool entry 55	5000192a
	constant pool entry 54	50001b3b
	constant pool entry 53	50001d49
	constant pool entry 52	50001acc
	constant pool entry 51	50001d4b
	constant pool entry 50	5000190d
	constant pool entry 49	50001900
	constant pool entry 48	500018e2
	constant pool entry 47	500018d6
	constant pool entry 46	500018c9
	constant pool entry 45	50001ab9
	constant pool entry 44	50001918
	constant pool entry 43	50001abd
	constant pool entry 42	50001915
	constant pool entry 41	50001d4d
	constant pool entry 40	50001b80
	constant pool entry 39	50001d4f
	constant pool entry 38	50001b14
	constant pool entry 37	50001889
	constant pool entry 36	500018b8
	constant pool entry 35	50001d51
	constant pool entry 34	500018f6
	constant pool entry 33	500018e6
	constant pool entry 32	500018da
	constant pool entry 31	500018f2
	constant pool entry 30	500018ce
	constant pool entry 29	500018c0
	constant pool entry 28	500018bd
	constant pool entry 27	50001d59
	constant pool entry 26	5000190e
	constant pool entry 25	500018ff
	constant pool entry 24	50001b0d
	constant pool entry 23	500018e3
	constant pool entry 22	500018d7
	constant pool entry 21	500018ca
	constant pool entry 20	50001b07
	constant pool entry 19	50001d5c
	constant pool entry 18	50001ae7
	constant pool entry 17	50001d5e
	constant pool entry 16	50001ac3
	constant pool entry 15	50001d60
	constant pool entry 14	50001d62
	constant pool entry 13	50001afc
	constant pool entry 12	50001d70
	constant pool entry 11	50001b11
	constant pool entry 10	50001d76
	constant pool entry 9	50001b1c
	constant pool entry 8	50001d78
	constant pool entry 7	50001b25
	constant pool entry 6	50001d7a
	constant pool entry 5	50001ad5
	constant pool entry 4	50001d7c
	constant pool entry 3	500000a7
CLS 50000134 (name=java.util.WeakHashMap$KeySet, trace=300000)
	super		5000003b
	constant pool entry 11	5000003b
	constant pool entry 10	50000134
CLS 50000135 (name=java.lang.Appendable, trace=300000)
CLS 50000137 (name=sun.nio.cs.ArrayEncoder, trace=300000)
CLS 50000138 (name=java.lang.ref.PhantomReference, trace=300000)
	super		500000a0
CLS 5000013a (name=java.nio.Bits$1, trace=300000)
	super		500000a7
	constant pool entry 8	500000a7
CLS 5000013b (name=java.util.Collections$EmptySet, trace=300000)
	super		5000003b
	constant pool entry 47	5000006d
	constant pool entry 8	5000003b
	constant pool entry 7	5000013b
CLS 5000013c (name=java.lang.CharSequence, trace=300000)
CLS 5000013d (name=java.lang.CharSequence[], trace=300000)
	super		500000a7
CLS 5000013e (name=java.security.Guard, trace=300000)
CLS 50000140 (name=java.util.concurrent.ConcurrentHashMap$Segment, trace=300000)
	super		500000d4
	constant pool entry 146	5000012d
	constant pool entry 110	50000145
	constant pool entry 94	500000a7
	constant pool entry 90	500000f3
	constant pool entry 30	500000d4
	constant pool entry 29	50000140
	constant pool entry 22	50000116
	constant pool entry 15	50000115
CLS 50000141 (name=java.util.concurrent.ConcurrentHashMap$Segment[], trace=300000)
	super		500000a7
CLS 50000142 (name=java.lang.invoke.CountingMethodHandle, trace=300000)
	super		50000062
CLS 50000143 (name=sun.nio.cs.Surrogate, trace=300000)
	super		500000a7
CLS 50000145 (name=java.lang.Runtime, trace=300000)
	super		500000a7
	static currentRuntime	50001199
	constant pool entry 160	5000004a
	constant pool entry 121	5000118c
	constant pool entry 117	5000003a
	constant pool entry 55	500000a7
	constant pool entry 53	50000145
	constant pool entry 38	500000ec
	constant pool entry 25	50000096
CLS 50000146 (name=java.lang.ClassLoader$3, trace=300000)
	super		500000a7
	constant pool entry 29	50000159
	constant pool entry 27	500000ec
	constant pool entry 6	500000a7
	constant pool entry 5	50000146
CLS 50000147 (name=java.lang.Cloneable, trace=300000)
CLS 50000149 (name=sun.net.www.protocol.file.Handler, trace=300000)
	super		50000076
	constant pool entry 78	50000021
	constant pool entry 68	50000096
	constant pool entry 37	50000076
	constant pool entry 36	50000149
	constant pool entry 33	50000c96
	constant pool entry 17	50000071
	constant pool entry 12	500000ec
	constant pool entry 10	500015bd
	constant pool entry 3	500011ca
CLS 5000014a (name=java.lang.ClassCastException, trace=300000)
	super		500000f4
CLS 5000014b (name=java.lang.Comparable, trace=300000)
CLS 5000014c (name=java.lang.Comparable[], trace=300000)
	super		500000a7
CLS 5000014d (name=sun.misc.NativeSignalHandler, trace=300000)
	super		500000a7
	constant pool entry 6	500000a7
	constant pool entry 5	5000014d
CLS 5000014e (name=java.lang.reflect.InvocationHandler, trace=300000)
CLS 5000014f (name=java.lang.invoke.MethodHandleNatives, trace=300000)
	super		500000a7
CLS 50000150 (name=java.util.concurrent.locks.Lock, trace=300000)
CLS 50000151 (name=java.util.concurrent.locks.Lock[], trace=300000)
	super		500000a7
CLS 50000152 (name=java.lang.Readable, trace=300000)
CLS 50000153 (name=java.io.Flushable, trace=300000)
CLS 50000154 (name=java.lang.reflect.Type, trace=300000)
CLS 50000155 (name=java.lang.reflect.Type[], trace=300000)
	super		500000a7
CLS 50000156 (name=sun.nio.cs.US_ASCII$Encoder, trace=300000)
	super		50000049
	constant pool entry 115	50000080
	constant pool entry 109	50000103
	constant pool entry 41	50000049
	constant pool entry 40	50000156
	constant pool entry 38	50000095
	constant pool entry 3	50000030
CLS 50000159 (name=java.lang.Boolean, trace=300000)
	super		500000a7
	static TRUE	50001257
	static FALSE	50001256
	static TYPE	500011a4
	constant pool entry 92	50000080
	constant pool entry 88	50000096
	constant pool entry 83	5000003a
	constant pool entry 20	500000a7
	constant pool entry 17	50001255
	constant pool entry 9	50000159
	constant pool entry 7	500011d7
CLS 5000015a (name=java.lang.ref.ReferenceQueue$Null, trace=300000)
	super		50000117
	constant pool entry 4	50000117
	constant pool entry 3	5000015a
CLS 5000015b (name=java.util.HashMap$EntryIterator, trace=300000)
	super		50000055
	constant pool entry 7	50000055
	constant pool entry 6	5000015b
CLS 5000015c (name=sun.reflect.MethodAccessorImpl, trace=300000)
	super		50000124
	constant pool entry 3	50000124
CLS 5000015d (name=java.lang.reflect.Field, trace=300000)
	super		50000063
	constant pool entry 87	50000063
	constant pool entry 39	50000080
	constant pool entry 16	5000015d
CLS 5000015e (name=java.lang.reflect.Field[], trace=300000)
	super		500000a7
CLS 5000015f (name=java.lang.invoke.MutableCallSite, trace=300000)
	super		500000f7
CLS 50000160 (name=java.nio.charset.CoderResult$2, trace=300000)
	super		500000a2
	constant pool entry 5	500000a2
CLS 50000162 (name=java.io.Serializable, trace=300000)
CLS 50000163 (name=java.io.Serializable[], trace=300000)
	super		500000a7
CLS 50000164 (name=sun.nio.cs.HistoricallyNamedCharset, trace=300000)
CLS 50000165 (name=java.io.ExpiringCache$1, trace=300000)
	super		500000f9
	constant pool entry 22	50000033
	constant pool entry 6	500000f9
	constant pool entry 5	50000165
CLS 50000166 (name=java.lang.ThreadLocal$ThreadLocalMap, trace=300000)
	super		500000a7
	constant pool entry 123	5000012d
	constant pool entry 28	500000a7
	constant pool entry 27	50000166
	constant pool entry 14	5000008d
	constant pool entry 8	50000067
CLS 50000167 (name=java.lang.ref.Reference$Lock, trace=300000)
	super		500000a7
	constant pool entry 4	500000a7
	constant pool entry 3	50000167
CLS 50000168 (name=java.lang.invoke.MethodType, trace=300000)
	super		500000a7
CLS 50000169 (name=java.lang.ref.Finalizer$FinalizerThread, trace=300000)
	super		50000083
	constant pool entry 27	50000117
	constant pool entry 10	50000083
	constant pool entry 9	50000169
	constant pool entry 6	50000107
	constant pool entry 1	50001ea4
CLS 5000016a (name=java.lang.Integer, trace=300000)
	super		500000a3
	static TYPE	5000119f
	static digits	50001244
	static DigitTens	50001243
	static DigitOnes	50001242
	static sizeTable	50001241
	constant pool entry 268	5000012d
	constant pool entry 232	50000080
	constant pool entry 201	50000078
	constant pool entry 77	500000a3
	constant pool entry 68	50001240
	constant pool entry 39	5000016a
	constant pool entry 3	50000096
CLS 5000016b (name=sun.misc.JavaSecurityProtectionDomainAccess, trace=300000)
CLS 5000016c (name=java.lang.ThreadDeath, trace=300000)
	super		5000006b
CLS 5000016d (name=boolean[], trace=300000)
	super		500000a7
CLS 5000016e (name=byte[], trace=300000)
	super		500000a7
CLS 5000016f (name=char[], trace=300000)
	super		500000a7
CLS 50000170 (name=int[], trace=300000)
	super		500000a7
CLS 50000171 (name=short[], trace=300000)
	super		500000a7
CLS 50000172 (name=long[], trace=300000)
	super		500000a7
CLS 50000173 (name=float[], trace=300000)
	super		500000a7
CLS 50000174 (name=double[], trace=300000)
	super		500000a7
CLS 5000018a (name=java.lang.Enum, trace=300000)
	super		500000a7
	constant pool entry 88	500000c2
	constant pool entry 84	50000080
	constant pool entry 31	500000a7
	constant pool entry 12	5000018a
CLS 5000018b (name=sun.launcher.LauncherHelper, trace=300000)
	super		5000018a
	static INSTANCE	5000018c
	static MAIN_CLASS	50001e49
	static outBuf	5000018f
	static INDENT	5000221a
	static VM_SETTINGS	50002218
	static PROP_SETTINGS	50002219
	static LOCALE_SETTINGS	5000221b
	static diagprop	500012aa
	static defaultBundleName	50002221
	static encprop	5000221f
	static encoding	5000119b
	static $VALUES	5000018e
	constant pool entry 660	5000012d
	constant pool entry 514	5000011d
	constant pool entry 481	500000a9
	constant pool entry 476	50001740
	constant pool entry 471	500000f0
	constant pool entry 469	50000040
	constant pool entry 450	5000004a
	constant pool entry 318	5000003a
	constant pool entry 218	50002221
	constant pool entry 196	5000018a
	constant pool entry 194	500012aa
	constant pool entry 191	50002220
	constant pool entry 155	5000221f
	constant pool entry 143	50000097
	constant pool entry 142	50000080
	constant pool entry 141	5000221e
	constant pool entry 119	50001e49
	constant pool entry 72	5000221b
	constant pool entry 57	5000221a
	constant pool entry 51	50000096
	constant pool entry 42	50002219
	constant pool entry 23	50000065
	constant pool entry 21	50002218
	constant pool entry 4	5000018b
CLS 5000018d (name=sun.launcher.LauncherHelper[], trace=300015)
	super		500000a7
CLS 5000019d (name=java.net.URLClassLoader$1, trace=300028)
	super		500000a7
	constant pool entry 51	500000f6
	constant pool entry 46	50000096
	constant pool entry 41	500000e8
	constant pool entry 16	500000a7
	constant pool entry 15	5000019d
	constant pool entry 11	5000007e
	constant pool entry 5	50001ddf
CLS 500001a3 (name=sun.net.util.URLUtil, trace=300034)
	super		500000a7
	constant pool entry 32	50000096
	constant pool entry 30	50000071
	constant pool entry 7	50001e2e
	constant pool entry 2	50000065
CLS 500001a9 (name=sun.misc.URLClassPath$3, trace=300040)
	super		500000a7
	constant pool entry 53	50000096
	constant pool entry 50	50000071
	constant pool entry 45	500000f6
	constant pool entry 20	500000a7
	constant pool entry 19	500001a9
	constant pool entry 14	500001ac
	constant pool entry 10	50000a84
	constant pool entry 7	500015bb
	constant pool entry 5	500015ae
CLS 500001ab (name=sun.misc.URLClassPath$Loader, trace=300042)
	super		500000a7
	constant pool entry 29	500000a7
	constant pool entry 28	500001ab
CLS 500001ac (name=sun.misc.URLClassPath$JarLoader, trace=300042)
	super		500001ab
	static zipAccess	500001b1
	constant pool entry 335	5000036b
	constant pool entry 325	50000259
	constant pool entry 323	50000019
	constant pool entry 301	500002d6
	constant pool entry 254	5000003a
	constant pool entry 249	500000fc
	constant pool entry 240	500000ce
	constant pool entry 236	50000021
	constant pool entry 118	500001ab
	constant pool entry 92	500001ac
	constant pool entry 89	50000096
	constant pool entry 83	50000042
	constant pool entry 68	500021ae
	constant pool entry 50	50000258
	constant pool entry 47	50008c2e
	constant pool entry 44	50000252
	constant pool entry 37	500007ed
	constant pool entry 35	500007f0
	constant pool entry 32	50000250
	constant pool entry 29	500015bb
	constant pool entry 24	500000ec
	constant pool entry 14	50001880
	constant pool entry 11	50000065
	constant pool entry 10	500011ca
	constant pool entry 9	5000187d
	constant pool entry 8	50000071
CLS 500001ad (name=java.util.zip.ZipConstants, trace=300043)
CLS 500001ae (name=java.util.zip.ZipFile, trace=300043)
	super		500000a7
	constant pool entry 409	50000019
	constant pool entry 402	5000011d
	constant pool entry 356	500002b0
	constant pool entry 349	500000c2
	constant pool entry 330	500002b8
	constant pool entry 323	500002b4
	constant pool entry 316	5000003a
	constant pool entry 301	50000260
	constant pool entry 137	500000a7
	constant pool entry 136	500001ae
	constant pool entry 133	500001b0
	constant pool entry 128	500012a9
	constant pool entry 92	500002dc
	constant pool entry 85	500002ed
	constant pool entry 79	500002f4
	constant pool entry 66	500002ea
	constant pool entry 25	500002b1
	constant pool entry 23	50000074
	constant pool entry 17	500000ec
CLS 500001af (name=sun.misc.JavaUtilZipFileAccess, trace=300044)
CLS 500001b0 (name=java.util.zip.ZipFile$2, trace=300044)
	super		500000a7
	constant pool entry 4	500000a7
CLS 50000250 (name=sun.misc.URLClassPath$JarLoader$1, trace=300062)
	super		500000a7
	constant pool entry 87	5000010b
	constant pool entry 84	500001a3
	constant pool entry 77	500002d6
	constant pool entry 59	500000f6
	constant pool entry 34	500001ac
	constant pool entry 31	500000a7
	constant pool entry 30	50000250
	constant pool entry 22	50000071
CLS 50000252 (name=sun.misc.FileURLMapper, trace=300064)
	super		500000a7
	constant pool entry 44	50000021
	constant pool entry 39	50000096
	constant pool entry 36	50000071
	constant pool entry 16	500000a7
	constant pool entry 15	50000252
	constant pool entry 12	500000ec
	constant pool entry 5	500011ca
CLS 50000258 (name=java.util.jar.JarFile, trace=300068)
	super		500001ae
	static MANIFEST_NAME	50001284
	static lastOcc	5000025d
	static optoSft	5000025e
	static src	5000025c
	static javaHome	50001290
	static jarNames	5000036d
	constant pool entry 428	5000012d
	constant pool entry 354	50000019
	constant pool entry 311	500000fc
	constant pool entry 306	50000103
	constant pool entry 288	5000001a
	constant pool entry 286	500003aa
	constant pool entry 284	500002dc
	constant pool entry 257	5000000f
	constant pool entry 130	500001ae
	constant pool entry 129	50000258
	constant pool entry 126	5000025a
	constant pool entry 98	5000128f
	constant pool entry 97	5000128e
	constant pool entry 96	5000128d
	constant pool entry 95	5000128c
	constant pool entry 94	5000128b
	constant pool entry 93	5000128a
	constant pool entry 92	50001289
	constant pool entry 91	50001288
	constant pool entry 90	50001287
	constant pool entry 88	50001286
	constant pool entry 85	50000065
	constant pool entry 82	50000096
	constant pool entry 79	50001285
	constant pool entry 78	500000d0
	constant pool entry 68	50001284
	constant pool entry 45	50002228
	constant pool entry 38	50001283
	constant pool entry 37	50001282
	constant pool entry 36	50001281
	constant pool entry 34	50001280
	constant pool entry 26	500002df
	constant pool entry 24	500002de
	constant pool entry 21	50000118
	constant pool entry 18	500021f6
	constant pool entry 14	500021c0
	constant pool entry 11	500021bf
	constant pool entry 3	500000ec
CLS 50000259 (name=sun.misc.JavaUtilJarAccess, trace=300069)
CLS 5000025a (name=java.util.jar.JavaUtilJarAccessImpl, trace=300069)
	super		500000a7
	constant pool entry 38	50000258
	constant pool entry 10	500000a7
CLS 50000260 (name=java.nio.charset.StandardCharsets, trace=300075)
	super		500000a7
	static US_ASCII	50001d9b
	static ISO_8859_1	50000270
	static UTF_8	50001886
	static UTF_16BE	50000285
	static UTF_16LE	50000296
	static UTF_16	500002a7
	constant pool entry 39	500000a9
	constant pool entry 18	50000260
	constant pool entry 16	50001da6
	constant pool entry 14	50001dad
	constant pool entry 12	50001da3
	constant pool entry 10	500015be
	constant pool entry 8	50001da1
	constant pool entry 5	50001a87
CLS 50000269 (name=sun.nio.cs.ISO_8859_1, trace=300084)
	super		500000a9
	constant pool entry 34	5000007d
	constant pool entry 11	500000a9
	constant pool entry 1	50001da1
CLS 50000275 (name=SevenZip.Compression.LZ.InWindow, trace=300478)
	super		500000a7
	loader		5000119e
	domain		50000ba8
	constant pool entry 103	5000012d
	constant pool entry 88	5000001a
	constant pool entry 18	500000a7
	constant pool entry 17	50000275
CLS 5000027e (name=sun.nio.cs.UTF_16BE, trace=300084)
	super		500000aa
	constant pool entry 27	5000007d
	constant pool entry 10	500000aa
	constant pool entry 1	50001da3
CLS 5000028f (name=sun.nio.cs.UTF_16LE, trace=300084)
	super		500000aa
	constant pool entry 27	5000007d
	constant pool entry 10	500000aa
	constant pool entry 1	50001dad
CLS 500002a0 (name=sun.nio.cs.UTF_16, trace=300084)
	super		500000aa
	constant pool entry 26	5000007d
	constant pool entry 9	500000aa
	constant pool entry 1	50001da6
CLS 500002af (name=java.util.Queue, trace=300106)
CLS 500002b0 (name=java.util.Deque, trace=300106)
CLS 500002b1 (name=java.util.ArrayDeque, trace=300106)
	super		500000fb
	constant pool entry 252	5000012d
	constant pool entry 199	50000080
	constant pool entry 57	500000fb
	constant pool entry 46	500002b1
	constant pool entry 6	500000a8
	constant pool entry 5	500000a7
CLS 500002b4 (name=java.util.zip.ZipCoder, trace=300109)
	super		500000a7
	constant pool entry 202	5000012d
	constant pool entry 140	5000007a
	constant pool entry 135	500000a9
	constant pool entry 130	50000260
	constant pool entry 122	500000ee
	constant pool entry 116	50000049
	constant pool entry 50	500000a7
	constant pool entry 34	500002b4
	constant pool entry 25	50000137
	constant pool entry 4	50000096
CLS 500002b8 (name=sun.misc.PerfCounter, trace=300113)
	super		500000a7
	static perf	500002bc
	constant pool entry 116	500000fc
	constant pool entry 100	5000003a
	constant pool entry 95	500002c4
	constant pool entry 89	5000005a
	constant pool entry 87	50000032
	constant pool entry 37	500002bd
	constant pool entry 33	500000a7
	constant pool entry 32	500002bb
	constant pool entry 29	500002b9
	constant pool entry 9	500002b8
CLS 500002b9 (name=sun.misc.Perf$GetPerfAction, trace=300114)
	super		500000a7
	constant pool entry 19	500002bb
	constant pool entry 5	500000a7
	constant pool entry 4	500002b9
CLS 500002bb (name=sun.misc.Perf, trace=300116)
	super		500000a7
	static instance	500002bc
	constant pool entry 87	5000003a
	constant pool entry 31	500000a7
	constant pool entry 29	500002bb
CLS 500002bd (name=sun.misc.PerfCounter$CoreCounters, trace=300118)
	super		500000a7
	static pdt	500002be
	static lc	500002c7
	static lct	500002ca
	static rcbt	500002cd
	static zfc	500002d0
	static zfot	500002d3
	constant pool entry 33	500002b8
	constant pool entry 15	500002bd
	constant pool entry 13	50001e80
	constant pool entry 11	50001e7f
	constant pool entry 9	50001e7e
	constant pool entry 7	50001e7d
	constant pool entry 5	50001e7c
	constant pool entry 2	50001e7b
CLS 500002bf (name=sun.nio.ch.DirectBuffer, trace=300120)
CLS 500002c0 (name=java.nio.MappedByteBuffer, trace=300120)
	super		5000005a
	constant pool entry 20	5000005a
	constant pool entry 19	500002c0
CLS 500002c1 (name=java.nio.DirectByteBuffer, trace=300120)
	super		500002c0
	static unsafe	50001226
	constant pool entry 413	50000080
	constant pool entry 299	5000007c
	constant pool entry 293	500000cf
	constant pool entry 164	500002c0
	constant pool entry 161	5000016e
	constant pool entry 127	500002c5
	constant pool entry 24	500002c1
CLS 500002c4 (name=java.nio.LongBuffer, trace=300123)
	super		5000001e
	constant pool entry 50	5000001e
	constant pool entry 43	500002c4
CLS 500002c5 (name=java.nio.DirectLongBufferU, trace=300123)
	super		500002c4
	static unsafe	50001226
	constant pool entry 151	50000080
	constant pool entry 130	500000cf
	constant pool entry 122	5000007c
	constant pool entry 59	500002bf
	constant pool entry 58	500002c4
	constant pool entry 54	50000172
	constant pool entry 10	500002c5
CLS 500002d6 (name=sun.misc.JarIndex, trace=300130)
	super		500000a7
	static INDEX_NAME	50001dd6
	constant pool entry 296	5000012d
	constant pool entry 223	5000003a
	constant pool entry 150	50000258
	constant pool entry 85	500000a7
	constant pool entry 83	50001dd8
	constant pool entry 82	500011d7
	constant pool entry 75	50000097
	constant pool entry 69	50001dd7
	constant pool entry 66	50000091
	constant pool entry 63	5000009b
	constant pool entry 62	5000000d
	constant pool entry 60	50000096
	constant pool entry 47	50001888
	constant pool entry 23	500015ae
	constant pool entry 18	50000317
	constant pool entry 14	500002d6
	constant pool entry 11	50001dd6
	constant pool entry 2	5000010b
CLS 500002dc (name=java.util.zip.ZipEntry, trace=300136)
	super		500000a7
	constant pool entry 136	50000096
	constant pool entry 63	500000a7
	constant pool entry 57	500002dc
	constant pool entry 28	500015ae
CLS 500002de (name=java.util.jar.JarEntry, trace=300138)
	super		500002dc
	constant pool entry 12	500002dc
CLS 500002df (name=java.util.jar.JarFile$JarFileEntry, trace=300138)
	super		500002de
	constant pool entry 41	50000258
	constant pool entry 20	500002de
	constant pool entry 19	500002df
CLS 500002ea (name=java.util.zip.ZipFile$ZipFileInputStream, trace=300146)
	super		5000001a
	constant pool entry 72	500000c2
	constant pool entry 59	500001ae
	constant pool entry 22	5000001a
	constant pool entry 21	500002ea
CLS 500002ed (name=java.util.zip.Inflater, trace=300149)
	super		500000a7
	static defaultBuf	500002ee
	constant pool entry 154	5000012d
	constant pool entry 139	50000080
	constant pool entry 42	500000a7
	constant pool entry 39	500002ed
	constant pool entry 4	500002f1
CLS 500002f1 (name=java.util.zip.ZStreamRef, trace=300153)
	super		500000a7
	constant pool entry 4	500000a7
	constant pool entry 3	500002f1
CLS 500002f3 (name=java.util.zip.InflaterInputStream, trace=300155)
	super		50000035
	constant pool entry 156	5000012d
	constant pool entry 129	5000001a
	constant pool entry 50	50000035
	constant pool entry 49	500002f3
	constant pool entry 18	500002ed
CLS 500002f4 (name=java.util.zip.ZipFile$ZipFileInflaterInputStream, trace=300155)
	super		500002f3
	constant pool entry 75	5000001a
	constant pool entry 66	500000c2
	constant pool entry 64	500001ae
	constant pool entry 32	500002ea
	constant pool entry 27	500002f3
	constant pool entry 26	500002f4
	constant pool entry 9	500002ed
CLS 50000316 (name=java.util.AbstractSequentialList, trace=300182)
	super		5000006a
	constant pool entry 21	5000006a
CLS 50000317 (name=java.util.LinkedList, trace=300182)
	super		50000316
	constant pool entry 67	50000316
	constant pool entry 56	500000a7
	constant pool entry 51	50000317
	constant pool entry 6	50000319
CLS 50000319 (name=java.util.LinkedList$Node, trace=300184)
	super		500000a7
	constant pool entry 6	500000a7
	constant pool entry 5	50000319
CLS 5000036b (name=sun.misc.ExtensionDependency, trace=300214)
	super		500000a7
	constant pool entry 11	5000036b
CLS 500003aa (name=sun.misc.IOUtils, trace=300274)
	super		500000a7
	constant pool entry 48	5000012d
	constant pool entry 28	5000001a
	constant pool entry 26	500000ee
	constant pool entry 24	50000103
CLS 5000043b (name=SevenZip.Compression.LZ.BinTree, trace=300478)
	super		50000275
	loader		5000119e
	domain		50000ba8
	static CrcTable	500023ec
	constant pool entry 167	5000012d
	constant pool entry 150	50000103
	constant pool entry 35	50000275
	constant pool entry 34	5000043b
CLS 50000635 (name=java.net.InterfaceAddress[], trace=300000)
	super		500000a7
CLS 50000674 (name=java.lang.Number[], trace=300000)
	super		500000a7
CLS 50000678 (name=java.lang.Object[][], trace=300000)
	super		500000a7
CLS 500006b6 (name=sun.reflect.generics.tree.Tree[], trace=300000)
	super		500000a7
CLS 500006bb (name=sun.reflect.generics.tree.TypeTree[], trace=300000)
	super		500000a7
CLS 500006bc (name=java.security.ProtectionDomain[], trace=300000)
	super		500000a7
CLS 500006bd (name=java.net.NetworkInterface[], trace=300000)
	super		500000a7
CLS 500006be (name=java.lang.CharSequence[][], trace=300000)
	super		500000a7
CLS 500006bf (name=java.lang.Cloneable[], trace=300000)
	super		500000a7
CLS 500006c0 (name=java.lang.Comparable[][], trace=300000)
	super		500000a7
CLS 500006c1 (name=java.lang.Enum[], trace=300000)
	super		500000a7
CLS 500006c2 (name=java.io.Serializable[][], trace=300000)
	super		500000a7
CLS 500006c3 (name=SevenZip.Compression.LZMA.Encoder$LenEncoder, trace=300478)
	super		500000a7
	loader		5000119e
	domain		50000ba8
	constant pool entry 94	5000012d
	constant pool entry 70	50000e99
	constant pool entry 17	500000a7
	constant pool entry 16	500006c3
	constant pool entry 4	50000f93
CLS 500007ed (name=java.io.IOException, trace=300281)
	super		50000132
	constant pool entry 6	50000132
CLS 500007ee (name=java.util.zip.ZipException, trace=300281)
	super		500007ed
	constant pool entry 4	500007ed
CLS 500007f0 (name=java.security.PrivilegedActionException, trace=300283)
	super		50000132
	constant pool entry 13	50000132
	constant pool entry 12	500007f0
CLS 5000085e (name=SevenZip.Compression.LZMA.Encoder$LenPriceTableEncoder, trace=300478)
	super		500006c3
	loader		5000119e
	domain		50000ba8
	constant pool entry 63	5000012d
	constant pool entry 10	500006c3
	constant pool entry 9	5000085e
CLS 50000911 (name=sun.misc.Cleaner, trace=302473)
	super		50000138
CLS 5000091b (name=java.io.PipedOutputStream, trace=300483)
	super		50000082
	constant pool entry 45	500087cf
	constant pool entry 20	50000082
	constant pool entry 19	5000091b
CLS 50000a84 (name=sun.misc.URLClassPath$FileLoader, trace=300290)
	super		500001ab
	constant pool entry 84	500000f6
	constant pool entry 76	50000c47
	constant pool entry 70	50000021
	constant pool entry 62	50000096
	constant pool entry 34	500001ab
	constant pool entry 33	50000a84
	constant pool entry 30	50000c48
	constant pool entry 25	50001e3a
	constant pool entry 20	50001228
	constant pool entry 18	50000071
	constant pool entry 12	500000ec
	constant pool entry 2	500015bb
CLS 50000bba (name=SevenZip.Compression.LZMA.Encoder, trace=300478)
	super		500000a7
	loader		5000119e
	domain		50000ba8
	static g_FastPos	5000085f
	constant pool entry 641	5000012d
	constant pool entry 557	50000082
	constant pool entry 518	50000103
	constant pool entry 478	50000275
	constant pool entry 413	50000c93
	constant pool entry 358	500024d0
	constant pool entry 168	500006c3
	constant pool entry 164	500000a7
	constant pool entry 163	50000bba
	constant pool entry 44	50001131
	constant pool entry 40	5000085e
	constant pool entry 35	50000f93
	constant pool entry 26	50000e99
	constant pool entry 24	50000da3
	constant pool entry 10	5000043b
CLS 50000c47 (name=sun.misc.Resource, trace=300316)
	super		500000a7
	constant pool entry 104	5000012d
	constant pool entry 71	5000001a
	constant pool entry 69	500000ee
	constant pool entry 67	50000103
	constant pool entry 63	50000083
	constant pool entry 22	500000a7
	constant pool entry 21	50000c47
	constant pool entry 19	50000c63
CLS 50000c48 (name=sun.misc.URLClassPath$FileLoader$1, trace=300316)
	super		50000c47
	constant pool entry 50	500000ec
	constant pool entry 19	50000a84
	constant pool entry 11	50000c47
	constant pool entry 10	50000c48
	constant pool entry 7	50000015
CLS 50000c4c (name=java.lang.Package, trace=300320)
	super		500000a7
	static pkgs	50000c4d
	static urls	50000c4f
	static mans	50000c51
	constant pool entry 277	500000c2
	constant pool entry 214	50000096
	constant pool entry 95	500000a7
	constant pool entry 93	5000010b
	constant pool entry 72	50000c4c
	constant pool entry 57	500015ae
CLS 50000c63 (name=sun.nio.ByteBuffered, trace=300342)
CLS 50000c6c (name=java.security.PermissionCollection, trace=300347)
	super		500000a7
	constant pool entry 19	500000a7
	constant pool entry 18	50000c6c
CLS 50000c6d (name=java.security.Permissions, trace=300347)
	super		50000c6c
	static serialPersistentFields	50000c6e
	constant pool entry 226	5000012d
	constant pool entry 137	50000045
	constant pool entry 132	500000a7
	constant pool entry 127	500000c2
	constant pool entry 53	50000c6d
	constant pool entry 50	50000023
	constant pool entry 42	5000129d
	constant pool entry 40	5000129c
	constant pool entry 35	5000012e
	constant pool entry 22	50000c6c
	constant pool entry 14	50000ccf
	constant pool entry 13	50000cce
	constant pool entry 3	5000010b
CLS 50000c93 (name=SevenZip.Compression.LZMA.Base, trace=300478)
	super		500000a7
	loader		5000119e
	domain		50000ba8
CLS 50000c94 (name=java.net.URLConnection, trace=300380)
	super		500000a7
	static handlers	50000c97
	static contentClassPrefix	50001707
	static contentPathProp	50001706
	constant pool entry 153	500000a7
	constant pool entry 152	50000c94
	constant pool entry 150	5000012e
	constant pool entry 113	50001707
	constant pool entry 109	50001706
CLS 50000c95 (name=sun.net.www.URLConnection, trace=300380)
	super		50000c94
	static proxiedHosts	50000c99
	constant pool entry 53	50000c94
	constant pool entry 52	50000c95
	constant pool entry 50	5000010b
	constant pool entry 3	50000c9c
CLS 50000c96 (name=sun.net.www.protocol.file.FileURLConnection, trace=300380)
	super		50000c95
	static CONTENT_LENGTH	500016fe
	static CONTENT_TYPE	500016ff
	static TEXT_PLAIN	50001700
	static LAST_MODIFIED	50001701
	constant pool entry 240	50000021
	constant pool entry 238	50000071
	constant pool entry 179	50008dc0
	constant pool entry 161	500000ec
	constant pool entry 95	50000c95
	constant pool entry 94	50000c96
	constant pool entry 93	50001701
	constant pool entry 92	50001700
	constant pool entry 91	500016ff
	constant pool entry 90	500016fe
	constant pool entry 87	500016fd
	constant pool entry 86	50000ca0
	constant pool entry 31	500016fc
	constant pool entry 25	50000015
	constant pool entry 24	5000012a
CLS 50000c9c (name=sun.net.www.MessageHeader, trace=300386)
	super		500000a7
	constant pool entry 243	5000012d
	constant pool entry 60	500000a7
	constant pool entry 59	50000c9c
	constant pool entry 31	50000096
CLS 50000ca0 (name=java.io.FilePermission, trace=300390)
	super		50000045
	constant pool entry 142	500000ec
	constant pool entry 137	500000fc
	constant pool entry 50	50000045
	constant pool entry 45	50000cbb
	constant pool entry 31	500016fd
	constant pool entry 26	50000ca0
	constant pool entry 18	50000096
	constant pool entry 15	50000ca2
	constant pool entry 10	5000170b
CLS 50000ca2 (name=java.io.FilePermission$1, trace=300392)
	super		500000a7
	constant pool entry 45	50000096
	constant pool entry 39	50000ca0
	constant pool entry 19	500000a7
	constant pool entry 18	50000ca2
	constant pool entry 13	500000ec
	constant pool entry 4	50001236
CLS 50000cbb (name=java.io.FilePermissionCollection, trace=300414)
	super		50000c6c
	static serialPersistentFields	50000cbc
	constant pool entry 167	5000012d
	constant pool entry 95	50000113
	constant pool entry 40	50000c6c
	constant pool entry 39	50000cbb
	constant pool entry 36	50000023
	constant pool entry 28	50001238
	constant pool entry 24	50000091
	constant pool entry 5	50000ca0
	constant pool entry 2	5000004e
CLS 50000cce (name=java.security.AllPermission, trace=300429)
	super		50000045
CLS 50000ccf (name=java.security.UnresolvedPermission, trace=300430)
	super		50000045
CLS 50000cd1 (name=java.security.BasicPermissionCollection, trace=300432)
	super		50000c6c
	static serialPersistentFields	50000cd2
	constant pool entry 233	5000012d
	constant pool entry 165	50000159
	constant pool entry 131	50000096
	constant pool entry 128	500000c2
	constant pool entry 125	500000a7
	constant pool entry 59	50000c6c
	constant pool entry 58	50000cd1
	constant pool entry 54	50000023
	constant pool entry 50	50000080
	constant pool entry 43	50001239
	constant pool entry 41	50001238
	constant pool entry 39	50001237
	constant pool entry 34	5000012e
	constant pool entry 23	50001236
	constant pool entry 7	5000008e
	constant pool entry 2	5000010b
CLS 50000da3 (name=SevenZip.Compression.LZMA.Encoder$Optimal, trace=300478)
	super		500000a7
	loader		5000119e
	domain		50000ba8
	constant pool entry 6	500000a7
	constant pool entry 5	50000da3
CLS 50000da4 (name=SevenZip.Compression.LZMA.Encoder$Optimal[], trace=302497)
	super		500000a7
	loader		5000119e
CLS 50000e02 (name=org.eclipse.jdt.internal.junit.runner.MessageSender, trace=300478)
	loader		5000119e
	domain		50000cf7
CLS 50000e99 (name=SevenZip.Compression.RangeCoder.Encoder, trace=300478)
	super		500000a7
	loader		5000119e
	domain		50000ba8
	static ProbPrices	50000e9a
	constant pool entry 115	5000012d
	constant pool entry 103	50000082
	constant pool entry 22	500000a7
	constant pool entry 21	50000e99
CLS 50000ef9 (name=org.eclipse.jdt.internal.junit.runner.IVisitsTestTrees, trace=300478)
	loader		5000119e
	domain		50000cf7
CLS 50000efa (name=org.eclipse.jdt.internal.junit.runner.RemoteTestRunner, trace=300478)
	super		500000a7
	loader		5000119e
	domain		50000cf7
	static RERAN_FAILURE	50001f9a
	static RERAN_ERROR	50001f99
	static RERAN_OK	50001f9b
	constant pool entry 739	5000012d
	constant pool entry 352	50001849
	constant pool entry 351	50001641
	constant pool entry 348	50001d67
	constant pool entry 347	50000efa
	constant pool entry 346	50000e02
	constant pool entry 343	50001a98
	constant pool entry 342	50001368
	constant pool entry 341	50001735
	constant pool entry 340	50001277
	constant pool entry 339	50001e64
	constant pool entry 338	50000091
	constant pool entry 337	50001ada
	constant pool entry 334	5000003a
	constant pool entry 333	5000005d
	constant pool entry 332	50000096
	constant pool entry 331	500000a7
	constant pool entry 328	5000016a
	constant pool entry 324	5000004a
	constant pool entry 323	50000080
	constant pool entry 320	50001c40
	constant pool entry 318	500000cd
	constant pool entry 317	5000009b
	constant pool entry 313	500000c1
	constant pool entry 312	5000000d
	constant pool entry 311	50000097
	constant pool entry 310	50000081
	constant pool entry 309	50001f9c
	constant pool entry 302	500015be
	constant pool entry 296	50001f9b
	constant pool entry 294	50001f9a
	constant pool entry 293	50001f99
	constant pool entry 291	50001f98
	constant pool entry 288	50001f97
	constant pool entry 287	50001f96
	constant pool entry 285	50001f95
	constant pool entry 16	50001f94
	constant pool entry 15	50001f93
	constant pool entry 14	50001f92
	constant pool entry 13	50001f91
	constant pool entry 12	50001f90
	constant pool entry 11	50001f8f
	constant pool entry 10	50001f8e
	constant pool entry 9	50001f8d
	constant pool entry 8	50001f8c
	constant pool entry 7	50001f8b
	constant pool entry 6	50001f8a
	constant pool entry 5	50001f89
	constant pool entry 4	50001f88
	constant pool entry 3	50001f87
	constant pool entry 2	500015cc
	constant pool entry 1	500011ca
CLS 50000f93 (name=SevenZip.Compression.RangeCoder.BitTreeEncoder, trace=300478)
	super		500000a7
	loader		5000119e
	domain		50000ba8
	constant pool entry 62	5000012d
	constant pool entry 49	50000e99
	constant pool entry 47	500025c6
	constant pool entry 8	500000a7
	constant pool entry 7	50000f93
CLS 50000f94 (name=SevenZip.Compression.RangeCoder.BitTreeEncoder[], trace=302512)
	super		500000a7
	loader		5000119e
CLS 5000100a (name=org.eclipse.jdt.internal.junit.runner.IListensToTestExecutions, trace=300478)
	loader		5000119e
	domain		50000cf7
CLS 50001011 (name=java.lang.InterruptedException, trace=300483)
	super		50000132
CLS 50001131 (name=SevenZip.Compression.LZMA.Encoder$LiteralEncoder, trace=300478)
	super		500000a7
	loader		5000119e
	domain		50000ba8
	constant pool entry 61	5000012d
	constant pool entry 11	500000a7
	constant pool entry 10	50001131
	constant pool entry 7	500024d0
CLS 50001136 (name=org.eclipse.jdt.internal.junit.runner.IClassifiesThrowables, trace=300478)
	loader		5000119e
	domain		50000cf7
CLS 50001159 (name=java.io.StringWriter, trace=300483)
	super		50000073
CLS 50001164 (name=java.io.UnsupportedEncodingException, trace=300483)
	super		500007ed
CLS 50007e09 (name=org.junit.runner.notification.RunNotifier$SafeNotifier, trace=300478)
	super		500000a7
	loader		5000119e
	domain		5000226c
	constant pool entry 66	50000121
	constant pool entry 64	50000113
	constant pool entry 57	50007947
	constant pool entry 20	500000a7
	constant pool entry 19	50007e09
	constant pool entry 11	50002351
	constant pool entry 6	5000004e
CLS 50001166 (name=org.junit.runner.notification.RunNotifier$2, trace=300478)
	super		50007e09
	loader		5000119e
	domain		5000226c
	constant pool entry 34	50002351
	constant pool entry 6	50007e09
	constant pool entry 5	50001166
CLS 50001b90 (name=java.net.SocketException, trace=300692)
	super		500007ed
	constant pool entry 4	500007ed
CLS 5000118a (name=sun.net.ConnectionResetException, trace=302621)
	super		50001b90
CLS 5000118c (name=java.lang.Shutdown, trace=302623)
	super		500000a7
	static hooks	5000118d
	static lock	5000118f
	static haltLock	50001190
	constant pool entry 119	5000012d
	constant pool entry 30	5000118e
	constant pool entry 29	5000002e
	constant pool entry 27	5000118c
CLS 5000118e (name=java.lang.Shutdown$Lock, trace=302625)
	super		500000a7
	constant pool entry 4	500000a7
	constant pool entry 3	5000118e
CLS 50001277 (name=org.eclipse.jdt.internal.junit.runner.FirstRunExecutionListener, trace=300478)
	super		500000a7
	loader		5000119e
	domain		50000cf7
	constant pool entry 58	50001849
	constant pool entry 57	50000e02
	constant pool entry 56	50001735
	constant pool entry 54	50001277
	constant pool entry 52	5000005d
	constant pool entry 51	50000096
	constant pool entry 50	500000a7
	constant pool entry 2	50001fa1
	constant pool entry 1	50001fa0
CLS 50001368 (name=org.eclipse.jdt.internal.junit.runner.ITestLoader, trace=300478)
	loader		5000119e
	domain		50000cf7
CLS 5000145b (name=org.eclipse.jdt.internal.junit.runner.RemoteTestRunner$RerunRequest, trace=300478)
	super		500000a7
	loader		5000119e
CLS 5000154d (name=org.eclipse.jdt.internal.junit.runner.RerunExecutionListener, trace=300478)
	super		50001277
	loader		5000119e
CLS 50001641 (name=org.eclipse.jdt.internal.junit.runner.TestExecution, trace=300478)
	super		500000a7
	loader		5000119e
	domain		50000cf7
	constant pool entry 37	50001641
	constant pool entry 36	50001a98
	constant pool entry 35	5000251d
	constant pool entry 34	50000121
	constant pool entry 33	5000004e
	constant pool entry 32	500000a7
CLS 50001735 (name=org.eclipse.jdt.internal.junit.runner.ITestIdentifier, trace=300478)
	loader		5000119e
	domain		50000cf7
CLS 50001740 (name=java.lang.Void, trace=300489)
	super		500000a7
	static TYPE	500011a8
	constant pool entry 20	50000080
	constant pool entry 5	50001740
	constant pool entry 2	500017cd
CLS 50001849 (name=org.eclipse.jdt.internal.junit.runner.TestIdMap, trace=300478)
	super		500000a7
	loader		5000119e
	domain		50000cf7
	constant pool entry 27	50001849
	constant pool entry 25	5000010b
	constant pool entry 24	50000096
	constant pool entry 23	500000a7
	constant pool entry 22	5000016a
CLS 50001999 (name=org.eclipse.jdt.internal.junit4.runner.JUnit4TestLoader, trace=300478)
	super		500000a7
	loader		5000119e
	domain		5000198a
	constant pool entry 125	5000012d
	constant pool entry 61	50001999
	constant pool entry 60	500020f6
	constant pool entry 57	50001a98
	constant pool entry 52	500000a7
CLS 5000199e (name=java.lang.NoSuchMethodException, trace=300483)
	super		500000bb
	constant pool entry 4	500000bb
CLS 500019a3 (name=java.lang.SecurityException, trace=300483)
	super		500000f4
CLS 50001a98 (name=org.eclipse.jdt.internal.junit.runner.ITestReference, trace=300478)
	loader		5000119e
	domain		50000cf7
CLS 50001ada (name=java.net.Socket, trace=300483)
	super		500000a7
	constant pool entry 332	500000fc
	constant pool entry 311	50001b7a
	constant pool entry 294	5000003a
	constant pool entry 149	50001ada
	constant pool entry 119	50000082
	constant pool entry 117	50001c41
	constant pool entry 112	5000001a
	constant pool entry 109	50001c60
	constant pool entry 84	50001b72
	constant pool entry 70	50001ea7
	constant pool entry 31	50001b7d
	constant pool entry 21	50001adc
	constant pool entry 6	500000a7
CLS 50001adb (name=java.net.SocketAddress, trace=300558)
	super		500000a7
	constant pool entry 3	500000a7
CLS 50001adc (name=java.net.InetSocketAddress, trace=300558)
	super		50001adb
	static serialPersistentFields	50001add
	static UNSAFE	50001226
	constant pool entry 250	5000012d
	constant pool entry 187	50000080
	constant pool entry 183	5000016a
	constant pool entry 171	5000007c
	constant pool entry 64	50001adb
	constant pool entry 58	50001eb0
	constant pool entry 53	50000023
	constant pool entry 36	50001aeb
	constant pool entry 35	50000096
	constant pool entry 29	50001ec9
	constant pool entry 27	50001ec8
	constant pool entry 24	50001ec7
	constant pool entry 21	50001adc
	constant pool entry 14	50001afe
CLS 50001aeb (name=java.net.InetAddress, trace=300569)
	super		500000a7
	static nameServices	50001b47
	static addressCache	50001b2d
	static negativeCache	50001b31
	static impl	50001b46
	static lookupTable	50001b35
	static cacheLock	50001b52
	static UNSAFE	50001226
	static serialPersistentFields	50001b55
	constant pool entry 674	5000012d
	constant pool entry 541	5000016a
	constant pool entry 525	50001b37
	constant pool entry 520	50001b28
	constant pool entry 499	5000007c
	constant pool entry 467	50000080
	constant pool entry 406	500000fc
	constant pool entry 367	50000113
	constant pool entry 196	50000023
	constant pool entry 191	50001eb0
	constant pool entry 189	500000a7
	constant pool entry 182	5000004e
	constant pool entry 181	50001eaf
	constant pool entry 178	5000010b
	constant pool entry 174	50001b27
	constant pool entry 171	50001eae
	constant pool entry 170	50001b04
	constant pool entry 168	50000159
	constant pool entry 166	50001ead
	constant pool entry 165	50001b02
	constant pool entry 151	50001eac
	constant pool entry 149	50001eab
	constant pool entry 147	50001eaa
	constant pool entry 141	50001b3e
	constant pool entry 124	50001ea9
	constant pool entry 123	50000096
	constant pool entry 120	50001ea8
	constant pool entry 119	500000d0
	constant pool entry 59	50001b50
	constant pool entry 57	50001896
	constant pool entry 47	50001aeb
	constant pool entry 37	500011ca
	constant pool entry 35	50000065
	constant pool entry 4	50001b26
CLS 50001afe (name=java.net.InetSocketAddress$InetSocketAddressHolder, trace=300583)
	super		500000a7
	constant pool entry 85	50001b26
	constant pool entry 83	50001aeb
	constant pool entry 28	500000a7
	constant pool entry 22	50001afe
CLS 50001b02 (name=sun.security.action.GetBooleanAction, trace=300587)
	super		500000a7
	constant pool entry 24	50000159
	constant pool entry 7	500000a7
	constant pool entry 6	50001b02
CLS 50001b04 (name=sun.security.action.LoadLibraryAction, trace=300589)
	super		500000a7
	constant pool entry 23	5000003a
	constant pool entry 6	500000a7
	constant pool entry 5	50001b04
CLS 50001b26 (name=java.net.InetAddress$InetAddressHolder, trace=300618)
	super		500000a7
	constant pool entry 6	500000a7
	constant pool entry 5	50001b26
CLS 50001b27 (name=java.net.InetAddress$Cache, trace=300619)
	super		500000a7
	constant pool entry 29	500000a7
	constant pool entry 28	50001b27
	constant pool entry 3	500000f9
CLS 50001b28 (name=java.net.InetAddress$Cache$Type, trace=300620)
	super		5000018a
	static Positive	50001b29
	static Negative	50001b2a
	static $VALUES	50001b2c
	constant pool entry 53	5000012d
	constant pool entry 12	5000018a
	constant pool entry 10	50001eb3
	constant pool entry 7	50001eb1
	constant pool entry 4	50001b28
CLS 50001b2b (name=java.net.InetAddress$Cache$Type[], trace=300623)
	super		500000a7
CLS 50001b37 (name=java.net.InetAddressImplFactory, trace=300633)
	super		500000a7
	constant pool entry 24	50001aeb
	constant pool entry 6	50001b37
	constant pool entry 3	50001eba
CLS 50001b3e (name=java.net.InetAddressImpl, trace=300640)
CLS 50001b3f (name=java.net.Inet6AddressImpl, trace=300640)
	super		500000a7
	constant pool entry 26	500000a7
	constant pool entry 25	50001b3f
	constant pool entry 18	50001b6f
	constant pool entry 5	50001aeb
CLS 50001b4f (name=sun.net.spi.nameservice.NameService, trace=300652)
CLS 50001b50 (name=java.net.InetAddress$1, trace=300652)
	super		500000a7
	constant pool entry 6	500000a7
CLS 50001b6d (name=java.net.InetAddress[], trace=300674)
	super		500000a7
CLS 50001b6f (name=java.net.Inet4AddressImpl, trace=300675)
	super		500000a7
	constant pool entry 90	5000012d
	constant pool entry 18	500000a7
	constant pool entry 17	50001b6f
	constant pool entry 9	500015bd
	constant pool entry 3	50001b72
CLS 50001b72 (name=java.net.Inet4Address, trace=300678)
	super		50001aeb
	constant pool entry 76	50001b26
	constant pool entry 17	50001b72
	constant pool entry 9	50001aeb
CLS 50001b78 (name=java.net.SocksConsts, trace=300684)
CLS 50001b79 (name=java.net.SocketOptions, trace=300684)
CLS 50001b7a (name=java.net.SocketImpl, trace=300684)
	super		500000a7
	constant pool entry 25	500000a7
	constant pool entry 24	50001b7a
CLS 50001b7b (name=java.net.AbstractPlainSocketImpl, trace=300684)
	super		50001b7a
	constant pool entry 334	500000fc
	constant pool entry 299	50001c14
	constant pool entry 249	50001aeb
	constant pool entry 245	50001ada
	constant pool entry 119	50001b7a
	constant pool entry 118	50001b7b
	constant pool entry 115	50001eae
	constant pool entry 114	50001b04
	constant pool entry 96	50001c43
	constant pool entry 93	50001c62
	constant pool entry 32	50001adc
	constant pool entry 16	500000c9
	constant pool entry 6	500000a7
CLS 50001b7c (name=java.net.PlainSocketImpl, trace=300684)
	super		50001b7b
	constant pool entry 5	50001b7b
	constant pool entry 4	50001b7c
CLS 50001b7d (name=java.net.SocksSocketImpl, trace=300684)
	super		50001b7c
	constant pool entry 463	50000080
	constant pool entry 388	50000121
	constant pool entry 386	50000113
	constant pool entry 381	50000021
	constant pool entry 312	5000003a
	constant pool entry 305	500000fc
	constant pool entry 171	50001b7c
	constant pool entry 170	50001b7d
	constant pool entry 108	50001c0a
	constant pool entry 99	50001ec3
	constant pool entry 98	50001be8
	constant pool entry 95	500015c6
	constant pool entry 92	50001be7
	constant pool entry 91	50001b93
	constant pool entry 89	50001b91
	constant pool entry 66	50000065
	constant pool entry 10	50001adc
CLS 50001b91 (name=java.net.SocksSocketImpl$3, trace=300693)
	super		500000a7
	constant pool entry 26	50001b93
	constant pool entry 6	500000a7
	constant pool entry 5	50001b91
CLS 50001b93 (name=java.net.ProxySelector, trace=300695)
	super		500000a7
	static theProxySelector	50001be6
	constant pool entry 46	50000080
	constant pool entry 37	5000003a
	constant pool entry 13	500000a7
	constant pool entry 9	50001b93
	constant pool entry 7	50001ee4
CLS 50001b94 (name=sun.net.spi.DefaultProxySelector, trace=300696)
	super		50001b93
	static props	50001b96
	static SOCKS_PROXY_VERSION	50001ef2
	constant pool entry 190	5000012d
	constant pool entry 134	50000113
	constant pool entry 131	500000fc
	constant pool entry 107	50001be8
	constant pool entry 67	50001ef2
	constant pool entry 57	50001b93
	constant pool entry 56	50001b94
	constant pool entry 50	50000159
	constant pool entry 48	50001b9c
	constant pool entry 46	50001ef1
	constant pool entry 45	50001eee
	constant pool entry 44	50001eed
	constant pool entry 43	50001eec
	constant pool entry 42	50001eeb
	constant pool entry 41	50001eea
	constant pool entry 40	50001ee9
	constant pool entry 39	50000096
	constant pool entry 38	50000097
	constant pool entry 37	500015b2
	constant pool entry 36	50001ee8
	constant pool entry 33	50001c0a
	constant pool entry 30	50001c04
	constant pool entry 27	50001ee7
	constant pool entry 26	50001ee6
	constant pool entry 23	50001ee5
	constant pool entry 21	5000004e
CLS 50001b95 (name=java.lang.String[][], trace=300697)
	super		500000a7
CLS 50001b9c (name=sun.net.spi.DefaultProxySelector$1, trace=300703)
	super		500000a7
	constant pool entry 23	50001b9e
	constant pool entry 6	500000a7
	constant pool entry 5	50001b9c
	constant pool entry 2	50001f0a
CLS 50001b9e (name=sun.net.NetProperties, trace=300705)
	super		500000a7
	static props	50001b9f
	constant pool entry 95	500000fc
	constant pool entry 91	50000159
	constant pool entry 66	5000003a
	constant pool entry 36	50001b9e
	constant pool entry 33	50001ba1
	constant pool entry 31	50000100
	constant pool entry 16	5000012a
	constant pool entry 14	50000015
	constant pool entry 11	50001f0c
	constant pool entry 9	50001f0b
	constant pool entry 8	500000ec
	constant pool entry 3	50001285
CLS 50001ba1 (name=sun.net.NetProperties$1, trace=300708)
	super		500000a7
	constant pool entry 19	50001b9e
	constant pool entry 5	500000a7
	constant pool entry 4	50001ba1
CLS 50001bcc (name=java.util.Properties$LineReader, trace=300740)
	super		500000a7
	constant pool entry 75	5000012d
	constant pool entry 54	5000001a
	constant pool entry 15	500000a7
	constant pool entry 14	50001bcc
CLS 50001be7 (name=java.net.Inet6Address, trace=300753)
	super		50001aeb
	constant pool entry 284	5000012d
	constant pool entry 166	50001b26
	constant pool entry 39	50001aeb
	constant pool entry 19	50001be7
CLS 50001be8 (name=java.net.URI, trace=300754)
	super		500000a7
	static hexDigits	50001be9
	constant pool entry 751	5000012d
	constant pool entry 625	50000080
	constant pool entry 579	50000103
	constant pool entry 210	500000a7
	constant pool entry 207	50001ed6
	constant pool entry 206	50001ed5
	constant pool entry 203	50001ed4
	constant pool entry 202	500015d1
	constant pool entry 201	500015d0
	constant pool entry 200	500015cf
	constant pool entry 199	50001228
	constant pool entry 198	500015cc
	constant pool entry 197	500015ce
	constant pool entry 194	500015cd
	constant pool entry 191	500015cb
	constant pool entry 184	500015ca
	constant pool entry 137	50000096
	constant pool entry 98	500015c8
	constant pool entry 49	50001be8
	constant pool entry 43	50001bf4
CLS 50001bf4 (name=java.net.URI$Parser, trace=300766)
	super		500000a7
	constant pool entry 272	5000016a
	constant pool entry 194	50000096
	constant pool entry 183	50001be8
	constant pool entry 121	500000a7
	constant pool entry 120	50001bf4
	constant pool entry 94	50001ede
	constant pool entry 92	500015ae
	constant pool entry 78	500011db
	constant pool entry 64	500011c9
	constant pool entry 60	50001edd
	constant pool entry 57	50001edc
	constant pool entry 45	500011ca
	constant pool entry 36	50001edb
	constant pool entry 33	500015c6
	constant pool entry 32	50001eda
CLS 50001c04 (name=sun.net.spi.DefaultProxySelector$2, trace=300782)
	super		500000a7
	constant pool entry 97	50001b9e
	constant pool entry 91	50000096
	constant pool entry 83	50001b94
	constant pool entry 50	500000a7
	constant pool entry 49	50001c04
	constant pool entry 45	50001c0a
	constant pool entry 11	50001f10
	constant pool entry 8	50000065
CLS 50001c0a (name=java.net.Proxy, trace=300788)
	super		500000a7
	static NO_PROXY	50001c0b
	constant pool entry 26	50001c0c
	constant pool entry 25	500000a7
	constant pool entry 19	50001c0a
CLS 50001c0c (name=java.net.Proxy$Type, trace=300790)
	super		5000018a
	static DIRECT	50001c0d
	static HTTP	50001c0e
	static SOCKS	50001c0f
	static $VALUES	50001c11
	constant pool entry 54	5000012d
	constant pool entry 14	5000018a
	constant pool entry 12	50001ed0
	constant pool entry 10	50001ecf
	constant pool entry 7	50001ecd
	constant pool entry 4	50001c0c
CLS 50001c10 (name=java.net.Proxy$Type[], trace=300794)
	super		500000a7
CLS 50001c12 (name=java.util.ArrayList$Itr, trace=300795)
	super		500000a7
	constant pool entry 55	5000004e
	constant pool entry 20	500000a7
	constant pool entry 19	50001c12
CLS 50001c14 (name=sun.net.NetHooks, trace=300797)
	super		500000a7
	static provider	50001c17
	constant pool entry 9	50001c15
	constant pool entry 7	50001c14
	constant pool entry 5	50001c16
CLS 50001c15 (name=sun.net.NetHooks$Provider, trace=300798)
	super		500000a7
	constant pool entry 3	500000a7
CLS 50001c16 (name=sun.net.sdp.SdpProvider, trace=300798)
	super		50001c15
	constant pool entry 147	500000fc
	constant pool entry 89	50001c15
	constant pool entry 88	50001c16
	constant pool entry 3	50001ec4
	constant pool entry 2	500000d0
CLS 50001c19 (name=java.net.NetworkInterface, trace=300801)
	super		500000a7
	static defaultInterface	50001c28
	constant pool entry 236	50001c27
	constant pool entry 233	500000fc
	constant pool entry 71	500000a7
	constant pool entry 64	50001eae
	constant pool entry 63	50001b04
	constant pool entry 51	50001c19
	constant pool entry 36	50001c3a
CLS 50001c26 (name=java.net.InterfaceAddress, trace=300803)
	super		500000a7
	constant pool entry 19	500000a7
	constant pool entry 5	50001c26
CLS 50001c27 (name=java.net.DefaultInterface, trace=300804)
	super		500000a7
	static defaultInterface	50001c28
	constant pool entry 35	5000011e
	constant pool entry 13	50001c27
	constant pool entry 7	50001c19
CLS 50001c3a (name=java.net.NetworkInterface$1, trace=300812)
	super		500000a7
	constant pool entry 8	500000a7
	constant pool entry 7	50001c3a
CLS 50001c40 (name=java.io.PrintWriter, trace=300483)
	super		50000073
	constant pool entry 184	500000fc
	constant pool entry 90	50000073
	constant pool entry 42	50001c40
	constant pool entry 18	50000096
	constant pool entry 15	50001260
	constant pool entry 14	500000d0
CLS 50001c41 (name=java.net.Socket$3, trace=300816)
	super		500000a7
	constant pool entry 31	50001b7a
	constant pool entry 26	50001ada
	constant pool entry 7	500000a7
	constant pool entry 6	50001c41
CLS 50001c43 (name=java.net.SocketOutputStream, trace=300818)
	super		5000010c
	constant pool entry 108	5000012d
	constant pool entry 84	50001ada
	constant pool entry 63	50001b7b
	constant pool entry 26	5000010c
	constant pool entry 25	50001c43
CLS 50001c60 (name=java.net.Socket$2, trace=300836)
	super		500000a7
	constant pool entry 31	50001b7a
	constant pool entry 26	50001ada
	constant pool entry 7	500000a7
	constant pool entry 6	50001c60
CLS 50001c62 (name=java.net.SocketInputStream, trace=300838)
	super		50000015
	constant pool entry 109	50001ada
	constant pool entry 79	50001b7b
	constant pool entry 36	50000015
	constant pool entry 35	50001c62
	constant pool entry 20	5000118a
CLS 50001d67 (name=org.eclipse.jdt.internal.junit.runner.RemoteTestRunner$ReaderThread, trace=300478)
	super		50000083
	loader		5000119e
	domain		50000cf7
	constant pool entry 55	50001d67
	constant pool entry 54	50000efa
	constant pool entry 52	50000083
	constant pool entry 48	50000132
	constant pool entry 47	5000000d
	constant pool entry 3	50001f86
CLS 50001e64 (name=org.eclipse.jdt.internal.junit.runner.DefaultClassifier, trace=300478)
	super		500000a7
	loader		5000119e
	domain		50000cf7
	constant pool entry 39	50001e64
	constant pool entry 35	500000a7
CLS 50001f47 (name=com.emc.vipr.transform.compression.LZMAOutputStreamTest, trace=300478)
	super		500000a7
	loader		5000119e
	domain		50001f38
	constant pool entry 196	5000012d
	constant pool entry 164	50001f7b
	constant pool entry 159	50001f7a
	constant pool entry 152	50001f79
	constant pool entry 131	50000145
	constant pool entry 126	5000012b
	constant pool entry 120	50001f78
	constant pool entry 115	5000003a
	constant pool entry 105	5000001a
	constant pool entry 97	5000220a
	constant pool entry 92	5000004a
	constant pool entry 78	50001ddf
	constant pool entry 66	50000096
	constant pool entry 63	50000065
	constant pool entry 58	50000080
	constant pool entry 51	500007ed
	constant pool entry 39	50008675
	constant pool entry 31	5000731b
	constant pool entry 25	500087ca
	constant pool entry 16	50000132
	constant pool entry 3	500000a7
CLS 50001f49 (name=org.eclipse.jdt.internal.junit.runner.ITestReference[], trace=300869)
	super		500000a7
	loader		5000119e
CLS 500020f5 (name=org.eclipse.jdt.internal.junit4.runner.JUnit4TestReference, trace=300478)
	super		500000a7
	loader		5000119e
	domain		5000198a
	constant pool entry 44	50007947
	constant pool entry 43	50002a31
	constant pool entry 42	50007aff
	constant pool entry 41	50002604
	constant pool entry 40	50007a26
	constant pool entry 39	500020f5
	constant pool entry 38	5000242c
	constant pool entry 36	50001641
	constant pool entry 34	500000a7
CLS 500020f6 (name=org.eclipse.jdt.internal.junit4.runner.JUnit4TestClassReference, trace=300478)
	super		500020f5
	loader		5000119e
	domain		5000198a
	constant pool entry 52	50002a31
	constant pool entry 51	50002604
	constant pool entry 50	500075bb
	constant pool entry 49	500020f5
	constant pool entry 48	500020f6
	constant pool entry 47	50007837
	constant pool entry 46	50000ef9
	constant pool entry 45	50000121
	constant pool entry 44	5000004e
CLS 500021ae (name=sun.misc.URLClassPath$JarLoader$2, trace=300899)
	super		50000c47
	constant pool entry 60	500002de
	constant pool entry 58	50000258
	constant pool entry 22	500001ac
	constant pool entry 14	50000c47
	constant pool entry 13	500021ae
CLS 500021bf (name=java.util.jar.Manifest, trace=300910)
	super		500000a7
	constant pool entry 239	5000012d
	constant pool entry 130	500000c2
	constant pool entry 68	500000a7
	constant pool entry 62	500021bf
	constant pool entry 43	500021c9
	constant pool entry 5	5000010b
	constant pool entry 2	500021c3
CLS 500021c0 (name=java.io.ByteArrayInputStream, trace=300911)
	super		5000001a
	constant pool entry 51	5000003a
	constant pool entry 13	5000001a
	constant pool entry 12	500021c0
CLS 500021c3 (name=java.util.jar.Attributes, trace=300914)
	super		500000a7
	constant pool entry 142	500021c9
	constant pool entry 82	500000c2
	constant pool entry 81	500000a7
	constant pool entry 43	50001888
	constant pool entry 17	500021c3
	constant pool entry 11	50000096
	constant pool entry 8	500021d4
	constant pool entry 3	5000010b
CLS 500021c9 (name=java.util.jar.Manifest$FastInputStream, trace=300920)
	super		50000035
	constant pool entry 75	5000012d
	constant pool entry 55	5000003a
	constant pool entry 53	5000001a
	constant pool entry 15	50000035
	constant pool entry 14	500021c9
CLS 500021d4 (name=java.util.jar.Attributes$Name, trace=300931)
	super		500000a7
	static MANIFEST_VERSION	500021d5
	static SIGNATURE_VERSION	500021d6
	static CONTENT_TYPE	500021d7
	static CLASS_PATH	500021d8
	static MAIN_CLASS	500021d9
	static SEALED	500021da
	static EXTENSION_LIST	500021db
	static EXTENSION_NAME	500021dc
	static EXTENSION_INSTALLATION	500021dd
	static IMPLEMENTATION_TITLE	500021de
	static IMPLEMENTATION_VERSION	500021df
	static IMPLEMENTATION_VENDOR	500021e0
	static IMPLEMENTATION_VENDOR_ID	500021e1
	static IMPLEMENTATION_URL	500021e2
	static SPECIFICATION_TITLE	500021e3
	static SPECIFICATION_VERSION	500021e4
	static SPECIFICATION_VENDOR	500021e5
	constant pool entry 120	50000054
	constant pool entry 118	500021e7
	constant pool entry 108	50000096
	constant pool entry 55	500000a7
	constant pool entry 53	50001e5a
	constant pool entry 51	50001e59
	constant pool entry 49	50001e58
	constant pool entry 47	50001e52
	constant pool entry 45	50001e51
	constant pool entry 43	50001e50
	constant pool entry 41	50001e4f
	constant pool entry 39	50001e4e
	constant pool entry 37	50001e4d
	constant pool entry 35	50001e4c
	constant pool entry 33	50001e4b
	constant pool entry 31	50001e4a
	constant pool entry 29	50001e49
	constant pool entry 27	50001e48
	constant pool entry 25	50001e47
	constant pool entry 23	50001e46
	constant pool entry 20	50001e45
	constant pool entry 16	500021d4
CLS 500021e7 (name=sun.misc.ASCIICaseInsensitiveComparator, trace=300950)
	super		500000a7
	static CASE_INSENSITIVE_ORDER	500021e8
	constant pool entry 55	50000080
	constant pool entry 16	500000a7
	constant pool entry 12	500021e7
	constant pool entry 10	50000096
CLS 500021f6 (name=java.util.jar.JarVerifier, trace=300953)
	super		500000a7
	constant pool entry 565	5000012d
	constant pool entry 330	50002228
	constant pool entry 324	50000096
	constant pool entry 322	5000000f
	constant pool entry 320	500000b3
	constant pool entry 317	500002de
	constant pool entry 167	500021f6
	constant pool entry 165	5000187d
	constant pool entry 109	50001284
	constant pool entry 72	50002244
	constant pool entry 40	50002001
	constant pool entry 26	5000220a
	constant pool entry 23	5000004e
	constant pool entry 17	5000012e
	constant pool entry 14	50002200
	constant pool entry 12	500021fd
	constant pool entry 8	5000010b
	constant pool entry 6	500000a7
CLS 500021fd (name=java.security.CodeSigner, trace=300960)
	super		500000a7
CLS 500021fe (name=java.security.CodeSigner[], trace=300961)
	super		500000a7
CLS 50002200 (name=java.util.jar.JarVerifier$3, trace=300962)
	super		500000a7
	constant pool entry 7	500000a7
	constant pool entry 6	50002200
CLS 5000220a (name=java.io.ByteArrayOutputStream, trace=300972)
	super		50000082
	constant pool entry 105	5000012d
	constant pool entry 81	5000003a
	constant pool entry 76	500000ee
	constant pool entry 28	50000082
	constant pool entry 27	5000220a
	constant pool entry 6	500017f0
CLS 50002228 (name=sun.security.util.ManifestEntryVerifier, trace=300990)
	super		500000a7
	static hexc	50002229
	constant pool entry 287	5000012d
	constant pool entry 202	500000b3
	constant pool entry 79	500000a7
	constant pool entry 78	50002228
	constant pool entry 76	5000187d
	constant pool entry 13	50002232
	constant pool entry 9	5000004e
	constant pool entry 6	5000010b
CLS 50002231 (name=sun.misc.CharacterDecoder, trace=300999)
	super		500000a7
	constant pool entry 26	500000a7
CLS 50002232 (name=sun.misc.BASE64Decoder, trace=300999)
	super		50002231
	static pem_array	50002233
	static pem_convert_array	50002234
	constant pool entry 63	5000012d
	constant pool entry 14	50002231
	constant pool entry 13	50002232
CLS 50002244 (name=sun.security.util.SignatureFileVerifier, trace=301013)
	super		500000a7
	static ATTR_DIGEST	50002246
	static hexc	50002248
	constant pool entry 559	5000012d
	constant pool entry 346	500000b3
	constant pool entry 283	5000000f
	constant pool entry 166	50002244
	constant pool entry 165	50002002
	constant pool entry 163	5000187d
	constant pool entry 67	50000096
	constant pool entry 27	50001282
	constant pool entry 26	50001281
	constant pool entry 25	50001280
	constant pool entry 23	50001283
CLS 5000227c (name=org.junit.runner.notification.StoppedByUserException, trace=300478)
	super		500000f4
	loader		5000119e
CLS 50002351 (name=org.junit.runner.notification.RunListener, trace=300478)
	super		500000a7
	loader		5000119e
	domain		5000226c
	constant pool entry 3	500000a7
CLS 5000242c (name=org.eclipse.jdt.internal.junit4.runner.JUnit4TestListener, trace=300478)
	super		50002351
	loader		5000119e
	domain		5000198a
	constant pool entry 73	50002351
	constant pool entry 68	5000242c
	constant pool entry 67	50007837
	constant pool entry 65	5000100a
CLS 500024d0 (name=SevenZip.Compression.LZMA.Encoder$LiteralEncoder$Encoder2, trace=300478)
	super		500000a7
	loader		5000119e
	domain		50000ba8
	constant pool entry 71	5000012d
	constant pool entry 55	50000e99
	constant pool entry 8	500000a7
	constant pool entry 7	500024d0
CLS 500024d1 (name=SevenZip.Compression.LZMA.Encoder$LiteralEncoder$Encoder2[], trace=302580)
	super		500000a7
	loader		5000119e
CLS 5000251d (name=org.eclipse.jdt.internal.junit.runner.IStopListener, trace=300478)
	loader		5000119e
	domain		50000cf7
CLS 500025c6 (name=SevenZip.Compression.RangeCoder.Decoder, trace=300478)
	super		500000a7
	loader		5000119e
	domain		50000ba8
CLS 50002604 (name=org.junit.runner.Request, trace=300478)
	super		500000a7
	loader		5000119e
	domain		5000226c
	constant pool entry 29	500000a7
	constant pool entry 5	500026e2
CLS 500026e2 (name=org.junit.internal.requests.ClassRequest, trace=300478)
	super		50002604
	loader		5000119e
	domain		5000226c
	constant pool entry 13	50002604
	constant pool entry 12	500026e2
	constant pool entry 9	50002e77
	constant pool entry 2	500000a7
CLS 500027b4 (name=org.junit.internal.requests.FilterRequest, trace=300478)
	super		50002604
	loader		5000119e
CLS 5000288b (name=org.junit.runner.Request$1, trace=300478)
	super		50002604
	loader		5000119e
CLS 50002a30 (name=org.junit.runner.Describable, trace=300478)
	loader		5000119e
	domain		5000226c
CLS 50002a31 (name=org.junit.runner.Runner, trace=300478)
	super		500000a7
	loader		5000119e
	domain		5000226c
	constant pool entry 24	500075bb
	constant pool entry 5	500000a7
	constant pool entry 4	50002a31
CLS 50002b11 (name=org.junit.internal.runners.ErrorReportingRunner, trace=300478)
	super		50002a31
	loader		5000119e
CLS 50002be3 (name=org.junit.internal.requests.SortingRequest, trace=300478)
	super		50002604
	loader		5000119e
CLS 50002cc5 (name=org.junit.runners.model.InitializationError, trace=300478)
	super		50000132
	loader		5000119e
CLS 50002d98 (name=org.junit.runners.model.RunnerBuilder, trace=300478)
	super		500000a7
	loader		5000119e
	domain		5000226c
	constant pool entry 28	50002d98
	constant pool entry 12	500000a7
	constant pool entry 2	50000042
CLS 50002e77 (name=org.junit.internal.builders.AllDefaultPossibilitiesBuilder, trace=300478)
	super		50002d98
	loader		5000119e
	domain		5000226c
	constant pool entry 108	5000012d
	constant pool entry 80	50000121
	constant pool entry 78	50000113
	constant pool entry 76	500000ee
	constant pool entry 26	50002e77
	constant pool entry 22	50002f56
	constant pool entry 20	50003102
	constant pool entry 18	500032ac
	constant pool entry 16	500036ea
	constant pool entry 14	500037bf
	constant pool entry 3	50002d98
CLS 50002f56 (name=org.junit.internal.builders.SuiteMethodBuilder, trace=300478)
	super		50002d98
	loader		5000119e
	domain		5000226c
	constant pool entry 51	5000012d
	constant pool entry 10	50002d98
	constant pool entry 9	50002f56
	constant pool entry 8	5000199e
	constant pool entry 6	50000080
	constant pool entry 5	50001f76
CLS 50003027 (name=org.junit.internal.builders.NullBuilder, trace=300478)
	super		50002d98
	loader		5000119e
CLS 50003030 (name=org.junit.runners.model.RunnerBuilder[], trace=301054)
	super		500000a7
	loader		5000119e
CLS 50003102 (name=org.junit.internal.builders.IgnoredBuilder, trace=300478)
	super		50002d98
	loader		5000119e
	domain		5000226c
	constant pool entry 27	50000080
	constant pool entry 7	50002d98
	constant pool entry 2	50003a6d
CLS 500031d4 (name=org.junit.internal.builders.IgnoredClassRunner, trace=300478)
	super		50002a31
	loader		5000119e
CLS 500032ac (name=org.junit.internal.builders.AnnotatedBuilder, trace=300478)
	super		50002d98
	loader		5000119e
	domain		5000226c
	static CONSTRUCTOR_ERROR_FORMAT	50001f74
	constant pool entry 19	500032ac
	constant pool entry 16	50001f74
	constant pool entry 13	50002d98
	constant pool entry 7	50000080
	constant pool entry 3	50003b52
CLS 5000353a (name=org.junit.runner.manipulation.Filterable, trace=300478)
	loader		5000119e
	domain		5000226c
CLS 5000360c (name=org.junit.runner.manipulation.Sortable, trace=300478)
	loader		5000119e
	domain		5000226c
CLS 5000360d (name=org.junit.internal.runners.JUnit38ClassRunner, trace=300478)
	super		50002a31
	loader		5000119e
CLS 5000360e (name=org.junit.internal.runners.SuiteMethod, trace=300478)
	super		5000360d
	loader		5000119e
CLS 500036ea (name=org.junit.internal.builders.JUnit3Builder, trace=300478)
	super		50002d98
	loader		5000119e
	domain		5000226c
	constant pool entry 36	50000080
	constant pool entry 8	50002d98
	constant pool entry 7	500036ea
	constant pool entry 5	50003df1
CLS 500037bf (name=org.junit.internal.builders.JUnit4Builder, trace=300478)
	super		50002d98
	loader		5000119e
	domain		5000226c
	constant pool entry 5	50002d98
	constant pool entry 2	50003975
CLS 50003974 (name=org.junit.runners.ParentRunner, trace=300478)
	super		50002a31
	loader		5000119e
	domain		5000226c
	constant pool entry 293	500075bb
	constant pool entry 284	50004116
	constant pool entry 277	500041e7
	constant pool entry 251	50007094
	constant pool entry 246	50000121
	constant pool entry 244	50000113
	constant pool entry 228	50004a50
	constant pool entry 92	50002a31
	constant pool entry 91	50003974
	constant pool entry 80	5000004e
	constant pool entry 53	50007eef
	constant pool entry 48	5000811c
	constant pool entry 45	500042c8
	constant pool entry 41	50008042
	constant pool entry 40	50007165
	constant pool entry 22	50004e72
	constant pool entry 15	50006fa8
	constant pool entry 13	500069c3
	constant pool entry 9	50004cc9
	constant pool entry 6	50004bf4
CLS 50003975 (name=org.junit.runners.BlockJUnit4ClassRunner, trace=300478)
	super		50003974
	loader		5000119e
	domain		5000226c
	constant pool entry 403	5000012d
	constant pool entry 306	50000121
	constant pool entry 270	50007094
	constant pool entry 262	50000080
	constant pool entry 259	5000006e
	constant pool entry 252	50000113
	constant pool entry 231	500075bb
	constant pool entry 227	50004cc9
	constant pool entry 103	50003974
	constant pool entry 102	50003975
	constant pool entry 100	50004e72
	constant pool entry 98	500055c9
	constant pool entry 94	50008042
	constant pool entry 90	50007237
	constant pool entry 86	500083cf
	constant pool entry 75	50004562
	constant pool entry 65	500048a8
	constant pool entry 53	500082ea
	constant pool entry 50	500000a7
	constant pool entry 43	500068f1
	constant pool entry 41	500074cb
	constant pool entry 14	500053b9
	constant pool entry 3	50003a6d
CLS 5000397e (name=java.util.Arrays$ArrayList, trace=301092)
	super		5000006a
	constant pool entry 14	5000006a
	constant pool entry 13	5000397e
CLS 50003980 (name=java.util.AbstractList$Itr, trace=301094)
	super		500000a7
	constant pool entry 55	5000006a
	constant pool entry 20	500000a7
	constant pool entry 19	50003980
CLS 50003a6c (name=java.lang.annotation.Annotation, trace=300483)
CLS 50003a6d (name=org.junit.Ignore, trace=300478)
	loader		5000119e
CLS 50003a76 (name=sun.reflect.annotation.AnnotationParser, trace=301108)
	super		500000a7
	static EMPTY_ANNOTATIONS_ARRAY	50003a78
	static EMPTY_ANNOTATION_ARRAY	50003a79
	constant pool entry 541	5000012d
	constant pool entry 400	50000059
	constant pool entry 370	5000018a
	constant pool entry 364	50000056
	constant pool entry 358	500052cd
	constant pool entry 356	500052dc
	constant pool entry 354	500052d9
	constant pool entry 352	500052d6
	constant pool entry 349	500052b2
	constant pool entry 338	50000159
	constant pool entry 336	500000b5
	constant pool entry 334	500000e7
	constant pool entry 331	5000016a
	constant pool entry 329	500000b2
	constant pool entry 326	500000da
	constant pool entry 323	50000078
	constant pool entry 321	50000131
	constant pool entry 308	500000af
	constant pool entry 285	5000010d
	constant pool entry 267	500000c2
	constant pool entry 265	500053c3
	constant pool entry 262	500053bb
	constant pool entry 257	5000005a
	constant pool entry 247	5000006d
	constant pool entry 147	50003a76
	constant pool entry 140	500000a8
	constant pool entry 128	50000096
	constant pool entry 104	50001772
	constant pool entry 101	500053ba
	constant pool entry 90	50001771
	constant pool entry 66	500054d5
	constant pool entry 61	50003a6c
	constant pool entry 58	50005649
	constant pool entry 52	50005646
	constant pool entry 49	50000080
	constant pool entry 37	50001770
	constant pool entry 31	50003a77
	constant pool entry 10	500000f9
CLS 50003a77 (name=java.lang.annotation.Annotation[], trace=301109)
	super		500000a7
CLS 50003a7c (name=java.util.Collections$EmptyIterator, trace=301113)
	super		500000a7
	static EMPTY_ITERATOR	50003a7d
	constant pool entry 9	500000a7
	constant pool entry 7	50003a7c
CLS 50003b52 (name=org.junit.runner.RunWith, trace=300478)
	loader		5000119e
CLS 50003d17 (name=junit.framework.Test, trace=300478)
	loader		5000119e
CLS 50003df0 (name=junit.framework.Assert, trace=300478)
	super		500000a7
	loader		5000119e
CLS 50003df1 (name=junit.framework.TestCase, trace=300478)
	super		50003df0
	loader		5000119e
CLS 50004044 (name=org.hamcrest.SelfDescribing, trace=300478)
	loader		5000119e
CLS 50004045 (name=org.junit.internal.AssumptionViolatedException, trace=300478)
	super		500000f4
	loader		5000119e
CLS 50004116 (name=org.junit.runners.model.Statement, trace=300478)
	super		500000a7
	loader		5000119e
	domain		5000226c
	constant pool entry 3	500000a7
CLS 500041e7 (name=org.junit.runners.model.RunnerScheduler, trace=300478)
	loader		5000119e
	domain		5000226c
CLS 500042c8 (name=org.junit.runners.ParentRunner$2, trace=300478)
	super		50004116
	loader		5000119e
	domain		5000226c
	constant pool entry 27	50003974
	constant pool entry 6	50004116
	constant pool entry 5	500042c8
CLS 500043b0 (name=org.junit.rules.RunRules, trace=300478)
	super		50004116
	loader		5000119e
CLS 50004490 (name=org.junit.internal.runners.statements.RunAfters, trace=300478)
	super		50004116
	loader		5000119e
CLS 50004562 (name=org.junit.internal.runners.statements.RunBefores, trace=300478)
	super		50004116
	loader		5000119e
	domain		5000226c
	constant pool entry 70	5000012d
	constant pool entry 50	50000121
	constant pool entry 48	50000113
	constant pool entry 13	50004116
	constant pool entry 12	50004562
	constant pool entry 9	500000a7
	constant pool entry 8	50004e72
CLS 50004633 (name=org.junit.runner.manipulation.NoTestsRemainException, trace=300478)
	super		50000132
	loader		5000119e
CLS 50004705 (name=org.junit.internal.runners.statements.FailOnTimeout, trace=300478)
	super		50004116
	loader		5000119e
CLS 500047d7 (name=org.junit.internal.runners.statements.ExpectException, trace=300478)
	super		50004116
	loader		5000119e
CLS 500048a8 (name=org.junit.internal.runners.statements.InvokeMethod, trace=300478)
	super		50004116
	loader		5000119e
	domain		5000226c
	constant pool entry 40	5000012d
	constant pool entry 31	50004e72
	constant pool entry 7	50004116
	constant pool entry 6	500048a8
	constant pool entry 4	500000a7
CLS 5000497d (name=org.junit.internal.runners.statements.Fail, trace=300478)
	super		50004116
	loader		5000119e
CLS 50004a50 (name=org.junit.runner.manipulation.Sorter, trace=300478)
	super		500000a7
	loader		5000119e
	domain		5000226c
	static NULL	50004b23
	constant pool entry 13	500000a7
	constant pool entry 9	50004b21
	constant pool entry 8	50004a50
CLS 50004b21 (name=org.junit.runner.manipulation.Sorter$1, trace=300478)
	super		500000a7
	loader		5000119e
	domain		5000226c
	constant pool entry 5	500000a7
CLS 50004bf4 (name=org.junit.runners.ParentRunner$1, trace=300478)
	super		500000a7
	loader		5000119e
	domain		5000226c
	constant pool entry 32	5000002e
	constant pool entry 5	500000a7
	constant pool entry 4	50004bf4
CLS 50004cc9 (name=org.junit.runners.model.TestClass, trace=300478)
	super		500000a7
	loader		5000119e
	domain		5000226c
	constant pool entry 209	5000731b
	constant pool entry 197	500000c2
	constant pool entry 189	50004d9f
	constant pool entry 181	50005027
	constant pool entry 177	50000121
	constant pool entry 67	50004cc9
	constant pool entry 55	500000a7
	constant pool entry 44	50003a6c
	constant pool entry 38	500069c3
	constant pool entry 36	500068f1
	constant pool entry 35	50000113
	constant pool entry 31	5000004e
	constant pool entry 17	50004e72
	constant pool entry 15	50000080
	constant pool entry 2	5000010b
CLS 50004d9f (name=org.junit.runners.model.FrameworkMember, trace=300478)
	super		500000a7
	loader		5000119e
	domain		5000226c
	constant pool entry 46	50000121
	constant pool entry 44	50000113
	constant pool entry 7	500000a7
	constant pool entry 5	50004d9f
CLS 50004e72 (name=org.junit.runners.model.FrameworkMethod, trace=300478)
	super		50004d9f
	loader		5000119e
	domain		5000226c
	constant pool entry 169	50000096
	constant pool entry 163	50001740
	constant pool entry 151	500000f0
	constant pool entry 137	50000040
	constant pool entry 51	50004d9f
	constant pool entry 46	50000080
	constant pool entry 42	50004e72
	constant pool entry 3	50008587
CLS 50004f44 (name=org.junit.runners.model.FrameworkField, trace=300478)
	super		50004d9f
	loader		5000119e
CLS 50004f49 (name=java.lang.IllegalAccessException, trace=300483)
	super		500000bb
CLS 50005027 (name=org.junit.internal.MethodSorter, trace=300478)
	super		500000a7
	loader		5000119e
	domain		5000226c
	static DEFAULT	500050fa
	static NAME_ASCENDING	500051cd
	constant pool entry 54	500000ee
	constant pool entry 50	50000080
	constant pool entry 15	50005027
	constant pool entry 12	500051cc
	constant pool entry 10	500050f9
	constant pool entry 1	5000529e
CLS 500050f9 (name=org.junit.internal.MethodSorter$1, trace=300478)
	super		500000a7
	loader		5000119e
	domain		5000226c
	constant pool entry 40	50000096
	constant pool entry 37	50005027
	constant pool entry 10	50000054
	constant pool entry 9	500000a7
	constant pool entry 8	500050f9
	constant pool entry 6	50000040
CLS 500051cc (name=org.junit.internal.MethodSorter$2, trace=300478)
	super		500000a7
	loader		5000119e
	domain		5000226c
	constant pool entry 38	50000096
	constant pool entry 8	500000a7
	constant pool entry 7	500051cc
	constant pool entry 5	50000040
CLS 5000529e (name=org.junit.FixMethodOrder, trace=300478)
	loader		5000119e
CLS 500052a0 (name=java.lang.reflect.Method[], trace=301179)
	super		500000a7
CLS 500052a6 (name=java.util.Arrays$LegacyMergeSort, trace=301181)
	super		500000a7
	constant pool entry 27	500000fc
	constant pool entry 9	500052a6
	constant pool entry 7	50000159
	constant pool entry 4	500015a8
	constant pool entry 3	50001b02
CLS 500052a8 (name=java.util.TimSort, trace=301183)
	super		500000a7
	constant pool entry 167	50000080
	constant pool entry 144	5000003a
	constant pool entry 142	50000054
	constant pool entry 17	500052a8
CLS 500052b2 (name=sun.reflect.generics.parser.SignatureParser, trace=301190)
	super		500000a7
	constant pool entry 380	5000012d
	constant pool entry 320	50000080
	constant pool entry 260	500052d0
	constant pool entry 241	50000078
	constant pool entry 231	50000113
	constant pool entry 107	500000a7
	constant pool entry 91	500052d2
	constant pool entry 59	500052c9
	constant pool entry 58	50001228
	constant pool entry 40	50000065
	constant pool entry 27	5000004e
	constant pool entry 14	500052b2
	constant pool entry 8	50000096
CLS 500052c7 (name=sun.reflect.generics.tree.Tree, trace=301207)
CLS 500052c8 (name=sun.reflect.generics.tree.TypeTree, trace=301207)
CLS 500052c9 (name=sun.reflect.generics.tree.TypeArgument, trace=301207)
CLS 500052ca (name=sun.reflect.generics.tree.TypeArgument[], trace=301208)
	super		500000a7
CLS 500052cc (name=sun.reflect.generics.tree.ReturnType, trace=301209)
CLS 500052cd (name=sun.reflect.generics.tree.TypeSignature, trace=301209)
CLS 500052ce (name=sun.reflect.generics.tree.BaseType, trace=301209)
CLS 500052cf (name=sun.reflect.generics.tree.FieldTypeSignature, trace=301209)
CLS 500052d0 (name=sun.reflect.generics.tree.SimpleClassTypeSignature, trace=301209)
	super		500000a7
	constant pool entry 8	500000a7
	constant pool entry 5	500052d0
CLS 500052d2 (name=sun.reflect.generics.tree.ClassTypeSignature, trace=301211)
	super		500000a7
	constant pool entry 32	500052db
	constant pool entry 6	500000a7
	constant pool entry 3	500052d2
CLS 500052d4 (name=sun.reflect.generics.scope.Scope, trace=301213)
CLS 500052d5 (name=sun.reflect.generics.scope.AbstractScope, trace=301213)
	super		500000a7
	constant pool entry 12	500000a7
	constant pool entry 11	500052d5
CLS 500052d6 (name=sun.reflect.generics.scope.ClassScope, trace=301213)
	super		500052d5
	constant pool entry 13	500052d5
	constant pool entry 11	500052d6
CLS 500052d8 (name=sun.reflect.generics.factory.GenericsFactory, trace=301215)
CLS 500052d9 (name=sun.reflect.generics.factory.CoreReflectionFactory, trace=301215)
	super		500000a7
	constant pool entry 40	500000a7
	constant pool entry 14	500052d9
	constant pool entry 4	50000080
CLS 500052db (name=sun.reflect.generics.visitor.TypeTreeVisitor, trace=301217)
CLS 500052dc (name=sun.reflect.generics.visitor.Reifier, trace=301217)
	super		500000a7
	constant pool entry 178	50000080
	constant pool entry 142	50000121
	constant pool entry 139	50000113
	constant pool entry 137	500052d2
	constant pool entry 135	500052d8
	constant pool entry 52	500000a7
	constant pool entry 20	50000065
	constant pool entry 19	500052d0
	constant pool entry 3	500052dc
CLS 500053b9 (name=org.junit.Test, trace=300478)
	loader		5000119e
	domain		5000226c
CLS 500053ba (name=java.lang.reflect.GenericArrayType, trace=301225)
CLS 500053bb (name=sun.reflect.annotation.AnnotationType, trace=301226)
	super		500000a7
	constant pool entry 148	500000c2
	constant pool entry 138	50000040
	constant pool entry 135	500000fc
	constant pool entry 128	50000080
	constant pool entry 124	500053c3
	constant pool entry 115	5000011c
	constant pool entry 113	50000019
	constant pool entry 68	500000a7
	constant pool entry 56	50000159
	constant pool entry 54	500000b5
	constant pool entry 52	500000e7
	constant pool entry 50	5000016a
	constant pool entry 48	500000b2
	constant pool entry 46	500000da
	constant pool entry 44	50000078
	constant pool entry 42	50000131
	constant pool entry 36	500055cc
	constant pool entry 35	500055cb
	constant pool entry 21	500052a0
	constant pool entry 18	500053c9
	constant pool entry 6	5000010b
	constant pool entry 3	500053bb
CLS 500053c3 (name=java.lang.annotation.RetentionPolicy, trace=301234)
	super		5000018a
	static SOURCE	500053c4
	static CLASS	500053c5
	static RUNTIME	500053c6
	static $VALUES	500053c8
	constant pool entry 50	5000012d
	constant pool entry 36	500053c7
	constant pool entry 14	5000018a
	constant pool entry 12	5000176c
	constant pool entry 10	5000176b
	constant pool entry 7	5000176a
	constant pool entry 4	500053c3
	constant pool entry 3	500053c7
CLS 500053c7 (name=java.lang.annotation.RetentionPolicy[], trace=301238)
	super		500000a7
CLS 500053c9 (name=sun.reflect.annotation.AnnotationType$1, trace=301239)
	super		500000a7
	constant pool entry 30	50000080
	constant pool entry 7	500000a7
	constant pool entry 6	500053c9
CLS 500053d2 (name=java.lang.Long$LongCache, trace=301246)
	super		500000a7
	static cache	500053d4
	constant pool entry 27	5000012d
	constant pool entry 5	500053d2
	constant pool entry 2	500000e7
CLS 500053d3 (name=java.lang.Long[], trace=301247)
	super		500000a7
CLS 500054d5 (name=sun.reflect.annotation.ExceptionProxy, trace=301249)
	super		500000a7
CLS 500055c9 (name=org.junit.Test$None, trace=300478)
	super		5000001b
	loader		5000119e
CLS 500055cb (name=java.lang.annotation.Retention, trace=301259)
CLS 500055cc (name=java.lang.annotation.Inherited, trace=301260)
CLS 5000563a (name=java.lang.Class$4, trace=301276)
	super		500000a7
	constant pool entry 30	50000040
	constant pool entry 7	500000a7
	constant pool entry 6	5000563a
CLS 5000563d (name=sun.reflect.NativeMethodAccessorImpl, trace=301279)
	super		5000015c
	constant pool entry 44	500000ea
	constant pool entry 18	5000563d
	constant pool entry 14	5000015c
CLS 5000563f (name=sun.reflect.DelegatingMethodAccessorImpl, trace=301281)
	super		5000015c
	constant pool entry 6	5000015c
	constant pool entry 5	5000563f
CLS 50005646 (name=sun.reflect.annotation.AnnotationTypeMismatchExceptionProxy, trace=301286)
	super		500054d5
CLS 50005649 (name=sun.reflect.annotation.AnnotationInvocationHandler, trace=301288)
	super		500000a7
	constant pool entry 224	500000c2
	constant pool entry 129	50000040
	constant pool entry 118	50000080
	constant pool entry 84	50005649
	constant pool entry 59	50000096
	constant pool entry 23	500054d5
	constant pool entry 19	50001785
	constant pool entry 16	50001784
	constant pool entry 14	50001786
	constant pool entry 9	500000a7
	constant pool entry 7	50001783
CLS 5000565c (name=sun.misc.ProxyGenerator, trace=301307)
	super		500000a7
	static superclassName	500017b8
	static handlerFieldName	500017ca
	static hashCodeMethod	5000565f
	static equalsMethod	50005661
	static toStringMethod	50005663
	constant pool entry 701	5000012d
	constant pool entry 579	500000da
	constant pool entry 578	500000e7
	constant pool entry 565	50001740
	constant pool entry 563	50000096
	constant pool entry 505	50000040
	constant pool entry 471	50000121
	constant pool entry 469	50000059
	constant pool entry 467	500000c2
	constant pool entry 450	500000fc
	constant pool entry 314	500017ca
	constant pool entry 192	5000574e
	constant pool entry 185	50001786
	constant pool entry 184	50001783
	constant pool entry 182	50001784
	constant pool entry 180	50000159
	constant pool entry 178	500017c9
	constant pool entry 177	50001b02
	constant pool entry 172	500000f4
	constant pool entry 171	5000006b
	constant pool entry 165	50001772
	constant pool entry 164	500017c8
	constant pool entry 158	50001229
	constant pool entry 153	500017c7
	constant pool entry 152	500017c6
	constant pool entry 151	500017c5
	constant pool entry 147	500017c4
	constant pool entry 146	500017c3
	constant pool entry 145	500017c2
	constant pool entry 144	500017c1
	constant pool entry 143	500017c0
	constant pool entry 142	500017bf
	constant pool entry 141	500017be
	constant pool entry 139	500017bd
	constant pool entry 138	50005845
	constant pool entry 134	500017bc
	constant pool entry 133	500017bb
	constant pool entry 125	500017ba
	constant pool entry 124	500017b9
	constant pool entry 98	50000081
	constant pool entry 96	50000080
	constant pool entry 87	50000065
	constant pool entry 80	5000570f
	constant pool entry 73	50005724
	constant pool entry 71	5000220a
	constant pool entry 68	500017b8
	constant pool entry 53	500017b7
	constant pool entry 51	50005737
	constant pool entry 50	5000567c
	constant pool entry 45	50000113
	constant pool entry 36	500000a7
	constant pool entry 31	5000010b
	constant pool entry 27	5000004e
	constant pool entry 25	50005665
	constant pool entry 17	5000565c
CLS 50005665 (name=sun.misc.ProxyGenerator$ConstantPool, trace=301313)
	super		500000a7
	constant pool entry 143	500000c2
	constant pool entry 134	50000121
	constant pool entry 130	50000113
	constant pool entry 56	500000a7
	constant pool entry 55	50005665
	constant pool entry 49	50005716
	constant pool entry 39	500000b5
	constant pool entry 31	50005715
	constant pool entry 24	50005724
	constant pool entry 18	5000572a
	constant pool entry 6	5000010b
	constant pool entry 3	5000004e
CLS 5000567c (name=sun.misc.ProxyGenerator$ProxyMethod, trace=301336)
	super		500000a7
	constant pool entry 345	5000012d
	constant pool entry 232	500000e7
	constant pool entry 230	500000b5
	constant pool entry 229	50000078
	constant pool entry 228	50000131
	constant pool entry 227	50000159
	constant pool entry 226	5000016a
	constant pool entry 224	5000574e
	constant pool entry 202	50000121
	constant pool entry 200	50000113
	constant pool entry 197	5000220a
	constant pool entry 194	50001740
	constant pool entry 180	50005665
	constant pool entry 162	5000565c
	constant pool entry 102	500000a7
	constant pool entry 101	5000567c
	constant pool entry 100	500017fc
	constant pool entry 99	500017fb
	constant pool entry 96	500017c5
	constant pool entry 63	500017fa
	constant pool entry 62	500017b9
	constant pool entry 61	500017f9
	constant pool entry 59	500017bf
	constant pool entry 55	50005845
	constant pool entry 53	50000080
	constant pool entry 43	500017f8
	constant pool entry 42	500017f7
	constant pool entry 41	500017f6
	constant pool entry 38	500017f5
	constant pool entry 36	500017b7
	constant pool entry 31	500017f4
	constant pool entry 30	500017ca
	constant pool entry 29	500017b8
	constant pool entry 23	50005724
	constant pool entry 20	5000570f
	constant pool entry 13	500017f3
	constant pool entry 11	50000065
CLS 500056ab (name=java.lang.Class$MethodArray, trace=301381)
	super		500000a7
	constant pool entry 79	5000012d
	constant pool entry 50	500000ee
	constant pool entry 17	500000a7
	constant pool entry 16	500056ab
	constant pool entry 6	500052a0
	constant pool entry 2	50000040
CLS 5000570b (name=java.util.HashMap$Values, trace=301418)
	super		500000fb
	constant pool entry 36	5000010b
	constant pool entry 9	500000fb
	constant pool entry 8	5000570b
CLS 5000570d (name=java.util.HashMap$ValueIterator, trace=301420)
	super		50000055
	constant pool entry 29	5000009e
	constant pool entry 7	50000055
	constant pool entry 6	5000570d
CLS 5000570f (name=sun.misc.ProxyGenerator$MethodInfo, trace=301422)
	super		500000a7
	constant pool entry 88	50000121
	constant pool entry 82	50000113
	constant pool entry 79	50005724
	constant pool entry 77	50005665
	constant pool entry 75	5000565c
	constant pool entry 33	500000a7
	constant pool entry 32	5000570f
	constant pool entry 26	50005845
	constant pool entry 15	500017e9
	constant pool entry 14	500017e8
	constant pool entry 6	5000004e
	constant pool entry 3	5000220a
CLS 50005715 (name=sun.misc.ProxyGenerator$ConstantPool$Entry, trace=301428)
	super		500000a7
	constant pool entry 4	500000a7
	constant pool entry 3	50005715
CLS 50005716 (name=sun.misc.ProxyGenerator$ConstantPool$ValueEntry, trace=301428)
	super		50005715
	constant pool entry 46	50005724
	constant pool entry 29	50005715
	constant pool entry 28	50005716
	constant pool entry 3	50000096
CLS 50005723 (name=java.io.DataOutput, trace=301438)
CLS 50005724 (name=java.io.DataOutputStream, trace=301438)
	super		50000161
	constant pool entry 128	5000012d
	constant pool entry 92	50000096
	constant pool entry 81	50000082
	constant pool entry 31	50005723
	constant pool entry 30	50000161
	constant pool entry 28	50005724
	constant pool entry 25	500017eb
	constant pool entry 22	500017ea
CLS 5000572a (name=sun.misc.ProxyGenerator$ConstantPool$IndirectEntry, trace=301443)
	super		50005715
	constant pool entry 34	50005724
	constant pool entry 8	50005715
	constant pool entry 7	5000572a
CLS 50005737 (name=sun.misc.ProxyGenerator$FieldInfo, trace=301456)
	super		500000a7
	constant pool entry 37	50005724
	constant pool entry 35	50005665
	constant pool entry 33	5000565c
	constant pool entry 10	500000a7
	constant pool entry 9	50005737
CLS 5000574e (name=sun.misc.ProxyGenerator$PrimitiveTypeInfo, trace=301475)
	super		500000a7
	static table	5000574f
	constant pool entry 94	50000096
	constant pool entry 90	50000056
	constant pool entry 87	50000080
	constant pool entry 83	500000c2
	constant pool entry 51	500000a7
	constant pool entry 50	50000159
	constant pool entry 48	500000b5
	constant pool entry 46	500000e7
	constant pool entry 44	5000016a
	constant pool entry 42	500000b2
	constant pool entry 40	500000da
	constant pool entry 38	50000078
	constant pool entry 35	50000131
	constant pool entry 32	5000010b
	constant pool entry 30	5000565c
	constant pool entry 27	500017d1
	constant pool entry 25	500017d0
	constant pool entry 22	50001772
	constant pool entry 21	500017cf
	constant pool entry 19	50001229
	constant pool entry 17	50000065
	constant pool entry 2	5000574e
CLS 50005845 (name=sun.misc.ProxyGenerator$ExceptionTableEntry, trace=301676)
	super		500000a7
	constant pool entry 7	500000a7
	constant pool entry 6	50005845
CLS 50005a93 (name=com.sun.proxy.$Proxy0, trace=301810)
	super		500000af
	static m1	50005a9d
	static m3	50005a9f
	static m0	50005aa1
	static m4	50005aa3
	static m2	50005aa5
	constant pool entry 114	5000012d
	constant pool entry 95	50001786
	constant pool entry 94	50001785
	constant pool entry 93	50001784
	constant pool entry 92	50001271
	constant pool entry 91	50001796
	constant pool entry 85	50001783
	constant pool entry 80	50001782
	constant pool entry 69	50000080
	constant pool entry 52	500053c3
	constant pool entry 24	5000014e
	constant pool entry 18	50005a93
	constant pool entry 6	500000af
CLS 50005ad0 (name=java.lang.annotation.Target, trace=300483)
CLS 50005ad9 (name=java.lang.annotation.ElementType, trace=301821)
	super		5000018a
	static TYPE	50005f23
	static FIELD	50005f24
	static METHOD	50005f25
	static PARAMETER	50005f26
	static CONSTRUCTOR	50005f27
	static LOCAL_VARIABLE	50005f28
	static ANNOTATION_TYPE	50005f29
	static PACKAGE	50005f2a
	static $VALUES	50005f2c
	constant pool entry 70	5000012d
	constant pool entry 51	50005f2b
	constant pool entry 24	5000018a
	constant pool entry 22	5000220e
	constant pool entry 20	5000220d
	constant pool entry 18	5000220c
	constant pool entry 16	5000220b
	constant pool entry 14	50002209
	constant pool entry 12	50002208
	constant pool entry 10	50002207
	constant pool entry 7	50002206
	constant pool entry 4	50005ad9
	constant pool entry 3	50005f2b
CLS 50005b07 (name=java.lang.annotation.Documented, trace=301822)
CLS 50005e5e (name=com.sun.proxy.$Proxy1, trace=301810)
	super		500000af
	static m1	50005e68
	static m0	50005e6a
	static m3	50005e6c
	static m2	50005e6e
	constant pool entry 106	5000012d
	constant pool entry 87	50001786
	constant pool entry 86	50001785
	constant pool entry 85	50001780
	constant pool entry 83	50001784
	constant pool entry 78	50001783
	constant pool entry 73	50001782
	constant pool entry 62	50000080
	constant pool entry 24	5000014e
	constant pool entry 18	50005e5e
	constant pool entry 6	500000af
CLS 50005ec7 (name=java.util.ListIterator, trace=301829)
CLS 50005ec8 (name=java.util.AbstractList$ListItr, trace=301829)
	super		50003980
	constant pool entry 19	50003980
	constant pool entry 18	50005ec8
CLS 50005f2b (name=java.lang.annotation.ElementType[], trace=301848)
	super		500000a7
CLS 500062c3 (name=com.sun.proxy.$Proxy2, trace=301810)
	super		500000af
	static m1	500062cd
	static m3	500062cf
	static m0	500062d1
	static m4	500062d3
	static m2	500062d5
	constant pool entry 114	5000012d
	constant pool entry 95	50001786
	constant pool entry 94	50001785
	constant pool entry 93	50001784
	constant pool entry 92	50001271
	constant pool entry 91	5000179a
	constant pool entry 85	50001783
	constant pool entry 80	50001782
	constant pool entry 69	50000080
	constant pool entry 24	5000014e
	constant pool entry 18	500062c3
	constant pool entry 6	500000af
CLS 500067ed (name=com.sun.proxy.$Proxy3, trace=301810)
	super		500000af
	loader		5000119e
	static m1	5000680c
	static m4	5000680e
	static m0	50006810
	static m3	50006812
	static m5	50006814
	static m2	50006816
	constant pool entry 122	5000012d
	constant pool entry 103	50001786
	constant pool entry 102	50001785
	constant pool entry 101	500017a8
	constant pool entry 100	50001784
	constant pool entry 99	500017a7
	constant pool entry 98	500017a5
	constant pool entry 92	50001783
	constant pool entry 87	50001782
	constant pool entry 69	500000e7
	constant pool entry 52	50000080
	constant pool entry 24	5000014e
	constant pool entry 18	500067ed
	constant pool entry 6	500000af
CLS 500067fd (name=java.lang.reflect.UndeclaredThrowableException, trace=300483)
	super		500000f4
CLS 5000681a (name=java.util.LinkedHashMap$LinkedHashIterator, trace=301876)
	super		500000a7
	constant pool entry 53	500000f9
	constant pool entry 22	5000010e
	constant pool entry 19	500000a7
	constant pool entry 18	5000681a
CLS 5000681b (name=java.util.LinkedHashMap$ValueIterator, trace=301876)
	super		5000681a
	constant pool entry 30	5000010e
	constant pool entry 7	5000681a
	constant pool entry 6	5000681b
CLS 500068f1 (name=org.junit.Before, trace=300478)
	loader		5000119e
	domain		5000226c
CLS 500069c3 (name=org.junit.BeforeClass, trace=300478)
	loader		5000119e
CLS 50006e0e (name=com.sun.proxy.$Proxy4, trace=301810)
	super		500000af
	loader		5000119e
	static m1	50006e18
	static m0	50006e1a
	static m3	50006e1c
	static m2	50006e1e
	constant pool entry 106	5000012d
	constant pool entry 87	50001786
	constant pool entry 86	50001785
	constant pool entry 85	5000179e
	constant pool entry 83	50001784
	constant pool entry 78	50001783
	constant pool entry 73	50001782
	constant pool entry 62	50000080
	constant pool entry 24	5000014e
	constant pool entry 18	50006e0e
	constant pool entry 6	500000af
CLS 50006e65 (name=java.lang.CloneNotSupportedException, trace=301895)
	super		50000132
CLS 50006fa8 (name=org.junit.AfterClass, trace=300478)
	loader		5000119e
CLS 50007094 (name=org.junit.internal.runners.rules.RuleFieldValidator, trace=300478)
	super		5000018a
	loader		5000119e
	domain		5000226c
	static CLASS_RULE_VALIDATOR	50007166
	static RULE_VALIDATOR	50007238
	static CLASS_RULE_METHOD_VALIDATOR	50007239
	static RULE_METHOD_VALIDATOR	5000723a
	static $VALUES	5000723c
	constant pool entry 213	5000012d
	constant pool entry 138	50000121
	constant pool entry 136	50000113
	constant pool entry 133	50004cc9
	constant pool entry 57	5000018a
	constant pool entry 55	50001f5f
	constant pool entry 53	50001f5e
	constant pool entry 51	50007237
	constant pool entry 50	50001f5d
	constant pool entry 47	50007165
	constant pool entry 46	50001f5c
	constant pool entry 4	50007094
CLS 50007165 (name=org.junit.ClassRule, trace=300478)
	loader		5000119e
CLS 50007237 (name=org.junit.Rule, trace=300478)
	loader		5000119e
CLS 5000723b (name=org.junit.internal.runners.rules.RuleFieldValidator[], trace=301946)
	super		500000a7
	loader		5000119e
CLS 5000731b (name=org.junit.Assert, trace=300478)
	super		500000a7
	loader		5000119e
	domain		5000226c
	constant pool entry 230	500000e7
	constant pool entry 89	500000a7
	constant pool entry 88	5000731b
CLS 500073f1 (name=java.lang.AssertionError, trace=300483)
	super		5000006b
CLS 500073f2 (name=org.junit.ComparisonFailure, trace=300478)
	super		500073f1
	loader		5000119e
CLS 500074cb (name=org.junit.After, trace=300478)
	loader		5000119e
CLS 500075bb (name=org.junit.runner.Description, trace=300478)
	super		500000a7
	loader		5000119e
	domain		5000226c
	static METHOD_AND_CLASS_NAME_PATTERN	500075cb
	static EMPTY	500075ea
	static TEST_MECHANISM	500075ee
	constant pool entry 261	5000012d
	constant pool entry 217	500075c4
	constant pool entry 197	50000121
	constant pool entry 177	50000096
	constant pool entry 172	50000080
	constant pool entry 54	50001f67
	constant pool entry 53	50001f66
	constant pool entry 51	50001f65
	constant pool entry 12	5000004e
	constant pool entry 8	500000a7
	constant pool entry 7	50001f64
	constant pool entry 6	50003a6c
	constant pool entry 1	500075bb
CLS 500075c4 (name=java.util.regex.Pattern, trace=300483)
	super		500000a7
	static lookbehindEnd	500075c7
	static accept	500075c8
	static lastAccept	500075ca
	constant pool entry 1208	5000012d
	constant pool entry 1034	50000080
	constant pool entry 739	50000078
	constant pool entry 402	500000a7
	constant pool entry 400	500075c9
	constant pool entry 398	500075c5
	constant pool entry 396	500075c6
	constant pool entry 386	50007637
	constant pool entry 380	50007634
	constant pool entry 367	500075da
	constant pool entry 313	50001f69
	constant pool entry 286	50007605
	constant pool entry 218	5000760f
	constant pool entry 194	50007601
	constant pool entry 171	500075d5
	constant pool entry 148	50007609
	constant pool entry 146	50007607
	constant pool entry 129	500075d2
	constant pool entry 123	500075d7
	constant pool entry 110	500075e4
	constant pool entry 109	500075e3
	constant pool entry 105	500075e2
	constant pool entry 95	500075ce
	constant pool entry 49	500075e5
	constant pool entry 26	50000096
	constant pool entry 10	5000764f
	constant pool entry 5	500075c4
CLS 500075c5 (name=java.util.regex.Pattern$Node, trace=301982)
	super		500000a7
	constant pool entry 29	500075c4
	constant pool entry 22	500075e7
	constant pool entry 10	500000a7
	constant pool entry 9	500075c5
CLS 500075c6 (name=java.util.regex.Pattern$4, trace=301982)
	super		500075c5
	constant pool entry 4	500075c5
CLS 500075c9 (name=java.util.regex.Pattern$LastNode, trace=301985)
	super		500075c5
	constant pool entry 19	5000764f
	constant pool entry 8	500075c5
CLS 500075ce (name=java.util.regex.Pattern$GroupHead, trace=301990)
	super		500075c5
	constant pool entry 21	5000764f
	constant pool entry 7	500075c5
	constant pool entry 6	500075ce
CLS 500075cf (name=java.util.regex.Pattern$GroupHead[], trace=301991)
	super		500000a7
CLS 500075d2 (name=java.util.regex.Pattern$GroupTail, trace=301993)
	super		500075c5
	constant pool entry 26	5000764f
	constant pool entry 10	500075c5
	constant pool entry 9	500075d2
CLS 500075d4 (name=java.util.regex.Pattern$CharProperty, trace=301995)
	super		500075c5
	constant pool entry 44	50000078
	constant pool entry 42	5000764f
	constant pool entry 32	500075e7
	constant pool entry 16	500075c5
	constant pool entry 15	500075d4
CLS 500075d5 (name=java.util.regex.Pattern$Dot, trace=301995)
	super		500075d4
	constant pool entry 3	500075d4
CLS 500075d7 (name=java.util.regex.Pattern$Curly, trace=301997)
	super		500075c5
	constant pool entry 41	500075e7
	constant pool entry 20	500075c5
	constant pool entry 19	500075d7
CLS 500075d9 (name=java.util.regex.Pattern$BmpCharProperty, trace=301999)
	super		500075d4
	constant pool entry 32	500075c5
	constant pool entry 28	5000013c
	constant pool entry 26	5000764f
	constant pool entry 10	500075d4
	constant pool entry 9	500075d9
CLS 500075da (name=java.util.regex.Pattern$Single, trace=301999)
	super		500075d9
	constant pool entry 4	500075d9
	constant pool entry 3	500075da
CLS 500075e1 (name=java.util.regex.Pattern$SliceNode, trace=302001)
	super		500075c5
CLS 500075e2 (name=java.util.regex.Pattern$Slice, trace=302001)
	super		500075e1
CLS 500075e3 (name=java.util.regex.Pattern$Begin, trace=302002)
	super		500075c5
CLS 500075e4 (name=java.util.regex.Pattern$First, trace=302003)
	super		500075c5
CLS 500075e5 (name=java.util.regex.Pattern$Start, trace=302004)
	super		500075c5
	constant pool entry 40	5000764f
	constant pool entry 17	500075c5
	constant pool entry 16	500075e5
	constant pool entry 3	500075e7
CLS 500075e7 (name=java.util.regex.Pattern$TreeInfo, trace=302006)
	super		500000a7
	constant pool entry 8	500000a7
	constant pool entry 7	500075e7
CLS 500075f9 (name=java.util.Formatter, trace=302021)
	super		500000a7
	static formatSpecifier	500021a3
	static fsPattern	500075fa
	constant pool entry 332	5000012d
	constant pool entry 248	5000764f
	constant pool entry 246	50000096
	constant pool entry 244	500075c4
	constant pool entry 210	5000000f
	constant pool entry 208	5000763c
	constant pool entry 86	500000a7
	constant pool entry 85	500075f9
	constant pool entry 83	500021a3
	constant pool entry 78	5000767b
	constant pool entry 76	50007655
	constant pool entry 71	50007656
	constant pool entry 67	5000766c
	constant pool entry 59	5000004e
	constant pool entry 11	50000065
CLS 50007601 (name=java.util.regex.Pattern$Ctype, trace=302026)
	super		500075d9
	constant pool entry 19	50007653
	constant pool entry 5	500075d9
	constant pool entry 4	50007601
CLS 50007605 (name=java.util.regex.Pattern$Ques, trace=302029)
	super		500075c5
	constant pool entry 11	500075c5
	constant pool entry 10	50007605
CLS 50007607 (name=java.util.regex.Pattern$BranchConn, trace=302031)
	super		500075c5
	constant pool entry 14	500075e7
	constant pool entry 6	500075c5
	constant pool entry 5	50007607
CLS 50007609 (name=java.util.regex.Pattern$Branch, trace=302033)
	super		500075c5
	constant pool entry 83	5000012d
	constant pool entry 59	50000103
	constant pool entry 37	500075e7
	constant pool entry 18	50007609
	constant pool entry 2	500075c5
CLS 5000760b (name=java.util.regex.Pattern$Node[], trace=302035)
	super		500000a7
CLS 5000760f (name=java.util.regex.Pattern$BitClass, trace=302036)
	super		500075d9
	constant pool entry 68	5000012d
	constant pool entry 47	50000080
	constant pool entry 14	500075d9
	constant pool entry 13	5000760f
	constant pool entry 11	500075c4
CLS 50007634 (name=java.util.regex.Pattern$1, trace=302039)
	super		500075d4
	constant pool entry 19	500075c4
	constant pool entry 6	500075d4
	constant pool entry 5	50007634
CLS 50007637 (name=java.util.regex.Pattern$5, trace=302041)
	super		500075d4
	constant pool entry 6	500075d4
	constant pool entry 5	50007637
CLS 5000763c (name=java.util.Locale$Category, trace=302045)
	super		5000018a
	static DISPLAY	5000763d
	static FORMAT	5000763e
	static $VALUES	50007640
	constant pool entry 81	5000012d
	constant pool entry 53	5000763f
	constant pool entry 24	5000018a
	constant pool entry 22	50002190
	constant pool entry 21	5000218f
	constant pool entry 20	5000218e
	constant pool entry 19	5000218d
	constant pool entry 18	5000218c
	constant pool entry 15	5000218b
	constant pool entry 14	5000218a
	constant pool entry 13	50002189
	constant pool entry 12	50002188
	constant pool entry 11	50002187
	constant pool entry 4	5000763c
	constant pool entry 3	5000763f
CLS 5000763f (name=java.util.Locale$Category[], trace=302048)
	super		500000a7
CLS 50007641 (name=java.util.Locale$1, trace=302049)
	super		500000a7
	static $SwitchMap$java$util$Locale$Category	50007642
	constant pool entry 43	5000012d
	constant pool entry 21	5000763c
	constant pool entry 7	50007641
CLS 5000764e (name=java.util.regex.MatchResult, trace=302062)
CLS 5000764f (name=java.util.regex.Matcher, trace=302062)
	super		500000a7
	constant pool entry 336	5000012d
	constant pool entry 288	500075c5
	constant pool entry 212	5000013c
	constant pool entry 205	50000103
	constant pool entry 203	500075c4
	constant pool entry 105	500000a7
	constant pool entry 17	5000764f
CLS 50007653 (name=java.util.regex.ASCII, trace=302066)
	super		500000a7
	static ctype	50007654
	constant pool entry 104	5000012d
	constant pool entry 32	50007653
CLS 50007655 (name=java.util.Formatter$FormatString, trace=302068)
CLS 50007656 (name=java.util.Formatter$FormatSpecifier, trace=302068)
	super		500000a7
	constant pool entry 853	5000012d
	constant pool entry 647	50000080
	constant pool entry 456	50000135
	constant pool entry 427	5000764f
	constant pool entry 415	50007669
	constant pool entry 279	500000a7
	constant pool entry 278	50007656
	constant pool entry 138	50007658
	constant pool entry 108	500075f9
	constant pool entry 106	5000767d
	constant pool entry 101	50000096
	constant pool entry 98	50000078
CLS 50007658 (name=java.util.Formatter$Flags, trace=302070)
	super		500000a7
	static NONE	50007659
	static LEFT_JUSTIFY	5000765a
	static UPPERCASE	5000765b
	static ALTERNATE	5000765c
	static PLUS	5000765d
	static LEADING_SPACE	5000765e
	static ZERO_PAD	5000765f
	static GROUP	50007660
	static PARENTHESES	50007661
	static PREVIOUS	50007662
	constant pool entry 82	50000096
	constant pool entry 30	500000a7
	constant pool entry 5	50007658
CLS 50007669 (name=java.util.Formatter$Conversion, trace=302086)
	super		500000a7
	constant pool entry 7	50007669
CLS 5000766a (name=java.util.Formatter$Flags[], trace=302087)
	super		500000a7
CLS 5000766c (name=java.util.Formatter$FixedString, trace=302088)
	super		500000a7
	constant pool entry 32	50000135
	constant pool entry 30	500075f9
	constant pool entry 7	500000a7
	constant pool entry 6	5000766c
CLS 5000767b (name=java.util.Formatter$FormatString[], trace=302095)
	super		500000a7
CLS 5000767d (name=java.util.Formattable, trace=302096)
CLS 50007837 (name=org.eclipse.jdt.internal.junit4.runner.JUnit4Identifier, trace=300478)
	super		500000a7
	loader		5000119e
	domain		5000198a
	constant pool entry 20	500075bb
	constant pool entry 19	50007837
	constant pool entry 17	500000a7
CLS 50007947 (name=org.junit.runner.notification.RunNotifier, trace=300478)
	super		500000a7
	loader		5000119e
	domain		5000226c
	constant pool entry 103	50000113
	constant pool entry 100	5000006d
	constant pool entry 38	500000a7
	constant pool entry 37	50007947
	constant pool entry 33	500088b6
	constant pool entry 18	500084a6
	constant pool entry 13	50001166
	constant pool entry 10	50007e0a
	constant pool entry 4	5000004e
CLS 5000794f (name=java.util.Collections$SynchronizedList, trace=302152)
	super		500000de
	constant pool entry 22	500000de
	constant pool entry 16	5000794f
CLS 50007950 (name=java.util.Collections$SynchronizedRandomAccessList, trace=302152)
	super		5000794f
	constant pool entry 8	5000794f
CLS 50007a26 (name=org.eclipse.jdt.internal.junit4.runner.JUnit4TestReference$1, trace=300478)
	super		500000a7
	loader		5000119e
	domain		5000198a
	constant pool entry 18	50007947
	constant pool entry 17	50007a26
	constant pool entry 14	500000a7
CLS 50007aff (name=org.junit.runner.Result, trace=300478)
	super		500000a7
	loader		5000119e
	domain		5000226c
	constant pool entry 80	5000006d
	constant pool entry 18	500000a7
	constant pool entry 17	50007aff
	constant pool entry 15	50007bd5
	constant pool entry 9	5000004e
	constant pool entry 7	500000eb
CLS 50007bd5 (name=org.junit.runner.Result$Listener, trace=300478)
	super		50002351
	loader		5000119e
	domain		5000226c
	constant pool entry 61	500000eb
	constant pool entry 56	50007aff
	constant pool entry 54	5000003a
	constant pool entry 14	50002351
	constant pool entry 13	50007bd5
CLS 50007e0a (name=org.junit.runner.notification.RunNotifier$1, trace=300478)
	super		50007e09
	loader		5000119e
	domain		5000226c
	constant pool entry 34	50002351
	constant pool entry 6	50007e09
	constant pool entry 5	50007e0a
CLS 50007eef (name=org.junit.internal.runners.model.EachTestNotifier, trace=300478)
	super		500000a7
	loader		5000119e
	domain		5000226c
	constant pool entry 62	50007947
	constant pool entry 20	500000a7
	constant pool entry 19	50007eef
CLS 50008042 (name=org.junit.rules.TestRule, trace=300478)
	loader		5000119e
CLS 5000811c (name=org.junit.runners.ParentRunner$3, trace=300478)
	super		500000a7
	loader		5000119e
	domain		5000226c
	constant pool entry 31	50003974
	constant pool entry 7	500000a7
	constant pool entry 6	5000811c
CLS 500082e9 (name=org.junit.internal.runners.model.ReflectiveCallable, trace=300478)
	super		500000a7
	loader		5000119e
	domain		5000226c
	constant pool entry 6	500000a7
	constant pool entry 5	500082e9
CLS 500082ea (name=org.junit.runners.BlockJUnit4ClassRunner$1, trace=300478)
	super		500082e9
	loader		5000119e
	domain		5000226c
	constant pool entry 24	50003975
	constant pool entry 5	500082e9
	constant pool entry 4	500082ea
CLS 500082ef (name=java.lang.reflect.InvocationTargetException, trace=300483)
	super		500000bb
CLS 500083cf (name=org.junit.rules.MethodRule, trace=300478)
	loader		5000119e
CLS 500084a6 (name=org.junit.runner.notification.RunNotifier$3, trace=300478)
	super		50007e09
	loader		5000119e
	domain		5000226c
	constant pool entry 34	50002351
	constant pool entry 6	50007e09
	constant pool entry 5	500084a6
CLS 50008587 (name=org.junit.runners.model.FrameworkMethod$1, trace=300478)
	super		500082e9
	loader		5000119e
	domain		5000226c
	constant pool entry 38	50000040
	constant pool entry 31	50004e72
	constant pool entry 8	500082e9
	constant pool entry 7	50008587
CLS 50008675 (name=com.emc.vipr.transform.compression.LZMAOutputStream$LzmaProfile, trace=300478)
	super		500000a7
	loader		5000119e
	domain		5000866a
	constant pool entry 3	500000a7
	constant pool entry 1	50008675
CLS 500087c9 (name=com.emc.vipr.transform.compression.CompressionOutputStream, trace=300478)
	loader		5000119e
	domain		5000866a
CLS 500087ca (name=com.emc.vipr.transform.compression.LZMAOutputStream, trace=300478)
	super		50000082
	loader		5000119e
	domain		5000866a
	static COMPRESSION_PROFILE	500087d1
	static tg	500087e0
	constant pool entry 209	5000012d
	constant pool entry 137	50000083
	constant pool entry 95	50000bba
	constant pool entry 88	5000091b
	constant pool entry 83	500087cf
	constant pool entry 49	50001e96
	constant pool entry 47	50000001
	constant pool entry 30	50008675
	constant pool entry 3	50000082
	constant pool entry 1	500087ca
CLS 500087cf (name=java.io.PipedInputStream, trace=300483)
	super		5000001a
	constant pool entry 161	5000012d
	constant pool entry 136	50000080
	constant pool entry 133	50000103
	constant pool entry 123	500000a7
	constant pool entry 115	5000003a
	constant pool entry 109	50000083
	constant pool entry 47	5000001a
	constant pool entry 45	500087cf
CLS 500087d0 (name=com.emc.vipr.transform.compression.LZMAOutputStream$LzmaProfile[], trace=302265)
	super		500000a7
	loader		5000119e
CLS 500088b6 (name=org.junit.runner.notification.RunNotifier$7, trace=300478)
	super		50007e09
	loader		5000119e
	domain		5000226c
	constant pool entry 34	50002351
	constant pool entry 6	50007e09
	constant pool entry 5	500088b6
CLS 50008921 (name=sun.misc.Launcher$BootClassPathHolder, trace=302305)
	super		500000a7
	static bcp	50008bd5
	constant pool entry 31	500000fc
	constant pool entry 28	5000005c
	constant pool entry 12	50008921
	constant pool entry 8	500000f6
	constant pool entry 6	50000072
	constant pool entry 3	50008922
CLS 50008922 (name=sun.misc.Launcher$BootClassPathHolder$1, trace=302306)
	super		500000a7
	constant pool entry 43	500000ce
	constant pool entry 41	500000d3
	constant pool entry 38	500000ec
	constant pool entry 34	5000005c
	constant pool entry 13	500000a7
	constant pool entry 12	50008922
	constant pool entry 4	50000042
CLS 50008c2e (name=java.io.FileNotFoundException, trace=302417)
	super		500007ed
	constant pool entry 11	500007ed
CLS 50008d44 (name=java.net.URLClassLoader$2, trace=302421)
	super		500000a7
	constant pool entry 32	500000f6
	constant pool entry 26	500000e8
	constant pool entry 8	500000a7
	constant pool entry 7	50008d44
CLS 50008dc0 (name=sun.net.ProgressMonitor, trace=302449)
	super		500000a7
	static meteringPolicy	50008dc3
	static pm	50008dc4
	constant pool entry 99	50008dc1
	constant pool entry 38	500000a7
	constant pool entry 36	50008dc0
	constant pool entry 34	50008dc2
	constant pool entry 2	5000004e
CLS 50008dc1 (name=sun.net.ProgressMeteringPolicy, trace=302450)
CLS 50008dc2 (name=sun.net.DefaultProgressMeteringPolicy, trace=302450)
	super		500000a7
	constant pool entry 3	500000a7
CLS 50008dc9 (name=java.net.JarURLConnection, trace=302457)
	super		50000c94
HEAP DUMP END
SITES BEGIN (ordered by live bytes) Tue Aug 13 13:14:06 2013
          percent          live          alloc'ed  stack class
 rank   self  accum     bytes objs     bytes  objs trace name
    1 76.01% 76.01% 536870936    1 1623851248    10 302584 int[]
    2 14.25% 90.26% 100670536    1 304542672    10 302583 byte[]
    3  9.54% 99.80%  67375120    1 203960480    10 302585 int[]
    4  0.04% 99.83%    262144 4096   2621440 40960 302555 SevenZip.Compression.LZMA.Encoder$Optimal
    5  0.02% 99.85%    114712 1284    114712  1284 300000 char[]
SITES END
